-- Install configuration: ""
-- Up-to-date: /root/colcon_ws/install/uav_utils/include/uav_utils
-- Up-to-date: /root/colcon_ws/install/uav_utils/include/uav_utils/geometry_utils.h
-- Up-to-date: /root/colcon_ws/install/uav_utils/include/uav_utils/utils.h
-- Up-to-date: /root/colcon_ws/install/uav_utils/include/uav_utils/converters.h
-- Up-to-date: /root/colcon_ws/install/uav_utils/share/ament_index/resource_index/package_run_dependencies/uav_utils
-- Up-to-date: /root/colcon_ws/install/uav_utils/share/ament_index/resource_index/parent_prefix_path/uav_utils
-- Up-to-date: /root/colcon_ws/install/uav_utils/share/uav_utils/environment/ament_prefix_path.sh
-- Up-to-date: /root/colcon_ws/install/uav_utils/share/uav_utils/environment/ament_prefix_path.dsv
-- Up-to-date: /root/colcon_ws/install/uav_utils/share/uav_utils/environment/path.sh
-- Up-to-date: /root/colcon_ws/install/uav_utils/share/uav_utils/environment/path.dsv
-- Up-to-date: /root/colcon_ws/install/uav_utils/share/uav_utils/local_setup.bash
-- Up-to-date: /root/colcon_ws/install/uav_utils/share/uav_utils/local_setup.sh
-- Up-to-date: /root/colcon_ws/install/uav_utils/share/uav_utils/local_setup.zsh
-- Up-to-date: /root/colcon_ws/install/uav_utils/share/uav_utils/local_setup.dsv
-- Installing: /root/colcon_ws/install/uav_utils/share/uav_utils/package.dsv
-- Up-to-date: /root/colcon_ws/install/uav_utils/share/ament_index/resource_index/packages/uav_utils
-- Up-to-date: /root/colcon_ws/install/uav_utils/share/uav_utils/cmake/uav_utilsConfig.cmake
-- Up-to-date: /root/colcon_ws/install/uav_utils/share/uav_utils/cmake/uav_utilsConfig-version.cmake
-- Up-to-date: /root/colcon_ws/install/uav_utils/share/uav_utils/package.xml
