[0.017s] Invoking command in '/root/colcon_ws/build/uav_utils': AMENT_PREFIX_PATH=/root/colcon_ws/install/cmake_utils:${AMENT_PREFIX_PATH} CMAKE_PREFIX_PATH=/root/colcon_ws/install/cmake_utils:/opt/ros/humble /usr/bin/cmake /root/colcon_ws/src/Fast-Planner/uav_simulator/Utils/uav_utils -DCMAKE_INSTALL_PREFIX=/root/colcon_ws/install/uav_utils
[0.351s] -- The C compiler identification is GNU 11.4.0
[0.351s] -- The CXX compiler identification is GNU 11.4.0
[0.352s] -- Detecting C compiler ABI info
[0.435s] -- Detecting C compiler ABI info - done
[0.445s] -- Check for working C compiler: /usr/bin/cc - skipped
[0.445s] -- Detecting C compile features
[0.446s] -- Detecting C compile features - done
[0.452s] -- Detecting CXX compiler ABI info
[0.610s] -- Detecting CXX compiler ABI info - done
[0.622s] -- Check for working CXX compiler: /usr/bin/c++ - skipped
[0.622s] -- Detecting CXX compile features
[0.623s] -- Detecting CXX compile features - done
[0.631s] -- Found ament_cmake: 1.3.13 (/opt/ros/humble/share/ament_cmake/cmake)
[1.019s] -- Found Python3: /usr/bin/python3 (found version "3.10.12") found components: Interpreter 
[1.236s] -- Found rclcpp: 16.0.18 (/opt/ros/humble/share/rclcpp/cmake)
[1.340s] -- Found rosidl_generator_c: 3.1.8 (/opt/ros/humble/share/rosidl_generator_c/cmake)
[1.351s] -- Found rosidl_adapter: 3.1.8 (/opt/ros/humble/share/rosidl_adapter/cmake)
[1.367s] -- Found rosidl_generator_cpp: 3.1.8 (/opt/ros/humble/share/rosidl_generator_cpp/cmake)
[1.391s] -- Using all available rosidl_typesupport_c: rosidl_typesupport_fastrtps_c;rosidl_typesupport_introspection_c
[1.427s] -- Using all available rosidl_typesupport_cpp: rosidl_typesupport_fastrtps_cpp;rosidl_typesupport_introspection_cpp
[1.517s] -- Found rmw_implementation_cmake: 6.1.2 (/opt/ros/humble/share/rmw_implementation_cmake/cmake)
[1.524s] -- Found rmw_fastrtps_cpp: 6.2.10 (/opt/ros/humble/share/rmw_fastrtps_cpp/cmake)
[1.953s] -- Found OpenSSL: /usr/lib/aarch64-linux-gnu/libcrypto.so (found version "3.0.2")  
[2.043s] -- Found FastRTPS: /opt/ros/humble/include  
[2.191s] -- Using RMW implementation 'rmw_fastrtps_cpp' as default
[2.219s] -- Looking for pthread.h
[2.396s] -- Looking for pthread.h - found
[2.398s] -- Performing Test CMAKE_HAVE_LIBC_PTHREAD
[2.561s] -- Performing Test CMAKE_HAVE_LIBC_PTHREAD - Success
[2.566s] -- Found Threads: TRUE  
[2.683s] -- Found rclpy: 3.3.20 (/opt/ros/humble/share/rclpy/cmake)
[2.684s] -- Found cmake_utils: 0.0.0 (/root/colcon_ws/install/cmake_utils/share/cmake_utils/cmake)
[2.883s] -- Configuring done
[2.894s] -- Generating done
[2.899s] -- Build files have been written to: /root/colcon_ws/build/uav_utils
[2.929s] Invoked command in '/root/colcon_ws/build/uav_utils' returned '0': AMENT_PREFIX_PATH=/root/colcon_ws/install/cmake_utils:${AMENT_PREFIX_PATH} CMAKE_PREFIX_PATH=/root/colcon_ws/install/cmake_utils:/opt/ros/humble /usr/bin/cmake /root/colcon_ws/src/Fast-Planner/uav_simulator/Utils/uav_utils -DCMAKE_INSTALL_PREFIX=/root/colcon_ws/install/uav_utils
[2.929s] Invoking command in '/root/colcon_ws/build/uav_utils': AMENT_PREFIX_PATH=/root/colcon_ws/install/cmake_utils:${AMENT_PREFIX_PATH} CMAKE_PREFIX_PATH=/root/colcon_ws/install/cmake_utils:/opt/ros/humble /usr/bin/cmake --build /root/colcon_ws/build/uav_utils -- -j8 -l8
[4.893s] Invoked command in '/root/colcon_ws/build/uav_utils' returned '0': AMENT_PREFIX_PATH=/root/colcon_ws/install/cmake_utils:${AMENT_PREFIX_PATH} CMAKE_PREFIX_PATH=/root/colcon_ws/install/cmake_utils:/opt/ros/humble /usr/bin/cmake --build /root/colcon_ws/build/uav_utils -- -j8 -l8
[4.894s] Invoking command in '/root/colcon_ws/build/uav_utils': AMENT_PREFIX_PATH=/root/colcon_ws/install/cmake_utils:${AMENT_PREFIX_PATH} CMAKE_PREFIX_PATH=/root/colcon_ws/install/cmake_utils:/opt/ros/humble /usr/bin/cmake --install /root/colcon_ws/build/uav_utils
[4.912s] -- Install configuration: ""
[4.913s] -- Installing: /root/colcon_ws/install/uav_utils/include/uav_utils
[4.913s] -- Installing: /root/colcon_ws/install/uav_utils/include/uav_utils/geometry_utils.h
[4.913s] -- Installing: /root/colcon_ws/install/uav_utils/include/uav_utils/utils.h
[4.913s] -- Installing: /root/colcon_ws/install/uav_utils/include/uav_utils/converters.h
[4.923s] -- Installing: /root/colcon_ws/install/uav_utils/share/ament_index/resource_index/package_run_dependencies/uav_utils
[4.923s] -- Installing: /root/colcon_ws/install/uav_utils/share/ament_index/resource_index/parent_prefix_path/uav_utils
[4.924s] -- Installing: /root/colcon_ws/install/uav_utils/share/uav_utils/environment/ament_prefix_path.sh
[4.924s] -- Installing: /root/colcon_ws/install/uav_utils/share/uav_utils/environment/ament_prefix_path.dsv
[4.924s] -- Installing: /root/colcon_ws/install/uav_utils/share/uav_utils/environment/path.sh
[4.924s] -- Installing: /root/colcon_ws/install/uav_utils/share/uav_utils/environment/path.dsv
[4.924s] -- Installing: /root/colcon_ws/install/uav_utils/share/uav_utils/local_setup.bash
[4.924s] -- Installing: /root/colcon_ws/install/uav_utils/share/uav_utils/local_setup.sh
[4.924s] -- Installing: /root/colcon_ws/install/uav_utils/share/uav_utils/local_setup.zsh
[4.924s] -- Installing: /root/colcon_ws/install/uav_utils/share/uav_utils/local_setup.dsv
[4.924s] -- Installing: /root/colcon_ws/install/uav_utils/share/uav_utils/package.dsv
[4.924s] -- Installing: /root/colcon_ws/install/uav_utils/share/ament_index/resource_index/packages/uav_utils
[4.924s] -- Installing: /root/colcon_ws/install/uav_utils/share/uav_utils/cmake/uav_utilsConfig.cmake
[4.925s] -- Installing: /root/colcon_ws/install/uav_utils/share/uav_utils/cmake/uav_utilsConfig-version.cmake
[4.926s] -- Installing: /root/colcon_ws/install/uav_utils/share/uav_utils/package.xml
[4.935s] Invoked command in '/root/colcon_ws/build/uav_utils' returned '0': AMENT_PREFIX_PATH=/root/colcon_ws/install/cmake_utils:${AMENT_PREFIX_PATH} CMAKE_PREFIX_PATH=/root/colcon_ws/install/cmake_utils:/opt/ros/humble /usr/bin/cmake --install /root/colcon_ws/build/uav_utils
