[35m[1mConsolidate compiler generated dependencies of target multi_map_server__rosidl_generator_c[0m
[ 10%] Built target multi_map_server__rosidl_generator_c
[ 12%] Built target multi_map_server__cpp
[ 12%] Built target ament_cmake_python_copy_multi_map_server
[35m[1mConsolidate compiler generated dependencies of target multi_map_server__rosidl_typesupport_fastrtps_c[0m
[35m[1mConsolidate compiler generated dependencies of target multi_map_server__rosidl_typesupport_cpp[0m
[35m[1mConsolidate compiler generated dependencies of target multi_map_server__rosidl_typesupport_introspection_cpp[0m
[35m[1mConsolidate compiler generated dependencies of target multi_map_server__rosidl_typesupport_introspection_c[0m
[ 14%] [32mBuilding CXX object CMakeFiles/multi_map_server__rosidl_typesupport_fastrtps_cpp.dir/rosidl_typesupport_fastrtps_cpp/multi_map_server/msg/detail/dds_fastrtps/multi_sparse_map3_d__type_support.cpp.o[0m
[ 15%] [32mBuilding CXX object CMakeFiles/multi_map_server__rosidl_typesupport_fastrtps_c.dir/rosidl_typesupport_fastrtps_c/multi_map_server/msg/detail/multi_sparse_map3_d__type_support_c.cpp.o[0m
[ 17%] [32mBuilding CXX object CMakeFiles/multi_map_server__rosidl_typesupport_fastrtps_cpp.dir/rosidl_typesupport_fastrtps_cpp/multi_map_server/msg/detail/dds_fastrtps/multi_occupancy_grid__type_support.cpp.o[0m
[35m[1mConsolidate compiler generated dependencies of target multi_map_server__rosidl_typesupport_c[0m
[ 19%] [32mBuilding CXX object CMakeFiles/multi_map_server__rosidl_typesupport_introspection_cpp.dir/rosidl_typesupport_introspection_cpp/multi_map_server/msg/detail/multi_occupancy_grid__type_support.cpp.o[0m
[ 29%] Built target multi_map_server__rosidl_typesupport_cpp
[ 40%] Built target multi_map_server__rosidl_typesupport_introspection_c
[ 50%] Built target multi_map_server__rosidl_typesupport_c
[ 52%] [32mBuilding CXX object CMakeFiles/multi_map_server__rosidl_typesupport_fastrtps_cpp.dir/rosidl_typesupport_fastrtps_cpp/multi_map_server/msg/detail/dds_fastrtps/sparse_map3_d__type_support.cpp.o[0m
[ 54%] [32mBuilding CXX object CMakeFiles/multi_map_visualization.dir/src/multi_map_visualization.cc.o[0m
[ 56%] [32mBuilding CXX object CMakeFiles/multi_map_server__rosidl_typesupport_fastrtps_cpp.dir/rosidl_typesupport_fastrtps_cpp/multi_map_server/msg/detail/dds_fastrtps/vertical_occupancy_grid_list__type_support.cpp.o[0m
running egg_info
writing multi_map_server.egg-info/PKG-INFO
writing dependency_links to multi_map_server.egg-info/dependency_links.txt
writing top-level names to multi_map_server.egg-info/top_level.txt
reading manifest file 'multi_map_server.egg-info/SOURCES.txt'
writing manifest file 'multi_map_server.egg-info/SOURCES.txt'
[ 56%] Built target ament_cmake_python_build_multi_map_server_egg
[ 57%] [32mBuilding CXX object CMakeFiles/multi_map_server__rosidl_typesupport_introspection_cpp.dir/rosidl_typesupport_introspection_cpp/multi_map_server/msg/detail/multi_sparse_map3_d__type_support.cpp.o[0m
[01m[K/root/colcon_ws/src/Fast-Planner/uav_simulator/Utils/multi_map_server/src/multi_map_visualization.cc:5:10:[m[K [01;31m[Kfatal error: [m[Kpose_utils.h: No such file or directory
    5 | #include [01;31m[K<pose_utils.h>[m[K
      |          [01;31m[K^~~~~~~~~~~~~~[m[K
compilation terminated.
gmake[2]: *** [CMakeFiles/multi_map_visualization.dir/build.make:76: CMakeFiles/multi_map_visualization.dir/src/multi_map_visualization.cc.o] Error 1
gmake[1]: *** [CMakeFiles/Makefile2:593: CMakeFiles/multi_map_visualization.dir/all] Error 2
gmake[1]: *** Waiting for unfinished jobs....
[ 59%] [32mBuilding CXX object CMakeFiles/multi_map_server__rosidl_typesupport_introspection_cpp.dir/rosidl_typesupport_introspection_cpp/multi_map_server/msg/detail/sparse_map3_d__type_support.cpp.o[0m
[ 61%] [32mBuilding CXX object CMakeFiles/multi_map_server__rosidl_typesupport_fastrtps_c.dir/rosidl_typesupport_fastrtps_c/multi_map_server/msg/detail/sparse_map3_d__type_support_c.cpp.o[0m
[ 63%] [32mBuilding CXX object CMakeFiles/multi_map_server__rosidl_typesupport_introspection_cpp.dir/rosidl_typesupport_introspection_cpp/multi_map_server/msg/detail/vertical_occupancy_grid_list__type_support.cpp.o[0m
[ 64%] [32mBuilding CXX object CMakeFiles/multi_map_server__rosidl_typesupport_fastrtps_c.dir/rosidl_typesupport_fastrtps_c/multi_map_server/msg/detail/vertical_occupancy_grid_list__type_support_c.cpp.o[0m
[ 66%] [32m[1mLinking CXX shared library libmulti_map_server__rosidl_typesupport_fastrtps_cpp.so[0m
[ 68%] Built target multi_map_server__rosidl_typesupport_fastrtps_cpp
[ 70%] [32m[1mLinking CXX shared library libmulti_map_server__rosidl_typesupport_fastrtps_c.so[0m
[ 71%] [32m[1mLinking CXX shared library libmulti_map_server__rosidl_typesupport_introspection_cpp.so[0m
[ 75%] Built target multi_map_server__rosidl_typesupport_fastrtps_c
[ 77%] Built target multi_map_server__rosidl_typesupport_introspection_cpp
gmake: *** [Makefile:146: all] Error 2
