[0.059s] Invoking command in '/root/colcon_ws/build/multi_map_server': AMENT_PREFIX_PATH=/root/colcon_ws/install/quadrotor_msgs:/root/colcon_ws/install/pose_utils:${AMENT_PREFIX_PATH} CMAKE_PREFIX_PATH=/root/colcon_ws/install/quadrotor_msgs:/root/colcon_ws/install/pose_utils:/opt/ros/humble LD_LIBRARY_PATH=/root/colcon_ws/install/quadrotor_msgs/lib:/root/colcon_ws/install/pose_utils/lib:${LD_LIBRARY_PATH} PYTHONPATH=/root/colcon_ws/install/quadrotor_msgs/local/lib/python3.10/dist-packages:${PYTHONPATH} /usr/bin/cmake --build /root/colcon_ws/build/multi_map_server -- -j8 -l8
[0.181s] [35m[1mConsolidate compiler generated dependencies of target multi_map_server__rosidl_generator_c[0m
[0.224s] [ 10%] Built target multi_map_server__rosidl_generator_c
[0.227s] [ 12%] Built target multi_map_server__cpp
[0.246s] [ 12%] Built target ament_cmake_python_copy_multi_map_server
[0.274s] [35m[1mConsolidate compiler generated dependencies of target multi_map_server__rosidl_typesupport_fastrtps_c[0m
[0.274s] [35m[1mConsolidate compiler generated dependencies of target multi_map_server__rosidl_typesupport_cpp[0m
[0.289s] [35m[1mConsolidate compiler generated dependencies of target multi_map_server__rosidl_typesupport_introspection_cpp[0m
[0.305s] [35m[1mConsolidate compiler generated dependencies of target multi_map_server__rosidl_typesupport_introspection_c[0m
[0.311s] [ 14%] [32mBuilding CXX object CMakeFiles/multi_map_server__rosidl_typesupport_fastrtps_cpp.dir/rosidl_typesupport_fastrtps_cpp/multi_map_server/msg/detail/dds_fastrtps/multi_sparse_map3_d__type_support.cpp.o[0m
[0.319s] [ 15%] [32mBuilding CXX object CMakeFiles/multi_map_server__rosidl_typesupport_fastrtps_c.dir/rosidl_typesupport_fastrtps_c/multi_map_server/msg/detail/multi_sparse_map3_d__type_support_c.cpp.o[0m
[0.319s] [ 17%] [32mBuilding CXX object CMakeFiles/multi_map_server__rosidl_typesupport_fastrtps_cpp.dir/rosidl_typesupport_fastrtps_cpp/multi_map_server/msg/detail/dds_fastrtps/multi_occupancy_grid__type_support.cpp.o[0m
[0.321s] [35m[1mConsolidate compiler generated dependencies of target multi_map_server__rosidl_typesupport_c[0m
[0.377s] [ 19%] [32mBuilding CXX object CMakeFiles/multi_map_server__rosidl_typesupport_introspection_cpp.dir/rosidl_typesupport_introspection_cpp/multi_map_server/msg/detail/multi_occupancy_grid__type_support.cpp.o[0m
[0.377s] [ 29%] Built target multi_map_server__rosidl_typesupport_cpp
[0.389s] [ 40%] Built target multi_map_server__rosidl_typesupport_introspection_c
[0.404s] [ 50%] Built target multi_map_server__rosidl_typesupport_c
[0.416s] [ 52%] [32mBuilding CXX object CMakeFiles/multi_map_server__rosidl_typesupport_fastrtps_cpp.dir/rosidl_typesupport_fastrtps_cpp/multi_map_server/msg/detail/dds_fastrtps/sparse_map3_d__type_support.cpp.o[0m
[0.465s] [ 54%] [32mBuilding CXX object CMakeFiles/multi_map_visualization.dir/src/multi_map_visualization.cc.o[0m
[0.473s] [ 56%] [32mBuilding CXX object CMakeFiles/multi_map_server__rosidl_typesupport_fastrtps_cpp.dir/rosidl_typesupport_fastrtps_cpp/multi_map_server/msg/detail/dds_fastrtps/vertical_occupancy_grid_list__type_support.cpp.o[0m
[1.229s] running egg_info
[1.231s] writing multi_map_server.egg-info/PKG-INFO
[1.232s] writing dependency_links to multi_map_server.egg-info/dependency_links.txt
[1.235s] writing top-level names to multi_map_server.egg-info/top_level.txt
[1.254s] reading manifest file 'multi_map_server.egg-info/SOURCES.txt'
[1.255s] writing manifest file 'multi_map_server.egg-info/SOURCES.txt'
[1.461s] [ 56%] Built target ament_cmake_python_build_multi_map_server_egg
[1.518s] [ 57%] [32mBuilding CXX object CMakeFiles/multi_map_server__rosidl_typesupport_introspection_cpp.dir/rosidl_typesupport_introspection_cpp/multi_map_server/msg/detail/multi_sparse_map3_d__type_support.cpp.o[0m
[1.522s] [01m[K/root/colcon_ws/src/Fast-Planner/uav_simulator/Utils/multi_map_server/src/multi_map_visualization.cc:5:10:[m[K [01;31m[Kfatal error: [m[Kpose_utils.h: No such file or directory
[1.522s]     5 | #include [01;31m[K<pose_utils.h>[m[K
[1.522s]       |          [01;31m[K^~~~~~~~~~~~~~[m[K
[1.522s] compilation terminated.
[1.528s] gmake[2]: *** [CMakeFiles/multi_map_visualization.dir/build.make:76: CMakeFiles/multi_map_visualization.dir/src/multi_map_visualization.cc.o] Error 1
[1.529s] gmake[1]: *** [CMakeFiles/Makefile2:593: CMakeFiles/multi_map_visualization.dir/all] Error 2
[1.529s] gmake[1]: *** Waiting for unfinished jobs....
[1.567s] [ 59%] [32mBuilding CXX object CMakeFiles/multi_map_server__rosidl_typesupport_introspection_cpp.dir/rosidl_typesupport_introspection_cpp/multi_map_server/msg/detail/sparse_map3_d__type_support.cpp.o[0m
[1.738s] [ 61%] [32mBuilding CXX object CMakeFiles/multi_map_server__rosidl_typesupport_fastrtps_c.dir/rosidl_typesupport_fastrtps_c/multi_map_server/msg/detail/sparse_map3_d__type_support_c.cpp.o[0m
[1.818s] [ 63%] [32mBuilding CXX object CMakeFiles/multi_map_server__rosidl_typesupport_introspection_cpp.dir/rosidl_typesupport_introspection_cpp/multi_map_server/msg/detail/vertical_occupancy_grid_list__type_support.cpp.o[0m
[2.216s] [ 64%] [32mBuilding CXX object CMakeFiles/multi_map_server__rosidl_typesupport_fastrtps_c.dir/rosidl_typesupport_fastrtps_c/multi_map_server/msg/detail/vertical_occupancy_grid_list__type_support_c.cpp.o[0m
[2.822s] [ 66%] [32m[1mLinking CXX shared library libmulti_map_server__rosidl_typesupport_fastrtps_cpp.so[0m
[3.051s] [ 68%] Built target multi_map_server__rosidl_typesupport_fastrtps_cpp
[3.123s] [ 70%] [32m[1mLinking CXX shared library libmulti_map_server__rosidl_typesupport_fastrtps_c.so[0m
[3.281s] [ 71%] [32m[1mLinking CXX shared library libmulti_map_server__rosidl_typesupport_introspection_cpp.so[0m
[3.283s] [ 75%] Built target multi_map_server__rosidl_typesupport_fastrtps_c
[3.485s] [ 77%] Built target multi_map_server__rosidl_typesupport_introspection_cpp
[3.488s] gmake: *** [Makefile:146: all] Error 2
