[0.090s] Invoking command in '/root/colcon_ws/build/so3_disturbance_generator': AMENT_PREFIX_PATH=/root/colcon_ws/install/pose_utils:${AMENT_PREFIX_PATH} CMAKE_PREFIX_PATH=/root/colcon_ws/install/pose_utils:/opt/ros/humble LD_LIBRARY_PATH=/root/colcon_ws/install/pose_utils/lib:${LD_LIBRARY_PATH} /usr/bin/cmake --build /root/colcon_ws/build/so3_disturbance_generator -- -j8 -l8
[0.237s] [100%] Built target so3_disturbance_generator
[0.259s] Invoked command in '/root/colcon_ws/build/so3_disturbance_generator' returned '0': AMENT_PREFIX_PATH=/root/colcon_ws/install/pose_utils:${AMENT_PREFIX_PATH} CMAKE_PREFIX_PATH=/root/colcon_ws/install/pose_utils:/opt/ros/humble LD_LIBRARY_PATH=/root/colcon_ws/install/pose_utils/lib:${LD_LIBRARY_PATH} /usr/bin/cmake --build /root/colcon_ws/build/so3_disturbance_generator -- -j8 -l8
[0.261s] Invoking command in '/root/colcon_ws/build/so3_disturbance_generator': AMENT_PREFIX_PATH=/root/colcon_ws/install/pose_utils:${AMENT_PREFIX_PATH} CMAKE_PREFIX_PATH=/root/colcon_ws/install/pose_utils:/opt/ros/humble LD_LIBRARY_PATH=/root/colcon_ws/install/pose_utils/lib:${LD_LIBRARY_PATH} /usr/bin/cmake --install /root/colcon_ws/build/so3_disturbance_generator
[0.276s] -- Install configuration: ""
[0.277s] -- Up-to-date: /root/colcon_ws/install/so3_disturbance_generator/lib/so3_disturbance_generator/so3_disturbance_generator
[0.277s] -- Up-to-date: /root/colcon_ws/install/so3_disturbance_generator/include
[0.277s] -- Up-to-date: /root/colcon_ws/install/so3_disturbance_generator/include/so3_disturbance_generator
[0.277s] -- Up-to-date: /root/colcon_ws/install/so3_disturbance_generator/include/so3_disturbance_generator/DisturbanceUIConfig.h
[0.277s] -- Up-to-date: /root/colcon_ws/install/so3_disturbance_generator/share/ament_index/resource_index/package_run_dependencies/so3_disturbance_generator
[0.277s] -- Up-to-date: /root/colcon_ws/install/so3_disturbance_generator/share/ament_index/resource_index/parent_prefix_path/so3_disturbance_generator
[0.278s] -- Up-to-date: /root/colcon_ws/install/so3_disturbance_generator/share/so3_disturbance_generator/environment/ament_prefix_path.sh
[0.278s] -- Up-to-date: /root/colcon_ws/install/so3_disturbance_generator/share/so3_disturbance_generator/environment/ament_prefix_path.dsv
[0.278s] -- Up-to-date: /root/colcon_ws/install/so3_disturbance_generator/share/so3_disturbance_generator/environment/path.sh
[0.278s] -- Up-to-date: /root/colcon_ws/install/so3_disturbance_generator/share/so3_disturbance_generator/environment/path.dsv
[0.278s] -- Up-to-date: /root/colcon_ws/install/so3_disturbance_generator/share/so3_disturbance_generator/local_setup.bash
[0.278s] -- Up-to-date: /root/colcon_ws/install/so3_disturbance_generator/share/so3_disturbance_generator/local_setup.sh
[0.278s] -- Up-to-date: /root/colcon_ws/install/so3_disturbance_generator/share/so3_disturbance_generator/local_setup.zsh
[0.278s] -- Up-to-date: /root/colcon_ws/install/so3_disturbance_generator/share/so3_disturbance_generator/local_setup.dsv
[0.278s] -- Installing: /root/colcon_ws/install/so3_disturbance_generator/share/so3_disturbance_generator/package.dsv
[0.278s] -- Up-to-date: /root/colcon_ws/install/so3_disturbance_generator/share/ament_index/resource_index/packages/so3_disturbance_generator
[0.279s] -- Up-to-date: /root/colcon_ws/install/so3_disturbance_generator/share/so3_disturbance_generator/cmake/so3_disturbance_generatorConfig.cmake
[0.279s] -- Up-to-date: /root/colcon_ws/install/so3_disturbance_generator/share/so3_disturbance_generator/cmake/so3_disturbance_generatorConfig-version.cmake
[0.279s] -- Up-to-date: /root/colcon_ws/install/so3_disturbance_generator/share/so3_disturbance_generator/package.xml
[0.283s] Invoked command in '/root/colcon_ws/build/so3_disturbance_generator' returned '0': AMENT_PREFIX_PATH=/root/colcon_ws/install/pose_utils:${AMENT_PREFIX_PATH} CMAKE_PREFIX_PATH=/root/colcon_ws/install/pose_utils:/opt/ros/humble LD_LIBRARY_PATH=/root/colcon_ws/install/pose_utils/lib:${LD_LIBRARY_PATH} /usr/bin/cmake --install /root/colcon_ws/build/so3_disturbance_generator
