[0.044s] Invoking command in '/root/colcon_ws/build/cmake_utils': CMAKE_PREFIX_PATH=/opt/ros/humble /usr/bin/cmake /root/colcon_ws/src/Fast-Planner/uav_simulator/Utils/cmake_utils -DCMAKE_INSTALL_PREFIX=/root/colcon_ws/install/cmake_utils
[0.175s] -- The C compiler identification is GNU 11.4.0
[0.283s] -- The CXX compiler identification is GNU 11.4.0
[0.296s] -- Detecting C compiler ABI info
[0.455s] -- Detecting C compiler ABI info - done
[0.466s] -- Check for working C compiler: /usr/bin/cc - skipped
[0.466s] -- Detecting C compile features
[0.467s] -- Detecting C compile features - done
[0.472s] -- Detecting CXX compiler ABI info
[0.661s] -- Detecting CXX compiler ABI info - done
[0.674s] -- Check for working CXX compiler: /usr/bin/c++ - skipped
[0.674s] -- Detecting CXX compile features
[0.676s] -- Detecting CXX compile features - done
[0.681s] -- Found ament_cmake: 1.3.13 (/opt/ros/humble/share/ament_cmake/cmake)
[1.023s] -- Found Python3: /usr/bin/python3 (found version "3.10.12") found components: Interpreter 
[1.352s] -- Configuring done
[1.359s] -- Generating done
[1.363s] -- Build files have been written to: /root/colcon_ws/build/cmake_utils
[1.383s] Invoked command in '/root/colcon_ws/build/cmake_utils' returned '0': CMAKE_PREFIX_PATH=/opt/ros/humble /usr/bin/cmake /root/colcon_ws/src/Fast-Planner/uav_simulator/Utils/cmake_utils -DCMAKE_INSTALL_PREFIX=/root/colcon_ws/install/cmake_utils
[1.384s] Invoking command in '/root/colcon_ws/build/cmake_utils': CMAKE_PREFIX_PATH=/opt/ros/humble /usr/bin/cmake --build /root/colcon_ws/build/cmake_utils -- -j8 -l8
[2.371s] Invoked command in '/root/colcon_ws/build/cmake_utils' returned '0': CMAKE_PREFIX_PATH=/opt/ros/humble /usr/bin/cmake --build /root/colcon_ws/build/cmake_utils -- -j8 -l8
[2.390s] Invoking command in '/root/colcon_ws/build/cmake_utils': CMAKE_PREFIX_PATH=/opt/ros/humble /usr/bin/cmake --install /root/colcon_ws/build/cmake_utils
[2.421s] -- Install configuration: ""
[2.421s] -- Installing: /root/colcon_ws/install/cmake_utils/share/ament_index/resource_index/package_run_dependencies/cmake_utils
[2.421s] -- Installing: /root/colcon_ws/install/cmake_utils/share/ament_index/resource_index/parent_prefix_path/cmake_utils
[2.421s] -- Installing: /root/colcon_ws/install/cmake_utils/share/cmake_utils/environment/ament_prefix_path.sh
[2.421s] -- Installing: /root/colcon_ws/install/cmake_utils/share/cmake_utils/environment/ament_prefix_path.dsv
[2.422s] -- Installing: /root/colcon_ws/install/cmake_utils/share/cmake_utils/environment/path.sh
[2.422s] -- Installing: /root/colcon_ws/install/cmake_utils/share/cmake_utils/environment/path.dsv
[2.422s] -- Installing: /root/colcon_ws/install/cmake_utils/share/cmake_utils/local_setup.bash
[2.422s] -- Installing: /root/colcon_ws/install/cmake_utils/share/cmake_utils/local_setup.sh
[2.422s] -- Installing: /root/colcon_ws/install/cmake_utils/share/cmake_utils/local_setup.zsh
[2.422s] -- Installing: /root/colcon_ws/install/cmake_utils/share/cmake_utils/local_setup.dsv
[2.422s] -- Installing: /root/colcon_ws/install/cmake_utils/share/cmake_utils/package.dsv
[2.422s] -- Installing: /root/colcon_ws/install/cmake_utils/share/ament_index/resource_index/packages/cmake_utils
[2.422s] -- Installing: /root/colcon_ws/install/cmake_utils/share/cmake_utils/cmake/cmake_utilsConfig.cmake
[2.422s] -- Installing: /root/colcon_ws/install/cmake_utils/share/cmake_utils/cmake/cmake_utilsConfig-version.cmake
[2.422s] -- Installing: /root/colcon_ws/install/cmake_utils/share/cmake_utils/package.xml
[2.426s] Invoked command in '/root/colcon_ws/build/cmake_utils' returned '0': CMAKE_PREFIX_PATH=/opt/ros/humble /usr/bin/cmake --install /root/colcon_ws/build/cmake_utils
