[0.045s] Invoking command in '/root/colcon_ws/build/map_generator': CMAKE_PREFIX_PATH=/opt/ros/humble /usr/bin/cmake /root/colcon_ws/src/Fast-Planner/uav_simulator/map_generator -DCMAKE_INSTALL_PREFIX=/root/colcon_ws/install/map_generator
[0.158s] -- The C compiler identification is GNU 11.4.0
[0.271s] -- The CXX compiler identification is GNU 11.4.0
[0.284s] -- Detecting C compiler ABI info
[0.462s] -- Detecting C compiler ABI info - done
[0.472s] -- Check for working C compiler: /usr/bin/cc - skipped
[0.473s] -- Detecting C compile features
[0.474s] -- Detecting C compile features - done
[0.486s] -- Detecting CXX compiler ABI info
[0.669s] -- Detecting CXX compiler ABI info - done
[0.679s] -- Check for working CXX compiler: /usr/bin/c++ - skipped
[0.681s] -- Detecting CXX compile features
[0.685s] -- Detecting CXX compile features - done
[0.694s] -- Found ament_cmake: 1.3.13 (/opt/ros/humble/share/ament_cmake/cmake)
[1.041s] -- Found Python3: /usr/bin/python3 (found version "3.10.12") found components: Interpreter 
[1.251s] -- Found rclcpp: 16.0.18 (/opt/ros/humble/share/rclcpp/cmake)
[1.341s] -- Found rosidl_generator_c: 3.1.8 (/opt/ros/humble/share/rosidl_generator_c/cmake)
[1.351s] -- Found rosidl_adapter: 3.1.8 (/opt/ros/humble/share/rosidl_adapter/cmake)
[1.373s] -- Found rosidl_generator_cpp: 3.1.8 (/opt/ros/humble/share/rosidl_generator_cpp/cmake)
[1.390s] -- Using all available rosidl_typesupport_c: rosidl_typesupport_fastrtps_c;rosidl_typesupport_introspection_c
[1.432s] -- Using all available rosidl_typesupport_cpp: rosidl_typesupport_fastrtps_cpp;rosidl_typesupport_introspection_cpp
[1.527s] -- Found rmw_implementation_cmake: 6.1.2 (/opt/ros/humble/share/rmw_implementation_cmake/cmake)
[1.534s] -- Found rmw_fastrtps_cpp: 6.2.10 (/opt/ros/humble/share/rmw_fastrtps_cpp/cmake)
[1.715s] -- Found OpenSSL: /usr/lib/aarch64-linux-gnu/libcrypto.so (found version "3.0.2")  
[1.768s] -- Found FastRTPS: /opt/ros/humble/include  
[1.865s] -- Using RMW implementation 'rmw_fastrtps_cpp' as default
[1.886s] -- Looking for pthread.h
[2.032s] -- Looking for pthread.h - found
[2.032s] -- Performing Test CMAKE_HAVE_LIBC_PTHREAD
[2.173s] -- Performing Test CMAKE_HAVE_LIBC_PTHREAD - Success
[2.175s] -- Found Threads: TRUE  
[2.270s] -- Found geometry_msgs: 4.9.1 (/opt/ros/humble/share/geometry_msgs/cmake)
[2.300s] -- Found nav_msgs: 4.9.1 (/opt/ros/humble/share/nav_msgs/cmake)
[2.329s] -- Found sensor_msgs: 4.9.1 (/opt/ros/humble/share/sensor_msgs/cmake)
[2.360s] -- Found pcl_conversions: 2.4.5 (/opt/ros/humble/share/pcl_conversions/cmake)
[2.449s] -- Checking for module 'eigen3'
[2.483s] --   Found eigen3, version 3.4.0
[2.571s] -- Found Eigen: /usr/include/eigen3 (Required is at least version "3.1") 
[2.571s] -- Eigen found (include: /usr/include/eigen3, version: 3.4.0)
[2.657s] -- Checking for module 'flann'
[2.685s] --   Found flann, version 1.9.1
[2.792s] -- Found FLANN: /usr/lib/aarch64-linux-gnu/libflann_cpp.so  
[2.792s] -- FLANN found (include: /usr/include, lib: /usr/lib/aarch64-linux-gnu/libflann_cpp.so)
[5.110s] -- Checking for module 'libusb-1.0'
[5.162s] --   Found libusb-1.0, version 1.0.25
[5.302s] -- Found libusb: /usr/lib/aarch64-linux-gnu/libusb-1.0.so  
[5.303s] -- OpenNI found (version: 1.5.4.0, include: /usr/include/ni, lib: /usr/lib/libOpenNI.so;libusb::libusb)
[5.469s] -- OpenNI2 found (version: 2.2.0.33, include: /usr/include/openni2, lib: /usr/lib/aarch64-linux-gnu/libOpenNI2.so;libusb::libusb)
[5.777s] -- Eigen found (include: /usr/include/eigen3, version: 3.4.0)
[5.793s] -- OpenNI found (version: 1.5.4.0, include: /usr/include/ni, lib: /usr/lib/libOpenNI.so;libusb::libusb)
[5.809s] -- OpenNI2 found (version: 2.2.0.33, include: /usr/include/openni2, lib: /usr/lib/aarch64-linux-gnu/libOpenNI2.so;libusb::libusb)
[6.112s] -- Found Qhull version 8.0.2
[6.430s] -- OpenNI found (version: 1.5.4.0, include: /usr/include/ni, lib: /usr/lib/libOpenNI.so;libusb::libusb)
[6.753s] -- Found PCL_COMMON: /usr/lib/aarch64-linux-gnu/libpcl_common.so  
[6.755s] -- Found PCL_KDTREE: /usr/lib/aarch64-linux-gnu/libpcl_kdtree.so  
[6.757s] -- Found PCL_OCTREE: /usr/lib/aarch64-linux-gnu/libpcl_octree.so  
[6.759s] -- Found PCL_SEARCH: /usr/lib/aarch64-linux-gnu/libpcl_search.so  
[6.760s] -- Found PCL_SAMPLE_CONSENSUS: /usr/lib/aarch64-linux-gnu/libpcl_sample_consensus.so  
[6.762s] -- Found PCL_FILTERS: /usr/lib/aarch64-linux-gnu/libpcl_filters.so  
[6.762s] -- Found PCL_2D: /usr/include/pcl-1.12  
[6.763s] -- Found PCL_GEOMETRY: /usr/include/pcl-1.12  
[6.767s] -- Found PCL_IO: /usr/lib/aarch64-linux-gnu/libpcl_io.so  
[6.777s] -- Found PCL_FEATURES: /usr/lib/aarch64-linux-gnu/libpcl_features.so  
[6.778s] -- Found PCL_ML: /usr/lib/aarch64-linux-gnu/libpcl_ml.so  
[6.779s] -- Found PCL_SEGMENTATION: /usr/lib/aarch64-linux-gnu/libpcl_segmentation.so  
[6.781s] -- Found PCL_VISUALIZATION: /usr/lib/aarch64-linux-gnu/libpcl_visualization.so  
[6.783s] -- Found PCL_SURFACE: /usr/lib/aarch64-linux-gnu/libpcl_surface.so  
[6.784s] -- Found PCL_REGISTRATION: /usr/lib/aarch64-linux-gnu/libpcl_registration.so  
[6.785s] -- Found PCL_KEYPOINTS: /usr/lib/aarch64-linux-gnu/libpcl_keypoints.so  
[6.787s] -- Found PCL_TRACKING: /usr/lib/aarch64-linux-gnu/libpcl_tracking.so  
[6.789s] -- Found PCL_RECOGNITION: /usr/lib/aarch64-linux-gnu/libpcl_recognition.so  
[6.790s] -- Found PCL_STEREO: /usr/lib/aarch64-linux-gnu/libpcl_stereo.so  
[6.792s] -- Found PCL_APPS: /usr/lib/aarch64-linux-gnu/libpcl_apps.so  
[6.793s] -- Found PCL_IN_HAND_SCANNER: /usr/include/pcl-1.12  
[6.794s] -- Found PCL_MODELER: /usr/include/pcl-1.12  
[6.794s] -- Found PCL_POINT_CLOUD_EDITOR: /usr/include/pcl-1.12  
[6.797s] -- Found PCL_OUTOFCORE: /usr/lib/aarch64-linux-gnu/libpcl_outofcore.so  
[6.798s] -- Found PCL_PEOPLE: /usr/lib/aarch64-linux-gnu/libpcl_people.so  
[6.803s] [33mCMake Warning (dev) at CMakeLists.txt:16 (find_package):
[6.803s]   Policy CMP0074 is not set: find_package uses <PackageName>_ROOT variables.
[6.803s]   Run "cmake --help-policy CMP0074" for policy details.  Use the cmake_policy
[6.803s]   command to set the policy and suppress this warning.
[6.803s] 
[6.803s]   CMake variable PCL_ROOT is set to:
[6.803s] 
[6.803s]     /usr
[6.804s] 
[6.804s]   For compatibility, CMake is ignoring the variable.
[6.804s] This warning is for project developers.  Use -Wno-dev to suppress it.
[6.804s] [0m
[7.158s] -- Configuring done
[7.243s] -- Generating done
[7.277s] -- Build files have been written to: /root/colcon_ws/build/map_generator
[7.382s] Invoked command in '/root/colcon_ws/build/map_generator' returned '0': CMAKE_PREFIX_PATH=/opt/ros/humble /usr/bin/cmake /root/colcon_ws/src/Fast-Planner/uav_simulator/map_generator -DCMAKE_INSTALL_PREFIX=/root/colcon_ws/install/map_generator
[7.383s] Invoking command in '/root/colcon_ws/build/map_generator': CMAKE_PREFIX_PATH=/opt/ros/humble /usr/bin/cmake --build /root/colcon_ws/build/map_generator -- -j8 -l8
[7.578s] [ 50%] [32mBuilding CXX object CMakeFiles/random_forest.dir/src/random_forest_sensing.cpp.o[0m
[27.974s] [01m[K/root/colcon_ws/src/Fast-Planner/uav_simulator/map_generator/src/random_forest_sensing.cpp:32:19:[m[K [01;31m[Kerror: [m[Kclass template argument deduction failed:
[27.975s]    32 | rclcpp::Publisher [01;31m[K_local_map_pub[m[K;
[27.975s]       |                   [01;31m[K^~~~~~~~~~~~~~[m[K
[27.975s] [01m[K/root/colcon_ws/src/Fast-Planner/uav_simulator/map_generator/src/random_forest_sensing.cpp:32:19:[m[K [01;31m[Kerror: [m[Kno matching function for call to ‘[01m[KPublisher()[m[K’
[27.975s] In file included from [01m[K/opt/ros/humble/include/rclcpp/rclcpp/topic_statistics/subscription_topic_statistics.hpp:31[m[K,
[27.976s]                  from [01m[K/opt/ros/humble/include/rclcpp/rclcpp/subscription.hpp:50[m[K,
[27.976s]                  from [01m[K/opt/ros/humble/include/rclcpp/rclcpp/any_executable.hpp:25[m[K,
[27.976s]                  from [01m[K/opt/ros/humble/include/rclcpp/rclcpp/memory_strategy.hpp:25[m[K,
[27.976s]                  from [01m[K/opt/ros/humble/include/rclcpp/rclcpp/memory_strategies.hpp:18[m[K,
[27.977s]                  from [01m[K/opt/ros/humble/include/rclcpp/rclcpp/executor_options.hpp:20[m[K,
[27.977s]                  from [01m[K/opt/ros/humble/include/rclcpp/rclcpp/executor.hpp:37[m[K,
[27.977s]                  from [01m[K/opt/ros/humble/include/rclcpp/rclcpp/executors/multi_threaded_executor.hpp:25[m[K,
[27.978s]                  from [01m[K/opt/ros/humble/include/rclcpp/rclcpp/executors.hpp:21[m[K,
[27.978s]                  from [01m[K/opt/ros/humble/include/rclcpp/rclcpp/rclcpp.hpp:155[m[K,
[27.978s]                  from [01m[K/opt/ros/humble/include/pcl_conversions/pcl_conversions/pcl_conversions.h:43[m[K,
[27.978s]                  from [01m[K/root/colcon_ws/src/Fast-Planner/uav_simulator/map_generator/src/random_forest_sensing.cpp:5[m[K:
[27.979s] [01m[K/opt/ros/humble/include/rclcpp/rclcpp/publisher.hpp:125:3:[m[K [01;36m[Knote: [m[Kcandidate: ‘[01m[Ktemplate<class MessageT, class AllocatorT> Publisher(rclcpp::node_interfaces::NodeBaseInterface*, const string&, const rclcpp::QoS&, const rclcpp::PublisherOptionsWithAllocator<AllocatorT>&)-> rclcpp::Publisher<MessageT, AllocatorT>[m[K’
[27.979s]   125 |   [01;36m[KPublisher[m[K(
[27.979s]       |   [01;36m[K^~~~~~~~~[m[K
[27.979s] [01m[K/opt/ros/humble/include/rclcpp/rclcpp/publisher.hpp:125:3:[m[K [01;36m[Knote: [m[K  template argument deduction/substitution failed:
[27.979s] [01m[K/root/colcon_ws/src/Fast-Planner/uav_simulator/map_generator/src/random_forest_sensing.cpp:32:19:[m[K [01;36m[Knote: [m[K  candidate expects 4 arguments, 0 provided
[27.980s]    32 | rclcpp::Publisher [01;36m[K_local_map_pub[m[K;
[27.980s]       |                   [01;36m[K^~~~~~~~~~~~~~[m[K
[27.980s] In file included from [01m[K/opt/ros/humble/include/rclcpp/rclcpp/topic_statistics/subscription_topic_statistics.hpp:31[m[K,
[27.980s]                  from [01m[K/opt/ros/humble/include/rclcpp/rclcpp/subscription.hpp:50[m[K,
[27.980s]                  from [01m[K/opt/ros/humble/include/rclcpp/rclcpp/any_executable.hpp:25[m[K,
[27.981s]                  from [01m[K/opt/ros/humble/include/rclcpp/rclcpp/memory_strategy.hpp:25[m[K,
[27.981s]                  from [01m[K/opt/ros/humble/include/rclcpp/rclcpp/memory_strategies.hpp:18[m[K,
[27.981s]                  from [01m[K/opt/ros/humble/include/rclcpp/rclcpp/executor_options.hpp:20[m[K,
[27.981s]                  from [01m[K/opt/ros/humble/include/rclcpp/rclcpp/executor.hpp:37[m[K,
[27.981s]                  from [01m[K/opt/ros/humble/include/rclcpp/rclcpp/executors/multi_threaded_executor.hpp:25[m[K,
[27.981s]                  from [01m[K/opt/ros/humble/include/rclcpp/rclcpp/executors.hpp:21[m[K,
[27.981s]                  from [01m[K/opt/ros/humble/include/rclcpp/rclcpp/rclcpp.hpp:155[m[K,
[27.981s]                  from [01m[K/opt/ros/humble/include/pcl_conversions/pcl_conversions/pcl_conversions.h:43[m[K,
[27.981s]                  from [01m[K/root/colcon_ws/src/Fast-Planner/uav_simulator/map_generator/src/random_forest_sensing.cpp:5[m[K:
[27.981s] [01m[K/opt/ros/humble/include/rclcpp/rclcpp/publisher.hpp:77:7:[m[K [01;36m[Knote: [m[Kcandidate: ‘[01m[Ktemplate<class MessageT, class AllocatorT> Publisher(rclcpp::Publisher<MessageT, AllocatorT>)-> rclcpp::Publisher<MessageT, AllocatorT>[m[K’
[27.981s]    77 | class [01;36m[KPublisher[m[K : public PublisherBase
[27.982s]       |       [01;36m[K^~~~~~~~~[m[K
[27.982s] [01m[K/opt/ros/humble/include/rclcpp/rclcpp/publisher.hpp:77:7:[m[K [01;36m[Knote: [m[K  template argument deduction/substitution failed:
[27.982s] [01m[K/root/colcon_ws/src/Fast-Planner/uav_simulator/map_generator/src/random_forest_sensing.cpp:32:19:[m[K [01;36m[Knote: [m[K  candidate expects 1 argument, 0 provided
[27.982s]    32 | rclcpp::Publisher [01;36m[K_local_map_pub[m[K;
[27.982s]       |                   [01;36m[K^~~~~~~~~~~~~~[m[K
[27.982s] [01m[K/root/colcon_ws/src/Fast-Planner/uav_simulator/map_generator/src/random_forest_sensing.cpp:33:19:[m[K [01;31m[Kerror: [m[Kclass template argument deduction failed:
[27.982s]    33 | rclcpp::Publisher [01;31m[K_all_map_pub[m[K;
[27.982s]       |                   [01;31m[K^~~~~~~~~~~~[m[K
[27.982s] [01m[K/root/colcon_ws/src/Fast-Planner/uav_simulator/map_generator/src/random_forest_sensing.cpp:33:19:[m[K [01;31m[Kerror: [m[Kno matching function for call to ‘[01m[KPublisher()[m[K’
[27.982s] In file included from [01m[K/opt/ros/humble/include/rclcpp/rclcpp/topic_statistics/subscription_topic_statistics.hpp:31[m[K,
[27.983s]                  from [01m[K/opt/ros/humble/include/rclcpp/rclcpp/subscription.hpp:50[m[K,
[27.983s]                  from [01m[K/opt/ros/humble/include/rclcpp/rclcpp/any_executable.hpp:25[m[K,
[27.983s]                  from [01m[K/opt/ros/humble/include/rclcpp/rclcpp/memory_strategy.hpp:25[m[K,
[27.983s]                  from [01m[K/opt/ros/humble/include/rclcpp/rclcpp/memory_strategies.hpp:18[m[K,
[27.983s]                  from [01m[K/opt/ros/humble/include/rclcpp/rclcpp/executor_options.hpp:20[m[K,
[27.983s]                  from [01m[K/opt/ros/humble/include/rclcpp/rclcpp/executor.hpp:37[m[K,
[27.983s]                  from [01m[K/opt/ros/humble/include/rclcpp/rclcpp/executors/multi_threaded_executor.hpp:25[m[K,
[27.983s]                  from [01m[K/opt/ros/humble/include/rclcpp/rclcpp/executors.hpp:21[m[K,
[27.983s]                  from [01m[K/opt/ros/humble/include/rclcpp/rclcpp/rclcpp.hpp:155[m[K,
[27.983s]                  from [01m[K/opt/ros/humble/include/pcl_conversions/pcl_conversions/pcl_conversions.h:43[m[K,
[27.983s]                  from [01m[K/root/colcon_ws/src/Fast-Planner/uav_simulator/map_generator/src/random_forest_sensing.cpp:5[m[K:
[27.983s] [01m[K/opt/ros/humble/include/rclcpp/rclcpp/publisher.hpp:125:3:[m[K [01;36m[Knote: [m[Kcandidate: ‘[01m[Ktemplate<class MessageT, class AllocatorT> Publisher(rclcpp::node_interfaces::NodeBaseInterface*, const string&, const rclcpp::QoS&, const rclcpp::PublisherOptionsWithAllocator<AllocatorT>&)-> rclcpp::Publisher<MessageT, AllocatorT>[m[K’
[27.984s]   125 |   [01;36m[KPublisher[m[K(
[27.984s]       |   [01;36m[K^~~~~~~~~[m[K
[27.984s] [01m[K/opt/ros/humble/include/rclcpp/rclcpp/publisher.hpp:125:3:[m[K [01;36m[Knote: [m[K  template argument deduction/substitution failed:
[27.984s] [01m[K/root/colcon_ws/src/Fast-Planner/uav_simulator/map_generator/src/random_forest_sensing.cpp:33:19:[m[K [01;36m[Knote: [m[K  candidate expects 4 arguments, 0 provided
[27.984s]    33 | rclcpp::Publisher [01;36m[K_all_map_pub[m[K;
[27.984s]       |                   [01;36m[K^~~~~~~~~~~~[m[K
[27.984s] In file included from [01m[K/opt/ros/humble/include/rclcpp/rclcpp/topic_statistics/subscription_topic_statistics.hpp:31[m[K,
[27.984s]                  from [01m[K/opt/ros/humble/include/rclcpp/rclcpp/subscription.hpp:50[m[K,
[27.984s]                  from [01m[K/opt/ros/humble/include/rclcpp/rclcpp/any_executable.hpp:25[m[K,
[27.984s]                  from [01m[K/opt/ros/humble/include/rclcpp/rclcpp/memory_strategy.hpp:25[m[K,
[27.984s]                  from [01m[K/opt/ros/humble/include/rclcpp/rclcpp/memory_strategies.hpp:18[m[K,
[27.985s]                  from [01m[K/opt/ros/humble/include/rclcpp/rclcpp/executor_options.hpp:20[m[K,
[27.985s]                  from [01m[K/opt/ros/humble/include/rclcpp/rclcpp/executor.hpp:37[m[K,
[27.985s]                  from [01m[K/opt/ros/humble/include/rclcpp/rclcpp/executors/multi_threaded_executor.hpp:25[m[K,
[27.985s]                  from [01m[K/opt/ros/humble/include/rclcpp/rclcpp/executors.hpp:21[m[K,
[27.985s]                  from [01m[K/opt/ros/humble/include/rclcpp/rclcpp/rclcpp.hpp:155[m[K,
[27.985s]                  from [01m[K/opt/ros/humble/include/pcl_conversions/pcl_conversions/pcl_conversions.h:43[m[K,
[27.985s]                  from [01m[K/root/colcon_ws/src/Fast-Planner/uav_simulator/map_generator/src/random_forest_sensing.cpp:5[m[K:
[27.985s] [01m[K/opt/ros/humble/include/rclcpp/rclcpp/publisher.hpp:77:7:[m[K [01;36m[Knote: [m[Kcandidate: ‘[01m[Ktemplate<class MessageT, class AllocatorT> Publisher(rclcpp::Publisher<MessageT, AllocatorT>)-> rclcpp::Publisher<MessageT, AllocatorT>[m[K’
[27.985s]    77 | class [01;36m[KPublisher[m[K : public PublisherBase
[27.985s]       |       [01;36m[K^~~~~~~~~[m[K
[27.985s] [01m[K/opt/ros/humble/include/rclcpp/rclcpp/publisher.hpp:77:7:[m[K [01;36m[Knote: [m[K  template argument deduction/substitution failed:
[27.985s] [01m[K/root/colcon_ws/src/Fast-Planner/uav_simulator/map_generator/src/random_forest_sensing.cpp:33:19:[m[K [01;36m[Knote: [m[K  candidate expects 1 argument, 0 provided
[27.986s]    33 | rclcpp::Publisher [01;36m[K_all_map_pub[m[K;
[27.986s]       |                   [01;36m[K^~~~~~~~~~~~[m[K
[27.986s] [01m[K/root/colcon_ws/src/Fast-Planner/uav_simulator/map_generator/src/random_forest_sensing.cpp:34:19:[m[K [01;31m[Kerror: [m[Kclass template argument deduction failed:
[27.986s]    34 | rclcpp::Publisher [01;31m[Kclick_map_pub_[m[K;
[27.986s]       |                   [01;31m[K^~~~~~~~~~~~~~[m[K
[27.986s] [01m[K/root/colcon_ws/src/Fast-Planner/uav_simulator/map_generator/src/random_forest_sensing.cpp:34:19:[m[K [01;31m[Kerror: [m[Kno matching function for call to ‘[01m[KPublisher()[m[K’
[27.986s] In file included from [01m[K/opt/ros/humble/include/rclcpp/rclcpp/topic_statistics/subscription_topic_statistics.hpp:31[m[K,
[27.986s]                  from [01m[K/opt/ros/humble/include/rclcpp/rclcpp/subscription.hpp:50[m[K,
[27.986s]                  from [01m[K/opt/ros/humble/include/rclcpp/rclcpp/any_executable.hpp:25[m[K,
[27.986s]                  from [01m[K/opt/ros/humble/include/rclcpp/rclcpp/memory_strategy.hpp:25[m[K,
[27.986s]                  from [01m[K/opt/ros/humble/include/rclcpp/rclcpp/memory_strategies.hpp:18[m[K,
[27.986s]                  from [01m[K/opt/ros/humble/include/rclcpp/rclcpp/executor_options.hpp:20[m[K,
[27.987s]                  from [01m[K/opt/ros/humble/include/rclcpp/rclcpp/executor.hpp:37[m[K,
[27.987s]                  from [01m[K/opt/ros/humble/include/rclcpp/rclcpp/executors/multi_threaded_executor.hpp:25[m[K,
[27.987s]                  from [01m[K/opt/ros/humble/include/rclcpp/rclcpp/executors.hpp:21[m[K,
[27.987s]                  from [01m[K/opt/ros/humble/include/rclcpp/rclcpp/rclcpp.hpp:155[m[K,
[27.987s]                  from [01m[K/opt/ros/humble/include/pcl_conversions/pcl_conversions/pcl_conversions.h:43[m[K,
[27.987s]                  from [01m[K/root/colcon_ws/src/Fast-Planner/uav_simulator/map_generator/src/random_forest_sensing.cpp:5[m[K:
[27.987s] [01m[K/opt/ros/humble/include/rclcpp/rclcpp/publisher.hpp:125:3:[m[K [01;36m[Knote: [m[Kcandidate: ‘[01m[Ktemplate<class MessageT, class AllocatorT> Publisher(rclcpp::node_interfaces::NodeBaseInterface*, const string&, const rclcpp::QoS&, const rclcpp::PublisherOptionsWithAllocator<AllocatorT>&)-> rclcpp::Publisher<MessageT, AllocatorT>[m[K’
[27.987s]   125 |   [01;36m[KPublisher[m[K(
[27.987s]       |   [01;36m[K^~~~~~~~~[m[K
[27.987s] [01m[K/opt/ros/humble/include/rclcpp/rclcpp/publisher.hpp:125:3:[m[K [01;36m[Knote: [m[K  template argument deduction/substitution failed:
[27.987s] [01m[K/root/colcon_ws/src/Fast-Planner/uav_simulator/map_generator/src/random_forest_sensing.cpp:34:19:[m[K [01;36m[Knote: [m[K  candidate expects 4 arguments, 0 provided
[27.988s]    34 | rclcpp::Publisher [01;36m[Kclick_map_pub_[m[K;
[27.988s]       |                   [01;36m[K^~~~~~~~~~~~~~[m[K
[27.988s] In file included from [01m[K/opt/ros/humble/include/rclcpp/rclcpp/topic_statistics/subscription_topic_statistics.hpp:31[m[K,
[27.988s]                  from [01m[K/opt/ros/humble/include/rclcpp/rclcpp/subscription.hpp:50[m[K,
[27.988s]                  from [01m[K/opt/ros/humble/include/rclcpp/rclcpp/any_executable.hpp:25[m[K,
[27.988s]                  from [01m[K/opt/ros/humble/include/rclcpp/rclcpp/memory_strategy.hpp:25[m[K,
[27.988s]                  from [01m[K/opt/ros/humble/include/rclcpp/rclcpp/memory_strategies.hpp:18[m[K,
[27.988s]                  from [01m[K/opt/ros/humble/include/rclcpp/rclcpp/executor_options.hpp:20[m[K,
[27.988s]                  from [01m[K/opt/ros/humble/include/rclcpp/rclcpp/executor.hpp:37[m[K,
[27.988s]                  from [01m[K/opt/ros/humble/include/rclcpp/rclcpp/executors/multi_threaded_executor.hpp:25[m[K,
[27.988s]                  from [01m[K/opt/ros/humble/include/rclcpp/rclcpp/executors.hpp:21[m[K,
[27.989s]                  from [01m[K/opt/ros/humble/include/rclcpp/rclcpp/rclcpp.hpp:155[m[K,
[27.989s]                  from [01m[K/opt/ros/humble/include/pcl_conversions/pcl_conversions/pcl_conversions.h:43[m[K,
[27.989s]                  from [01m[K/root/colcon_ws/src/Fast-Planner/uav_simulator/map_generator/src/random_forest_sensing.cpp:5[m[K:
[27.989s] [01m[K/opt/ros/humble/include/rclcpp/rclcpp/publisher.hpp:77:7:[m[K [01;36m[Knote: [m[Kcandidate: ‘[01m[Ktemplate<class MessageT, class AllocatorT> Publisher(rclcpp::Publisher<MessageT, AllocatorT>)-> rclcpp::Publisher<MessageT, AllocatorT>[m[K’
[27.989s]    77 | class [01;36m[KPublisher[m[K : public PublisherBase
[27.989s]       |       [01;36m[K^~~~~~~~~[m[K
[27.989s] [01m[K/opt/ros/humble/include/rclcpp/rclcpp/publisher.hpp:77:7:[m[K [01;36m[Knote: [m[K  template argument deduction/substitution failed:
[27.989s] [01m[K/root/colcon_ws/src/Fast-Planner/uav_simulator/map_generator/src/random_forest_sensing.cpp:34:19:[m[K [01;36m[Knote: [m[K  candidate expects 1 argument, 0 provided
[27.989s]    34 | rclcpp::Publisher [01;36m[Kclick_map_pub_[m[K;
[27.989s]       |                   [01;36m[K^~~~~~~~~~~~~~[m[K
[27.989s] [01m[K/root/colcon_ws/src/Fast-Planner/uav_simulator/map_generator/src/random_forest_sensing.cpp:35:22:[m[K [01;31m[Kerror: [m[Kclass template argument deduction failed:
[27.989s]    35 | rclcpp::Subscription [01;31m[K_odom_sub[m[K;
[27.990s]       |                      [01;31m[K^~~~~~~~~[m[K
[27.990s] [01m[K/root/colcon_ws/src/Fast-Planner/uav_simulator/map_generator/src/random_forest_sensing.cpp:35:22:[m[K [01;31m[Kerror: [m[Kno matching function for call to ‘[01m[KSubscription()[m[K’
[27.990s] In file included from [01m[K/opt/ros/humble/include/rclcpp/rclcpp/context.hpp:35[m[K,
[27.990s]                  from [01m[K/opt/ros/humble/include/rclcpp/rclcpp/executor.hpp:34[m[K,
[27.990s]                  from [01m[K/opt/ros/humble/include/rclcpp/rclcpp/executors/multi_threaded_executor.hpp:25[m[K,
[27.990s]                  from [01m[K/opt/ros/humble/include/rclcpp/rclcpp/executors.hpp:21[m[K,
[27.990s]                  from [01m[K/opt/ros/humble/include/rclcpp/rclcpp/rclcpp.hpp:155[m[K,
[27.990s]                  from [01m[K/opt/ros/humble/include/pcl_conversions/pcl_conversions/pcl_conversions.h:43[m[K,
[27.990s]                  from [01m[K/root/colcon_ws/src/Fast-Planner/uav_simulator/map_generator/src/random_forest_sensing.cpp:5[m[K:
[27.990s] [01m[K/opt/ros/humble/include/rclcpp/rclcpp/subscription.hpp:423:3:[m[K [01;36m[Knote: [m[Kcandidate: ‘[01m[Ktemplate<class MessageT, class AllocatorT, class SubscribedT, class ROSMessageT, class MessageMemoryStrategyT> Subscription(const rclcpp::Subscription<MessageT, AllocatorT, SubscribedT, ROSMessageT, MessageMemoryStrategyT>&)-> rclcpp::Subscription<MessageT, AllocatorT, SubscribedT, ROSMessageT, MessageMemoryStrategyT>[m[K’
[27.990s]   423 |   [01;36m[KRCLCPP_DISABLE_COPY[m[K(Subscription)
[27.990s]       |   [01;36m[K^~~~~~~~~~~~~~~~~~~[m[K
[27.991s] [01m[K/opt/ros/humble/include/rclcpp/rclcpp/subscription.hpp:423:3:[m[K [01;36m[Knote: [m[K  template argument deduction/substitution failed:
[27.991s] [01m[K/root/colcon_ws/src/Fast-Planner/uav_simulator/map_generator/src/random_forest_sensing.cpp:35:22:[m[K [01;36m[Knote: [m[K  candidate expects 1 argument, 0 provided
[27.991s]    35 | rclcpp::Subscription [01;36m[K_odom_sub[m[K;
[27.991s]       |                      [01;36m[K^~~~~~~~~[m[K
[27.991s] In file included from [01m[K/opt/ros/humble/include/rclcpp/rclcpp/any_executable.hpp:25[m[K,
[27.991s]                  from [01m[K/opt/ros/humble/include/rclcpp/rclcpp/memory_strategy.hpp:25[m[K,
[27.991s]                  from [01m[K/opt/ros/humble/include/rclcpp/rclcpp/memory_strategies.hpp:18[m[K,
[27.991s]                  from [01m[K/opt/ros/humble/include/rclcpp/rclcpp/executor_options.hpp:20[m[K,
[27.991s]                  from [01m[K/opt/ros/humble/include/rclcpp/rclcpp/executor.hpp:37[m[K,
[27.991s]                  from [01m[K/opt/ros/humble/include/rclcpp/rclcpp/executors/multi_threaded_executor.hpp:25[m[K,
[27.991s]                  from [01m[K/opt/ros/humble/include/rclcpp/rclcpp/executors.hpp:21[m[K,
[27.992s]                  from [01m[K/opt/ros/humble/include/rclcpp/rclcpp/rclcpp.hpp:155[m[K,
[27.992s]                  from [01m[K/opt/ros/humble/include/pcl_conversions/pcl_conversions/pcl_conversions.h:43[m[K,
[27.992s]                  from [01m[K/root/colcon_ws/src/Fast-Planner/uav_simulator/map_generator/src/random_forest_sensing.cpp:5[m[K:
[27.992s] [01m[K/opt/ros/humble/include/rclcpp/rclcpp/subscription.hpp:130:3:[m[K [01;36m[Knote: [m[Kcandidate: ‘[01m[Ktemplate<class MessageT, class AllocatorT, class SubscribedT, class ROSMessageT, class MessageMemoryStrategyT> Subscription(rclcpp::node_interfaces::NodeBaseInterface*, const rosidl_message_type_support_t&, const string&, const rclcpp::QoS&, rclcpp::AnySubscriptionCallback<CallbackMessageT, AllocatorT>, const rclcpp::SubscriptionOptionsWithAllocator<AllocatorT>&, typename MessageMemoryStrategyT::SharedPtr, std::shared_ptr<rclcpp::topic_statistics::SubscriptionTopicStatistics<ROSMessageT> >)-> rclcpp::Subscription<MessageT, AllocatorT, SubscribedT, ROSMessageT, MessageMemoryStrategyT>[m[K’
[27.992s]   130 |   [01;36m[KSubscription[m[K(
[27.992s]       |   [01;36m[K^~~~~~~~~~~~[m[K
[27.992s] [01m[K/opt/ros/humble/include/rclcpp/rclcpp/subscription.hpp:130:3:[m[K [01;36m[Knote: [m[K  template argument deduction/substitution failed:
[27.992s] [01m[K/root/colcon_ws/src/Fast-Planner/uav_simulator/map_generator/src/random_forest_sensing.cpp:35:22:[m[K [01;36m[Knote: [m[K  candidate expects 8 arguments, 0 provided
[27.992s]    35 | rclcpp::Subscription [01;36m[K_odom_sub[m[K;
[27.992s]       |                      [01;36m[K^~~~~~~~~[m[K
[27.992s] In file included from [01m[K/opt/ros/humble/include/rclcpp/rclcpp/any_executable.hpp:25[m[K,
[27.992s]                  from [01m[K/opt/ros/humble/include/rclcpp/rclcpp/memory_strategy.hpp:25[m[K,
[27.993s]                  from [01m[K/opt/ros/humble/include/rclcpp/rclcpp/memory_strategies.hpp:18[m[K,
[27.993s]                  from [01m[K/opt/ros/humble/include/rclcpp/rclcpp/executor_options.hpp:20[m[K,
[27.993s]                  from [01m[K/opt/ros/humble/include/rclcpp/rclcpp/executor.hpp:37[m[K,
[27.993s]                  from [01m[K/opt/ros/humble/include/rclcpp/rclcpp/executors/multi_threaded_executor.hpp:25[m[K,
[27.993s]                  from [01m[K/opt/ros/humble/include/rclcpp/rclcpp/executors.hpp:21[m[K,
[27.993s]                  from [01m[K/opt/ros/humble/include/rclcpp/rclcpp/rclcpp.hpp:155[m[K,
[27.993s]                  from [01m[K/opt/ros/humble/include/pcl_conversions/pcl_conversions/pcl_conversions.h:43[m[K,
[27.993s]                  from [01m[K/root/colcon_ws/src/Fast-Planner/uav_simulator/map_generator/src/random_forest_sensing.cpp:5[m[K:
[27.993s] [01m[K/opt/ros/humble/include/rclcpp/rclcpp/subscription.hpp:75:7:[m[K [01;36m[Knote: [m[Kcandidate: ‘[01m[Ktemplate<class MessageT, class AllocatorT, class SubscribedT, class ROSMessageT, class MessageMemoryStrategyT> Subscription(rclcpp::Subscription<MessageT, AllocatorT, SubscribedT, ROSMessageT, MessageMemoryStrategyT>)-> rclcpp::Subscription<MessageT, AllocatorT, SubscribedT, ROSMessageT, MessageMemoryStrategyT>[m[K’
[27.993s]    75 | class [01;36m[KSubscription[m[K : public SubscriptionBase
[27.993s]       |       [01;36m[K^~~~~~~~~~~~[m[K
[27.994s] [01m[K/opt/ros/humble/include/rclcpp/rclcpp/subscription.hpp:75:7:[m[K [01;36m[Knote: [m[K  template argument deduction/substitution failed:
[27.994s] [01m[K/root/colcon_ws/src/Fast-Planner/uav_simulator/map_generator/src/random_forest_sensing.cpp:35:22:[m[K [01;36m[Knote: [m[K  candidate expects 1 argument, 0 provided
[27.994s]    35 | rclcpp::Subscription [01;36m[K_odom_sub[m[K;
[27.994s]       |                      [01;36m[K^~~~~~~~~[m[K
[28.165s] In file included from [01m[K/opt/ros/humble/include/rclcpp/rclcpp/client.hpp:40[m[K,
[28.166s]                  from [01m[K/opt/ros/humble/include/rclcpp/rclcpp/callback_group.hpp:24[m[K,
[28.166s]                  from [01m[K/opt/ros/humble/include/rclcpp/rclcpp/any_executable.hpp:20[m[K,
[28.166s]                  from [01m[K/opt/ros/humble/include/rclcpp/rclcpp/memory_strategy.hpp:25[m[K,
[28.166s]                  from [01m[K/opt/ros/humble/include/rclcpp/rclcpp/memory_strategies.hpp:18[m[K,
[28.167s]                  from [01m[K/opt/ros/humble/include/rclcpp/rclcpp/executor_options.hpp:20[m[K,
[28.167s]                  from [01m[K/opt/ros/humble/include/rclcpp/rclcpp/executor.hpp:37[m[K,
[28.167s]                  from [01m[K/opt/ros/humble/include/rclcpp/rclcpp/executors/multi_threaded_executor.hpp:25[m[K,
[28.167s]                  from [01m[K/opt/ros/humble/include/rclcpp/rclcpp/executors.hpp:21[m[K,
[28.167s]                  from [01m[K/opt/ros/humble/include/rclcpp/rclcpp/rclcpp.hpp:155[m[K,
[28.167s]                  from [01m[K/opt/ros/humble/include/pcl_conversions/pcl_conversions/pcl_conversions.h:43[m[K,
[28.167s]                  from [01m[K/root/colcon_ws/src/Fast-Planner/uav_simulator/map_generator/src/random_forest_sensing.cpp:5[m[K:
[28.167s] [01m[K/root/colcon_ws/src/Fast-Planner/uav_simulator/map_generator/src/random_forest_sensing.cpp:[m[K In function ‘[01m[Kvoid RandomMapGenerate()[m[K’:
[28.167s] [01m[K/root/colcon_ws/src/Fast-Planner/uav_simulator/map_generator/src/random_forest_sensing.cpp:167:15:[m[K [01;31m[Kerror: [m[K‘[01m[Knode_[m[K’ was not declared in this scope; did you mean ‘[01m[Kmode_t[m[K’?
[28.167s]   167 |   RCLCPP_WARN([01;31m[Knode_[m[K->get_logger(), this->get_logger(), "Finished generate random map ");
[28.167s]       |               [01;31m[K^~~~~[m[K
[28.168s] [01m[K/root/colcon_ws/src/Fast-Planner/uav_simulator/map_generator/src/random_forest_sensing.cpp:167:3:[m[K [01;31m[Kerror: [m[Ktemplate argument 1 is invalid
[28.168s]   167 |   [01;31m[KRCLCPP_WARN[m[K(node_->get_logger(), this->get_logger(), "Finished generate random map ");
[28.168s]       |   [01;31m[K^~~~~~~~~~~[m[K
[28.168s] In file included from [01m[K/opt/ros/humble/include/rclcpp/rclcpp/logging.hpp:24[m[K,
[28.168s]                  from [01m[K/opt/ros/humble/include/rclcpp/rclcpp/client.hpp:40[m[K,
[28.168s]                  from [01m[K/opt/ros/humble/include/rclcpp/rclcpp/callback_group.hpp:24[m[K,
[28.168s]                  from [01m[K/opt/ros/humble/include/rclcpp/rclcpp/any_executable.hpp:20[m[K,
[28.168s]                  from [01m[K/opt/ros/humble/include/rclcpp/rclcpp/memory_strategy.hpp:25[m[K,
[28.168s]                  from [01m[K/opt/ros/humble/include/rclcpp/rclcpp/memory_strategies.hpp:18[m[K,
[28.168s]                  from [01m[K/opt/ros/humble/include/rclcpp/rclcpp/executor_options.hpp:20[m[K,
[28.168s]                  from [01m[K/opt/ros/humble/include/rclcpp/rclcpp/executor.hpp:37[m[K,
[28.169s]                  from [01m[K/opt/ros/humble/include/rclcpp/rclcpp/executors/multi_threaded_executor.hpp:25[m[K,
[28.169s]                  from [01m[K/opt/ros/humble/include/rclcpp/rclcpp/executors.hpp:21[m[K,
[28.169s]                  from [01m[K/opt/ros/humble/include/rclcpp/rclcpp/rclcpp.hpp:155[m[K,
[28.169s]                  from [01m[K/opt/ros/humble/include/pcl_conversions/pcl_conversions/pcl_conversions.h:43[m[K,
[28.169s]                  from [01m[K/root/colcon_ws/src/Fast-Planner/uav_simulator/map_generator/src/random_forest_sensing.cpp:5[m[K:
[28.169s] [01m[K/root/colcon_ws/src/Fast-Planner/uav_simulator/map_generator/src/random_forest_sensing.cpp:167:36:[m[K [01;31m[Kerror: [m[Kinvalid use of ‘[01m[Kthis[m[K’ in non-member function
[28.169s]   167 |   RCLCPP_WARN(node_->get_logger(), [01;31m[Kthis[m[K->get_logger(), "Finished generate random map ");
[28.169s]       |                                    [01;31m[K^~~~[m[K
[28.207s] In file included from [01m[K/opt/ros/humble/include/rclcpp/rclcpp/client.hpp:40[m[K,
[28.207s]                  from [01m[K/opt/ros/humble/include/rclcpp/rclcpp/callback_group.hpp:24[m[K,
[28.207s]                  from [01m[K/opt/ros/humble/include/rclcpp/rclcpp/any_executable.hpp:20[m[K,
[28.207s]                  from [01m[K/opt/ros/humble/include/rclcpp/rclcpp/memory_strategy.hpp:25[m[K,
[28.207s]                  from [01m[K/opt/ros/humble/include/rclcpp/rclcpp/memory_strategies.hpp:18[m[K,
[28.207s]                  from [01m[K/opt/ros/humble/include/rclcpp/rclcpp/executor_options.hpp:20[m[K,
[28.208s]                  from [01m[K/opt/ros/humble/include/rclcpp/rclcpp/executor.hpp:37[m[K,
[28.208s]                  from [01m[K/opt/ros/humble/include/rclcpp/rclcpp/executors/multi_threaded_executor.hpp:25[m[K,
[28.208s]                  from [01m[K/opt/ros/humble/include/rclcpp/rclcpp/executors.hpp:21[m[K,
[28.208s]                  from [01m[K/opt/ros/humble/include/rclcpp/rclcpp/rclcpp.hpp:155[m[K,
[28.208s]                  from [01m[K/opt/ros/humble/include/pcl_conversions/pcl_conversions/pcl_conversions.h:43[m[K,
[28.208s]                  from [01m[K/root/colcon_ws/src/Fast-Planner/uav_simulator/map_generator/src/random_forest_sensing.cpp:5[m[K:
[28.208s] [01m[K/root/colcon_ws/src/Fast-Planner/uav_simulator/map_generator/src/random_forest_sensing.cpp:[m[K In function ‘[01m[Kvoid pubSensedPoints()[m[K’:
[28.208s] [01m[K/root/colcon_ws/src/Fast-Planner/uav_simulator/map_generator/src/random_forest_sensing.cpp:221:18:[m[K [01;31m[Kerror: [m[K‘[01m[Knode_[m[K’ was not declared in this scope; did you mean ‘[01m[Kmode_t[m[K’?
[28.209s]   221 |     RCLCPP_ERROR([01;31m[Knode_[m[K->get_logger(), this->get_logger(), "[Map server] No obstacles .");
[28.209s]       |                  [01;31m[K^~~~~[m[K
[28.209s] [01m[K/root/colcon_ws/src/Fast-Planner/uav_simulator/map_generator/src/random_forest_sensing.cpp:221:5:[m[K [01;31m[Kerror: [m[Ktemplate argument 1 is invalid
[28.209s]   221 |     [01;31m[KRCLCPP_ERROR[m[K(node_->get_logger(), this->get_logger(), "[Map server] No obstacles .");
[28.209s]       |     [01;31m[K^~~~~~~~~~~~[m[K
[28.209s] In file included from [01m[K/opt/ros/humble/include/rclcpp/rclcpp/logging.hpp:24[m[K,
[28.209s]                  from [01m[K/opt/ros/humble/include/rclcpp/rclcpp/client.hpp:40[m[K,
[28.209s]                  from [01m[K/opt/ros/humble/include/rclcpp/rclcpp/callback_group.hpp:24[m[K,
[28.209s]                  from [01m[K/opt/ros/humble/include/rclcpp/rclcpp/any_executable.hpp:20[m[K,
[28.209s]                  from [01m[K/opt/ros/humble/include/rclcpp/rclcpp/memory_strategy.hpp:25[m[K,
[28.209s]                  from [01m[K/opt/ros/humble/include/rclcpp/rclcpp/memory_strategies.hpp:18[m[K,
[28.209s]                  from [01m[K/opt/ros/humble/include/rclcpp/rclcpp/executor_options.hpp:20[m[K,
[28.210s]                  from [01m[K/opt/ros/humble/include/rclcpp/rclcpp/executor.hpp:37[m[K,
[28.210s]                  from [01m[K/opt/ros/humble/include/rclcpp/rclcpp/executors/multi_threaded_executor.hpp:25[m[K,
[28.210s]                  from [01m[K/opt/ros/humble/include/rclcpp/rclcpp/executors.hpp:21[m[K,
[28.210s]                  from [01m[K/opt/ros/humble/include/rclcpp/rclcpp/rclcpp.hpp:155[m[K,
[28.210s]                  from [01m[K/opt/ros/humble/include/pcl_conversions/pcl_conversions/pcl_conversions.h:43[m[K,
[28.210s]                  from [01m[K/root/colcon_ws/src/Fast-Planner/uav_simulator/map_generator/src/random_forest_sensing.cpp:5[m[K:
[28.210s] [01m[K/root/colcon_ws/src/Fast-Planner/uav_simulator/map_generator/src/random_forest_sensing.cpp:221:39:[m[K [01;31m[Kerror: [m[Kinvalid use of ‘[01m[Kthis[m[K’ in non-member function
[28.210s]   221 |     RCLCPP_ERROR(node_->get_logger(), [01;31m[Kthis[m[K->get_logger(), "[Map server] No obstacles .");
[28.211s]       |                                       [01;31m[K^~~~[m[K
[28.211s] [01m[K/root/colcon_ws/src/Fast-Planner/uav_simulator/map_generator/src/random_forest_sensing.cpp:[m[K In function ‘[01m[Kint main(int, char**)[m[K’:
[28.211s] [01m[K/root/colcon_ws/src/Fast-Planner/uav_simulator/map_generator/src/random_forest_sensing.cpp:272:28:[m[K [01;31m[Kerror: [m[Kinvalid initialization of reference of type ‘[01m[Kconst rclcpp::InitOptions&[m[K’ from expression of type ‘[01m[Kconst char [19][m[K’
[28.211s]   272 |   rclcpp::init(argc, argv, [01;31m[K"random_map_sensing"[m[K);
[28.212s]       |                            [01;31m[K^~~~~~~~~~~~~~~~~~~~[m[K
[28.212s] In file included from [01m[K/opt/ros/humble/include/rclcpp/rclcpp/logging.hpp:25[m[K,
[28.212s]                  from [01m[K/opt/ros/humble/include/rclcpp/rclcpp/client.hpp:40[m[K,
[28.212s]                  from [01m[K/opt/ros/humble/include/rclcpp/rclcpp/callback_group.hpp:24[m[K,
[28.212s]                  from [01m[K/opt/ros/humble/include/rclcpp/rclcpp/any_executable.hpp:20[m[K,
[28.212s]                  from [01m[K/opt/ros/humble/include/rclcpp/rclcpp/memory_strategy.hpp:25[m[K,
[28.212s]                  from [01m[K/opt/ros/humble/include/rclcpp/rclcpp/memory_strategies.hpp:18[m[K,
[28.212s]                  from [01m[K/opt/ros/humble/include/rclcpp/rclcpp/executor_options.hpp:20[m[K,
[28.212s]                  from [01m[K/opt/ros/humble/include/rclcpp/rclcpp/executor.hpp:37[m[K,
[28.212s]                  from [01m[K/opt/ros/humble/include/rclcpp/rclcpp/executors/multi_threaded_executor.hpp:25[m[K,
[28.212s]                  from [01m[K/opt/ros/humble/include/rclcpp/rclcpp/executors.hpp:21[m[K,
[28.213s]                  from [01m[K/opt/ros/humble/include/rclcpp/rclcpp/rclcpp.hpp:155[m[K,
[28.213s]                  from [01m[K/opt/ros/humble/include/pcl_conversions/pcl_conversions/pcl_conversions.h:43[m[K,
[28.213s]                  from [01m[K/root/colcon_ws/src/Fast-Planner/uav_simulator/map_generator/src/random_forest_sensing.cpp:5[m[K:
[28.213s] [01m[K/opt/ros/humble/include/rclcpp/rclcpp/utilities.hpp:78:23:[m[K [01;36m[Knote: [m[Kin passing argument 3 of ‘[01m[Kvoid rclcpp::init(int, const char* const*, const rclcpp::InitOptions&, rclcpp::SignalHandlerOptions)[m[K’
[28.213s]    78 |   [01;36m[Kconst InitOptions & init_options = InitOptions()[m[K,
[28.213s]       |   [01;36m[K~~~~~~~~~~~~~~~~~~~~^~~~~~~~~~~~~~~~~~~~~~~~~~~~[m[K
[28.216s] [01m[K/root/colcon_ws/src/Fast-Planner/uav_simulator/map_generator/src/random_forest_sensing.cpp:275:42:[m[K [01;31m[Kerror: [m[Kbase operand of ‘[01m[K->[m[K’ has non-pointer type ‘[01m[Krclcpp::Node[m[K’
[28.216s]   275 |   _local_map_pub = /* TODO: 转换发布 */ n[01;31m[K->[m[Kcreate_publisher<sensor_msgs::msg::PointCloud2>("/map_generator/local_cloud", 1);
[28.217s]       |                                          [01;31m[K^~[m[K
[28.217s] [01m[K/root/colcon_ws/src/Fast-Planner/uav_simulator/map_generator/src/random_forest_sensing.cpp:275:90:[m[K [01;31m[Kerror: [m[Kexpected primary-expression before ‘[01m[K>[m[K’ token
[28.217s]   275 | TODO: 转换发布 */ n->create_publisher<sensor_msgs::msg::PointCloud2[01;31m[K>[m[K("/map_generator/local_cloud", 1);
[28.217s]       |                                                                    [01;31m[K^[m[K
[28.218s] 
[28.224s] [01m[K/root/colcon_ws/src/Fast-Planner/uav_simulator/map_generator/src/random_forest_sensing.cpp:275:92:[m[K [01;35m[Kwarning: [m[Kleft operand of comma operator has no effect [[01;35m[K-Wunused-value[m[K]
[28.224s]   275 | DO: 转换发布 */ n->create_publisher<sensor_msgs::msg::PointCloud2>([01;35m[K"/map_generator/local_cloud"[m[K, 1);
[28.224s]       |                                                                    [01;35m[K^~~~~~~~~~~~~~~~~~~~~~~~~~~~[m[K
[28.224s] 
[28.224s] [01m[K/root/colcon_ws/src/Fast-Planner/uav_simulator/map_generator/src/random_forest_sensing.cpp:276:40:[m[K [01;31m[Kerror: [m[Kbase operand of ‘[01m[K->[m[K’ has non-pointer type ‘[01m[Krclcpp::Node[m[K’
[28.225s]   276 |   _all_map_pub = /* TODO: 转换发布 */ n[01;31m[K->[m[Kcreate_publisher<sensor_msgs::msg::PointCloud2>("/map_generator/global_cloud", 1);
[28.225s]       |                                        [01;31m[K^~[m[K
[28.225s] [01m[K/root/colcon_ws/src/Fast-Planner/uav_simulator/map_generator/src/random_forest_sensing.cpp:276:88:[m[K [01;31m[Kerror: [m[Kexpected primary-expression before ‘[01m[K>[m[K’ token
[28.225s]   276 | TODO: 转换发布 */ n->create_publisher<sensor_msgs::msg::PointCloud2[01;31m[K>[m[K("/map_generator/global_cloud", 1);
[28.225s]       |                                                                    [01;31m[K^[m[K
[28.225s] 
[28.225s] [01m[K/root/colcon_ws/src/Fast-Planner/uav_simulator/map_generator/src/random_forest_sensing.cpp:276:90:[m[K [01;35m[Kwarning: [m[Kleft operand of comma operator has no effect [[01;35m[K-Wunused-value[m[K]
[28.225s]   276 | DO: 转换发布 */ n->create_publisher<sensor_msgs::msg::PointCloud2>([01;35m[K"/map_generator/global_cloud"[m[K, 1);
[28.225s]       |                                                                    [01;35m[K^~~~~~~~~~~~~~~~~~~~~~~~~~~~~[m[K
[28.225s] 
[28.225s] [01m[K/root/colcon_ws/src/Fast-Planner/uav_simulator/map_generator/src/random_forest_sensing.cpp:278:17:[m[K [01;31m[Kerror: [m[K‘[01m[Kclass rclcpp::Node[m[K’ has no member named ‘[01m[Ksubscribe[m[K’
[28.226s]   278 |   _odom_sub = n.[01;31m[Ksubscribe[m[K("odometry", 50, rcvOdometryCallbck);
[28.226s]       |                 [01;31m[K^~~~~~~~~[m[K
[28.226s] [01m[K/root/colcon_ws/src/Fast-Planner/uav_simulator/map_generator/src/random_forest_sensing.cpp:281:29:[m[K [01;31m[Kerror: [m[Kbase operand of ‘[01m[K->[m[K’ has non-pointer type ‘[01m[Krclcpp::Node[m[K’
[28.226s]   281 |       /* TODO: 转换发布 */ n[01;31m[K->[m[Kcreate_publisher<sensor_msgs::msg::PointCloud2>("/pcl_render_node/local_map", 1);
[28.226s]       |                             [01;31m[K^~[m[K
[28.226s] [01m[K/root/colcon_ws/src/Fast-Planner/uav_simulator/map_generator/src/random_forest_sensing.cpp:281:77:[m[K [01;31m[Kerror: [m[Kexpected primary-expression before ‘[01m[K>[m[K’ token
[28.226s]   281 | TODO: 转换发布 */ n->create_publisher<sensor_msgs::msg::PointCloud2[01;31m[K>[m[K("/pcl_render_node/local_map", 1);
[28.226s]       |                                                                    [01;31m[K^[m[K
[28.226s] 
[28.226s] [01m[K/root/colcon_ws/src/Fast-Planner/uav_simulator/map_generator/src/random_forest_sensing.cpp:281:79:[m[K [01;35m[Kwarning: [m[Kleft operand of comma operator has no effect [[01;35m[K-Wunused-value[m[K]
[28.226s]   281 | DO: 转换发布 */ n->create_publisher<sensor_msgs::msg::PointCloud2>([01;35m[K"/pcl_render_node/local_map"[m[K, 1);
[28.226s]       |                                                                    [01;35m[K^~~~~~~~~~~~~~~~~~~~~~~~~~~~[m[K
[28.227s] 
[28.227s] [01m[K/root/colcon_ws/src/Fast-Planner/uav_simulator/map_generator/src/random_forest_sensing.cpp:284:14:[m[K [01;31m[Kerror: [m[Kbase operand of ‘[01m[K->[m[K’ has non-pointer type ‘[01m[Krclcpp::Node[m[K’
[28.227s]   284 |   _init_x = n[01;31m[K->[m[Kdeclare_parameter("init_state_x", 0.0);
[28.227s]       |              [01;31m[K^~[m[K
[28.227s] [01m[K/root/colcon_ws/src/Fast-Planner/uav_simulator/map_generator/src/random_forest_sensing.cpp:285:14:[m[K [01;31m[Kerror: [m[Kbase operand of ‘[01m[K->[m[K’ has non-pointer type ‘[01m[Krclcpp::Node[m[K’
[28.227s]   285 |   _init_y = n[01;31m[K->[m[Kdeclare_parameter("init_state_y", 0.0);
[28.227s]       |              [01;31m[K^~[m[K
[28.227s] [01m[K/root/colcon_ws/src/Fast-Planner/uav_simulator/map_generator/src/random_forest_sensing.cpp:287:14:[m[K [01;31m[Kerror: [m[Kbase operand of ‘[01m[K->[m[K’ has non-pointer type ‘[01m[Krclcpp::Node[m[K’
[28.227s]   287 |   _x_size = n[01;31m[K->[m[Kdeclare_parameter("map/x_size", 50.0);
[28.227s]       |              [01;31m[K^~[m[K
[28.227s] [01m[K/root/colcon_ws/src/Fast-Planner/uav_simulator/map_generator/src/random_forest_sensing.cpp:288:14:[m[K [01;31m[Kerror: [m[Kbase operand of ‘[01m[K->[m[K’ has non-pointer type ‘[01m[Krclcpp::Node[m[K’
[28.228s]   288 |   _y_size = n[01;31m[K->[m[Kdeclare_parameter("map/y_size", 50.0);
[28.228s]       |              [01;31m[K^~[m[K
[28.228s] [01m[K/root/colcon_ws/src/Fast-Planner/uav_simulator/map_generator/src/random_forest_sensing.cpp:289:14:[m[K [01;31m[Kerror: [m[Kbase operand of ‘[01m[K->[m[K’ has non-pointer type ‘[01m[Krclcpp::Node[m[K’
[28.228s]   289 |   _z_size = n[01;31m[K->[m[Kdeclare_parameter("map/z_size", 5.0);
[28.228s]       |              [01;31m[K^~[m[K
[28.228s] [01m[K/root/colcon_ws/src/Fast-Planner/uav_simulator/map_generator/src/random_forest_sensing.cpp:290:15:[m[K [01;31m[Kerror: [m[Kbase operand of ‘[01m[K->[m[K’ has non-pointer type ‘[01m[Krclcpp::Node[m[K’
[28.228s]   290 |   _obs_num = n[01;31m[K->[m[Kdeclare_parameter("map/obs_num", 30);
[28.228s]       |               [01;31m[K^~[m[K
[28.228s] [01m[K/root/colcon_ws/src/Fast-Planner/uav_simulator/map_generator/src/random_forest_sensing.cpp:291:18:[m[K [01;31m[Kerror: [m[Kbase operand of ‘[01m[K->[m[K’ has non-pointer type ‘[01m[Krclcpp::Node[m[K’
[28.228s]   291 |   _resolution = n[01;31m[K->[m[Kdeclare_parameter("map/resolution", 0.1);
[28.228s]       |                  [01;31m[K^~[m[K
[28.229s] [01m[K/root/colcon_ws/src/Fast-Planner/uav_simulator/map_generator/src/random_forest_sensing.cpp:292:18:[m[K [01;31m[Kerror: [m[Kbase operand of ‘[01m[K->[m[K’ has non-pointer type ‘[01m[Krclcpp::Node[m[K’
[28.229s]   292 |   circle_num_ = n[01;31m[K->[m[Kdeclare_parameter("map/circle_num", 30);
[28.229s]       |                  [01;31m[K^~[m[K
[28.229s] [01m[K/root/colcon_ws/src/Fast-Planner/uav_simulator/map_generator/src/random_forest_sensing.cpp:294:11:[m[K [01;31m[Kerror: [m[Kbase operand of ‘[01m[K->[m[K’ has non-pointer type ‘[01m[Krclcpp::Node[m[K’
[28.229s]   294 |   _w_l = n[01;31m[K->[m[Kdeclare_parameter("ObstacleShape/lower_rad", 0.3);
[28.229s]       |           [01;31m[K^~[m[K
[28.229s] [01m[K/root/colcon_ws/src/Fast-Planner/uav_simulator/map_generator/src/random_forest_sensing.cpp:295:11:[m[K [01;31m[Kerror: [m[Kbase operand of ‘[01m[K->[m[K’ has non-pointer type ‘[01m[Krclcpp::Node[m[K’
[28.229s]   295 |   _w_h = n[01;31m[K->[m[Kdeclare_parameter("ObstacleShape/upper_rad", 0.8);
[28.232s]       |           [01;31m[K^~[m[K
[28.232s] [01m[K/root/colcon_ws/src/Fast-Planner/uav_simulator/map_generator/src/random_forest_sensing.cpp:296:11:[m[K [01;31m[Kerror: [m[Kbase operand of ‘[01m[K->[m[K’ has non-pointer type ‘[01m[Krclcpp::Node[m[K’
[28.232s]   296 |   _h_l = n[01;31m[K->[m[Kdeclare_parameter("ObstacleShape/lower_hei", 3.0);
[28.232s]       |           [01;31m[K^~[m[K
[28.232s] [01m[K/root/colcon_ws/src/Fast-Planner/uav_simulator/map_generator/src/random_forest_sensing.cpp:297:11:[m[K [01;31m[Kerror: [m[Kbase operand of ‘[01m[K->[m[K’ has non-pointer type ‘[01m[Krclcpp::Node[m[K’
[28.232s]   297 |   _h_h = n[01;31m[K->[m[Kdeclare_parameter("ObstacleShape/upper_hei", 7.0);
[28.233s]       |           [01;31m[K^~[m[K
[28.233s] [01m[K/root/colcon_ws/src/Fast-Planner/uav_simulator/map_generator/src/random_forest_sensing.cpp:299:16:[m[K [01;31m[Kerror: [m[Kbase operand of ‘[01m[K->[m[K’ has non-pointer type ‘[01m[Krclcpp::Node[m[K’
[28.233s]   299 |   radius_l_ = n[01;31m[K->[m[Kdeclare_parameter("ObstacleShape/radius_l", 7.0);
[28.233s]       |                [01;31m[K^~[m[K
[28.233s] [01m[K/root/colcon_ws/src/Fast-Planner/uav_simulator/map_generator/src/random_forest_sensing.cpp:300:16:[m[K [01;31m[Kerror: [m[Kbase operand of ‘[01m[K->[m[K’ has non-pointer type ‘[01m[Krclcpp::Node[m[K’
[28.233s]   300 |   radius_h_ = n[01;31m[K->[m[Kdeclare_parameter("ObstacleShape/radius_h", 7.0);
[28.233s]       |                [01;31m[K^~[m[K
[28.233s] [01m[K/root/colcon_ws/src/Fast-Planner/uav_simulator/map_generator/src/random_forest_sensing.cpp:301:11:[m[K [01;31m[Kerror: [m[Kbase operand of ‘[01m[K->[m[K’ has non-pointer type ‘[01m[Krclcpp::Node[m[K’
[28.233s]   301 |   z_l_ = n[01;31m[K->[m[Kdeclare_parameter("ObstacleShape/z_l", 7.0);
[28.233s]       |           [01;31m[K^~[m[K
[28.233s] [01m[K/root/colcon_ws/src/Fast-Planner/uav_simulator/map_generator/src/random_forest_sensing.cpp:302:11:[m[K [01;31m[Kerror: [m[Kbase operand of ‘[01m[K->[m[K’ has non-pointer type ‘[01m[Krclcpp::Node[m[K’
[28.234s]   302 |   z_h_ = n[01;31m[K->[m[Kdeclare_parameter("ObstacleShape/z_h", 7.0);
[28.234s]       |           [01;31m[K^~[m[K
[28.234s] [01m[K/root/colcon_ws/src/Fast-Planner/uav_simulator/map_generator/src/random_forest_sensing.cpp:303:13:[m[K [01;31m[Kerror: [m[Kbase operand of ‘[01m[K->[m[K’ has non-pointer type ‘[01m[Krclcpp::Node[m[K’
[28.234s]   303 |   theta_ = n[01;31m[K->[m[Kdeclare_parameter("ObstacleShape/theta", 7.0);
[28.234s]       |             [01;31m[K^~[m[K
[28.234s] [01m[K/root/colcon_ws/src/Fast-Planner/uav_simulator/map_generator/src/random_forest_sensing.cpp:305:21:[m[K [01;31m[Kerror: [m[Kbase operand of ‘[01m[K->[m[K’ has non-pointer type ‘[01m[Krclcpp::Node[m[K’
[28.234s]   305 |   _sensing_range = n[01;31m[K->[m[Kdeclare_parameter("sensing/radius", 10.0);
[28.234s]       |                     [01;31m[K^~[m[K
[28.234s] [01m[K/root/colcon_ws/src/Fast-Planner/uav_simulator/map_generator/src/random_forest_sensing.cpp:306:18:[m[K [01;31m[Kerror: [m[Kbase operand of ‘[01m[K->[m[K’ has non-pointer type ‘[01m[Krclcpp::Node[m[K’
[28.234s]   306 |   _sense_rate = n[01;31m[K->[m[Kdeclare_parameter("sensing/radius", 10.0);
[28.234s]       |                  [01;31m[K^~[m[K
[28.234s] [01m[K/root/colcon_ws/src/Fast-Planner/uav_simulator/map_generator/src/random_forest_sensing.cpp:317:34:[m[K [01;31m[Kerror: [m[Kinvalid initialization of reference of type ‘[01m[Kconst nanoseconds&[m[K’ {aka ‘[01m[Kconst std::chrono::duration<long int, std::ratio<1, 1000000000> >&[m[K’} from expression of type ‘[01m[Kstd::chrono::duration<double>[m[K’
[28.235s]   317 |   rclcpp::sleep_for(std::chrono::[01;31m[Kduration<double>(0.5)[m[K);
[28.235s]       |                                  [01;31m[K^~~~~~~~~~~~~~~~~~~~~[m[K
[28.235s] In file included from [01m[K/opt/ros/humble/include/rclcpp/rclcpp/logging.hpp:25[m[K,
[28.235s]                  from [01m[K/opt/ros/humble/include/rclcpp/rclcpp/client.hpp:40[m[K,
[28.235s]                  from [01m[K/opt/ros/humble/include/rclcpp/rclcpp/callback_group.hpp:24[m[K,
[28.235s]                  from [01m[K/opt/ros/humble/include/rclcpp/rclcpp/any_executable.hpp:20[m[K,
[28.235s]                  from [01m[K/opt/ros/humble/include/rclcpp/rclcpp/memory_strategy.hpp:25[m[K,
[28.235s]                  from [01m[K/opt/ros/humble/include/rclcpp/rclcpp/memory_strategies.hpp:18[m[K,
[28.235s]                  from [01m[K/opt/ros/humble/include/rclcpp/rclcpp/executor_options.hpp:20[m[K,
[28.235s]                  from [01m[K/opt/ros/humble/include/rclcpp/rclcpp/executor.hpp:37[m[K,
[28.235s]                  from [01m[K/opt/ros/humble/include/rclcpp/rclcpp/executors/multi_threaded_executor.hpp:25[m[K,
[28.235s]                  from [01m[K/opt/ros/humble/include/rclcpp/rclcpp/executors.hpp:21[m[K,
[28.236s]                  from [01m[K/opt/ros/humble/include/rclcpp/rclcpp/rclcpp.hpp:155[m[K,
[28.236s]                  from [01m[K/opt/ros/humble/include/pcl_conversions/pcl_conversions/pcl_conversions.h:43[m[K,
[28.236s]                  from [01m[K/root/colcon_ws/src/Fast-Planner/uav_simulator/map_generator/src/random_forest_sensing.cpp:5[m[K:
[28.236s] [01m[K/opt/ros/humble/include/rclcpp/rclcpp/utilities.hpp:233:36:[m[K [01;36m[Knote: [m[Kin passing argument 1 of ‘[01m[Kbool rclcpp::sleep_for(const nanoseconds&, rclcpp::Context::SharedPtr)[m[K’
[28.236s]   233 |   [01;36m[Kconst std::chrono::nanoseconds & nanoseconds[m[K,
[28.236s]       |   [01;36m[K~~~~~~~~~~~~~~~~~~~~~~~~~~~~~~~~~^~~~~~~~~~~[m[K
[28.248s] [01m[K/root/colcon_ws/src/Fast-Planner/uav_simulator/map_generator/src/random_forest_sensing.cpp:325:23:[m[K [01;31m[Kerror: [m[K‘[01m[Knode[m[K’ was not declared in this scope
[28.249s]   325 |     rclcpp::spin_some([01;31m[Knode[m[K);
[28.249s]       |                       [01;31m[K^~~~[m[K
[31.734s] gmake[2]: *** [CMakeFiles/random_forest.dir/build.make:76: CMakeFiles/random_forest.dir/src/random_forest_sensing.cpp.o] Error 1
[31.734s] gmake[1]: *** [CMakeFiles/Makefile2:137: CMakeFiles/random_forest.dir/all] Error 2
[31.735s] gmake: *** [Makefile:146: all] Error 2
