[0.052s] Invoking command in '/root/colcon_ws/build/cmake_utils': CMAKE_PREFIX_PATH=/opt/ros/humble /usr/bin/cmake --build /root/colcon_ws/build/cmake_utils -- -j8 -l8
[0.132s] Invoked command in '/root/colcon_ws/build/cmake_utils' returned '0': CMAKE_PREFIX_PATH=/opt/ros/humble /usr/bin/cmake --build /root/colcon_ws/build/cmake_utils -- -j8 -l8
[0.166s] Invoking command in '/root/colcon_ws/build/cmake_utils': CMAKE_PREFIX_PATH=/opt/ros/humble /usr/bin/cmake --install /root/colcon_ws/build/cmake_utils
[0.210s] -- Install configuration: ""
[0.211s] -- Up-to-date: /root/colcon_ws/install/cmake_utils/share/ament_index/resource_index/package_run_dependencies/cmake_utils
[0.211s] -- Up-to-date: /root/colcon_ws/install/cmake_utils/share/ament_index/resource_index/parent_prefix_path/cmake_utils
[0.211s] -- Up-to-date: /root/colcon_ws/install/cmake_utils/share/cmake_utils/environment/ament_prefix_path.sh
[0.211s] -- Up-to-date: /root/colcon_ws/install/cmake_utils/share/cmake_utils/environment/ament_prefix_path.dsv
[0.211s] -- Up-to-date: /root/colcon_ws/install/cmake_utils/share/cmake_utils/environment/path.sh
[0.211s] -- Up-to-date: /root/colcon_ws/install/cmake_utils/share/cmake_utils/environment/path.dsv
[0.211s] -- Up-to-date: /root/colcon_ws/install/cmake_utils/share/cmake_utils/local_setup.bash
[0.211s] -- Up-to-date: /root/colcon_ws/install/cmake_utils/share/cmake_utils/local_setup.sh
[0.211s] -- Up-to-date: /root/colcon_ws/install/cmake_utils/share/cmake_utils/local_setup.zsh
[0.211s] -- Up-to-date: /root/colcon_ws/install/cmake_utils/share/cmake_utils/local_setup.dsv
[0.212s] -- Installing: /root/colcon_ws/install/cmake_utils/share/cmake_utils/package.dsv
[0.212s] -- Up-to-date: /root/colcon_ws/install/cmake_utils/share/ament_index/resource_index/packages/cmake_utils
[0.212s] -- Up-to-date: /root/colcon_ws/install/cmake_utils/share/cmake_utils/cmake/cmake_utilsConfig.cmake
[0.212s] -- Up-to-date: /root/colcon_ws/install/cmake_utils/share/cmake_utils/cmake/cmake_utilsConfig-version.cmake
[0.212s] -- Up-to-date: /root/colcon_ws/install/cmake_utils/share/cmake_utils/package.xml
[0.220s] Invoked command in '/root/colcon_ws/build/cmake_utils' returned '0': CMAKE_PREFIX_PATH=/opt/ros/humble /usr/bin/cmake --install /root/colcon_ws/build/cmake_utils
