[0.077s] Invoking command in '/root/colcon_ws/build/so3_control': AMENT_PREFIX_PATH=/root/colcon_ws/install/quadrotor_msgs:/root/colcon_ws/install/cmake_utils:${AMENT_PREFIX_PATH} CMAKE_PREFIX_PATH=/root/colcon_ws/install/quadrotor_msgs:/root/colcon_ws/install/cmake_utils:/opt/ros/humble LD_LIBRARY_PATH=/root/colcon_ws/install/quadrotor_msgs/lib:${LD_LIBRARY_PATH} PYTHONPATH=/root/colcon_ws/install/quadrotor_msgs/local/lib/python3.10/dist-packages:${PYTHONPATH} /usr/bin/cmake /root/colcon_ws/src/Fast-Planner/uav_simulator/so3_control -DCMAKE_INSTALL_PREFIX=/root/colcon_ws/install/so3_control
[3.938s] -- The C compiler identification is GNU 11.4.0
[3.948s] -- The CXX compiler identification is GNU 11.4.0
[3.948s] -- Detecting C compiler ABI info
[3.948s] -- Detecting C compiler ABI info - done
[3.948s] -- Check for working C compiler: /usr/bin/cc - skipped
[3.948s] -- Detecting C compile features
[3.949s] -- Detecting C compile features - done
[3.949s] -- Detecting CXX compiler ABI info
[3.949s] -- Detecting CXX compiler ABI info - done
[3.949s] -- Check for working CXX compiler: /usr/bin/c++ - skipped
[3.949s] -- Detecting CXX compile features
[3.949s] -- Detecting CXX compile features - done
[3.949s] -- Found ament_cmake: 1.3.13 (/opt/ros/humble/share/ament_cmake/cmake)
[3.949s] -- Found Python3: /usr/bin/python3 (found version "3.10.12") found components: Interpreter 
[3.949s] -- Found rclcpp: 16.0.18 (/opt/ros/humble/share/rclcpp/cmake)
[3.949s] -- Found rosidl_generator_c: 3.1.8 (/opt/ros/humble/share/rosidl_generator_c/cmake)
[3.949s] -- Found rosidl_adapter: 3.1.8 (/opt/ros/humble/share/rosidl_adapter/cmake)
[3.950s] -- Found rosidl_generator_cpp: 3.1.8 (/opt/ros/humble/share/rosidl_generator_cpp/cmake)
[3.950s] -- Using all available rosidl_typesupport_c: rosidl_typesupport_fastrtps_c;rosidl_typesupport_introspection_c
[3.950s] -- Using all available rosidl_typesupport_cpp: rosidl_typesupport_fastrtps_cpp;rosidl_typesupport_introspection_cpp
[3.950s] -- Found rmw_implementation_cmake: 6.1.2 (/opt/ros/humble/share/rmw_implementation_cmake/cmake)
[3.950s] -- Found rmw_fastrtps_cpp: 6.2.10 (/opt/ros/humble/share/rmw_fastrtps_cpp/cmake)
[3.950s] -- Found OpenSSL: /usr/lib/aarch64-linux-gnu/libcrypto.so (found version "3.0.2")  
[3.950s] -- Found FastRTPS: /opt/ros/humble/include  
[3.950s] -- Using RMW implementation 'rmw_fastrtps_cpp' as default
[3.950s] -- Looking for pthread.h
[3.950s] -- Looking for pthread.h - found
[3.950s] -- Performing Test CMAKE_HAVE_LIBC_PTHREAD
[3.951s] -- Performing Test CMAKE_HAVE_LIBC_PTHREAD - Success
[3.951s] -- Found Threads: TRUE  
[3.951s] -- Found nav_msgs: 4.9.1 (/opt/ros/humble/share/nav_msgs/cmake)
[3.951s] -- Found sensor_msgs: 4.9.1 (/opt/ros/humble/share/sensor_msgs/cmake)
[3.951s] -- Found quadrotor_msgs: 0.0.0 (/root/colcon_ws/install/quadrotor_msgs/share/quadrotor_msgs/cmake)
[3.951s] -- Found tf2: 0.25.19 (/opt/ros/humble/share/tf2/cmake)
[3.951s] -- Found tf2_ros: 0.25.19 (/opt/ros/humble/share/tf2_ros/cmake)
[3.951s] -- Configuring done
[3.951s] -- Generating done
[3.951s] -- Build files have been written to: /root/colcon_ws/build/so3_control
[3.967s] Invoked command in '/root/colcon_ws/build/so3_control' returned '0': AMENT_PREFIX_PATH=/root/colcon_ws/install/quadrotor_msgs:/root/colcon_ws/install/cmake_utils:${AMENT_PREFIX_PATH} CMAKE_PREFIX_PATH=/root/colcon_ws/install/quadrotor_msgs:/root/colcon_ws/install/cmake_utils:/opt/ros/humble LD_LIBRARY_PATH=/root/colcon_ws/install/quadrotor_msgs/lib:${LD_LIBRARY_PATH} PYTHONPATH=/root/colcon_ws/install/quadrotor_msgs/local/lib/python3.10/dist-packages:${PYTHONPATH} /usr/bin/cmake /root/colcon_ws/src/Fast-Planner/uav_simulator/so3_control -DCMAKE_INSTALL_PREFIX=/root/colcon_ws/install/so3_control
[3.967s] Invoking command in '/root/colcon_ws/build/so3_control': AMENT_PREFIX_PATH=/root/colcon_ws/install/quadrotor_msgs:/root/colcon_ws/install/cmake_utils:${AMENT_PREFIX_PATH} CMAKE_PREFIX_PATH=/root/colcon_ws/install/quadrotor_msgs:/root/colcon_ws/install/cmake_utils:/opt/ros/humble LD_LIBRARY_PATH=/root/colcon_ws/install/quadrotor_msgs/lib:${LD_LIBRARY_PATH} PYTHONPATH=/root/colcon_ws/install/quadrotor_msgs/local/lib/python3.10/dist-packages:${PYTHONPATH} /usr/bin/cmake --build /root/colcon_ws/build/so3_control -- -j8 -l8
[5.424s] [ 25%] [32mBuilding CXX object CMakeFiles/SO3Control.dir/src/SO3Control.cpp.o[0m
[15.541s] [ 50%] [32m[1mLinking CXX static library libSO3Control.a[0m
[15.639s] [ 50%] Built target SO3Control
[15.689s] [ 75%] [32mBuilding CXX object CMakeFiles/so3_control_node.dir/src/so3_control_nodelet.cpp.o[0m
[56.713s] [100%] [32m[1mLinking CXX executable so3_control_node[0m
[59.106s] [100%] Built target so3_control_node
