[0.085s] Invoking command in '/root/colcon_ws/build/so3_disturbance_generator': AMENT_PREFIX_PATH=/root/colcon_ws/install/pose_utils:${AMENT_PREFIX_PATH} CMAKE_PREFIX_PATH=/root/colcon_ws/install/pose_utils:/opt/ros/humble LD_LIBRARY_PATH=/root/colcon_ws/install/pose_utils/lib:${LD_LIBRARY_PATH} /usr/bin/cmake /root/colcon_ws/src/Fast-Planner/uav_simulator/so3_disturbance_generator -DCMAKE_INSTALL_PREFIX=/root/colcon_ws/install/so3_disturbance_generator
[0.462s] -- The C compiler identification is GNU 11.4.0
[0.781s] -- The CXX compiler identification is GNU 11.4.0
[0.804s] -- Detecting C compiler ABI info
[1.321s] -- Detecting C compiler ABI info - done
[1.332s] -- Check for working C compiler: /usr/bin/cc - skipped
[1.337s] -- Detecting C compile features
[1.339s] -- Detecting C compile features - done
[1.348s] -- Detecting CXX compiler ABI info
[1.875s] -- Detecting CXX compiler ABI info - done
[1.884s] -- Check for working CXX compiler: /usr/bin/c++ - skipped
[1.890s] -- Detecting CXX compile features
[1.903s] -- Detecting CXX compile features - done
[1.907s] -- Found ament_cmake: 1.3.13 (/opt/ros/humble/share/ament_cmake/cmake)
[2.706s] -- Found Python3: /usr/bin/python3 (found version "3.10.12") found components: Interpreter 
[3.221s] -- Found rclcpp: 16.0.18 (/opt/ros/humble/share/rclcpp/cmake)
[3.420s] -- Found rosidl_generator_c: 3.1.8 (/opt/ros/humble/share/rosidl_generator_c/cmake)
[3.443s] -- Found rosidl_adapter: 3.1.8 (/opt/ros/humble/share/rosidl_adapter/cmake)
[3.483s] -- Found rosidl_generator_cpp: 3.1.8 (/opt/ros/humble/share/rosidl_generator_cpp/cmake)
[3.509s] -- Using all available rosidl_typesupport_c: rosidl_typesupport_fastrtps_c;rosidl_typesupport_introspection_c
[3.568s] -- Using all available rosidl_typesupport_cpp: rosidl_typesupport_fastrtps_cpp;rosidl_typesupport_introspection_cpp
[3.770s] -- Found rmw_implementation_cmake: 6.1.2 (/opt/ros/humble/share/rmw_implementation_cmake/cmake)
[3.790s] -- Found rmw_fastrtps_cpp: 6.2.10 (/opt/ros/humble/share/rmw_fastrtps_cpp/cmake)
[4.341s] -- Found OpenSSL: /usr/lib/aarch64-linux-gnu/libcrypto.so (found version "3.0.2")  
[4.496s] -- Found FastRTPS: /opt/ros/humble/include  
[4.689s] -- Using RMW implementation 'rmw_fastrtps_cpp' as default
[4.731s] -- Looking for pthread.h
[5.236s] -- Looking for pthread.h - found
[5.238s] -- Performing Test CMAKE_HAVE_LIBC_PTHREAD
[5.681s] -- Performing Test CMAKE_HAVE_LIBC_PTHREAD - Success
[5.684s] -- Found Threads: TRUE  
[5.890s] -- Found geometry_msgs: 4.9.1 (/opt/ros/humble/share/geometry_msgs/cmake)
[5.956s] -- Found nav_msgs: 4.9.1 (/opt/ros/humble/share/nav_msgs/cmake)
[6.061s] -- Found sensor_msgs: 4.9.1 (/opt/ros/humble/share/sensor_msgs/cmake)
[6.154s] -- Found visualization_msgs: 4.9.1 (/opt/ros/humble/share/visualization_msgs/cmake)
[6.254s] -- Found tf2: 0.25.19 (/opt/ros/humble/share/tf2/cmake)
[6.312s] -- Found tf2_ros: 0.25.19 (/opt/ros/humble/share/tf2_ros/cmake)
[6.672s] -- Found pose_utils: 0.0.0 (/root/colcon_ws/install/pose_utils/share/pose_utils/cmake)
[6.684s] -- Found Armadillo: /usr/include (found version "10.8.2") 
[6.930s] -- Configuring done
[6.969s] -- Generating done
[6.982s] -- Build files have been written to: /root/colcon_ws/build/so3_disturbance_generator
[7.026s] Invoked command in '/root/colcon_ws/build/so3_disturbance_generator' returned '0': AMENT_PREFIX_PATH=/root/colcon_ws/install/pose_utils:${AMENT_PREFIX_PATH} CMAKE_PREFIX_PATH=/root/colcon_ws/install/pose_utils:/opt/ros/humble LD_LIBRARY_PATH=/root/colcon_ws/install/pose_utils/lib:${LD_LIBRARY_PATH} /usr/bin/cmake /root/colcon_ws/src/Fast-Planner/uav_simulator/so3_disturbance_generator -DCMAKE_INSTALL_PREFIX=/root/colcon_ws/install/so3_disturbance_generator
[7.027s] Invoking command in '/root/colcon_ws/build/so3_disturbance_generator': AMENT_PREFIX_PATH=/root/colcon_ws/install/pose_utils:${AMENT_PREFIX_PATH} CMAKE_PREFIX_PATH=/root/colcon_ws/install/pose_utils:/opt/ros/humble LD_LIBRARY_PATH=/root/colcon_ws/install/pose_utils/lib:${LD_LIBRARY_PATH} /usr/bin/cmake --build /root/colcon_ws/build/so3_disturbance_generator -- -j8 -l8
[7.391s] [ 50%] [32mBuilding CXX object CMakeFiles/so3_disturbance_generator.dir/src/so3_disturbance_generator.cpp.o[0m
[32.954s] [100%] [32m[1mLinking CXX executable so3_disturbance_generator[0m
[34.015s] [100%] Built target so3_disturbance_generator
