[ 50%] [32mBuilding CXX object CMakeFiles/odom_visualization.dir/src/odom_visualization.cpp.o[0m
[100%] [32m[1mLinking CXX executable odom_visualization[0m
[100%] Built target odom_visualization
-- Install configuration: ""
-- Installing: /root/colcon_ws/install/odom_visualization/lib/odom_visualization/odom_visualization
-- Set runtime path of "/root/colcon_ws/install/odom_visualization/lib/odom_visualization/odom_visualization" to ""
-- Installing: /root/colcon_ws/install/odom_visualization/share/ament_index/resource_index/package_run_dependencies/odom_visualization
-- Installing: /root/colcon_ws/install/odom_visualization/share/ament_index/resource_index/parent_prefix_path/odom_visualization
-- Installing: /root/colcon_ws/install/odom_visualization/share/odom_visualization/environment/ament_prefix_path.sh
-- Installing: /root/colcon_ws/install/odom_visualization/share/odom_visualization/environment/ament_prefix_path.dsv
-- Installing: /root/colcon_ws/install/odom_visualization/share/odom_visualization/environment/path.sh
-- Installing: /root/colcon_ws/install/odom_visualization/share/odom_visualization/environment/path.dsv
-- Installing: /root/colcon_ws/install/odom_visualization/share/odom_visualization/local_setup.bash
-- Installing: /root/colcon_ws/install/odom_visualization/share/odom_visualization/local_setup.sh
-- Installing: /root/colcon_ws/install/odom_visualization/share/odom_visualization/local_setup.zsh
-- Installing: /root/colcon_ws/install/odom_visualization/share/odom_visualization/local_setup.dsv
-- Installing: /root/colcon_ws/install/odom_visualization/share/odom_visualization/package.dsv
-- Installing: /root/colcon_ws/install/odom_visualization/share/ament_index/resource_index/packages/odom_visualization
-- Installing: /root/colcon_ws/install/odom_visualization/share/odom_visualization/cmake/odom_visualizationConfig.cmake
-- Installing: /root/colcon_ws/install/odom_visualization/share/odom_visualization/cmake/odom_visualizationConfig-version.cmake
-- Installing: /root/colcon_ws/install/odom_visualization/share/odom_visualization/package.xml
