[0.027s] Invoking command in '/root/colcon_ws/build/odom_visualization': AMENT_PREFIX_PATH=/root/colcon_ws/install/quadrotor_msgs:/root/colcon_ws/install/pose_utils:${AMENT_PREFIX_PATH} CMAKE_PREFIX_PATH=/root/colcon_ws/install/quadrotor_msgs:/root/colcon_ws/install/pose_utils:/opt/ros/humble LD_LIBRARY_PATH=/root/colcon_ws/install/quadrotor_msgs/lib:/root/colcon_ws/install/pose_utils/lib:${LD_LIBRARY_PATH} PYTHONPATH=/root/colcon_ws/install/quadrotor_msgs/local/lib/python3.10/dist-packages:${PYTHONPATH} /usr/bin/cmake --build /root/colcon_ws/build/odom_visualization -- -j8 -l8
[0.131s] [ 50%] [32mBuilding CXX object CMakeFiles/odom_visualization.dir/src/odom_visualization.cpp.o[0m
[24.048s] [100%] [32m[1mLinking CXX executable odom_visualization[0m
[25.268s] [100%] Built target odom_visualization
[25.297s] Invoked command in '/root/colcon_ws/build/odom_visualization' returned '0': AMENT_PREFIX_PATH=/root/colcon_ws/install/quadrotor_msgs:/root/colcon_ws/install/pose_utils:${AMENT_PREFIX_PATH} CMAKE_PREFIX_PATH=/root/colcon_ws/install/quadrotor_msgs:/root/colcon_ws/install/pose_utils:/opt/ros/humble LD_LIBRARY_PATH=/root/colcon_ws/install/quadrotor_msgs/lib:/root/colcon_ws/install/pose_utils/lib:${LD_LIBRARY_PATH} PYTHONPATH=/root/colcon_ws/install/quadrotor_msgs/local/lib/python3.10/dist-packages:${PYTHONPATH} /usr/bin/cmake --build /root/colcon_ws/build/odom_visualization -- -j8 -l8
[25.323s] Invoking command in '/root/colcon_ws/build/odom_visualization': AMENT_PREFIX_PATH=/root/colcon_ws/install/quadrotor_msgs:/root/colcon_ws/install/pose_utils:${AMENT_PREFIX_PATH} CMAKE_PREFIX_PATH=/root/colcon_ws/install/quadrotor_msgs:/root/colcon_ws/install/pose_utils:/opt/ros/humble LD_LIBRARY_PATH=/root/colcon_ws/install/quadrotor_msgs/lib:/root/colcon_ws/install/pose_utils/lib:${LD_LIBRARY_PATH} PYTHONPATH=/root/colcon_ws/install/quadrotor_msgs/local/lib/python3.10/dist-packages:${PYTHONPATH} /usr/bin/cmake --install /root/colcon_ws/build/odom_visualization
[25.340s] -- Install configuration: ""
[25.341s] -- Installing: /root/colcon_ws/install/odom_visualization/lib/odom_visualization/odom_visualization
[25.350s] -- Set runtime path of "/root/colcon_ws/install/odom_visualization/lib/odom_visualization/odom_visualization" to ""
[25.351s] -- Installing: /root/colcon_ws/install/odom_visualization/share/ament_index/resource_index/package_run_dependencies/odom_visualization
[25.352s] -- Installing: /root/colcon_ws/install/odom_visualization/share/ament_index/resource_index/parent_prefix_path/odom_visualization
[25.352s] -- Installing: /root/colcon_ws/install/odom_visualization/share/odom_visualization/environment/ament_prefix_path.sh
[25.353s] -- Installing: /root/colcon_ws/install/odom_visualization/share/odom_visualization/environment/ament_prefix_path.dsv
[25.353s] -- Installing: /root/colcon_ws/install/odom_visualization/share/odom_visualization/environment/path.sh
[25.354s] -- Installing: /root/colcon_ws/install/odom_visualization/share/odom_visualization/environment/path.dsv
[25.354s] -- Installing: /root/colcon_ws/install/odom_visualization/share/odom_visualization/local_setup.bash
[25.354s] -- Installing: /root/colcon_ws/install/odom_visualization/share/odom_visualization/local_setup.sh
[25.355s] -- Installing: /root/colcon_ws/install/odom_visualization/share/odom_visualization/local_setup.zsh
[25.355s] -- Installing: /root/colcon_ws/install/odom_visualization/share/odom_visualization/local_setup.dsv
[25.356s] -- Installing: /root/colcon_ws/install/odom_visualization/share/odom_visualization/package.dsv
[25.356s] -- Installing: /root/colcon_ws/install/odom_visualization/share/ament_index/resource_index/packages/odom_visualization
[25.356s] -- Installing: /root/colcon_ws/install/odom_visualization/share/odom_visualization/cmake/odom_visualizationConfig.cmake
[25.357s] -- Installing: /root/colcon_ws/install/odom_visualization/share/odom_visualization/cmake/odom_visualizationConfig-version.cmake
[25.357s] -- Installing: /root/colcon_ws/install/odom_visualization/share/odom_visualization/package.xml
[25.360s] Invoked command in '/root/colcon_ws/build/odom_visualization' returned '0': AMENT_PREFIX_PATH=/root/colcon_ws/install/quadrotor_msgs:/root/colcon_ws/install/pose_utils:${AMENT_PREFIX_PATH} CMAKE_PREFIX_PATH=/root/colcon_ws/install/quadrotor_msgs:/root/colcon_ws/install/pose_utils:/opt/ros/humble LD_LIBRARY_PATH=/root/colcon_ws/install/quadrotor_msgs/lib:/root/colcon_ws/install/pose_utils/lib:${LD_LIBRARY_PATH} PYTHONPATH=/root/colcon_ws/install/quadrotor_msgs/local/lib/python3.10/dist-packages:${PYTHONPATH} /usr/bin/cmake --install /root/colcon_ws/build/odom_visualization
