[0.053s] Invoking command in '/root/colcon_ws/build/so3_control': AMENT_PREFIX_PATH=/root/colcon_ws/install/quadrotor_msgs:/root/colcon_ws/install/cmake_utils:${AMENT_PREFIX_PATH} CMAKE_PREFIX_PATH=/root/colcon_ws/install/quadrotor_msgs:/root/colcon_ws/install/cmake_utils:/opt/ros/humble LD_LIBRARY_PATH=/root/colcon_ws/install/quadrotor_msgs/lib:${LD_LIBRARY_PATH} PYTHONPATH=/root/colcon_ws/install/quadrotor_msgs/local/lib/python3.10/dist-packages:${PYTHONPATH} /usr/bin/cmake --build /root/colcon_ws/build/so3_control -- -j8 -l8
[0.224s] [ 50%] Built target SO3Control
[0.361s] [100%] Built target so3_control_node
[0.429s] Invoked command in '/root/colcon_ws/build/so3_control' returned '0': AMENT_PREFIX_PATH=/root/colcon_ws/install/quadrotor_msgs:/root/colcon_ws/install/cmake_utils:${AMENT_PREFIX_PATH} CMAKE_PREFIX_PATH=/root/colcon_ws/install/quadrotor_msgs:/root/colcon_ws/install/cmake_utils:/opt/ros/humble LD_LIBRARY_PATH=/root/colcon_ws/install/quadrotor_msgs/lib:${LD_LIBRARY_PATH} PYTHONPATH=/root/colcon_ws/install/quadrotor_msgs/local/lib/python3.10/dist-packages:${PYTHONPATH} /usr/bin/cmake --build /root/colcon_ws/build/so3_control -- -j8 -l8
[0.430s] Invoking command in '/root/colcon_ws/build/so3_control': AMENT_PREFIX_PATH=/root/colcon_ws/install/quadrotor_msgs:/root/colcon_ws/install/cmake_utils:${AMENT_PREFIX_PATH} CMAKE_PREFIX_PATH=/root/colcon_ws/install/quadrotor_msgs:/root/colcon_ws/install/cmake_utils:/opt/ros/humble LD_LIBRARY_PATH=/root/colcon_ws/install/quadrotor_msgs/lib:${LD_LIBRARY_PATH} PYTHONPATH=/root/colcon_ws/install/quadrotor_msgs/local/lib/python3.10/dist-packages:${PYTHONPATH} /usr/bin/cmake --install /root/colcon_ws/build/so3_control
[0.472s] -- Install configuration: ""
[0.473s] -- Up-to-date: /root/colcon_ws/install/so3_control/lib/libSO3Control.a
[0.474s] -- Up-to-date: /root/colcon_ws/install/so3_control/lib/so3_control/so3_control_node
[0.475s] -- Up-to-date: /root/colcon_ws/install/so3_control/include/so3_control
[0.500s] -- Up-to-date: /root/colcon_ws/install/so3_control/include/so3_control/so3_control
[0.500s] -- Up-to-date: /root/colcon_ws/install/so3_control/include/so3_control/so3_control/SO3Control.h
[0.501s] -- Up-to-date: /root/colcon_ws/install/so3_control/share/so3_control/config
[0.501s] -- Up-to-date: /root/colcon_ws/install/so3_control/share/so3_control/config/corrections_pelican.yaml
[0.501s] -- Up-to-date: /root/colcon_ws/install/so3_control/share/so3_control/config/gains.yaml
[0.501s] -- Up-to-date: /root/colcon_ws/install/so3_control/share/so3_control/config/gains_pelican.yaml
[0.501s] -- Up-to-date: /root/colcon_ws/install/so3_control/share/so3_control/config/corrections_hummingbird.yaml
[0.501s] -- Up-to-date: /root/colcon_ws/install/so3_control/share/so3_control/config/gains_hummingbird.yaml
[0.501s] -- Up-to-date: /root/colcon_ws/install/so3_control/share/ament_index/resource_index/package_run_dependencies/so3_control
[0.502s] -- Up-to-date: /root/colcon_ws/install/so3_control/share/ament_index/resource_index/parent_prefix_path/so3_control
[0.502s] -- Up-to-date: /root/colcon_ws/install/so3_control/share/so3_control/environment/ament_prefix_path.sh
[0.502s] -- Up-to-date: /root/colcon_ws/install/so3_control/share/so3_control/environment/ament_prefix_path.dsv
[0.502s] -- Up-to-date: /root/colcon_ws/install/so3_control/share/so3_control/environment/path.sh
[0.502s] -- Up-to-date: /root/colcon_ws/install/so3_control/share/so3_control/environment/path.dsv
[0.502s] -- Up-to-date: /root/colcon_ws/install/so3_control/share/so3_control/local_setup.bash
[0.502s] -- Up-to-date: /root/colcon_ws/install/so3_control/share/so3_control/local_setup.sh
[0.502s] -- Up-to-date: /root/colcon_ws/install/so3_control/share/so3_control/local_setup.zsh
[0.502s] -- Up-to-date: /root/colcon_ws/install/so3_control/share/so3_control/local_setup.dsv
[0.503s] -- Up-to-date: /root/colcon_ws/install/so3_control/share/so3_control/package.dsv
[0.503s] -- Up-to-date: /root/colcon_ws/install/so3_control/share/ament_index/resource_index/packages/so3_control
[0.503s] -- Up-to-date: /root/colcon_ws/install/so3_control/share/so3_control/cmake/so3_controlConfig.cmake
[0.503s] -- Up-to-date: /root/colcon_ws/install/so3_control/share/so3_control/cmake/so3_controlConfig-version.cmake
[0.503s] -- Up-to-date: /root/colcon_ws/install/so3_control/share/so3_control/package.xml
[0.505s] Invoked command in '/root/colcon_ws/build/so3_control' returned '0': AMENT_PREFIX_PATH=/root/colcon_ws/install/quadrotor_msgs:/root/colcon_ws/install/cmake_utils:${AMENT_PREFIX_PATH} CMAKE_PREFIX_PATH=/root/colcon_ws/install/quadrotor_msgs:/root/colcon_ws/install/cmake_utils:/opt/ros/humble LD_LIBRARY_PATH=/root/colcon_ws/install/quadrotor_msgs/lib:${LD_LIBRARY_PATH} PYTHONPATH=/root/colcon_ws/install/quadrotor_msgs/local/lib/python3.10/dist-packages:${PYTHONPATH} /usr/bin/cmake --install /root/colcon_ws/build/so3_control
