[0.065s] Invoking command in '/root/colcon_ws/build/local_sensing_node': AMENT_PREFIX_PATH=/root/colcon_ws/install/quadrotor_msgs:${AMENT_PREFIX_PATH} CMAKE_PREFIX_PATH=/root/colcon_ws/install/quadrotor_msgs:/opt/ros/humble LD_LIBRARY_PATH=/root/colcon_ws/install/quadrotor_msgs/lib:${LD_LIBRARY_PATH} PYTHONPATH=/root/colcon_ws/install/quadrotor_msgs/local/lib/python3.10/dist-packages:${PYTHONPATH} /usr/bin/cmake /root/colcon_ws/src/Fast-Planner/uav_simulator/local_sensing -DCMAKE_INSTALL_PREFIX=/root/colcon_ws/install/local_sensing_node
[0.214s] -- The C compiler identification is GNU 11.4.0
[0.353s] -- The CXX compiler identification is GNU 11.4.0
[0.385s] -- Detecting C compiler ABI info
[0.576s] -- Detecting C compiler ABI info - done
[0.604s] -- Check for working C compiler: /usr/bin/cc - skipped
[0.604s] -- Detecting C compile features
[0.604s] -- Detecting C compile features - done
[0.618s] -- Detecting CXX compiler ABI info
[0.831s] -- Detecting CXX compiler ABI info - done
[0.842s] -- Check for working CXX compiler: /usr/bin/c++ - skipped
[0.842s] -- Detecting CXX compile features
[0.843s] -- Detecting CXX compile features - done
[0.866s] -- Found ament_cmake: 1.3.13 (/opt/ros/humble/share/ament_cmake/cmake)
[1.388s] -- Found Python3: /usr/bin/python3 (found version "3.10.12") found components: Interpreter 
[1.735s] -- Found rclcpp: 16.0.18 (/opt/ros/humble/share/rclcpp/cmake)
[1.874s] -- Found rosidl_generator_c: 3.1.8 (/opt/ros/humble/share/rosidl_generator_c/cmake)
[1.886s] -- Found rosidl_adapter: 3.1.8 (/opt/ros/humble/share/rosidl_adapter/cmake)
[1.922s] -- Found rosidl_generator_cpp: 3.1.8 (/opt/ros/humble/share/rosidl_generator_cpp/cmake)
[1.946s] -- Using all available rosidl_typesupport_c: rosidl_typesupport_fastrtps_c;rosidl_typesupport_introspection_c
[1.989s] -- Using all available rosidl_typesupport_cpp: rosidl_typesupport_fastrtps_cpp;rosidl_typesupport_introspection_cpp
[2.082s] -- Found rmw_implementation_cmake: 6.1.2 (/opt/ros/humble/share/rmw_implementation_cmake/cmake)
[2.087s] -- Found rmw_fastrtps_cpp: 6.2.10 (/opt/ros/humble/share/rmw_fastrtps_cpp/cmake)
[2.340s] -- Found OpenSSL: /usr/lib/aarch64-linux-gnu/libcrypto.so (found version "3.0.2")  
[2.454s] -- Found FastRTPS: /opt/ros/humble/include  
[2.574s] -- Using RMW implementation 'rmw_fastrtps_cpp' as default
[2.596s] -- Looking for pthread.h
[2.822s] -- Looking for pthread.h - found
[2.822s] -- Performing Test CMAKE_HAVE_LIBC_PTHREAD
[3.039s] -- Performing Test CMAKE_HAVE_LIBC_PTHREAD - Success
[3.041s] -- Found Threads: TRUE  
[3.207s] -- Found geometry_msgs: 4.9.1 (/opt/ros/humble/share/geometry_msgs/cmake)
[3.263s] -- Found nav_msgs: 4.9.1 (/opt/ros/humble/share/nav_msgs/cmake)
[3.298s] -- Found sensor_msgs: 4.9.1 (/opt/ros/humble/share/sensor_msgs/cmake)
[3.328s] -- Found pcl_conversions: 2.4.5 (/opt/ros/humble/share/pcl_conversions/cmake)
[3.448s] -- Checking for module 'eigen3'
[3.513s] --   Found eigen3, version 3.4.0
[3.601s] -- Found Eigen: /usr/include/eigen3 (Required is at least version "3.1") 
[3.602s] -- Eigen found (include: /usr/include/eigen3, version: 3.4.0)
[3.691s] -- Checking for module 'flann'
[3.752s] --   Found flann, version 1.9.1
[3.892s] -- Found FLANN: /usr/lib/aarch64-linux-gnu/libflann_cpp.so  
[3.893s] -- FLANN found (include: /usr/include, lib: /usr/lib/aarch64-linux-gnu/libflann_cpp.so)
[7.129s] -- Checking for module 'libusb-1.0'
[7.180s] --   Found libusb-1.0, version 1.0.25
[7.302s] -- Found libusb: /usr/lib/aarch64-linux-gnu/libusb-1.0.so  
[7.304s] -- OpenNI found (version: 1.5.4.0, include: /usr/include/ni, lib: /usr/lib/libOpenNI.so;libusb::libusb)
[7.463s] -- OpenNI2 found (version: 2.2.0.33, include: /usr/include/openni2, lib: /usr/lib/aarch64-linux-gnu/libOpenNI2.so;libusb::libusb)
[7.804s] -- Eigen found (include: /usr/include/eigen3, version: 3.4.0)
[7.819s] -- OpenNI found (version: 1.5.4.0, include: /usr/include/ni, lib: /usr/lib/libOpenNI.so;libusb::libusb)
[7.842s] -- OpenNI2 found (version: 2.2.0.33, include: /usr/include/openni2, lib: /usr/lib/aarch64-linux-gnu/libOpenNI2.so;libusb::libusb)
[8.135s] -- Found Qhull version 8.0.2
[8.451s] -- OpenNI found (version: 1.5.4.0, include: /usr/include/ni, lib: /usr/lib/libOpenNI.so;libusb::libusb)
[8.782s] -- Found PCL_COMMON: /usr/lib/aarch64-linux-gnu/libpcl_common.so  
[8.786s] -- Found PCL_KDTREE: /usr/lib/aarch64-linux-gnu/libpcl_kdtree.so  
[8.790s] -- Found PCL_OCTREE: /usr/lib/aarch64-linux-gnu/libpcl_octree.so  
[8.793s] -- Found PCL_SEARCH: /usr/lib/aarch64-linux-gnu/libpcl_search.so  
[8.795s] -- Found PCL_SAMPLE_CONSENSUS: /usr/lib/aarch64-linux-gnu/libpcl_sample_consensus.so  
[8.798s] -- Found PCL_FILTERS: /usr/lib/aarch64-linux-gnu/libpcl_filters.so  
[8.799s] -- Found PCL_2D: /usr/include/pcl-1.12  
[8.801s] -- Found PCL_GEOMETRY: /usr/include/pcl-1.12  
[8.801s] -- Found PCL_IO: /usr/lib/aarch64-linux-gnu/libpcl_io.so  
[8.803s] -- Found PCL_FEATURES: /usr/lib/aarch64-linux-gnu/libpcl_features.so  
[8.805s] -- Found PCL_ML: /usr/lib/aarch64-linux-gnu/libpcl_ml.so  
[8.807s] -- Found PCL_SEGMENTATION: /usr/lib/aarch64-linux-gnu/libpcl_segmentation.so  
[8.809s] -- Found PCL_VISUALIZATION: /usr/lib/aarch64-linux-gnu/libpcl_visualization.so  
[8.811s] -- Found PCL_SURFACE: /usr/lib/aarch64-linux-gnu/libpcl_surface.so  
[8.813s] -- Found PCL_REGISTRATION: /usr/lib/aarch64-linux-gnu/libpcl_registration.so  
[8.815s] -- Found PCL_KEYPOINTS: /usr/lib/aarch64-linux-gnu/libpcl_keypoints.so  
[8.816s] -- Found PCL_TRACKING: /usr/lib/aarch64-linux-gnu/libpcl_tracking.so  
[8.818s] -- Found PCL_RECOGNITION: /usr/lib/aarch64-linux-gnu/libpcl_recognition.so  
[8.820s] -- Found PCL_STEREO: /usr/lib/aarch64-linux-gnu/libpcl_stereo.so  
[8.821s] -- Found PCL_APPS: /usr/lib/aarch64-linux-gnu/libpcl_apps.so  
[8.825s] -- Found PCL_IN_HAND_SCANNER: /usr/include/pcl-1.12  
[8.832s] -- Found PCL_MODELER: /usr/include/pcl-1.12  
[8.834s] -- Found PCL_POINT_CLOUD_EDITOR: /usr/include/pcl-1.12  
[8.834s] -- Found PCL_OUTOFCORE: /usr/lib/aarch64-linux-gnu/libpcl_outofcore.so  
[8.834s] -- Found PCL_PEOPLE: /usr/lib/aarch64-linux-gnu/libpcl_people.so  
[8.838s] -- Found quadrotor_msgs: 0.0.0 (/root/colcon_ws/install/quadrotor_msgs/share/quadrotor_msgs/cmake)
[8.892s] [33mCMake Warning (dev) at CMakeLists.txt:24 (find_package):
[8.893s]   Policy CMP0074 is not set: find_package uses <PackageName>_ROOT variables.
[8.893s]   Run "cmake --help-policy CMP0074" for policy details.  Use the cmake_policy
[8.893s]   command to set the policy and suppress this warning.
[8.893s] 
[8.893s]   CMake variable PCL_ROOT is set to:
[8.893s] 
[8.893s]     /usr
[8.893s] 
[8.893s]   For compatibility, CMake is ignoring the variable.
[8.893s] This warning is for project developers.  Use -Wno-dev to suppress it.
[8.893s] [0m
[9.095s] -- Configuring done
[9.184s] -- Generating done
[9.214s] -- Build files have been written to: /root/colcon_ws/build/local_sensing_node
