[35m[1mConsolidate compiler generated dependencies of target waypoint_generator[0m
[100%] Built target waypoint_generator
-- Install configuration: ""
-- Installing: /root/colcon_ws/install/waypoint_generator/lib/waypoint_generator/waypoint_generator
-- Set runtime path of "/root/colcon_ws/install/waypoint_generator/lib/waypoint_generator/waypoint_generator" to ""
-- Installing: /root/colcon_ws/install/waypoint_generator/share/ament_index/resource_index/package_run_dependencies/waypoint_generator
-- Installing: /root/colcon_ws/install/waypoint_generator/share/ament_index/resource_index/parent_prefix_path/waypoint_generator
-- Installing: /root/colcon_ws/install/waypoint_generator/share/waypoint_generator/environment/ament_prefix_path.sh
-- Installing: /root/colcon_ws/install/waypoint_generator/share/waypoint_generator/environment/ament_prefix_path.dsv
-- Installing: /root/colcon_ws/install/waypoint_generator/share/waypoint_generator/environment/path.sh
-- Installing: /root/colcon_ws/install/waypoint_generator/share/waypoint_generator/environment/path.dsv
-- Installing: /root/colcon_ws/install/waypoint_generator/share/waypoint_generator/local_setup.bash
-- Installing: /root/colcon_ws/install/waypoint_generator/share/waypoint_generator/local_setup.sh
-- Installing: /root/colcon_ws/install/waypoint_generator/share/waypoint_generator/local_setup.zsh
-- Installing: /root/colcon_ws/install/waypoint_generator/share/waypoint_generator/local_setup.dsv
-- Installing: /root/colcon_ws/install/waypoint_generator/share/waypoint_generator/package.dsv
-- Installing: /root/colcon_ws/install/waypoint_generator/share/ament_index/resource_index/packages/waypoint_generator
-- Installing: /root/colcon_ws/install/waypoint_generator/share/waypoint_generator/cmake/waypoint_generatorConfig.cmake
-- Installing: /root/colcon_ws/install/waypoint_generator/share/waypoint_generator/cmake/waypoint_generatorConfig-version.cmake
-- Installing: /root/colcon_ws/install/waypoint_generator/share/waypoint_generator/package.xml
