[0.062s] Invoking command in '/root/colcon_ws/build/quadrotor_msgs': CMAKE_PREFIX_PATH=/opt/ros/humble /usr/bin/cmake --build /root/colcon_ws/build/quadrotor_msgs -- -j8 -l8
[0.193s] [  0%] Built target quadrotor_msgs__cpp
[0.208s] [ 12%] Built target quadrotor_msgs__rosidl_generator_c
[0.223s] [ 12%] Built target ament_cmake_python_copy_quadrotor_msgs
[0.265s] [ 24%] Built target quadrotor_msgs__rosidl_typesupport_cpp
[0.273s] [ 36%] Built target quadrotor_msgs__rosidl_typesupport_introspection_cpp
[0.290s] [ 48%] Built target quadrotor_msgs__rosidl_typesupport_introspection_c
[0.315s] [ 66%] Built target quadrotor_msgs__rosidl_typesupport_fastrtps_cpp
[0.317s] [ 72%] Built target quadrotor_msgs__rosidl_typesupport_fastrtps_c
[0.332s] [ 84%] Built target quadrotor_msgs__rosidl_typesupport_c
[0.374s] [ 84%] Built target quadrotor_msgs
[0.421s] [ 85%] Built target quadrotor_msgs__py
[0.479s] [ 96%] Built target quadrotor_msgs__rosidl_generator_py
[0.542s] [ 98%] Built target quadrotor_msgs__rosidl_typesupport_introspection_c__pyext
[0.547s] [ 99%] Built target quadrotor_msgs__rosidl_typesupport_c__pyext
[0.576s] [100%] Built target quadrotor_msgs__rosidl_typesupport_fastrtps_c__pyext
[0.734s] running egg_info
[0.734s] writing quadrotor_msgs.egg-info/PKG-INFO
[0.735s] writing dependency_links to quadrotor_msgs.egg-info/dependency_links.txt
[0.735s] writing top-level names to quadrotor_msgs.egg-info/top_level.txt
[0.740s] reading manifest file 'quadrotor_msgs.egg-info/SOURCES.txt'
[0.741s] writing manifest file 'quadrotor_msgs.egg-info/SOURCES.txt'
[0.818s] [100%] Built target ament_cmake_python_build_quadrotor_msgs_egg
[0.842s] Invoked command in '/root/colcon_ws/build/quadrotor_msgs' returned '0': CMAKE_PREFIX_PATH=/opt/ros/humble /usr/bin/cmake --build /root/colcon_ws/build/quadrotor_msgs -- -j8 -l8
[0.845s] Invoking command in '/root/colcon_ws/build/quadrotor_msgs': CMAKE_PREFIX_PATH=/opt/ros/humble /usr/bin/cmake --install /root/colcon_ws/build/quadrotor_msgs
[0.859s] -- Install configuration: ""
[0.860s] -- Up-to-date: /root/colcon_ws/install/quadrotor_msgs/share/ament_index/resource_index/rosidl_interfaces/quadrotor_msgs
[0.860s] -- Up-to-date: /root/colcon_ws/install/quadrotor_msgs/include/quadrotor_msgs/quadrotor_msgs
[0.860s] -- Up-to-date: /root/colcon_ws/install/quadrotor_msgs/include/quadrotor_msgs/quadrotor_msgs/msg
[0.860s] -- Up-to-date: /root/colcon_ws/install/quadrotor_msgs/include/quadrotor_msgs/quadrotor_msgs/msg/serial.h
[0.860s] -- Up-to-date: /root/colcon_ws/install/quadrotor_msgs/include/quadrotor_msgs/quadrotor_msgs/msg/gains.h
[0.860s] -- Up-to-date: /root/colcon_ws/install/quadrotor_msgs/include/quadrotor_msgs/quadrotor_msgs/msg/odometry.h
[0.861s] -- Up-to-date: /root/colcon_ws/install/quadrotor_msgs/include/quadrotor_msgs/quadrotor_msgs/msg/detail
[0.861s] -- Up-to-date: /root/colcon_ws/install/quadrotor_msgs/include/quadrotor_msgs/quadrotor_msgs/msg/detail/position_command__type_support.h
[0.861s] -- Up-to-date: /root/colcon_ws/install/quadrotor_msgs/include/quadrotor_msgs/quadrotor_msgs/msg/detail/output_data__struct.h
[0.861s] -- Up-to-date: /root/colcon_ws/install/quadrotor_msgs/include/quadrotor_msgs/quadrotor_msgs/msg/detail/odometry__struct.h
[0.861s] -- Up-to-date: /root/colcon_ws/install/quadrotor_msgs/include/quadrotor_msgs/quadrotor_msgs/msg/detail/odometry__functions.c
[0.861s] -- Up-to-date: /root/colcon_ws/install/quadrotor_msgs/include/quadrotor_msgs/quadrotor_msgs/msg/detail/polynomial_trajectory__functions.h
[0.861s] -- Up-to-date: /root/colcon_ws/install/quadrotor_msgs/include/quadrotor_msgs/quadrotor_msgs/msg/detail/output_data__type_support.h
[0.861s] -- Up-to-date: /root/colcon_ws/install/quadrotor_msgs/include/quadrotor_msgs/quadrotor_msgs/msg/detail/status_data__functions.c
[0.861s] -- Up-to-date: /root/colcon_ws/install/quadrotor_msgs/include/quadrotor_msgs/quadrotor_msgs/msg/detail/ppr_output_data__type_support.h
[0.861s] -- Up-to-date: /root/colcon_ws/install/quadrotor_msgs/include/quadrotor_msgs/quadrotor_msgs/msg/detail/gains__type_support.h
[0.862s] -- Up-to-date: /root/colcon_ws/install/quadrotor_msgs/include/quadrotor_msgs/quadrotor_msgs/msg/detail/serial__struct.h
[0.862s] -- Up-to-date: /root/colcon_ws/install/quadrotor_msgs/include/quadrotor_msgs/quadrotor_msgs/msg/detail/so3_command__type_support.h
[0.862s] -- Up-to-date: /root/colcon_ws/install/quadrotor_msgs/include/quadrotor_msgs/quadrotor_msgs/msg/detail/gains__functions.h
[0.862s] -- Up-to-date: /root/colcon_ws/install/quadrotor_msgs/include/quadrotor_msgs/quadrotor_msgs/msg/detail/lqr_trajectory__type_support.h
[0.862s] -- Up-to-date: /root/colcon_ws/install/quadrotor_msgs/include/quadrotor_msgs/quadrotor_msgs/msg/detail/ppr_output_data__struct.h
[0.862s] -- Up-to-date: /root/colcon_ws/install/quadrotor_msgs/include/quadrotor_msgs/quadrotor_msgs/msg/detail/corrections__type_support.h
[0.862s] -- Up-to-date: /root/colcon_ws/install/quadrotor_msgs/include/quadrotor_msgs/quadrotor_msgs/msg/detail/output_data__functions.c
[0.863s] -- Up-to-date: /root/colcon_ws/install/quadrotor_msgs/include/quadrotor_msgs/quadrotor_msgs/msg/detail/trpy_command__functions.h
[0.863s] -- Up-to-date: /root/colcon_ws/install/quadrotor_msgs/include/quadrotor_msgs/quadrotor_msgs/msg/detail/lqr_trajectory__struct.h
[0.864s] -- Up-to-date: /root/colcon_ws/install/quadrotor_msgs/include/quadrotor_msgs/quadrotor_msgs/msg/detail/aux_command__functions.c
[0.864s] -- Up-to-date: /root/colcon_ws/install/quadrotor_msgs/include/quadrotor_msgs/quadrotor_msgs/msg/detail/so3_command__struct.h
[0.864s] -- Up-to-date: /root/colcon_ws/install/quadrotor_msgs/include/quadrotor_msgs/quadrotor_msgs/msg/detail/polynomial_trajectory__type_support.h
[0.864s] -- Up-to-date: /root/colcon_ws/install/quadrotor_msgs/include/quadrotor_msgs/quadrotor_msgs/msg/detail/polynomial_trajectory__functions.c
[0.864s] -- Up-to-date: /root/colcon_ws/install/quadrotor_msgs/include/quadrotor_msgs/quadrotor_msgs/msg/detail/gains__struct.h
[0.864s] -- Up-to-date: /root/colcon_ws/install/quadrotor_msgs/include/quadrotor_msgs/quadrotor_msgs/msg/detail/trpy_command__struct.h
[0.864s] -- Up-to-date: /root/colcon_ws/install/quadrotor_msgs/include/quadrotor_msgs/quadrotor_msgs/msg/detail/aux_command__type_support.h
[0.865s] -- Up-to-date: /root/colcon_ws/install/quadrotor_msgs/include/quadrotor_msgs/quadrotor_msgs/msg/detail/trpy_command__type_support.h
[0.865s] -- Up-to-date: /root/colcon_ws/install/quadrotor_msgs/include/quadrotor_msgs/quadrotor_msgs/msg/detail/aux_command__struct.h
[0.865s] -- Up-to-date: /root/colcon_ws/install/quadrotor_msgs/include/quadrotor_msgs/quadrotor_msgs/msg/detail/so3_command__functions.h
[0.865s] -- Up-to-date: /root/colcon_ws/install/quadrotor_msgs/include/quadrotor_msgs/quadrotor_msgs/msg/detail/lqr_trajectory__functions.h
[0.865s] -- Up-to-date: /root/colcon_ws/install/quadrotor_msgs/include/quadrotor_msgs/quadrotor_msgs/msg/detail/corrections__functions.c
[0.865s] -- Up-to-date: /root/colcon_ws/install/quadrotor_msgs/include/quadrotor_msgs/quadrotor_msgs/msg/detail/so3_command__functions.c
[0.865s] -- Up-to-date: /root/colcon_ws/install/quadrotor_msgs/include/quadrotor_msgs/quadrotor_msgs/msg/detail/odometry__functions.h
[0.865s] -- Up-to-date: /root/colcon_ws/install/quadrotor_msgs/include/quadrotor_msgs/quadrotor_msgs/msg/detail/odometry__type_support.h
[0.865s] -- Up-to-date: /root/colcon_ws/install/quadrotor_msgs/include/quadrotor_msgs/quadrotor_msgs/msg/detail/status_data__type_support.h
[0.865s] -- Up-to-date: /root/colcon_ws/install/quadrotor_msgs/include/quadrotor_msgs/quadrotor_msgs/msg/detail/position_command__functions.h
[0.866s] -- Up-to-date: /root/colcon_ws/install/quadrotor_msgs/include/quadrotor_msgs/quadrotor_msgs/msg/detail/polynomial_trajectory__struct.h
[0.866s] -- Up-to-date: /root/colcon_ws/install/quadrotor_msgs/include/quadrotor_msgs/quadrotor_msgs/msg/detail/ppr_output_data__functions.h
[0.866s] -- Up-to-date: /root/colcon_ws/install/quadrotor_msgs/include/quadrotor_msgs/quadrotor_msgs/msg/detail/serial__type_support.h
[0.866s] -- Up-to-date: /root/colcon_ws/install/quadrotor_msgs/include/quadrotor_msgs/quadrotor_msgs/msg/detail/position_command__struct.h
[0.866s] -- Up-to-date: /root/colcon_ws/install/quadrotor_msgs/include/quadrotor_msgs/quadrotor_msgs/msg/detail/ppr_output_data__functions.c
[0.866s] -- Up-to-date: /root/colcon_ws/install/quadrotor_msgs/include/quadrotor_msgs/quadrotor_msgs/msg/detail/corrections__functions.h
[0.866s] -- Up-to-date: /root/colcon_ws/install/quadrotor_msgs/include/quadrotor_msgs/quadrotor_msgs/msg/detail/gains__functions.c
[0.866s] -- Up-to-date: /root/colcon_ws/install/quadrotor_msgs/include/quadrotor_msgs/quadrotor_msgs/msg/detail/position_command__functions.c
[0.866s] -- Up-to-date: /root/colcon_ws/install/quadrotor_msgs/include/quadrotor_msgs/quadrotor_msgs/msg/detail/serial__functions.c
[0.867s] -- Up-to-date: /root/colcon_ws/install/quadrotor_msgs/include/quadrotor_msgs/quadrotor_msgs/msg/detail/status_data__functions.h
[0.867s] -- Up-to-date: /root/colcon_ws/install/quadrotor_msgs/include/quadrotor_msgs/quadrotor_msgs/msg/detail/aux_command__functions.h
[0.870s] -- Up-to-date: /root/colcon_ws/install/quadrotor_msgs/include/quadrotor_msgs/quadrotor_msgs/msg/detail/output_data__functions.h
[0.871s] -- Up-to-date: /root/colcon_ws/install/quadrotor_msgs/include/quadrotor_msgs/quadrotor_msgs/msg/detail/lqr_trajectory__functions.c
[0.872s] -- Up-to-date: /root/colcon_ws/install/quadrotor_msgs/include/quadrotor_msgs/quadrotor_msgs/msg/detail/trpy_command__functions.c
[0.872s] -- Up-to-date: /root/colcon_ws/install/quadrotor_msgs/include/quadrotor_msgs/quadrotor_msgs/msg/detail/serial__functions.h
[0.872s] -- Up-to-date: /root/colcon_ws/install/quadrotor_msgs/include/quadrotor_msgs/quadrotor_msgs/msg/detail/corrections__struct.h
[0.872s] -- Up-to-date: /root/colcon_ws/install/quadrotor_msgs/include/quadrotor_msgs/quadrotor_msgs/msg/detail/status_data__struct.h
[0.872s] -- Up-to-date: /root/colcon_ws/install/quadrotor_msgs/include/quadrotor_msgs/quadrotor_msgs/msg/output_data.h
[0.873s] -- Up-to-date: /root/colcon_ws/install/quadrotor_msgs/include/quadrotor_msgs/quadrotor_msgs/msg/polynomial_trajectory.h
[0.873s] -- Up-to-date: /root/colcon_ws/install/quadrotor_msgs/include/quadrotor_msgs/quadrotor_msgs/msg/so3_command.h
[0.873s] -- Up-to-date: /root/colcon_ws/install/quadrotor_msgs/include/quadrotor_msgs/quadrotor_msgs/msg/ppr_output_data.h
[0.873s] -- Up-to-date: /root/colcon_ws/install/quadrotor_msgs/include/quadrotor_msgs/quadrotor_msgs/msg/aux_command.h
[0.873s] -- Up-to-date: /root/colcon_ws/install/quadrotor_msgs/include/quadrotor_msgs/quadrotor_msgs/msg/trpy_command.h
[0.873s] -- Up-to-date: /root/colcon_ws/install/quadrotor_msgs/include/quadrotor_msgs/quadrotor_msgs/msg/rosidl_generator_c__visibility_control.h
[0.873s] -- Up-to-date: /root/colcon_ws/install/quadrotor_msgs/include/quadrotor_msgs/quadrotor_msgs/msg/status_data.h
[0.873s] -- Up-to-date: /root/colcon_ws/install/quadrotor_msgs/include/quadrotor_msgs/quadrotor_msgs/msg/lqr_trajectory.h
[0.873s] -- Up-to-date: /root/colcon_ws/install/quadrotor_msgs/include/quadrotor_msgs/quadrotor_msgs/msg/position_command.h
[0.874s] -- Up-to-date: /root/colcon_ws/install/quadrotor_msgs/include/quadrotor_msgs/quadrotor_msgs/msg/corrections.h
[0.874s] -- Up-to-date: /root/colcon_ws/install/quadrotor_msgs/share/quadrotor_msgs/environment/library_path.sh
[0.874s] -- Up-to-date: /root/colcon_ws/install/quadrotor_msgs/share/quadrotor_msgs/environment/library_path.dsv
[0.874s] -- Up-to-date: /root/colcon_ws/install/quadrotor_msgs/lib/libquadrotor_msgs__rosidl_generator_c.so
[0.874s] -- Up-to-date: /root/colcon_ws/install/quadrotor_msgs/include/quadrotor_msgs/quadrotor_msgs
[0.874s] -- Up-to-date: /root/colcon_ws/install/quadrotor_msgs/include/quadrotor_msgs/quadrotor_msgs/msg
[0.874s] -- Up-to-date: /root/colcon_ws/install/quadrotor_msgs/include/quadrotor_msgs/quadrotor_msgs/msg/detail
[0.874s] -- Up-to-date: /root/colcon_ws/install/quadrotor_msgs/include/quadrotor_msgs/quadrotor_msgs/msg/detail/status_data__rosidl_typesupport_fastrtps_c.h
[0.875s] -- Up-to-date: /root/colcon_ws/install/quadrotor_msgs/include/quadrotor_msgs/quadrotor_msgs/msg/detail/trpy_command__rosidl_typesupport_fastrtps_c.h
[0.875s] -- Up-to-date: /root/colcon_ws/install/quadrotor_msgs/include/quadrotor_msgs/quadrotor_msgs/msg/detail/aux_command__rosidl_typesupport_fastrtps_c.h
[0.875s] -- Up-to-date: /root/colcon_ws/install/quadrotor_msgs/include/quadrotor_msgs/quadrotor_msgs/msg/detail/so3_command__rosidl_typesupport_fastrtps_c.h
[0.875s] -- Up-to-date: /root/colcon_ws/install/quadrotor_msgs/include/quadrotor_msgs/quadrotor_msgs/msg/detail/odometry__rosidl_typesupport_fastrtps_c.h
[0.875s] -- Up-to-date: /root/colcon_ws/install/quadrotor_msgs/include/quadrotor_msgs/quadrotor_msgs/msg/detail/gains__rosidl_typesupport_fastrtps_c.h
[0.875s] -- Up-to-date: /root/colcon_ws/install/quadrotor_msgs/include/quadrotor_msgs/quadrotor_msgs/msg/detail/polynomial_trajectory__rosidl_typesupport_fastrtps_c.h
[0.876s] -- Up-to-date: /root/colcon_ws/install/quadrotor_msgs/include/quadrotor_msgs/quadrotor_msgs/msg/detail/lqr_trajectory__rosidl_typesupport_fastrtps_c.h
[0.876s] -- Up-to-date: /root/colcon_ws/install/quadrotor_msgs/include/quadrotor_msgs/quadrotor_msgs/msg/detail/position_command__rosidl_typesupport_fastrtps_c.h
[0.876s] -- Up-to-date: /root/colcon_ws/install/quadrotor_msgs/include/quadrotor_msgs/quadrotor_msgs/msg/detail/output_data__rosidl_typesupport_fastrtps_c.h
[0.876s] -- Up-to-date: /root/colcon_ws/install/quadrotor_msgs/include/quadrotor_msgs/quadrotor_msgs/msg/detail/corrections__rosidl_typesupport_fastrtps_c.h
[0.876s] -- Up-to-date: /root/colcon_ws/install/quadrotor_msgs/include/quadrotor_msgs/quadrotor_msgs/msg/detail/ppr_output_data__rosidl_typesupport_fastrtps_c.h
[0.876s] -- Up-to-date: /root/colcon_ws/install/quadrotor_msgs/include/quadrotor_msgs/quadrotor_msgs/msg/detail/serial__rosidl_typesupport_fastrtps_c.h
[0.876s] -- Up-to-date: /root/colcon_ws/install/quadrotor_msgs/include/quadrotor_msgs/quadrotor_msgs/msg/rosidl_typesupport_fastrtps_c__visibility_control.h
[0.876s] -- Up-to-date: /root/colcon_ws/install/quadrotor_msgs/lib/libquadrotor_msgs__rosidl_typesupport_fastrtps_c.so
[0.876s] -- Up-to-date: /root/colcon_ws/install/quadrotor_msgs/include/quadrotor_msgs/quadrotor_msgs
[0.876s] -- Up-to-date: /root/colcon_ws/install/quadrotor_msgs/include/quadrotor_msgs/quadrotor_msgs/msg
[0.876s] -- Up-to-date: /root/colcon_ws/install/quadrotor_msgs/include/quadrotor_msgs/quadrotor_msgs/msg/detail
[0.877s] -- Up-to-date: /root/colcon_ws/install/quadrotor_msgs/include/quadrotor_msgs/quadrotor_msgs/msg/detail/status_data__rosidl_typesupport_introspection_c.h
[0.877s] -- Up-to-date: /root/colcon_ws/install/quadrotor_msgs/include/quadrotor_msgs/quadrotor_msgs/msg/detail/aux_command__type_support.c
[0.877s] -- Up-to-date: /root/colcon_ws/install/quadrotor_msgs/include/quadrotor_msgs/quadrotor_msgs/msg/detail/so3_command__rosidl_typesupport_introspection_c.h
[0.877s] -- Up-to-date: /root/colcon_ws/install/quadrotor_msgs/include/quadrotor_msgs/quadrotor_msgs/msg/detail/position_command__type_support.c
[0.877s] -- Up-to-date: /root/colcon_ws/install/quadrotor_msgs/include/quadrotor_msgs/quadrotor_msgs/msg/detail/polynomial_trajectory__rosidl_typesupport_introspection_c.h
[0.877s] -- Up-to-date: /root/colcon_ws/install/quadrotor_msgs/include/quadrotor_msgs/quadrotor_msgs/msg/detail/lqr_trajectory__type_support.c
[0.877s] -- Up-to-date: /root/colcon_ws/install/quadrotor_msgs/include/quadrotor_msgs/quadrotor_msgs/msg/detail/output_data__rosidl_typesupport_introspection_c.h
[0.877s] -- Up-to-date: /root/colcon_ws/install/quadrotor_msgs/include/quadrotor_msgs/quadrotor_msgs/msg/detail/so3_command__type_support.c
[0.877s] -- Up-to-date: /root/colcon_ws/install/quadrotor_msgs/include/quadrotor_msgs/quadrotor_msgs/msg/detail/output_data__type_support.c
[0.877s] -- Up-to-date: /root/colcon_ws/install/quadrotor_msgs/include/quadrotor_msgs/quadrotor_msgs/msg/detail/ppr_output_data__rosidl_typesupport_introspection_c.h
[0.877s] -- Up-to-date: /root/colcon_ws/install/quadrotor_msgs/include/quadrotor_msgs/quadrotor_msgs/msg/detail/trpy_command__rosidl_typesupport_introspection_c.h
[0.878s] -- Up-to-date: /root/colcon_ws/install/quadrotor_msgs/include/quadrotor_msgs/quadrotor_msgs/msg/detail/corrections__rosidl_typesupport_introspection_c.h
[0.878s] -- Up-to-date: /root/colcon_ws/install/quadrotor_msgs/include/quadrotor_msgs/quadrotor_msgs/msg/detail/aux_command__rosidl_typesupport_introspection_c.h
[0.878s] -- Up-to-date: /root/colcon_ws/install/quadrotor_msgs/include/quadrotor_msgs/quadrotor_msgs/msg/detail/serial__rosidl_typesupport_introspection_c.h
[0.878s] -- Up-to-date: /root/colcon_ws/install/quadrotor_msgs/include/quadrotor_msgs/quadrotor_msgs/msg/detail/gains__type_support.c
[0.878s] -- Up-to-date: /root/colcon_ws/install/quadrotor_msgs/include/quadrotor_msgs/quadrotor_msgs/msg/detail/corrections__type_support.c
[0.878s] -- Up-to-date: /root/colcon_ws/install/quadrotor_msgs/include/quadrotor_msgs/quadrotor_msgs/msg/detail/gains__rosidl_typesupport_introspection_c.h
[0.878s] -- Up-to-date: /root/colcon_ws/install/quadrotor_msgs/include/quadrotor_msgs/quadrotor_msgs/msg/detail/polynomial_trajectory__type_support.c
[0.878s] -- Up-to-date: /root/colcon_ws/install/quadrotor_msgs/include/quadrotor_msgs/quadrotor_msgs/msg/detail/lqr_trajectory__rosidl_typesupport_introspection_c.h
[0.878s] -- Up-to-date: /root/colcon_ws/install/quadrotor_msgs/include/quadrotor_msgs/quadrotor_msgs/msg/detail/trpy_command__type_support.c
[0.878s] -- Up-to-date: /root/colcon_ws/install/quadrotor_msgs/include/quadrotor_msgs/quadrotor_msgs/msg/detail/odometry__type_support.c
[0.878s] -- Up-to-date: /root/colcon_ws/install/quadrotor_msgs/include/quadrotor_msgs/quadrotor_msgs/msg/detail/ppr_output_data__type_support.c
[0.879s] -- Up-to-date: /root/colcon_ws/install/quadrotor_msgs/include/quadrotor_msgs/quadrotor_msgs/msg/detail/odometry__rosidl_typesupport_introspection_c.h
[0.879s] -- Up-to-date: /root/colcon_ws/install/quadrotor_msgs/include/quadrotor_msgs/quadrotor_msgs/msg/detail/position_command__rosidl_typesupport_introspection_c.h
[0.879s] -- Up-to-date: /root/colcon_ws/install/quadrotor_msgs/include/quadrotor_msgs/quadrotor_msgs/msg/detail/serial__type_support.c
[0.879s] -- Up-to-date: /root/colcon_ws/install/quadrotor_msgs/include/quadrotor_msgs/quadrotor_msgs/msg/detail/status_data__type_support.c
[0.879s] -- Up-to-date: /root/colcon_ws/install/quadrotor_msgs/include/quadrotor_msgs/quadrotor_msgs/msg/rosidl_typesupport_introspection_c__visibility_control.h
[0.879s] -- Up-to-date: /root/colcon_ws/install/quadrotor_msgs/lib/libquadrotor_msgs__rosidl_typesupport_introspection_c.so
[0.879s] -- Up-to-date: /root/colcon_ws/install/quadrotor_msgs/lib/libquadrotor_msgs__rosidl_typesupport_c.so
[0.879s] -- Up-to-date: /root/colcon_ws/install/quadrotor_msgs/include/quadrotor_msgs/quadrotor_msgs
[0.879s] -- Up-to-date: /root/colcon_ws/install/quadrotor_msgs/include/quadrotor_msgs/quadrotor_msgs/msg
[0.879s] -- Up-to-date: /root/colcon_ws/install/quadrotor_msgs/include/quadrotor_msgs/quadrotor_msgs/msg/output_data.hpp
[0.879s] -- Up-to-date: /root/colcon_ws/install/quadrotor_msgs/include/quadrotor_msgs/quadrotor_msgs/msg/so3_command.hpp
[0.880s] -- Up-to-date: /root/colcon_ws/install/quadrotor_msgs/include/quadrotor_msgs/quadrotor_msgs/msg/corrections.hpp
[0.880s] -- Up-to-date: /root/colcon_ws/install/quadrotor_msgs/include/quadrotor_msgs/quadrotor_msgs/msg/aux_command.hpp
[0.880s] -- Up-to-date: /root/colcon_ws/install/quadrotor_msgs/include/quadrotor_msgs/quadrotor_msgs/msg/detail
[0.880s] -- Up-to-date: /root/colcon_ws/install/quadrotor_msgs/include/quadrotor_msgs/quadrotor_msgs/msg/detail/lqr_trajectory__type_support.hpp
[0.880s] -- Up-to-date: /root/colcon_ws/install/quadrotor_msgs/include/quadrotor_msgs/quadrotor_msgs/msg/detail/position_command__builder.hpp
[0.880s] -- Up-to-date: /root/colcon_ws/install/quadrotor_msgs/include/quadrotor_msgs/quadrotor_msgs/msg/detail/trpy_command__traits.hpp
[0.880s] -- Up-to-date: /root/colcon_ws/install/quadrotor_msgs/include/quadrotor_msgs/quadrotor_msgs/msg/detail/gains__builder.hpp
[0.880s] -- Up-to-date: /root/colcon_ws/install/quadrotor_msgs/include/quadrotor_msgs/quadrotor_msgs/msg/detail/corrections__traits.hpp
[0.880s] -- Up-to-date: /root/colcon_ws/install/quadrotor_msgs/include/quadrotor_msgs/quadrotor_msgs/msg/detail/status_data__type_support.hpp
[0.880s] -- Up-to-date: /root/colcon_ws/install/quadrotor_msgs/include/quadrotor_msgs/quadrotor_msgs/msg/detail/lqr_trajectory__traits.hpp
[0.881s] -- Up-to-date: /root/colcon_ws/install/quadrotor_msgs/include/quadrotor_msgs/quadrotor_msgs/msg/detail/so3_command__struct.hpp
[0.881s] -- Up-to-date: /root/colcon_ws/install/quadrotor_msgs/include/quadrotor_msgs/quadrotor_msgs/msg/detail/serial__traits.hpp
[0.881s] -- Up-to-date: /root/colcon_ws/install/quadrotor_msgs/include/quadrotor_msgs/quadrotor_msgs/msg/detail/corrections__struct.hpp
[0.881s] -- Up-to-date: /root/colcon_ws/install/quadrotor_msgs/include/quadrotor_msgs/quadrotor_msgs/msg/detail/trpy_command__type_support.hpp
[0.881s] -- Up-to-date: /root/colcon_ws/install/quadrotor_msgs/include/quadrotor_msgs/quadrotor_msgs/msg/detail/corrections__builder.hpp
[0.881s] -- Up-to-date: /root/colcon_ws/install/quadrotor_msgs/include/quadrotor_msgs/quadrotor_msgs/msg/detail/position_command__traits.hpp
[0.881s] -- Up-to-date: /root/colcon_ws/install/quadrotor_msgs/include/quadrotor_msgs/quadrotor_msgs/msg/detail/polynomial_trajectory__type_support.hpp
[0.881s] -- Up-to-date: /root/colcon_ws/install/quadrotor_msgs/include/quadrotor_msgs/quadrotor_msgs/msg/detail/status_data__builder.hpp
[0.881s] -- Up-to-date: /root/colcon_ws/install/quadrotor_msgs/include/quadrotor_msgs/quadrotor_msgs/msg/detail/output_data__struct.hpp
[0.881s] -- Up-to-date: /root/colcon_ws/install/quadrotor_msgs/include/quadrotor_msgs/quadrotor_msgs/msg/detail/trpy_command__struct.hpp
[0.881s] -- Up-to-date: /root/colcon_ws/install/quadrotor_msgs/include/quadrotor_msgs/quadrotor_msgs/msg/detail/aux_command__builder.hpp
[0.881s] -- Up-to-date: /root/colcon_ws/install/quadrotor_msgs/include/quadrotor_msgs/quadrotor_msgs/msg/detail/position_command__struct.hpp
[0.882s] -- Up-to-date: /root/colcon_ws/install/quadrotor_msgs/include/quadrotor_msgs/quadrotor_msgs/msg/detail/odometry__struct.hpp
[0.882s] -- Up-to-date: /root/colcon_ws/install/quadrotor_msgs/include/quadrotor_msgs/quadrotor_msgs/msg/detail/ppr_output_data__type_support.hpp
[0.882s] -- Up-to-date: /root/colcon_ws/install/quadrotor_msgs/include/quadrotor_msgs/quadrotor_msgs/msg/detail/odometry__type_support.hpp
[0.882s] -- Up-to-date: /root/colcon_ws/install/quadrotor_msgs/include/quadrotor_msgs/quadrotor_msgs/msg/detail/status_data__struct.hpp
[0.882s] -- Up-to-date: /root/colcon_ws/install/quadrotor_msgs/include/quadrotor_msgs/quadrotor_msgs/msg/detail/serial__type_support.hpp
[0.882s] -- Up-to-date: /root/colcon_ws/install/quadrotor_msgs/include/quadrotor_msgs/quadrotor_msgs/msg/detail/status_data__traits.hpp
[0.882s] -- Up-to-date: /root/colcon_ws/install/quadrotor_msgs/include/quadrotor_msgs/quadrotor_msgs/msg/detail/aux_command__traits.hpp
[0.882s] -- Up-to-date: /root/colcon_ws/install/quadrotor_msgs/include/quadrotor_msgs/quadrotor_msgs/msg/detail/gains__traits.hpp
[0.882s] -- Up-to-date: /root/colcon_ws/install/quadrotor_msgs/include/quadrotor_msgs/quadrotor_msgs/msg/detail/serial__builder.hpp
[0.882s] -- Up-to-date: /root/colcon_ws/install/quadrotor_msgs/include/quadrotor_msgs/quadrotor_msgs/msg/detail/aux_command__type_support.hpp
[0.882s] -- Up-to-date: /root/colcon_ws/install/quadrotor_msgs/include/quadrotor_msgs/quadrotor_msgs/msg/detail/so3_command__type_support.hpp
[0.883s] -- Up-to-date: /root/colcon_ws/install/quadrotor_msgs/include/quadrotor_msgs/quadrotor_msgs/msg/detail/trpy_command__builder.hpp
[0.883s] -- Up-to-date: /root/colcon_ws/install/quadrotor_msgs/include/quadrotor_msgs/quadrotor_msgs/msg/detail/serial__struct.hpp
[0.883s] -- Up-to-date: /root/colcon_ws/install/quadrotor_msgs/include/quadrotor_msgs/quadrotor_msgs/msg/detail/output_data__builder.hpp
[0.883s] -- Up-to-date: /root/colcon_ws/install/quadrotor_msgs/include/quadrotor_msgs/quadrotor_msgs/msg/detail/polynomial_trajectory__builder.hpp
[0.883s] -- Up-to-date: /root/colcon_ws/install/quadrotor_msgs/include/quadrotor_msgs/quadrotor_msgs/msg/detail/polynomial_trajectory__struct.hpp
[0.883s] -- Up-to-date: /root/colcon_ws/install/quadrotor_msgs/include/quadrotor_msgs/quadrotor_msgs/msg/detail/ppr_output_data__struct.hpp
[0.883s] -- Up-to-date: /root/colcon_ws/install/quadrotor_msgs/include/quadrotor_msgs/quadrotor_msgs/msg/detail/gains__struct.hpp
[0.883s] -- Up-to-date: /root/colcon_ws/install/quadrotor_msgs/include/quadrotor_msgs/quadrotor_msgs/msg/detail/polynomial_trajectory__traits.hpp
[0.883s] -- Up-to-date: /root/colcon_ws/install/quadrotor_msgs/include/quadrotor_msgs/quadrotor_msgs/msg/detail/lqr_trajectory__struct.hpp
[0.883s] -- Up-to-date: /root/colcon_ws/install/quadrotor_msgs/include/quadrotor_msgs/quadrotor_msgs/msg/detail/so3_command__traits.hpp
[0.883s] -- Up-to-date: /root/colcon_ws/install/quadrotor_msgs/include/quadrotor_msgs/quadrotor_msgs/msg/detail/odometry__builder.hpp
[0.884s] -- Up-to-date: /root/colcon_ws/install/quadrotor_msgs/include/quadrotor_msgs/quadrotor_msgs/msg/detail/so3_command__builder.hpp
[0.884s] -- Up-to-date: /root/colcon_ws/install/quadrotor_msgs/include/quadrotor_msgs/quadrotor_msgs/msg/detail/output_data__traits.hpp
[0.884s] -- Up-to-date: /root/colcon_ws/install/quadrotor_msgs/include/quadrotor_msgs/quadrotor_msgs/msg/detail/gains__type_support.hpp
[0.884s] -- Up-to-date: /root/colcon_ws/install/quadrotor_msgs/include/quadrotor_msgs/quadrotor_msgs/msg/detail/aux_command__struct.hpp
[0.884s] -- Up-to-date: /root/colcon_ws/install/quadrotor_msgs/include/quadrotor_msgs/quadrotor_msgs/msg/detail/lqr_trajectory__builder.hpp
[0.884s] -- Up-to-date: /root/colcon_ws/install/quadrotor_msgs/include/quadrotor_msgs/quadrotor_msgs/msg/detail/output_data__type_support.hpp
[0.884s] -- Up-to-date: /root/colcon_ws/install/quadrotor_msgs/include/quadrotor_msgs/quadrotor_msgs/msg/detail/ppr_output_data__traits.hpp
[0.884s] -- Up-to-date: /root/colcon_ws/install/quadrotor_msgs/include/quadrotor_msgs/quadrotor_msgs/msg/detail/position_command__type_support.hpp
[0.884s] -- Up-to-date: /root/colcon_ws/install/quadrotor_msgs/include/quadrotor_msgs/quadrotor_msgs/msg/detail/odometry__traits.hpp
[0.884s] -- Up-to-date: /root/colcon_ws/install/quadrotor_msgs/include/quadrotor_msgs/quadrotor_msgs/msg/detail/corrections__type_support.hpp
[0.884s] -- Up-to-date: /root/colcon_ws/install/quadrotor_msgs/include/quadrotor_msgs/quadrotor_msgs/msg/detail/ppr_output_data__builder.hpp
[0.885s] -- Up-to-date: /root/colcon_ws/install/quadrotor_msgs/include/quadrotor_msgs/quadrotor_msgs/msg/ppr_output_data.hpp
[0.885s] -- Up-to-date: /root/colcon_ws/install/quadrotor_msgs/include/quadrotor_msgs/quadrotor_msgs/msg/serial.hpp
[0.885s] -- Up-to-date: /root/colcon_ws/install/quadrotor_msgs/include/quadrotor_msgs/quadrotor_msgs/msg/status_data.hpp
[0.885s] -- Up-to-date: /root/colcon_ws/install/quadrotor_msgs/include/quadrotor_msgs/quadrotor_msgs/msg/position_command.hpp
[0.885s] -- Up-to-date: /root/colcon_ws/install/quadrotor_msgs/include/quadrotor_msgs/quadrotor_msgs/msg/lqr_trajectory.hpp
[0.885s] -- Up-to-date: /root/colcon_ws/install/quadrotor_msgs/include/quadrotor_msgs/quadrotor_msgs/msg/polynomial_trajectory.hpp
[0.885s] -- Up-to-date: /root/colcon_ws/install/quadrotor_msgs/include/quadrotor_msgs/quadrotor_msgs/msg/odometry.hpp
[0.885s] -- Up-to-date: /root/colcon_ws/install/quadrotor_msgs/include/quadrotor_msgs/quadrotor_msgs/msg/rosidl_generator_cpp__visibility_control.hpp
[0.885s] -- Up-to-date: /root/colcon_ws/install/quadrotor_msgs/include/quadrotor_msgs/quadrotor_msgs/msg/gains.hpp
[0.885s] -- Up-to-date: /root/colcon_ws/install/quadrotor_msgs/include/quadrotor_msgs/quadrotor_msgs/msg/trpy_command.hpp
[0.885s] -- Up-to-date: /root/colcon_ws/install/quadrotor_msgs/include/quadrotor_msgs/quadrotor_msgs
[0.886s] -- Up-to-date: /root/colcon_ws/install/quadrotor_msgs/include/quadrotor_msgs/quadrotor_msgs/msg
[0.886s] -- Up-to-date: /root/colcon_ws/install/quadrotor_msgs/include/quadrotor_msgs/quadrotor_msgs/msg/detail
[0.886s] -- Up-to-date: /root/colcon_ws/install/quadrotor_msgs/include/quadrotor_msgs/quadrotor_msgs/msg/detail/corrections__rosidl_typesupport_fastrtps_cpp.hpp
[0.886s] -- Up-to-date: /root/colcon_ws/install/quadrotor_msgs/include/quadrotor_msgs/quadrotor_msgs/msg/detail/so3_command__rosidl_typesupport_fastrtps_cpp.hpp
[0.886s] -- Up-to-date: /root/colcon_ws/install/quadrotor_msgs/include/quadrotor_msgs/quadrotor_msgs/msg/detail/polynomial_trajectory__rosidl_typesupport_fastrtps_cpp.hpp
[0.886s] -- Up-to-date: /root/colcon_ws/install/quadrotor_msgs/include/quadrotor_msgs/quadrotor_msgs/msg/detail/dds_fastrtps
[0.886s] -- Up-to-date: /root/colcon_ws/install/quadrotor_msgs/include/quadrotor_msgs/quadrotor_msgs/msg/detail/serial__rosidl_typesupport_fastrtps_cpp.hpp
[0.886s] -- Up-to-date: /root/colcon_ws/install/quadrotor_msgs/include/quadrotor_msgs/quadrotor_msgs/msg/detail/lqr_trajectory__rosidl_typesupport_fastrtps_cpp.hpp
[0.886s] -- Up-to-date: /root/colcon_ws/install/quadrotor_msgs/include/quadrotor_msgs/quadrotor_msgs/msg/detail/gains__rosidl_typesupport_fastrtps_cpp.hpp
[0.886s] -- Up-to-date: /root/colcon_ws/install/quadrotor_msgs/include/quadrotor_msgs/quadrotor_msgs/msg/detail/ppr_output_data__rosidl_typesupport_fastrtps_cpp.hpp
[0.886s] -- Up-to-date: /root/colcon_ws/install/quadrotor_msgs/include/quadrotor_msgs/quadrotor_msgs/msg/detail/status_data__rosidl_typesupport_fastrtps_cpp.hpp
[0.887s] -- Up-to-date: /root/colcon_ws/install/quadrotor_msgs/include/quadrotor_msgs/quadrotor_msgs/msg/detail/odometry__rosidl_typesupport_fastrtps_cpp.hpp
[0.887s] -- Up-to-date: /root/colcon_ws/install/quadrotor_msgs/include/quadrotor_msgs/quadrotor_msgs/msg/detail/aux_command__rosidl_typesupport_fastrtps_cpp.hpp
[0.887s] -- Up-to-date: /root/colcon_ws/install/quadrotor_msgs/include/quadrotor_msgs/quadrotor_msgs/msg/detail/position_command__rosidl_typesupport_fastrtps_cpp.hpp
[0.887s] -- Up-to-date: /root/colcon_ws/install/quadrotor_msgs/include/quadrotor_msgs/quadrotor_msgs/msg/detail/trpy_command__rosidl_typesupport_fastrtps_cpp.hpp
[0.887s] -- Up-to-date: /root/colcon_ws/install/quadrotor_msgs/include/quadrotor_msgs/quadrotor_msgs/msg/detail/output_data__rosidl_typesupport_fastrtps_cpp.hpp
[0.887s] -- Up-to-date: /root/colcon_ws/install/quadrotor_msgs/include/quadrotor_msgs/quadrotor_msgs/msg/rosidl_typesupport_fastrtps_cpp__visibility_control.h
[0.887s] -- Up-to-date: /root/colcon_ws/install/quadrotor_msgs/lib/libquadrotor_msgs__rosidl_typesupport_fastrtps_cpp.so
[0.887s] -- Up-to-date: /root/colcon_ws/install/quadrotor_msgs/include/quadrotor_msgs/quadrotor_msgs
[0.887s] -- Up-to-date: /root/colcon_ws/install/quadrotor_msgs/include/quadrotor_msgs/quadrotor_msgs/msg
[0.887s] -- Up-to-date: /root/colcon_ws/install/quadrotor_msgs/include/quadrotor_msgs/quadrotor_msgs/msg/detail
[0.887s] -- Up-to-date: /root/colcon_ws/install/quadrotor_msgs/include/quadrotor_msgs/quadrotor_msgs/msg/detail/polynomial_trajectory__type_support.cpp
[0.888s] -- Up-to-date: /root/colcon_ws/install/quadrotor_msgs/include/quadrotor_msgs/quadrotor_msgs/msg/detail/gains__type_support.cpp
[0.888s] -- Up-to-date: /root/colcon_ws/install/quadrotor_msgs/include/quadrotor_msgs/quadrotor_msgs/msg/detail/so3_command__rosidl_typesupport_introspection_cpp.hpp
[0.888s] -- Up-to-date: /root/colcon_ws/install/quadrotor_msgs/include/quadrotor_msgs/quadrotor_msgs/msg/detail/trpy_command__type_support.cpp
[0.888s] -- Up-to-date: /root/colcon_ws/install/quadrotor_msgs/include/quadrotor_msgs/quadrotor_msgs/msg/detail/ppr_output_data__type_support.cpp
[0.888s] -- Up-to-date: /root/colcon_ws/install/quadrotor_msgs/include/quadrotor_msgs/quadrotor_msgs/msg/detail/polynomial_trajectory__rosidl_typesupport_introspection_cpp.hpp
[0.888s] -- Up-to-date: /root/colcon_ws/install/quadrotor_msgs/include/quadrotor_msgs/quadrotor_msgs/msg/detail/position_command__rosidl_typesupport_introspection_cpp.hpp
[0.888s] -- Up-to-date: /root/colcon_ws/install/quadrotor_msgs/include/quadrotor_msgs/quadrotor_msgs/msg/detail/output_data__rosidl_typesupport_introspection_cpp.hpp
[0.888s] -- Up-to-date: /root/colcon_ws/install/quadrotor_msgs/include/quadrotor_msgs/quadrotor_msgs/msg/detail/trpy_command__rosidl_typesupport_introspection_cpp.hpp
[0.888s] -- Up-to-date: /root/colcon_ws/install/quadrotor_msgs/include/quadrotor_msgs/quadrotor_msgs/msg/detail/corrections__type_support.cpp
[0.888s] -- Up-to-date: /root/colcon_ws/install/quadrotor_msgs/include/quadrotor_msgs/quadrotor_msgs/msg/detail/odometry__type_support.cpp
[0.888s] -- Up-to-date: /root/colcon_ws/install/quadrotor_msgs/include/quadrotor_msgs/quadrotor_msgs/msg/detail/status_data__type_support.cpp
[0.889s] -- Up-to-date: /root/colcon_ws/install/quadrotor_msgs/include/quadrotor_msgs/quadrotor_msgs/msg/detail/so3_command__type_support.cpp
[0.889s] -- Up-to-date: /root/colcon_ws/install/quadrotor_msgs/include/quadrotor_msgs/quadrotor_msgs/msg/detail/serial__rosidl_typesupport_introspection_cpp.hpp
[0.889s] -- Up-to-date: /root/colcon_ws/install/quadrotor_msgs/include/quadrotor_msgs/quadrotor_msgs/msg/detail/status_data__rosidl_typesupport_introspection_cpp.hpp
[0.889s] -- Up-to-date: /root/colcon_ws/install/quadrotor_msgs/include/quadrotor_msgs/quadrotor_msgs/msg/detail/output_data__type_support.cpp
[0.889s] -- Up-to-date: /root/colcon_ws/install/quadrotor_msgs/include/quadrotor_msgs/quadrotor_msgs/msg/detail/corrections__rosidl_typesupport_introspection_cpp.hpp
[0.889s] -- Up-to-date: /root/colcon_ws/install/quadrotor_msgs/include/quadrotor_msgs/quadrotor_msgs/msg/detail/aux_command__type_support.cpp
[0.889s] -- Up-to-date: /root/colcon_ws/install/quadrotor_msgs/include/quadrotor_msgs/quadrotor_msgs/msg/detail/aux_command__rosidl_typesupport_introspection_cpp.hpp
[0.889s] -- Up-to-date: /root/colcon_ws/install/quadrotor_msgs/include/quadrotor_msgs/quadrotor_msgs/msg/detail/position_command__type_support.cpp
[0.889s] -- Up-to-date: /root/colcon_ws/install/quadrotor_msgs/include/quadrotor_msgs/quadrotor_msgs/msg/detail/odometry__rosidl_typesupport_introspection_cpp.hpp
[0.889s] -- Up-to-date: /root/colcon_ws/install/quadrotor_msgs/include/quadrotor_msgs/quadrotor_msgs/msg/detail/lqr_trajectory__rosidl_typesupport_introspection_cpp.hpp
[0.889s] -- Up-to-date: /root/colcon_ws/install/quadrotor_msgs/include/quadrotor_msgs/quadrotor_msgs/msg/detail/serial__type_support.cpp
[0.889s] -- Up-to-date: /root/colcon_ws/install/quadrotor_msgs/include/quadrotor_msgs/quadrotor_msgs/msg/detail/ppr_output_data__rosidl_typesupport_introspection_cpp.hpp
[0.890s] -- Up-to-date: /root/colcon_ws/install/quadrotor_msgs/include/quadrotor_msgs/quadrotor_msgs/msg/detail/lqr_trajectory__type_support.cpp
[0.890s] -- Up-to-date: /root/colcon_ws/install/quadrotor_msgs/include/quadrotor_msgs/quadrotor_msgs/msg/detail/gains__rosidl_typesupport_introspection_cpp.hpp
[0.890s] -- Up-to-date: /root/colcon_ws/install/quadrotor_msgs/lib/libquadrotor_msgs__rosidl_typesupport_introspection_cpp.so
[0.890s] -- Up-to-date: /root/colcon_ws/install/quadrotor_msgs/lib/libquadrotor_msgs__rosidl_typesupport_cpp.so
[0.890s] -- Up-to-date: /root/colcon_ws/install/quadrotor_msgs/share/quadrotor_msgs/environment/pythonpath.sh
[0.890s] -- Up-to-date: /root/colcon_ws/install/quadrotor_msgs/share/quadrotor_msgs/environment/pythonpath.dsv
[0.890s] -- Up-to-date: /root/colcon_ws/install/quadrotor_msgs/local/lib/python3.10/dist-packages/quadrotor_msgs-0.0.0-py3.10.egg-info
[0.890s] -- Installing: /root/colcon_ws/install/quadrotor_msgs/local/lib/python3.10/dist-packages/quadrotor_msgs-0.0.0-py3.10.egg-info/SOURCES.txt
[0.890s] -- Installing: /root/colcon_ws/install/quadrotor_msgs/local/lib/python3.10/dist-packages/quadrotor_msgs-0.0.0-py3.10.egg-info/dependency_links.txt
[0.890s] -- Installing: /root/colcon_ws/install/quadrotor_msgs/local/lib/python3.10/dist-packages/quadrotor_msgs-0.0.0-py3.10.egg-info/top_level.txt
[0.890s] -- Installing: /root/colcon_ws/install/quadrotor_msgs/local/lib/python3.10/dist-packages/quadrotor_msgs-0.0.0-py3.10.egg-info/PKG-INFO
[0.891s] -- Up-to-date: /root/colcon_ws/install/quadrotor_msgs/local/lib/python3.10/dist-packages/quadrotor_msgs
[0.891s] -- Up-to-date: /root/colcon_ws/install/quadrotor_msgs/local/lib/python3.10/dist-packages/quadrotor_msgs/msg
[0.891s] -- Up-to-date: /root/colcon_ws/install/quadrotor_msgs/local/lib/python3.10/dist-packages/quadrotor_msgs/msg/_position_command_s.c
[0.891s] -- Up-to-date: /root/colcon_ws/install/quadrotor_msgs/local/lib/python3.10/dist-packages/quadrotor_msgs/msg/_trpy_command.py
[0.891s] -- Up-to-date: /root/colcon_ws/install/quadrotor_msgs/local/lib/python3.10/dist-packages/quadrotor_msgs/msg/_status_data_s.c
[0.891s] -- Up-to-date: /root/colcon_ws/install/quadrotor_msgs/local/lib/python3.10/dist-packages/quadrotor_msgs/msg/_ppr_output_data.py
[0.891s] -- Up-to-date: /root/colcon_ws/install/quadrotor_msgs/local/lib/python3.10/dist-packages/quadrotor_msgs/msg/_odometry.py
[0.891s] -- Up-to-date: /root/colcon_ws/install/quadrotor_msgs/local/lib/python3.10/dist-packages/quadrotor_msgs/msg/_polynomial_trajectory_s.c
[0.891s] -- Up-to-date: /root/colcon_ws/install/quadrotor_msgs/local/lib/python3.10/dist-packages/quadrotor_msgs/msg/_so3_command_s.c
[0.891s] -- Up-to-date: /root/colcon_ws/install/quadrotor_msgs/local/lib/python3.10/dist-packages/quadrotor_msgs/msg/_so3_command.py
[0.891s] -- Up-to-date: /root/colcon_ws/install/quadrotor_msgs/local/lib/python3.10/dist-packages/quadrotor_msgs/msg/_corrections_s.c
[0.892s] -- Up-to-date: /root/colcon_ws/install/quadrotor_msgs/local/lib/python3.10/dist-packages/quadrotor_msgs/msg/_serial.py
[0.892s] -- Up-to-date: /root/colcon_ws/install/quadrotor_msgs/local/lib/python3.10/dist-packages/quadrotor_msgs/msg/_aux_command_s.c
[0.892s] -- Up-to-date: /root/colcon_ws/install/quadrotor_msgs/local/lib/python3.10/dist-packages/quadrotor_msgs/msg/_gains.py
[0.892s] -- Up-to-date: /root/colcon_ws/install/quadrotor_msgs/local/lib/python3.10/dist-packages/quadrotor_msgs/msg/_corrections.py
[0.892s] -- Up-to-date: /root/colcon_ws/install/quadrotor_msgs/local/lib/python3.10/dist-packages/quadrotor_msgs/msg/_lqr_trajectory.py
[0.892s] -- Up-to-date: /root/colcon_ws/install/quadrotor_msgs/local/lib/python3.10/dist-packages/quadrotor_msgs/msg/_trpy_command_s.c
[0.892s] -- Up-to-date: /root/colcon_ws/install/quadrotor_msgs/local/lib/python3.10/dist-packages/quadrotor_msgs/msg/_aux_command.py
[0.892s] -- Up-to-date: /root/colcon_ws/install/quadrotor_msgs/local/lib/python3.10/dist-packages/quadrotor_msgs/msg/_polynomial_trajectory.py
[0.892s] -- Up-to-date: /root/colcon_ws/install/quadrotor_msgs/local/lib/python3.10/dist-packages/quadrotor_msgs/msg/_lqr_trajectory_s.c
[0.892s] -- Up-to-date: /root/colcon_ws/install/quadrotor_msgs/local/lib/python3.10/dist-packages/quadrotor_msgs/msg/_status_data.py
[0.892s] -- Up-to-date: /root/colcon_ws/install/quadrotor_msgs/local/lib/python3.10/dist-packages/quadrotor_msgs/msg/_output_data.py
[0.893s] -- Up-to-date: /root/colcon_ws/install/quadrotor_msgs/local/lib/python3.10/dist-packages/quadrotor_msgs/msg/_ppr_output_data_s.c
[0.893s] -- Up-to-date: /root/colcon_ws/install/quadrotor_msgs/local/lib/python3.10/dist-packages/quadrotor_msgs/msg/_serial_s.c
[0.893s] -- Up-to-date: /root/colcon_ws/install/quadrotor_msgs/local/lib/python3.10/dist-packages/quadrotor_msgs/msg/_gains_s.c
[0.893s] -- Up-to-date: /root/colcon_ws/install/quadrotor_msgs/local/lib/python3.10/dist-packages/quadrotor_msgs/msg/_output_data_s.c
[0.893s] -- Up-to-date: /root/colcon_ws/install/quadrotor_msgs/local/lib/python3.10/dist-packages/quadrotor_msgs/msg/_odometry_s.c
[0.893s] -- Up-to-date: /root/colcon_ws/install/quadrotor_msgs/local/lib/python3.10/dist-packages/quadrotor_msgs/msg/_position_command.py
[0.893s] -- Up-to-date: /root/colcon_ws/install/quadrotor_msgs/local/lib/python3.10/dist-packages/quadrotor_msgs/msg/__init__.py
[0.893s] -- Up-to-date: /root/colcon_ws/install/quadrotor_msgs/local/lib/python3.10/dist-packages/quadrotor_msgs/_quadrotor_msgs_s.ep.rosidl_typesupport_introspection_c.c
[0.893s] -- Up-to-date: /root/colcon_ws/install/quadrotor_msgs/local/lib/python3.10/dist-packages/quadrotor_msgs/_quadrotor_msgs_s.ep.rosidl_typesupport_c.c
[0.893s] -- Up-to-date: /root/colcon_ws/install/quadrotor_msgs/local/lib/python3.10/dist-packages/quadrotor_msgs/libquadrotor_msgs__rosidl_generator_py.so
[0.893s] -- Up-to-date: /root/colcon_ws/install/quadrotor_msgs/local/lib/python3.10/dist-packages/quadrotor_msgs/quadrotor_msgs_s__rosidl_typesupport_introspection_c.cpython-310-aarch64-linux-gnu.so
[0.893s] -- Up-to-date: /root/colcon_ws/install/quadrotor_msgs/local/lib/python3.10/dist-packages/quadrotor_msgs/quadrotor_msgs_s__rosidl_typesupport_fastrtps_c.cpython-310-aarch64-linux-gnu.so
[0.894s] -- Up-to-date: /root/colcon_ws/install/quadrotor_msgs/local/lib/python3.10/dist-packages/quadrotor_msgs/quadrotor_msgs_s__rosidl_typesupport_c.cpython-310-aarch64-linux-gnu.so
[0.894s] -- Up-to-date: /root/colcon_ws/install/quadrotor_msgs/local/lib/python3.10/dist-packages/quadrotor_msgs/_quadrotor_msgs_s.ep.rosidl_typesupport_fastrtps_c.c
[0.894s] -- Up-to-date: /root/colcon_ws/install/quadrotor_msgs/local/lib/python3.10/dist-packages/quadrotor_msgs/__init__.py
[0.947s] Listing '/root/colcon_ws/install/quadrotor_msgs/local/lib/python3.10/dist-packages/quadrotor_msgs'...
[0.947s] Listing '/root/colcon_ws/install/quadrotor_msgs/local/lib/python3.10/dist-packages/quadrotor_msgs/msg'...
[0.959s] -- Up-to-date: /root/colcon_ws/install/quadrotor_msgs/local/lib/python3.10/dist-packages/quadrotor_msgs/quadrotor_msgs_s__rosidl_typesupport_fastrtps_c.cpython-310-aarch64-linux-gnu.so
[0.959s] -- Up-to-date: /root/colcon_ws/install/quadrotor_msgs/local/lib/python3.10/dist-packages/quadrotor_msgs/quadrotor_msgs_s__rosidl_typesupport_introspection_c.cpython-310-aarch64-linux-gnu.so
[0.959s] -- Up-to-date: /root/colcon_ws/install/quadrotor_msgs/local/lib/python3.10/dist-packages/quadrotor_msgs/quadrotor_msgs_s__rosidl_typesupport_c.cpython-310-aarch64-linux-gnu.so
[0.960s] -- Up-to-date: /root/colcon_ws/install/quadrotor_msgs/lib/libquadrotor_msgs__rosidl_generator_py.so
[0.960s] -- Up-to-date: /root/colcon_ws/install/quadrotor_msgs/share/quadrotor_msgs/msg/AuxCommand.idl
[0.962s] -- Up-to-date: /root/colcon_ws/install/quadrotor_msgs/share/quadrotor_msgs/msg/Corrections.idl
[0.963s] -- Up-to-date: /root/colcon_ws/install/quadrotor_msgs/share/quadrotor_msgs/msg/Gains.idl
[0.963s] -- Up-to-date: /root/colcon_ws/install/quadrotor_msgs/share/quadrotor_msgs/msg/OutputData.idl
[0.963s] -- Up-to-date: /root/colcon_ws/install/quadrotor_msgs/share/quadrotor_msgs/msg/PositionCommand.idl
[0.963s] -- Up-to-date: /root/colcon_ws/install/quadrotor_msgs/share/quadrotor_msgs/msg/PPROutputData.idl
[0.963s] -- Up-to-date: /root/colcon_ws/install/quadrotor_msgs/share/quadrotor_msgs/msg/Serial.idl
[0.963s] -- Up-to-date: /root/colcon_ws/install/quadrotor_msgs/share/quadrotor_msgs/msg/SO3Command.idl
[0.964s] -- Up-to-date: /root/colcon_ws/install/quadrotor_msgs/share/quadrotor_msgs/msg/StatusData.idl
[0.964s] -- Up-to-date: /root/colcon_ws/install/quadrotor_msgs/share/quadrotor_msgs/msg/TRPYCommand.idl
[0.964s] -- Up-to-date: /root/colcon_ws/install/quadrotor_msgs/share/quadrotor_msgs/msg/Odometry.idl
[0.964s] -- Up-to-date: /root/colcon_ws/install/quadrotor_msgs/share/quadrotor_msgs/msg/PolynomialTrajectory.idl
[0.964s] -- Up-to-date: /root/colcon_ws/install/quadrotor_msgs/share/quadrotor_msgs/msg/LQRTrajectory.idl
[0.964s] -- Up-to-date: /root/colcon_ws/install/quadrotor_msgs/share/quadrotor_msgs/msg/AuxCommand.msg
[0.964s] -- Up-to-date: /root/colcon_ws/install/quadrotor_msgs/share/quadrotor_msgs/msg/Corrections.msg
[0.964s] -- Up-to-date: /root/colcon_ws/install/quadrotor_msgs/share/quadrotor_msgs/msg/Gains.msg
[0.964s] -- Up-to-date: /root/colcon_ws/install/quadrotor_msgs/share/quadrotor_msgs/msg/OutputData.msg
[0.965s] -- Up-to-date: /root/colcon_ws/install/quadrotor_msgs/share/quadrotor_msgs/msg/PositionCommand.msg
[0.965s] -- Up-to-date: /root/colcon_ws/install/quadrotor_msgs/share/quadrotor_msgs/msg/PPROutputData.msg
[0.965s] -- Up-to-date: /root/colcon_ws/install/quadrotor_msgs/share/quadrotor_msgs/msg/Serial.msg
[0.965s] -- Up-to-date: /root/colcon_ws/install/quadrotor_msgs/share/quadrotor_msgs/msg/SO3Command.msg
[0.965s] -- Up-to-date: /root/colcon_ws/install/quadrotor_msgs/share/quadrotor_msgs/msg/StatusData.msg
[0.965s] -- Up-to-date: /root/colcon_ws/install/quadrotor_msgs/share/quadrotor_msgs/msg/TRPYCommand.msg
[0.965s] -- Up-to-date: /root/colcon_ws/install/quadrotor_msgs/share/quadrotor_msgs/msg/Odometry.msg
[0.965s] -- Up-to-date: /root/colcon_ws/install/quadrotor_msgs/share/quadrotor_msgs/msg/PolynomialTrajectory.msg
[0.966s] -- Up-to-date: /root/colcon_ws/install/quadrotor_msgs/share/quadrotor_msgs/msg/LQRTrajectory.msg
[0.966s] -- Up-to-date: /root/colcon_ws/install/quadrotor_msgs/share/ament_index/resource_index/package_run_dependencies/quadrotor_msgs
[0.966s] -- Up-to-date: /root/colcon_ws/install/quadrotor_msgs/share/ament_index/resource_index/parent_prefix_path/quadrotor_msgs
[0.966s] -- Up-to-date: /root/colcon_ws/install/quadrotor_msgs/share/quadrotor_msgs/environment/ament_prefix_path.sh
[0.966s] -- Up-to-date: /root/colcon_ws/install/quadrotor_msgs/share/quadrotor_msgs/environment/ament_prefix_path.dsv
[0.966s] -- Up-to-date: /root/colcon_ws/install/quadrotor_msgs/share/quadrotor_msgs/environment/path.sh
[0.966s] -- Up-to-date: /root/colcon_ws/install/quadrotor_msgs/share/quadrotor_msgs/environment/path.dsv
[0.966s] -- Up-to-date: /root/colcon_ws/install/quadrotor_msgs/share/quadrotor_msgs/local_setup.bash
[0.966s] -- Up-to-date: /root/colcon_ws/install/quadrotor_msgs/share/quadrotor_msgs/local_setup.sh
[0.967s] -- Up-to-date: /root/colcon_ws/install/quadrotor_msgs/share/quadrotor_msgs/local_setup.zsh
[0.967s] -- Up-to-date: /root/colcon_ws/install/quadrotor_msgs/share/quadrotor_msgs/local_setup.dsv
[0.967s] -- Installing: /root/colcon_ws/install/quadrotor_msgs/share/quadrotor_msgs/package.dsv
[0.967s] -- Up-to-date: /root/colcon_ws/install/quadrotor_msgs/share/ament_index/resource_index/packages/quadrotor_msgs
[0.967s] -- Up-to-date: /root/colcon_ws/install/quadrotor_msgs/share/quadrotor_msgs/cmake/export_quadrotor_msgs__rosidl_generator_cExport.cmake
[0.967s] -- Up-to-date: /root/colcon_ws/install/quadrotor_msgs/share/quadrotor_msgs/cmake/export_quadrotor_msgs__rosidl_generator_cExport-noconfig.cmake
[0.967s] -- Up-to-date: /root/colcon_ws/install/quadrotor_msgs/share/quadrotor_msgs/cmake/export_quadrotor_msgs__rosidl_typesupport_fastrtps_cExport.cmake
[0.967s] -- Up-to-date: /root/colcon_ws/install/quadrotor_msgs/share/quadrotor_msgs/cmake/export_quadrotor_msgs__rosidl_typesupport_fastrtps_cExport-noconfig.cmake
[0.967s] -- Up-to-date: /root/colcon_ws/install/quadrotor_msgs/share/quadrotor_msgs/cmake/quadrotor_msgs__rosidl_typesupport_introspection_cExport.cmake
[0.967s] -- Up-to-date: /root/colcon_ws/install/quadrotor_msgs/share/quadrotor_msgs/cmake/quadrotor_msgs__rosidl_typesupport_introspection_cExport-noconfig.cmake
[0.968s] -- Up-to-date: /root/colcon_ws/install/quadrotor_msgs/share/quadrotor_msgs/cmake/quadrotor_msgs__rosidl_typesupport_cExport.cmake
[0.968s] -- Up-to-date: /root/colcon_ws/install/quadrotor_msgs/share/quadrotor_msgs/cmake/quadrotor_msgs__rosidl_typesupport_cExport-noconfig.cmake
[0.968s] -- Up-to-date: /root/colcon_ws/install/quadrotor_msgs/share/quadrotor_msgs/cmake/export_quadrotor_msgs__rosidl_generator_cppExport.cmake
[0.968s] -- Up-to-date: /root/colcon_ws/install/quadrotor_msgs/share/quadrotor_msgs/cmake/export_quadrotor_msgs__rosidl_typesupport_fastrtps_cppExport.cmake
[0.968s] -- Up-to-date: /root/colcon_ws/install/quadrotor_msgs/share/quadrotor_msgs/cmake/export_quadrotor_msgs__rosidl_typesupport_fastrtps_cppExport-noconfig.cmake
[0.968s] -- Up-to-date: /root/colcon_ws/install/quadrotor_msgs/share/quadrotor_msgs/cmake/quadrotor_msgs__rosidl_typesupport_introspection_cppExport.cmake
[0.968s] -- Up-to-date: /root/colcon_ws/install/quadrotor_msgs/share/quadrotor_msgs/cmake/quadrotor_msgs__rosidl_typesupport_introspection_cppExport-noconfig.cmake
[0.968s] -- Up-to-date: /root/colcon_ws/install/quadrotor_msgs/share/quadrotor_msgs/cmake/quadrotor_msgs__rosidl_typesupport_cppExport.cmake
[0.968s] -- Up-to-date: /root/colcon_ws/install/quadrotor_msgs/share/quadrotor_msgs/cmake/quadrotor_msgs__rosidl_typesupport_cppExport-noconfig.cmake
[0.968s] -- Up-to-date: /root/colcon_ws/install/quadrotor_msgs/share/quadrotor_msgs/cmake/export_quadrotor_msgs__rosidl_generator_pyExport.cmake
[0.969s] -- Up-to-date: /root/colcon_ws/install/quadrotor_msgs/share/quadrotor_msgs/cmake/export_quadrotor_msgs__rosidl_generator_pyExport-noconfig.cmake
[0.969s] -- Up-to-date: /root/colcon_ws/install/quadrotor_msgs/share/quadrotor_msgs/cmake/rosidl_cmake-extras.cmake
[0.969s] -- Up-to-date: /root/colcon_ws/install/quadrotor_msgs/share/quadrotor_msgs/cmake/ament_cmake_export_dependencies-extras.cmake
[0.969s] -- Up-to-date: /root/colcon_ws/install/quadrotor_msgs/share/quadrotor_msgs/cmake/ament_cmake_export_include_directories-extras.cmake
[0.969s] -- Up-to-date: /root/colcon_ws/install/quadrotor_msgs/share/quadrotor_msgs/cmake/ament_cmake_export_libraries-extras.cmake
[0.969s] -- Up-to-date: /root/colcon_ws/install/quadrotor_msgs/share/quadrotor_msgs/cmake/ament_cmake_export_targets-extras.cmake
[0.969s] -- Up-to-date: /root/colcon_ws/install/quadrotor_msgs/share/quadrotor_msgs/cmake/rosidl_cmake_export_typesupport_targets-extras.cmake
[0.969s] -- Up-to-date: /root/colcon_ws/install/quadrotor_msgs/share/quadrotor_msgs/cmake/rosidl_cmake_export_typesupport_libraries-extras.cmake
[0.969s] -- Up-to-date: /root/colcon_ws/install/quadrotor_msgs/share/quadrotor_msgs/cmake/quadrotor_msgsConfig.cmake
[0.969s] -- Up-to-date: /root/colcon_ws/install/quadrotor_msgs/share/quadrotor_msgs/cmake/quadrotor_msgsConfig-version.cmake
[0.969s] -- Up-to-date: /root/colcon_ws/install/quadrotor_msgs/share/quadrotor_msgs/package.xml
[0.973s] Invoked command in '/root/colcon_ws/build/quadrotor_msgs' returned '0': CMAKE_PREFIX_PATH=/opt/ros/humble /usr/bin/cmake --install /root/colcon_ws/build/quadrotor_msgs
