[0.050s] Invoking command in '/root/colcon_ws/build/poly_traj': CMAKE_PREFIX_PATH=/opt/ros/humble /usr/bin/cmake --build /root/colcon_ws/build/poly_traj -- -j8 -l8
[0.097s] -- Found ament_cmake: 1.3.13 (/opt/ros/humble/share/ament_cmake/cmake)
[0.453s] -- Found rclcpp: 16.0.18 (/opt/ros/humble/share/rclcpp/cmake)
[0.558s] -- Found rosidl_generator_c: 3.1.8 (/opt/ros/humble/share/rosidl_generator_c/cmake)
[0.563s] -- Found rosidl_adapter: 3.1.8 (/opt/ros/humble/share/rosidl_adapter/cmake)
[0.579s] -- Found rosidl_generator_cpp: 3.1.8 (/opt/ros/humble/share/rosidl_generator_cpp/cmake)
[0.628s] -- Using all available rosidl_typesupport_c: rosidl_typesupport_fastrtps_c;rosidl_typesupport_introspection_c
[0.637s] -- Using all available rosidl_typesupport_cpp: rosidl_typesupport_fastrtps_cpp;rosidl_typesupport_introspection_cpp
[0.700s] -- Found rmw_implementation_cmake: 6.1.2 (/opt/ros/humble/share/rmw_implementation_cmake/cmake)
[0.706s] -- Found rmw_fastrtps_cpp: 6.2.10 (/opt/ros/humble/share/rmw_fastrtps_cpp/cmake)
[0.941s] -- Using RMW implementation 'rmw_fastrtps_cpp' as default
[1.230s] -- Configuring done
[1.248s] -- Generating done
[1.254s] -- Build files have been written to: /root/colcon_ws/build/poly_traj
[1.338s] [35m[1mConsolidate compiler generated dependencies of target poly_traj[0m
[1.397s] [ 50%] [32mBuilding CXX object CMakeFiles/poly_traj.dir/src/polynomial_traj.cpp.o[0m
[3.757s] In file included from [01m[K/usr/include/eigen3/Eigen/Core:214[m[K,
[3.758s]                  from [01m[K/usr/include/eigen3/Eigen/Dense:1[m[K,
[3.758s]                  from [01m[K/usr/include/eigen3/Eigen/Eigen:1[m[K,
[3.758s]                  from [01m[K/root/colcon_ws/src/Fast-Planner/fast_planner/poly_traj/include/poly_traj/polynomial_traj.h:29[m[K,
[3.758s]                  from [01m[K/root/colcon_ws/src/Fast-Planner/fast_planner/poly_traj/src/polynomial_traj.cpp:27[m[K:
[3.758s] [01m[K/usr/include/eigen3/Eigen/src/Core/arch/NEON/PacketMath.h:[m[K In function ‘[01m[KPacket Eigen::internal::pload(const typename Eigen::internal::unpacket_traits<T>::type*) [with Packet = Eigen::internal::eigen_packet_wrapper<int, 2>; typename Eigen::internal::unpacket_traits<T>::type = signed char][m[K’:
[3.758s] [01m[K/usr/include/eigen3/Eigen/src/Core/arch/NEON/PacketMath.h:1671:9:[m[K [01;35m[Kwarning: [m[K‘[01m[Kvoid* memcpy(void*, const void*, size_t)[m[K’ copying an object of non-trivial type ‘[01m[KEigen::internal::Packet4c[m[K’ {aka ‘[01m[Kstruct Eigen::internal::eigen_packet_wrapper<int, 2>[m[K’} from an array of ‘[01m[Kconst int8_t[m[K’ {aka ‘[01m[Kconst signed char[m[K’} [[01;35m[K-Wclass-memaccess[m[K]
[3.758s]  1671 |   [01;35m[Kmemcpy(&res, from, sizeof(Packet4c))[m[K;
[3.758s]       |   [01;35m[K~~~~~~^~~~~~~~~~~~~~~~~~~~~~~~~~~~~~[m[K
[3.758s] In file included from [01m[K/usr/include/eigen3/Eigen/Core:172[m[K,
[3.758s]                  from [01m[K/usr/include/eigen3/Eigen/Dense:1[m[K,
[3.759s]                  from [01m[K/usr/include/eigen3/Eigen/Eigen:1[m[K,
[3.759s]                  from [01m[K/root/colcon_ws/src/Fast-Planner/fast_planner/poly_traj/include/poly_traj/polynomial_traj.h:29[m[K,
[3.759s]                  from [01m[K/root/colcon_ws/src/Fast-Planner/fast_planner/poly_traj/src/polynomial_traj.cpp:27[m[K:
[3.759s] [01m[K/usr/include/eigen3/Eigen/src/Core/GenericPacketMath.h:159:8:[m[K [01;36m[Knote: [m[K‘[01m[KEigen::internal::Packet4c[m[K’ {aka ‘[01m[Kstruct Eigen::internal::eigen_packet_wrapper<int, 2>[m[K’} declared here
[3.759s]   159 | struct [01;36m[Keigen_packet_wrapper[m[K
[3.759s]       |        [01;36m[K^~~~~~~~~~~~~~~~~~~~[m[K
[3.760s] In file included from [01m[K/usr/include/eigen3/Eigen/Core:214[m[K,
[3.760s]                  from [01m[K/usr/include/eigen3/Eigen/Dense:1[m[K,
[3.761s]                  from [01m[K/usr/include/eigen3/Eigen/Eigen:1[m[K,
[3.761s]                  from [01m[K/root/colcon_ws/src/Fast-Planner/fast_planner/poly_traj/include/poly_traj/polynomial_traj.h:29[m[K,
[3.761s]                  from [01m[K/root/colcon_ws/src/Fast-Planner/fast_planner/poly_traj/src/polynomial_traj.cpp:27[m[K:
[3.761s] [01m[K/usr/include/eigen3/Eigen/src/Core/arch/NEON/PacketMath.h:[m[K In function ‘[01m[KPacket Eigen::internal::ploadu(const typename Eigen::internal::unpacket_traits<T>::type*) [with Packet = Eigen::internal::eigen_packet_wrapper<int, 2>; typename Eigen::internal::unpacket_traits<T>::type = signed char][m[K’:
[3.761s] [01m[K/usr/include/eigen3/Eigen/src/Core/arch/NEON/PacketMath.h:1716:9:[m[K [01;35m[Kwarning: [m[K‘[01m[Kvoid* memcpy(void*, const void*, size_t)[m[K’ copying an object of non-trivial type ‘[01m[KEigen::internal::Packet4c[m[K’ {aka ‘[01m[Kstruct Eigen::internal::eigen_packet_wrapper<int, 2>[m[K’} from an array of ‘[01m[Kconst int8_t[m[K’ {aka ‘[01m[Kconst signed char[m[K’} [[01;35m[K-Wclass-memaccess[m[K]
[3.761s]  1716 |   [01;35m[Kmemcpy(&res, from, sizeof(Packet4c))[m[K;
[3.761s]       |   [01;35m[K~~~~~~^~~~~~~~~~~~~~~~~~~~~~~~~~~~~~[m[K
[3.761s] In file included from [01m[K/usr/include/eigen3/Eigen/Core:172[m[K,
[3.761s]                  from [01m[K/usr/include/eigen3/Eigen/Dense:1[m[K,
[3.762s]                  from [01m[K/usr/include/eigen3/Eigen/Eigen:1[m[K,
[3.762s]                  from [01m[K/root/colcon_ws/src/Fast-Planner/fast_planner/poly_traj/include/poly_traj/polynomial_traj.h:29[m[K,
[3.762s]                  from [01m[K/root/colcon_ws/src/Fast-Planner/fast_planner/poly_traj/src/polynomial_traj.cpp:27[m[K:
[3.762s] [01m[K/usr/include/eigen3/Eigen/src/Core/GenericPacketMath.h:159:8:[m[K [01;36m[Knote: [m[K‘[01m[KEigen::internal::Packet4c[m[K’ {aka ‘[01m[Kstruct Eigen::internal::eigen_packet_wrapper<int, 2>[m[K’} declared here
[3.762s]   159 | struct [01;36m[Keigen_packet_wrapper[m[K
[3.762s]       |        [01;36m[K^~~~~~~~~~~~~~~~~~~~[m[K
[5.350s] In file included from [01m[K/root/colcon_ws/src/Fast-Planner/fast_planner/poly_traj/src/polynomial_traj.cpp:27[m[K:
[5.350s] [01m[K/root/colcon_ws/src/Fast-Planner/fast_planner/poly_traj/include/poly_traj/polynomial_traj.h:[m[K In member function ‘[01m[Kvoid PolynomialTraj::init()[m[K’:
[5.350s] [01m[K/root/colcon_ws/src/Fast-Planner/fast_planner/poly_traj/include/poly_traj/polynomial_traj.h:66:23:[m[K [01;35m[Kwarning: [m[Kcomparison of integer expressions of different signedness: ‘[01m[Kint[m[K’ and ‘[01m[Kstd::vector<double>::size_type[m[K’ {aka ‘[01m[Klong unsigned int[m[K’} [[01;35m[K-Wsign-compare[m[K]
[5.350s]    66 |     for (int i = 0; [01;35m[Ki < times.size()[m[K; ++i) {
[5.351s]       |                     [01;35m[K~~^~~~~~~~~~~~~~[m[K
[5.424s] [01m[K/root/colcon_ws/src/Fast-Planner/fast_planner/poly_traj/include/poly_traj/polynomial_traj.h:[m[K In member function ‘[01m[Kdouble PolynomialTraj::getLength()[m[K’:
[5.424s] [01m[K/root/colcon_ws/src/Fast-Planner/fast_planner/poly_traj/include/poly_traj/polynomial_traj.h:168:23:[m[K [01;35m[Kwarning: [m[Kcomparison of integer expressions of different signedness: ‘[01m[Kint[m[K’ and ‘[01m[Kstd::vector<Eigen::Matrix<double, 3, 1> >::size_type[m[K’ {aka ‘[01m[Klong unsigned int[m[K’} [[01;35m[K-Wsign-compare[m[K]
[5.424s]   168 |     for (int i = 1; [01;35m[Ki < traj_vec3d.size()[m[K; ++i) {
[5.424s]       |                     [01;35m[K~~^~~~~~~~~~~~~~~~~~~[m[K
[5.452s] [01m[K/root/colcon_ws/src/Fast-Planner/fast_planner/poly_traj/include/poly_traj/polynomial_traj.h:[m[K In member function ‘[01m[Kdouble PolynomialTraj::getAccCost()[m[K’:
[5.452s] [01m[K/root/colcon_ws/src/Fast-Planner/fast_planner/poly_traj/include/poly_traj/polynomial_traj.h:185:23:[m[K [01;35m[Kwarning: [m[Kcomparison of integer expressions of different signedness: ‘[01m[Kint[m[K’ and ‘[01m[Kstd::vector<double>::size_type[m[K’ {aka ‘[01m[Klong unsigned int[m[K’} [[01;35m[K-Wsign-compare[m[K]
[5.452s]   185 |     for (int s = 0; [01;35m[Ks < times.size()[m[K; ++s) {
[5.452s]       |                     [01;35m[K~~^~~~~~~~~~~~~~[m[K
[5.454s] [01m[K/root/colcon_ws/src/Fast-Planner/fast_planner/poly_traj/include/poly_traj/polynomial_traj.h:[m[K In member function ‘[01m[Kdouble PolynomialTraj::getJerk()[m[K’:
[5.454s] [01m[K/root/colcon_ws/src/Fast-Planner/fast_planner/poly_traj/include/poly_traj/polynomial_traj.h:198:23:[m[K [01;35m[Kwarning: [m[Kcomparison of integer expressions of different signedness: ‘[01m[Kint[m[K’ and ‘[01m[Kstd::vector<double>::size_type[m[K’ {aka ‘[01m[Klong unsigned int[m[K’} [[01;35m[K-Wsign-compare[m[K]
[5.454s]   198 |     for (int s = 0; [01;35m[Ks < times.size()[m[K; ++s) {
[5.454s]       |                     [01;35m[K~~^~~~~~~~~~~~~~[m[K
[5.640s] [01m[K/root/colcon_ws/src/Fast-Planner/fast_planner/poly_traj/include/poly_traj/polynomial_traj.h:[m[K In member function ‘[01m[Kvoid PolynomialTraj::getMeanAndMaxVel(double&, double&)[m[K’:
[5.640s] [01m[K/root/colcon_ws/src/Fast-Planner/fast_planner/poly_traj/include/poly_traj/polynomial_traj.h:227:23:[m[K [01;35m[Kwarning: [m[Kcomparison of integer expressions of different signedness: ‘[01m[Kint[m[K’ and ‘[01m[Kstd::vector<double>::size_type[m[K’ {aka ‘[01m[Klong unsigned int[m[K’} [[01;35m[K-Wsign-compare[m[K]
[5.640s]   227 |     for (int s = 0; [01;35m[Ks < times.size()[m[K; ++s) {
[5.640s]       |                     [01;35m[K~~^~~~~~~~~~~~~~[m[K
[5.644s] [01m[K/root/colcon_ws/src/Fast-Planner/fast_planner/poly_traj/include/poly_traj/polynomial_traj.h:[m[K In member function ‘[01m[Kvoid PolynomialTraj::getMeanAndMaxAcc(double&, double&)[m[K’:
[5.644s] [01m[K/root/colcon_ws/src/Fast-Planner/fast_planner/poly_traj/include/poly_traj/polynomial_traj.h:261:23:[m[K [01;35m[Kwarning: [m[Kcomparison of integer expressions of different signedness: ‘[01m[Kint[m[K’ and ‘[01m[Kstd::vector<double>::size_type[m[K’ {aka ‘[01m[Klong unsigned int[m[K’} [[01;35m[K-Wsign-compare[m[K]
[5.644s]   261 |     for (int s = 0; [01;35m[Ks < times.size()[m[K; ++s) {
[5.644s]       |                     [01;35m[K~~^~~~~~~~~~~~~~[m[K
[6.934s] [01m[K/root/colcon_ws/src/Fast-Planner/fast_planner/poly_traj/src/polynomial_traj.cpp:[m[K In function ‘[01m[KPolynomialTraj fastLine4deg(Eigen::Vector3d, Eigen::Vector3d, double, double, double)[m[K’:
[6.934s] [01m[K/root/colcon_ws/src/Fast-Planner/fast_planner/poly_traj/src/polynomial_traj.cpp:201:10:[m[K [01;35m[Kwarning: [m[Kunused variable ‘[01m[Klen[m[K’ [[01;35m[K-Wunused-variable[m[K]
[6.934s]   201 |   double [01;35m[Klen[m[K = disp.norm();
[6.934s]       |          [01;35m[K^~~[m[K
[6.934s] [01m[K/root/colcon_ws/src/Fast-Planner/fast_planner/poly_traj/src/polynomial_traj.cpp:202:19:[m[K [01;35m[Kwarning: [m[Kvariable ‘[01m[Kdir[m[K’ set but not used [[01;35m[K-Wunused-but-set-variable[m[K]
[6.934s]   202 |   Eigen::Vector3d [01;35m[Kdir[m[K = disp.normalized();
[6.934s]       |                   [01;35m[K^~~[m[K
[6.934s] [01m[K/root/colcon_ws/src/Fast-Planner/fast_planner/poly_traj/src/polynomial_traj.cpp:205:7:[m[K [01;35m[Kwarning: [m[Kvariable ‘[01m[Kmax_id[m[K’ set but not used [[01;35m[K-Wunused-but-set-variable[m[K]
[6.935s]   205 |   int [01;35m[Kmax_id[m[K = -1;
[6.935s]       |       [01;35m[K^~~~~~[m[K
[41.861s] [100%] [32m[1mLinking CXX static library libpoly_traj.a[0m
[42.160s] [100%] Built target poly_traj
