[100%] Built target so3_disturbance_generator
-- Install configuration: ""
-- Up-to-date: /root/colcon_ws/install/so3_disturbance_generator/lib/so3_disturbance_generator/so3_disturbance_generator
-- Up-to-date: /root/colcon_ws/install/so3_disturbance_generator/include
-- Up-to-date: /root/colcon_ws/install/so3_disturbance_generator/include/so3_disturbance_generator
-- Up-to-date: /root/colcon_ws/install/so3_disturbance_generator/include/so3_disturbance_generator/DisturbanceUIConfig.h
-- Up-to-date: /root/colcon_ws/install/so3_disturbance_generator/share/ament_index/resource_index/package_run_dependencies/so3_disturbance_generator
-- Up-to-date: /root/colcon_ws/install/so3_disturbance_generator/share/ament_index/resource_index/parent_prefix_path/so3_disturbance_generator
-- Up-to-date: /root/colcon_ws/install/so3_disturbance_generator/share/so3_disturbance_generator/environment/ament_prefix_path.sh
-- Up-to-date: /root/colcon_ws/install/so3_disturbance_generator/share/so3_disturbance_generator/environment/ament_prefix_path.dsv
-- Up-to-date: /root/colcon_ws/install/so3_disturbance_generator/share/so3_disturbance_generator/environment/path.sh
-- Up-to-date: /root/colcon_ws/install/so3_disturbance_generator/share/so3_disturbance_generator/environment/path.dsv
-- Up-to-date: /root/colcon_ws/install/so3_disturbance_generator/share/so3_disturbance_generator/local_setup.bash
-- Up-to-date: /root/colcon_ws/install/so3_disturbance_generator/share/so3_disturbance_generator/local_setup.sh
-- Up-to-date: /root/colcon_ws/install/so3_disturbance_generator/share/so3_disturbance_generator/local_setup.zsh
-- Up-to-date: /root/colcon_ws/install/so3_disturbance_generator/share/so3_disturbance_generator/local_setup.dsv
-- Installing: /root/colcon_ws/install/so3_disturbance_generator/share/so3_disturbance_generator/package.dsv
-- Up-to-date: /root/colcon_ws/install/so3_disturbance_generator/share/ament_index/resource_index/packages/so3_disturbance_generator
-- Up-to-date: /root/colcon_ws/install/so3_disturbance_generator/share/so3_disturbance_generator/cmake/so3_disturbance_generatorConfig.cmake
-- Up-to-date: /root/colcon_ws/install/so3_disturbance_generator/share/so3_disturbance_generator/cmake/so3_disturbance_generatorConfig-version.cmake
-- Up-to-date: /root/colcon_ws/install/so3_disturbance_generator/share/so3_disturbance_generator/package.xml
