[0.086s] Invoking command in '/root/colcon_ws/build/waypoint_generator': CMAKE_PREFIX_PATH=/opt/ros/humble /usr/bin/cmake --build /root/colcon_ws/build/waypoint_generator -- -j8 -l8
[0.273s] [100%] Built target waypoint_generator
[0.343s] Invoked command in '/root/colcon_ws/build/waypoint_generator' returned '0': CMAKE_PREFIX_PATH=/opt/ros/humble /usr/bin/cmake --build /root/colcon_ws/build/waypoint_generator -- -j8 -l8
[0.344s] Invoking command in '/root/colcon_ws/build/waypoint_generator': CMAKE_PREFIX_PATH=/opt/ros/humble /usr/bin/cmake --install /root/colcon_ws/build/waypoint_generator
[0.368s] -- Install configuration: ""
[0.368s] -- Up-to-date: /root/colcon_ws/install/waypoint_generator/lib/waypoint_generator/waypoint_generator
[0.368s] -- Up-to-date: /root/colcon_ws/install/waypoint_generator/share/ament_index/resource_index/package_run_dependencies/waypoint_generator
[0.368s] -- Up-to-date: /root/colcon_ws/install/waypoint_generator/share/ament_index/resource_index/parent_prefix_path/waypoint_generator
[0.369s] -- Up-to-date: /root/colcon_ws/install/waypoint_generator/share/waypoint_generator/environment/ament_prefix_path.sh
[0.369s] -- Up-to-date: /root/colcon_ws/install/waypoint_generator/share/waypoint_generator/environment/ament_prefix_path.dsv
[0.369s] -- Up-to-date: /root/colcon_ws/install/waypoint_generator/share/waypoint_generator/environment/path.sh
[0.369s] -- Up-to-date: /root/colcon_ws/install/waypoint_generator/share/waypoint_generator/environment/path.dsv
[0.369s] -- Up-to-date: /root/colcon_ws/install/waypoint_generator/share/waypoint_generator/local_setup.bash
[0.369s] -- Up-to-date: /root/colcon_ws/install/waypoint_generator/share/waypoint_generator/local_setup.sh
[0.369s] -- Up-to-date: /root/colcon_ws/install/waypoint_generator/share/waypoint_generator/local_setup.zsh
[0.369s] -- Up-to-date: /root/colcon_ws/install/waypoint_generator/share/waypoint_generator/local_setup.dsv
[0.370s] -- Installing: /root/colcon_ws/install/waypoint_generator/share/waypoint_generator/package.dsv
[0.372s] -- Up-to-date: /root/colcon_ws/install/waypoint_generator/share/ament_index/resource_index/packages/waypoint_generator
[0.373s] -- Up-to-date: /root/colcon_ws/install/waypoint_generator/share/waypoint_generator/cmake/waypoint_generatorConfig.cmake
[0.373s] -- Up-to-date: /root/colcon_ws/install/waypoint_generator/share/waypoint_generator/cmake/waypoint_generatorConfig-version.cmake
[0.373s] -- Up-to-date: /root/colcon_ws/install/waypoint_generator/share/waypoint_generator/package.xml
[0.394s] Invoked command in '/root/colcon_ws/build/waypoint_generator' returned '0': CMAKE_PREFIX_PATH=/opt/ros/humble /usr/bin/cmake --install /root/colcon_ws/build/waypoint_generator
