[0.062s] Invoking command in '/root/colcon_ws/build/multi_map_server': AMENT_PREFIX_PATH=/root/colcon_ws/install/quadrotor_msgs:/root/colcon_ws/install/pose_utils:${AMENT_PREFIX_PATH} CMAKE_PREFIX_PATH=/root/colcon_ws/install/quadrotor_msgs:/root/colcon_ws/install/pose_utils:/opt/ros/humble LD_LIBRARY_PATH=/root/colcon_ws/install/quadrotor_msgs/lib:/root/colcon_ws/install/pose_utils/lib:${LD_LIBRARY_PATH} PYTHONPATH=/root/colcon_ws/install/quadrotor_msgs/local/lib/python3.10/dist-packages:${PYTHONPATH} /usr/bin/cmake /root/colcon_ws/src/Fast-Planner/uav_simulator/Utils/multi_map_server -DCMAKE_INSTALL_PREFIX=/root/colcon_ws/install/multi_map_server
[0.204s] -- The C compiler identification is GNU 11.4.0
[0.365s] -- The CXX compiler identification is GNU 11.4.0
[0.381s] -- Detecting C compiler ABI info
[0.582s] -- Detecting C compiler ABI info - done
[0.593s] -- Check for working C compiler: /usr/bin/cc - skipped
[0.597s] -- Detecting C compile features
[0.597s] -- Detecting C compile features - done
[0.611s] -- Detecting CXX compiler ABI info
[0.858s] -- Detecting CXX compiler ABI info - done
[0.869s] -- Check for working CXX compiler: /usr/bin/c++ - skipped
[0.870s] -- Detecting CXX compile features
[0.870s] -- Detecting CXX compile features - done
[0.877s] -- Found ament_cmake: 1.3.13 (/opt/ros/humble/share/ament_cmake/cmake)
[1.336s] -- Found Python3: /usr/bin/python3 (found version "3.10.12") found components: Interpreter 
[1.606s] -- Found rclcpp: 16.0.18 (/opt/ros/humble/share/rclcpp/cmake)
[1.728s] -- Found rosidl_generator_c: 3.1.8 (/opt/ros/humble/share/rosidl_generator_c/cmake)
[1.742s] -- Found rosidl_adapter: 3.1.8 (/opt/ros/humble/share/rosidl_adapter/cmake)
[1.759s] -- Found rosidl_generator_cpp: 3.1.8 (/opt/ros/humble/share/rosidl_generator_cpp/cmake)
[1.784s] -- Using all available rosidl_typesupport_c: rosidl_typesupport_fastrtps_c;rosidl_typesupport_introspection_c
[1.814s] -- Using all available rosidl_typesupport_cpp: rosidl_typesupport_fastrtps_cpp;rosidl_typesupport_introspection_cpp
[1.918s] -- Found rmw_implementation_cmake: 6.1.2 (/opt/ros/humble/share/rmw_implementation_cmake/cmake)
[1.923s] -- Found rmw_fastrtps_cpp: 6.2.10 (/opt/ros/humble/share/rmw_fastrtps_cpp/cmake)
[2.174s] -- Found OpenSSL: /usr/lib/aarch64-linux-gnu/libcrypto.so (found version "3.0.2")  
[2.258s] -- Found FastRTPS: /opt/ros/humble/include  
[2.385s] -- Using RMW implementation 'rmw_fastrtps_cpp' as default
[2.428s] -- Looking for pthread.h
[2.645s] -- Looking for pthread.h - found
[2.646s] -- Performing Test CMAKE_HAVE_LIBC_PTHREAD
[2.872s] -- Performing Test CMAKE_HAVE_LIBC_PTHREAD - Success
[2.875s] -- Found Threads: TRUE  
[2.980s] -- Found geometry_msgs: 4.9.1 (/opt/ros/humble/share/geometry_msgs/cmake)
[3.007s] -- Found nav_msgs: 4.9.1 (/opt/ros/humble/share/nav_msgs/cmake)
[3.037s] -- Found sensor_msgs: 4.9.1 (/opt/ros/humble/share/sensor_msgs/cmake)
[3.070s] -- Found visualization_msgs: 4.9.1 (/opt/ros/humble/share/visualization_msgs/cmake)
[3.106s] -- Found std_srvs: 4.9.1 (/opt/ros/humble/share/std_srvs/cmake)
[3.127s] -- Found tf2: 0.25.19 (/opt/ros/humble/share/tf2/cmake)
[3.149s] -- Found tf2_ros: 0.25.19 (/opt/ros/humble/share/tf2_ros/cmake)
[3.338s] -- Found laser_geometry: 2.4.1 (/opt/ros/humble/share/laser_geometry/cmake)
[3.367s] -- Found pose_utils: 0.0.0 (/root/colcon_ws/install/pose_utils/share/pose_utils/cmake)
[3.380s] -- Found quadrotor_msgs: 0.0.0 (/root/colcon_ws/install/quadrotor_msgs/share/quadrotor_msgs/cmake)
[3.415s] -- Found Armadillo: /usr/include (found version "10.8.2") 
[3.420s] -- Found rosidl_default_generators: 1.2.0 (/opt/ros/humble/share/rosidl_default_generators/cmake)
[4.230s] -- Found ament_cmake_ros: 0.10.0 (/opt/ros/humble/share/ament_cmake_ros/cmake)
[5.468s] -- Using all available rosidl_typesupport_c: rosidl_typesupport_fastrtps_c;rosidl_typesupport_introspection_c
[5.857s] -- Using all available rosidl_typesupport_cpp: rosidl_typesupport_fastrtps_cpp;rosidl_typesupport_introspection_cpp
[5.922s] -- Found PythonInterp: /usr/bin/python3 (found suitable version "3.10.12", minimum required is "3.6") 
[5.927s] -- Found python_cmake_module: 0.10.0 (/opt/ros/humble/share/python_cmake_module/cmake)
[5.999s] -- Found PythonLibs: /usr/lib/aarch64-linux-gnu/libpython3.10.so (found suitable version "3.10.12", minimum required is "3.5") 
[6.000s] -- Using PYTHON_EXECUTABLE: /usr/bin/python3
[6.000s] -- Using PYTHON_INCLUDE_DIRS: /usr/include/python3.10
[6.000s] -- Using PYTHON_LIBRARIES: /usr/lib/aarch64-linux-gnu/libpython3.10.so
[6.048s] -- Found PythonExtra: .so  
[6.237s] -- Configuring done
[6.430s] -- Generating done
[6.476s] -- Build files have been written to: /root/colcon_ws/build/multi_map_server
