[0.050s] Invoking command in '/root/colcon_ws/build/quadrotor_msgs': CMAKE_PREFIX_PATH=/opt/ros/humble /usr/bin/cmake /root/colcon_ws/src/Fast-Planner/uav_simulator/Utils/quadrotor_msgs -DCMAKE_INSTALL_PREFIX=/root/colcon_ws/install/quadrotor_msgs
[0.166s] -- The C compiler identification is GNU 11.4.0
[0.276s] -- The CXX compiler identification is GNU 11.4.0
[0.292s] -- Detecting C compiler ABI info
[0.439s] -- Detecting C compiler ABI info - done
[0.451s] -- Check for working C compiler: /usr/bin/cc - skipped
[0.451s] -- Detecting C compile features
[0.451s] -- Detecting C compile features - done
[0.460s] -- Detecting CXX compiler ABI info
[0.646s] -- Detecting CXX compiler ABI info - done
[0.657s] -- Check for working CXX compiler: /usr/bin/c++ - skipped
[0.657s] -- Detecting CXX compile features
[0.658s] -- Detecting CXX compile features - done
[0.670s] -- Found ament_cmake: 1.3.13 (/opt/ros/humble/share/ament_cmake/cmake)
[1.017s] -- Found Python3: /usr/bin/python3 (found version "3.10.12") found components: Interpreter 
[1.238s] -- Found rosidl_default_generators: 1.2.0 (/opt/ros/humble/share/rosidl_default_generators/cmake)
[1.246s] -- Using all available rosidl_typesupport_c: rosidl_typesupport_fastrtps_c;rosidl_typesupport_introspection_c
[1.259s] -- Found rosidl_adapter: 3.1.8 (/opt/ros/humble/share/rosidl_adapter/cmake)
[1.339s] -- Using all available rosidl_typesupport_cpp: rosidl_typesupport_fastrtps_cpp;rosidl_typesupport_introspection_cpp
[1.415s] -- Found geometry_msgs: 4.9.1 (/opt/ros/humble/share/geometry_msgs/cmake)
[1.489s] -- Found nav_msgs: 4.9.1 (/opt/ros/humble/share/nav_msgs/cmake)
[2.216s] -- Found ament_cmake_ros: 0.10.0 (/opt/ros/humble/share/ament_cmake_ros/cmake)
[2.720s] -- Using all available rosidl_typesupport_c: rosidl_typesupport_fastrtps_c;rosidl_typesupport_introspection_c
[3.455s] -- Using all available rosidl_typesupport_cpp: rosidl_typesupport_fastrtps_cpp;rosidl_typesupport_introspection_cpp
[3.496s] -- Found PythonInterp: /usr/bin/python3 (found suitable version "3.10.12", minimum required is "3.6") 
[3.500s] -- Found python_cmake_module: 0.10.0 (/opt/ros/humble/share/python_cmake_module/cmake)
[3.555s] -- Found PythonLibs: /usr/lib/aarch64-linux-gnu/libpython3.10.so (found suitable version "3.10.12", minimum required is "3.5") 
[3.556s] -- Using PYTHON_EXECUTABLE: /usr/bin/python3
[3.556s] -- Using PYTHON_INCLUDE_DIRS: /usr/include/python3.10
[3.556s] -- Using PYTHON_LIBRARIES: /usr/lib/aarch64-linux-gnu/libpython3.10.so
[3.616s] -- Found PythonExtra: .so  
[3.744s] -- Configuring done
[3.862s] -- Generating done
[3.894s] -- Build files have been written to: /root/colcon_ws/build/quadrotor_msgs
[3.935s] Invoked command in '/root/colcon_ws/build/quadrotor_msgs' returned '0': CMAKE_PREFIX_PATH=/opt/ros/humble /usr/bin/cmake /root/colcon_ws/src/Fast-Planner/uav_simulator/Utils/quadrotor_msgs -DCMAKE_INSTALL_PREFIX=/root/colcon_ws/install/quadrotor_msgs
[3.935s] Invoking command in '/root/colcon_ws/build/quadrotor_msgs': CMAKE_PREFIX_PATH=/opt/ros/humble /usr/bin/cmake --build /root/colcon_ws/build/quadrotor_msgs -- -j8 -l8
[5.415s] [  1%] [34m[1mGenerating C code for ROS interfaces[0m
[5.415s] [  1%] [34m[1mGenerating C++ code for ROS interfaces[0m
[5.415s] [  1%] Built target ament_cmake_python_copy_quadrotor_msgs
[5.415s] running egg_info
[5.415s] creating quadrotor_msgs.egg-info
[5.415s] writing quadrotor_msgs.egg-info/PKG-INFO
[5.415s] writing dependency_links to quadrotor_msgs.egg-info/dependency_links.txt
[5.416s] writing top-level names to quadrotor_msgs.egg-info/top_level.txt
[5.416s] writing manifest file 'quadrotor_msgs.egg-info/SOURCES.txt'
[5.416s] reading manifest file 'quadrotor_msgs.egg-info/SOURCES.txt'
[5.416s] writing manifest file 'quadrotor_msgs.egg-info/SOURCES.txt'
[5.416s] [  1%] Built target ament_cmake_python_build_quadrotor_msgs_egg
[6.911s] [  1%] [32mBuilding C object CMakeFiles/quadrotor_msgs__rosidl_generator_c.dir/rosidl_generator_c/quadrotor_msgs/msg/detail/corrections__functions.c.o[0m
[6.911s] [  2%] [32mBuilding C object CMakeFiles/quadrotor_msgs__rosidl_generator_c.dir/rosidl_generator_c/quadrotor_msgs/msg/detail/aux_command__functions.c.o[0m
[6.923s] [  3%] [32mBuilding C object CMakeFiles/quadrotor_msgs__rosidl_generator_c.dir/rosidl_generator_c/quadrotor_msgs/msg/detail/gains__functions.c.o[0m
[6.951s] [  4%] [32mBuilding C object CMakeFiles/quadrotor_msgs__rosidl_generator_c.dir/rosidl_generator_c/quadrotor_msgs/msg/detail/output_data__functions.c.o[0m
[7.010s] [  5%] [32mBuilding C object CMakeFiles/quadrotor_msgs__rosidl_generator_c.dir/rosidl_generator_c/quadrotor_msgs/msg/detail/position_command__functions.c.o[0m
[7.034s] [  6%] [32mBuilding C object CMakeFiles/quadrotor_msgs__rosidl_generator_c.dir/rosidl_generator_c/quadrotor_msgs/msg/detail/ppr_output_data__functions.c.o[0m
[7.120s] [  6%] [32mBuilding C object CMakeFiles/quadrotor_msgs__rosidl_generator_c.dir/rosidl_generator_c/quadrotor_msgs/msg/detail/serial__functions.c.o[0m
[7.124s] [  7%] [32mBuilding C object CMakeFiles/quadrotor_msgs__rosidl_generator_c.dir/rosidl_generator_c/quadrotor_msgs/msg/detail/so3_command__functions.c.o[0m
[7.136s] [  8%] [32mBuilding C object CMakeFiles/quadrotor_msgs__rosidl_generator_c.dir/rosidl_generator_c/quadrotor_msgs/msg/detail/status_data__functions.c.o[0m
[7.193s] [  9%] [32mBuilding C object CMakeFiles/quadrotor_msgs__rosidl_generator_c.dir/rosidl_generator_c/quadrotor_msgs/msg/detail/trpy_command__functions.c.o[0m
[7.201s] [ 10%] [32mBuilding C object CMakeFiles/quadrotor_msgs__rosidl_generator_c.dir/rosidl_generator_c/quadrotor_msgs/msg/detail/odometry__functions.c.o[0m
[7.218s] [ 10%] [32mBuilding C object CMakeFiles/quadrotor_msgs__rosidl_generator_c.dir/rosidl_generator_c/quadrotor_msgs/msg/detail/polynomial_trajectory__functions.c.o[0m
[7.226s] [ 11%] [32mBuilding C object CMakeFiles/quadrotor_msgs__rosidl_generator_c.dir/rosidl_generator_c/quadrotor_msgs/msg/detail/lqr_trajectory__functions.c.o[0m
[7.376s] [ 11%] Built target quadrotor_msgs__cpp
[7.416s] [ 12%] [34m[1mGenerating C++ type support dispatch for ROS interfaces[0m
[7.437s] [ 12%] [34m[1mGenerating C++ introspection for ROS interfaces[0m
[7.457s] [ 13%] [34m[1mGenerating C++ type support for eProsima Fast-RTPS[0m
[7.470s] [ 14%] [32m[1mLinking C shared library libquadrotor_msgs__rosidl_generator_c.so[0m
[7.603s] [ 14%] Built target quadrotor_msgs__rosidl_generator_c
[7.646s] [ 15%] [34m[1mGenerating C type support for eProsima Fast-RTPS[0m
[7.666s] [ 16%] [34m[1mGenerating C introspection for ROS interfaces[0m
[7.717s] [ 17%] [34m[1mGenerating C type support dispatch for ROS interfaces[0m
[10.143s] [ 17%] [32mBuilding CXX object CMakeFiles/quadrotor_msgs__rosidl_typesupport_c.dir/rosidl_typesupport_c/quadrotor_msgs/msg/aux_command__type_support.cpp.o[0m
[10.217s] [ 18%] [32mBuilding CXX object CMakeFiles/quadrotor_msgs__rosidl_typesupport_c.dir/rosidl_typesupport_c/quadrotor_msgs/msg/corrections__type_support.cpp.o[0m
[10.241s] [ 19%] [32mBuilding CXX object CMakeFiles/quadrotor_msgs__rosidl_typesupport_c.dir/rosidl_typesupport_c/quadrotor_msgs/msg/gains__type_support.cpp.o[0m
[10.255s] [ 20%] [32mBuilding CXX object CMakeFiles/quadrotor_msgs__rosidl_typesupport_cpp.dir/rosidl_typesupport_cpp/quadrotor_msgs/msg/aux_command__type_support.cpp.o[0m
[10.267s] [ 21%] [32mBuilding CXX object CMakeFiles/quadrotor_msgs__rosidl_typesupport_c.dir/rosidl_typesupport_c/quadrotor_msgs/msg/output_data__type_support.cpp.o[0m
[10.440s] [ 22%] [32mBuilding CXX object CMakeFiles/quadrotor_msgs__rosidl_typesupport_c.dir/rosidl_typesupport_c/quadrotor_msgs/msg/position_command__type_support.cpp.o[0m
[10.532s] [ 22%] [32mBuilding CXX object CMakeFiles/quadrotor_msgs__rosidl_typesupport_c.dir/rosidl_typesupport_c/quadrotor_msgs/msg/ppr_output_data__type_support.cpp.o[0m
[10.545s] [ 23%] [32mBuilding CXX object CMakeFiles/quadrotor_msgs__rosidl_typesupport_cpp.dir/rosidl_typesupport_cpp/quadrotor_msgs/msg/corrections__type_support.cpp.o[0m
[10.673s] [ 24%] [32mBuilding CXX object CMakeFiles/quadrotor_msgs__rosidl_typesupport_c.dir/rosidl_typesupport_c/quadrotor_msgs/msg/serial__type_support.cpp.o[0m
[10.715s] [ 25%] [32mBuilding CXX object CMakeFiles/quadrotor_msgs__rosidl_typesupport_c.dir/rosidl_typesupport_c/quadrotor_msgs/msg/so3_command__type_support.cpp.o[0m
[10.879s] [ 26%] [32mBuilding CXX object CMakeFiles/quadrotor_msgs__rosidl_typesupport_c.dir/rosidl_typesupport_c/quadrotor_msgs/msg/status_data__type_support.cpp.o[0m
[10.911s] [ 27%] [32mBuilding CXX object CMakeFiles/quadrotor_msgs__rosidl_typesupport_c.dir/rosidl_typesupport_c/quadrotor_msgs/msg/trpy_command__type_support.cpp.o[0m
[11.073s] [ 27%] [32mBuilding CXX object CMakeFiles/quadrotor_msgs__rosidl_typesupport_c.dir/rosidl_typesupport_c/quadrotor_msgs/msg/odometry__type_support.cpp.o[0m
[11.223s] [ 28%] [32mBuilding CXX object CMakeFiles/quadrotor_msgs__rosidl_typesupport_c.dir/rosidl_typesupport_c/quadrotor_msgs/msg/polynomial_trajectory__type_support.cpp.o[0m
[11.253s] [ 29%] [32mBuilding CXX object CMakeFiles/quadrotor_msgs__rosidl_typesupport_c.dir/rosidl_typesupport_c/quadrotor_msgs/msg/lqr_trajectory__type_support.cpp.o[0m
[11.435s] [ 30%] [32m[1mLinking CXX shared library libquadrotor_msgs__rosidl_typesupport_c.so[0m
[11.467s] [ 30%] [32mBuilding CXX object CMakeFiles/quadrotor_msgs__rosidl_typesupport_cpp.dir/rosidl_typesupport_cpp/quadrotor_msgs/msg/gains__type_support.cpp.o[0m
[11.583s] [ 31%] [32mBuilding CXX object CMakeFiles/quadrotor_msgs__rosidl_typesupport_introspection_cpp.dir/rosidl_typesupport_introspection_cpp/quadrotor_msgs/msg/detail/aux_command__type_support.cpp.o[0m
[11.772s] [ 31%] Built target quadrotor_msgs__rosidl_typesupport_c
[11.828s] [ 32%] [32mBuilding CXX object CMakeFiles/quadrotor_msgs__rosidl_typesupport_cpp.dir/rosidl_typesupport_cpp/quadrotor_msgs/msg/output_data__type_support.cpp.o[0m
[11.985s] [ 33%] [32mBuilding CXX object CMakeFiles/quadrotor_msgs__rosidl_typesupport_fastrtps_cpp.dir/rosidl_typesupport_fastrtps_cpp/quadrotor_msgs/msg/detail/dds_fastrtps/aux_command__type_support.cpp.o[0m
[12.131s] [ 34%] [32mBuilding CXX object CMakeFiles/quadrotor_msgs__rosidl_typesupport_introspection_cpp.dir/rosidl_typesupport_introspection_cpp/quadrotor_msgs/msg/detail/corrections__type_support.cpp.o[0m
[12.240s] [ 35%] [32mBuilding CXX object CMakeFiles/quadrotor_msgs__rosidl_typesupport_fastrtps_c.dir/rosidl_typesupport_fastrtps_c/quadrotor_msgs/msg/detail/aux_command__type_support_c.cpp.o[0m
[12.337s] [ 36%] [32mBuilding CXX object CMakeFiles/quadrotor_msgs__rosidl_typesupport_cpp.dir/rosidl_typesupport_cpp/quadrotor_msgs/msg/position_command__type_support.cpp.o[0m
[12.358s] [ 37%] [32mBuilding CXX object CMakeFiles/quadrotor_msgs__rosidl_typesupport_cpp.dir/rosidl_typesupport_cpp/quadrotor_msgs/msg/ppr_output_data__type_support.cpp.o[0m
[12.460s] [ 38%] [32mBuilding C object CMakeFiles/quadrotor_msgs__rosidl_typesupport_introspection_c.dir/rosidl_typesupport_introspection_c/quadrotor_msgs/msg/detail/aux_command__type_support.c.o[0m
[12.695s] [ 39%] [32mBuilding C object CMakeFiles/quadrotor_msgs__rosidl_typesupport_introspection_c.dir/rosidl_typesupport_introspection_c/quadrotor_msgs/msg/detail/corrections__type_support.c.o[0m
[12.882s] [ 39%] [32mBuilding C object CMakeFiles/quadrotor_msgs__rosidl_typesupport_introspection_c.dir/rosidl_typesupport_introspection_c/quadrotor_msgs/msg/detail/gains__type_support.c.o[0m
[12.965s] [ 40%] [32mBuilding C object CMakeFiles/quadrotor_msgs__rosidl_typesupport_introspection_c.dir/rosidl_typesupport_introspection_c/quadrotor_msgs/msg/detail/output_data__type_support.c.o[0m
[13.024s] [ 41%] [32mBuilding C object CMakeFiles/quadrotor_msgs__rosidl_typesupport_introspection_c.dir/rosidl_typesupport_introspection_c/quadrotor_msgs/msg/detail/position_command__type_support.c.o[0m
[13.083s] [ 42%] [32mBuilding CXX object CMakeFiles/quadrotor_msgs__rosidl_typesupport_cpp.dir/rosidl_typesupport_cpp/quadrotor_msgs/msg/serial__type_support.cpp.o[0m
[13.233s] [ 43%] [32mBuilding C object CMakeFiles/quadrotor_msgs__rosidl_typesupport_introspection_c.dir/rosidl_typesupport_introspection_c/quadrotor_msgs/msg/detail/ppr_output_data__type_support.c.o[0m
[13.271s] [ 44%] [32mBuilding C object CMakeFiles/quadrotor_msgs__rosidl_typesupport_introspection_c.dir/rosidl_typesupport_introspection_c/quadrotor_msgs/msg/detail/serial__type_support.c.o[0m
[13.495s] [ 44%] [32mBuilding C object CMakeFiles/quadrotor_msgs__rosidl_typesupport_introspection_c.dir/rosidl_typesupport_introspection_c/quadrotor_msgs/msg/detail/so3_command__type_support.c.o[0m
[13.523s] [ 45%] [32mBuilding C object CMakeFiles/quadrotor_msgs__rosidl_typesupport_introspection_c.dir/rosidl_typesupport_introspection_c/quadrotor_msgs/msg/detail/status_data__type_support.c.o[0m
[13.719s] [ 45%] [32mBuilding CXX object CMakeFiles/quadrotor_msgs__rosidl_typesupport_cpp.dir/rosidl_typesupport_cpp/quadrotor_msgs/msg/so3_command__type_support.cpp.o[0m
[13.731s] [ 46%] [32mBuilding C object CMakeFiles/quadrotor_msgs__rosidl_typesupport_introspection_c.dir/rosidl_typesupport_introspection_c/quadrotor_msgs/msg/detail/trpy_command__type_support.c.o[0m
[13.796s] [ 47%] [32mBuilding CXX object CMakeFiles/quadrotor_msgs__rosidl_typesupport_fastrtps_cpp.dir/rosidl_typesupport_fastrtps_cpp/quadrotor_msgs/msg/detail/dds_fastrtps/corrections__type_support.cpp.o[0m
[13.906s] [ 48%] [32mBuilding CXX object CMakeFiles/quadrotor_msgs__rosidl_typesupport_fastrtps_cpp.dir/rosidl_typesupport_fastrtps_cpp/quadrotor_msgs/msg/detail/dds_fastrtps/gains__type_support.cpp.o[0m
[13.948s] [ 49%] [32mBuilding C object CMakeFiles/quadrotor_msgs__rosidl_typesupport_introspection_c.dir/rosidl_typesupport_introspection_c/quadrotor_msgs/msg/detail/odometry__type_support.c.o[0m
[13.988s] [ 49%] [32mBuilding CXX object CMakeFiles/quadrotor_msgs__rosidl_typesupport_fastrtps_c.dir/rosidl_typesupport_fastrtps_c/quadrotor_msgs/msg/detail/corrections__type_support_c.cpp.o[0m
[14.058s] [ 50%] [32mBuilding CXX object CMakeFiles/quadrotor_msgs__rosidl_typesupport_cpp.dir/rosidl_typesupport_cpp/quadrotor_msgs/msg/status_data__type_support.cpp.o[0m
[14.180s] [ 51%] [32mBuilding C object CMakeFiles/quadrotor_msgs__rosidl_typesupport_introspection_c.dir/rosidl_typesupport_introspection_c/quadrotor_msgs/msg/detail/polynomial_trajectory__type_support.c.o[0m
[14.270s] [ 52%] [32mBuilding CXX object CMakeFiles/quadrotor_msgs__rosidl_typesupport_introspection_cpp.dir/rosidl_typesupport_introspection_cpp/quadrotor_msgs/msg/detail/gains__type_support.cpp.o[0m
[14.457s] [ 52%] [32mBuilding C object CMakeFiles/quadrotor_msgs__rosidl_typesupport_introspection_c.dir/rosidl_typesupport_introspection_c/quadrotor_msgs/msg/detail/lqr_trajectory__type_support.c.o[0m
[14.504s] [ 53%] [32mBuilding CXX object CMakeFiles/quadrotor_msgs__rosidl_typesupport_cpp.dir/rosidl_typesupport_cpp/quadrotor_msgs/msg/trpy_command__type_support.cpp.o[0m
[14.735s] [ 54%] [32m[1mLinking C shared library libquadrotor_msgs__rosidl_typesupport_introspection_c.so[0m
[14.788s] [ 55%] [32mBuilding CXX object CMakeFiles/quadrotor_msgs__rosidl_typesupport_cpp.dir/rosidl_typesupport_cpp/quadrotor_msgs/msg/odometry__type_support.cpp.o[0m
[14.968s] [ 55%] Built target quadrotor_msgs__rosidl_typesupport_introspection_c
[15.040s] [ 55%] [32mBuilding CXX object CMakeFiles/quadrotor_msgs__rosidl_typesupport_fastrtps_cpp.dir/rosidl_typesupport_fastrtps_cpp/quadrotor_msgs/msg/detail/dds_fastrtps/output_data__type_support.cpp.o[0m
[15.468s] [ 56%] [32mBuilding CXX object CMakeFiles/quadrotor_msgs__rosidl_typesupport_cpp.dir/rosidl_typesupport_cpp/quadrotor_msgs/msg/polynomial_trajectory__type_support.cpp.o[0m
[15.493s] [ 56%] [32mBuilding CXX object CMakeFiles/quadrotor_msgs__rosidl_typesupport_cpp.dir/rosidl_typesupport_cpp/quadrotor_msgs/msg/lqr_trajectory__type_support.cpp.o[0m
[15.657s] [ 57%] [32mBuilding CXX object CMakeFiles/quadrotor_msgs__rosidl_typesupport_fastrtps_c.dir/rosidl_typesupport_fastrtps_c/quadrotor_msgs/msg/detail/gains__type_support_c.cpp.o[0m
[15.685s] [ 58%] [32mBuilding CXX object CMakeFiles/quadrotor_msgs__rosidl_typesupport_introspection_cpp.dir/rosidl_typesupport_introspection_cpp/quadrotor_msgs/msg/detail/output_data__type_support.cpp.o[0m
[15.697s] [ 59%] [32mBuilding CXX object CMakeFiles/quadrotor_msgs__rosidl_typesupport_fastrtps_cpp.dir/rosidl_typesupport_fastrtps_cpp/quadrotor_msgs/msg/detail/dds_fastrtps/position_command__type_support.cpp.o[0m
[15.802s] [ 60%] [32mBuilding CXX object CMakeFiles/quadrotor_msgs__rosidl_typesupport_fastrtps_cpp.dir/rosidl_typesupport_fastrtps_cpp/quadrotor_msgs/msg/detail/dds_fastrtps/ppr_output_data__type_support.cpp.o[0m
[15.883s] [ 61%] [32mBuilding CXX object CMakeFiles/quadrotor_msgs__rosidl_typesupport_fastrtps_c.dir/rosidl_typesupport_fastrtps_c/quadrotor_msgs/msg/detail/output_data__type_support_c.cpp.o[0m
[16.252s] [ 62%] [32mBuilding CXX object CMakeFiles/quadrotor_msgs__rosidl_typesupport_fastrtps_cpp.dir/rosidl_typesupport_fastrtps_cpp/quadrotor_msgs/msg/detail/dds_fastrtps/serial__type_support.cpp.o[0m
[16.629s] [ 63%] [32mBuilding CXX object CMakeFiles/quadrotor_msgs__rosidl_typesupport_fastrtps_cpp.dir/rosidl_typesupport_fastrtps_cpp/quadrotor_msgs/msg/detail/dds_fastrtps/so3_command__type_support.cpp.o[0m
[16.859s] [ 64%] [32m[1mLinking CXX shared library libquadrotor_msgs__rosidl_typesupport_cpp.so[0m
[17.021s] [ 64%] [32mBuilding CXX object CMakeFiles/quadrotor_msgs__rosidl_typesupport_fastrtps_cpp.dir/rosidl_typesupport_fastrtps_cpp/quadrotor_msgs/msg/detail/dds_fastrtps/status_data__type_support.cpp.o[0m
[17.102s] [ 64%] Built target quadrotor_msgs__rosidl_typesupport_cpp
[17.146s] [ 65%] [32mBuilding CXX object CMakeFiles/quadrotor_msgs__rosidl_typesupport_fastrtps_c.dir/rosidl_typesupport_fastrtps_c/quadrotor_msgs/msg/detail/position_command__type_support_c.cpp.o[0m
[17.146s] [ 66%] [32mBuilding CXX object CMakeFiles/quadrotor_msgs__rosidl_typesupport_fastrtps_cpp.dir/rosidl_typesupport_fastrtps_cpp/quadrotor_msgs/msg/detail/dds_fastrtps/trpy_command__type_support.cpp.o[0m
[17.154s] [ 66%] [32mBuilding CXX object CMakeFiles/quadrotor_msgs__rosidl_typesupport_introspection_cpp.dir/rosidl_typesupport_introspection_cpp/quadrotor_msgs/msg/detail/position_command__type_support.cpp.o[0m
[17.447s] [ 67%] [32mBuilding CXX object CMakeFiles/quadrotor_msgs__rosidl_typesupport_introspection_cpp.dir/rosidl_typesupport_introspection_cpp/quadrotor_msgs/msg/detail/ppr_output_data__type_support.cpp.o[0m
[17.478s] [ 68%] [32mBuilding CXX object CMakeFiles/quadrotor_msgs__rosidl_typesupport_fastrtps_cpp.dir/rosidl_typesupport_fastrtps_cpp/quadrotor_msgs/msg/detail/dds_fastrtps/odometry__type_support.cpp.o[0m
[18.144s] [ 69%] [32mBuilding CXX object CMakeFiles/quadrotor_msgs__rosidl_typesupport_fastrtps_cpp.dir/rosidl_typesupport_fastrtps_cpp/quadrotor_msgs/msg/detail/dds_fastrtps/polynomial_trajectory__type_support.cpp.o[0m
[18.533s] [ 70%] [32mBuilding CXX object CMakeFiles/quadrotor_msgs__rosidl_typesupport_fastrtps_cpp.dir/rosidl_typesupport_fastrtps_cpp/quadrotor_msgs/msg/detail/dds_fastrtps/lqr_trajectory__type_support.cpp.o[0m
[18.562s] [ 71%] [32mBuilding CXX object CMakeFiles/quadrotor_msgs__rosidl_typesupport_introspection_cpp.dir/rosidl_typesupport_introspection_cpp/quadrotor_msgs/msg/detail/serial__type_support.cpp.o[0m
[18.587s] [ 72%] [32mBuilding CXX object CMakeFiles/quadrotor_msgs__rosidl_typesupport_fastrtps_c.dir/rosidl_typesupport_fastrtps_c/quadrotor_msgs/msg/detail/ppr_output_data__type_support_c.cpp.o[0m
[18.606s] [ 72%] [32mBuilding CXX object CMakeFiles/quadrotor_msgs__rosidl_typesupport_fastrtps_c.dir/rosidl_typesupport_fastrtps_c/quadrotor_msgs/msg/detail/serial__type_support_c.cpp.o[0m
[18.611s] [ 73%] [32mBuilding CXX object CMakeFiles/quadrotor_msgs__rosidl_typesupport_fastrtps_c.dir/rosidl_typesupport_fastrtps_c/quadrotor_msgs/msg/detail/so3_command__type_support_c.cpp.o[0m
[18.980s] [ 74%] [32mBuilding CXX object CMakeFiles/quadrotor_msgs__rosidl_typesupport_introspection_cpp.dir/rosidl_typesupport_introspection_cpp/quadrotor_msgs/msg/detail/so3_command__type_support.cpp.o[0m
[19.259s] [ 75%] [32mBuilding CXX object CMakeFiles/quadrotor_msgs__rosidl_typesupport_fastrtps_c.dir/rosidl_typesupport_fastrtps_c/quadrotor_msgs/msg/detail/status_data__type_support_c.cpp.o[0m
[20.023s] [ 76%] [32mBuilding CXX object CMakeFiles/quadrotor_msgs__rosidl_typesupport_introspection_cpp.dir/rosidl_typesupport_introspection_cpp/quadrotor_msgs/msg/detail/status_data__type_support.cpp.o[0m
[20.119s] [ 77%] [32mBuilding CXX object CMakeFiles/quadrotor_msgs__rosidl_typesupport_fastrtps_c.dir/rosidl_typesupport_fastrtps_c/quadrotor_msgs/msg/detail/trpy_command__type_support_c.cpp.o[0m
[20.148s] [ 78%] [32mBuilding CXX object CMakeFiles/quadrotor_msgs__rosidl_typesupport_fastrtps_c.dir/rosidl_typesupport_fastrtps_c/quadrotor_msgs/msg/detail/odometry__type_support_c.cpp.o[0m
[20.319s] [ 78%] [32mBuilding CXX object CMakeFiles/quadrotor_msgs__rosidl_typesupport_fastrtps_c.dir/rosidl_typesupport_fastrtps_c/quadrotor_msgs/msg/detail/polynomial_trajectory__type_support_c.cpp.o[0m
[20.446s] [ 79%] [32mBuilding CXX object CMakeFiles/quadrotor_msgs__rosidl_typesupport_fastrtps_c.dir/rosidl_typesupport_fastrtps_c/quadrotor_msgs/msg/detail/lqr_trajectory__type_support_c.cpp.o[0m
[20.470s] [ 79%] [32m[1mLinking CXX shared library libquadrotor_msgs__rosidl_typesupport_fastrtps_cpp.so[0m
[20.633s] [ 79%] [32mBuilding CXX object CMakeFiles/quadrotor_msgs__rosidl_typesupport_introspection_cpp.dir/rosidl_typesupport_introspection_cpp/quadrotor_msgs/msg/detail/trpy_command__type_support.cpp.o[0m
[20.895s] [ 80%] [32mBuilding CXX object CMakeFiles/quadrotor_msgs__rosidl_typesupport_introspection_cpp.dir/rosidl_typesupport_introspection_cpp/quadrotor_msgs/msg/detail/odometry__type_support.cpp.o[0m
[20.938s] [ 80%] Built target quadrotor_msgs__rosidl_typesupport_fastrtps_cpp
[21.005s] [ 81%] [32mBuilding CXX object CMakeFiles/quadrotor_msgs__rosidl_typesupport_introspection_cpp.dir/rosidl_typesupport_introspection_cpp/quadrotor_msgs/msg/detail/polynomial_trajectory__type_support.cpp.o[0m
[21.400s] [ 82%] [32mBuilding CXX object CMakeFiles/quadrotor_msgs__rosidl_typesupport_introspection_cpp.dir/rosidl_typesupport_introspection_cpp/quadrotor_msgs/msg/detail/lqr_trajectory__type_support.cpp.o[0m
[21.976s] [ 83%] [32m[1mLinking CXX shared library libquadrotor_msgs__rosidl_typesupport_fastrtps_c.so[0m
[22.372s] [ 83%] Built target quadrotor_msgs__rosidl_typesupport_fastrtps_c
[22.471s] [ 84%] [32m[1mLinking CXX shared library libquadrotor_msgs__rosidl_typesupport_introspection_cpp.so[0m
[22.676s] [ 84%] Built target quadrotor_msgs__rosidl_typesupport_introspection_cpp
[22.731s] [ 84%] Built target quadrotor_msgs
[22.778s] [ 85%] [34m[1mGenerating Python code for ROS interfaces[0m
[26.919s] [ 85%] Built target quadrotor_msgs__py
[26.961s] [ 86%] [32mBuilding C object CMakeFiles/quadrotor_msgs__rosidl_generator_py.dir/rosidl_generator_py/quadrotor_msgs/msg/_aux_command_s.c.o[0m
[26.969s] [ 87%] [32mBuilding C object CMakeFiles/quadrotor_msgs__rosidl_generator_py.dir/rosidl_generator_py/quadrotor_msgs/msg/_gains_s.c.o[0m
[26.974s] [ 87%] [32mBuilding C object CMakeFiles/quadrotor_msgs__rosidl_generator_py.dir/rosidl_generator_py/quadrotor_msgs/msg/_corrections_s.c.o[0m
[26.983s] [ 88%] [32mBuilding C object CMakeFiles/quadrotor_msgs__rosidl_generator_py.dir/rosidl_generator_py/quadrotor_msgs/msg/_output_data_s.c.o[0m
[26.993s] [ 89%] [32mBuilding C object CMakeFiles/quadrotor_msgs__rosidl_generator_py.dir/rosidl_generator_py/quadrotor_msgs/msg/_position_command_s.c.o[0m
[27.070s] [ 90%] [32mBuilding C object CMakeFiles/quadrotor_msgs__rosidl_generator_py.dir/rosidl_generator_py/quadrotor_msgs/msg/_ppr_output_data_s.c.o[0m
[27.088s] [ 90%] [32mBuilding C object CMakeFiles/quadrotor_msgs__rosidl_generator_py.dir/rosidl_generator_py/quadrotor_msgs/msg/_serial_s.c.o[0m
[27.276s] [ 91%] [32mBuilding C object CMakeFiles/quadrotor_msgs__rosidl_generator_py.dir/rosidl_generator_py/quadrotor_msgs/msg/_so3_command_s.c.o[0m
[27.362s] [ 92%] [32mBuilding C object CMakeFiles/quadrotor_msgs__rosidl_generator_py.dir/rosidl_generator_py/quadrotor_msgs/msg/_status_data_s.c.o[0m
[27.394s] [ 93%] [32mBuilding C object CMakeFiles/quadrotor_msgs__rosidl_generator_py.dir/rosidl_generator_py/quadrotor_msgs/msg/_trpy_command_s.c.o[0m
[27.416s] [ 94%] [32mBuilding C object CMakeFiles/quadrotor_msgs__rosidl_generator_py.dir/rosidl_generator_py/quadrotor_msgs/msg/_odometry_s.c.o[0m
[27.462s] [ 94%] [32mBuilding C object CMakeFiles/quadrotor_msgs__rosidl_generator_py.dir/rosidl_generator_py/quadrotor_msgs/msg/_polynomial_trajectory_s.c.o[0m
[27.500s] [ 95%] [32mBuilding C object CMakeFiles/quadrotor_msgs__rosidl_generator_py.dir/rosidl_generator_py/quadrotor_msgs/msg/_lqr_trajectory_s.c.o[0m
[27.843s] [ 96%] [32m[1mLinking C shared library rosidl_generator_py/quadrotor_msgs/libquadrotor_msgs__rosidl_generator_py.so[0m
[27.943s] [ 96%] Built target quadrotor_msgs__rosidl_generator_py
[27.987s] [ 97%] [32mBuilding C object CMakeFiles/quadrotor_msgs__rosidl_typesupport_introspection_c__pyext.dir/rosidl_generator_py/quadrotor_msgs/_quadrotor_msgs_s.ep.rosidl_typesupport_introspection_c.c.o[0m
[27.991s] [ 98%] [32mBuilding C object CMakeFiles/quadrotor_msgs__rosidl_typesupport_fastrtps_c__pyext.dir/rosidl_generator_py/quadrotor_msgs/_quadrotor_msgs_s.ep.rosidl_typesupport_fastrtps_c.c.o[0m
[27.993s] [ 99%] [32mBuilding C object CMakeFiles/quadrotor_msgs__rosidl_typesupport_c__pyext.dir/rosidl_generator_py/quadrotor_msgs/_quadrotor_msgs_s.ep.rosidl_typesupport_c.c.o[0m
[28.294s] [100%] [32m[1mLinking C shared library rosidl_generator_py/quadrotor_msgs/quadrotor_msgs_s__rosidl_typesupport_introspection_c.cpython-310-aarch64-linux-gnu.so[0m
[28.294s] [100%] [32m[1mLinking C shared library rosidl_generator_py/quadrotor_msgs/quadrotor_msgs_s__rosidl_typesupport_fastrtps_c.cpython-310-aarch64-linux-gnu.so[0m
[28.350s] [100%] [32m[1mLinking C shared library rosidl_generator_py/quadrotor_msgs/quadrotor_msgs_s__rosidl_typesupport_c.cpython-310-aarch64-linux-gnu.so[0m
[28.386s] [100%] Built target quadrotor_msgs__rosidl_typesupport_fastrtps_c__pyext
[28.423s] [100%] Built target quadrotor_msgs__rosidl_typesupport_introspection_c__pyext
[28.440s] [100%] Built target quadrotor_msgs__rosidl_typesupport_c__pyext
