[0.061s] Invoking command in '/root/colcon_ws/build/quadrotor_msgs': CMAKE_PREFIX_PATH=/opt/ros/humble /usr/bin/cmake --build /root/colcon_ws/build/quadrotor_msgs -- -j8 -l8
[0.170s] [35m[1mConsolidate compiler generated dependencies of target quadrotor_msgs__rosidl_generator_c[0m
[0.198s] [  0%] Built target quadrotor_msgs__cpp
[0.242s] [ 12%] Built target quadrotor_msgs__rosidl_generator_c
[0.250s] [ 12%] Built target ament_cmake_python_copy_quadrotor_msgs
[0.250s] [35m[1mConsolidate compiler generated dependencies of target quadrotor_msgs__rosidl_typesupport_fastrtps_cpp[0m
[0.251s] [35m[1mConsolidate compiler generated dependencies of target quadrotor_msgs__rosidl_typesupport_introspection_cpp[0m
[0.251s] [35m[1mConsolidate compiler generated dependencies of target quadrotor_msgs__rosidl_typesupport_cpp[0m
[0.271s] [35m[1mConsolidate compiler generated dependencies of target quadrotor_msgs__rosidl_typesupport_introspection_c[0m
[0.287s] [35m[1mConsolidate compiler generated dependencies of target quadrotor_msgs__rosidl_typesupport_c[0m
[0.297s] [35m[1mConsolidate compiler generated dependencies of target quadrotor_msgs__rosidl_typesupport_fastrtps_c[0m
[0.328s] [ 24%] Built target quadrotor_msgs__rosidl_typesupport_fastrtps_cpp
[0.336s] [ 36%] Built target quadrotor_msgs__rosidl_typesupport_introspection_c
[0.343s] [ 48%] Built target quadrotor_msgs__rosidl_typesupport_introspection_cpp
[0.348s] [ 60%] Built target quadrotor_msgs__rosidl_typesupport_cpp
[0.367s] [ 72%] Built target quadrotor_msgs__rosidl_typesupport_c
[0.367s] [ 84%] Built target quadrotor_msgs__rosidl_typesupport_fastrtps_c
[0.416s] [ 84%] Built target quadrotor_msgs
[0.493s] [ 85%] Built target quadrotor_msgs__py
[0.524s] [35m[1mConsolidate compiler generated dependencies of target quadrotor_msgs__rosidl_generator_py[0m
[0.596s] [ 96%] Built target quadrotor_msgs__rosidl_generator_py
[0.656s] [35m[1mConsolidate compiler generated dependencies of target quadrotor_msgs__rosidl_typesupport_fastrtps_c__pyext[0m
[0.657s] [35m[1mConsolidate compiler generated dependencies of target quadrotor_msgs__rosidl_typesupport_c__pyext[0m
[0.657s] [35m[1mConsolidate compiler generated dependencies of target quadrotor_msgs__rosidl_typesupport_introspection_c__pyext[0m
[0.668s] [ 97%] Built target quadrotor_msgs__rosidl_typesupport_fastrtps_c__pyext
[0.689s] [ 98%] Built target quadrotor_msgs__rosidl_typesupport_c__pyext
[0.690s] [100%] Built target quadrotor_msgs__rosidl_typesupport_introspection_c__pyext
[0.810s] running egg_info
[0.811s] writing quadrotor_msgs.egg-info/PKG-INFO
[0.811s] writing dependency_links to quadrotor_msgs.egg-info/dependency_links.txt
[0.812s] writing top-level names to quadrotor_msgs.egg-info/top_level.txt
[0.816s] reading manifest file 'quadrotor_msgs.egg-info/SOURCES.txt'
[0.817s] writing manifest file 'quadrotor_msgs.egg-info/SOURCES.txt'
[0.903s] [100%] Built target ament_cmake_python_build_quadrotor_msgs_egg
[0.934s] Invoked command in '/root/colcon_ws/build/quadrotor_msgs' returned '0': CMAKE_PREFIX_PATH=/opt/ros/humble /usr/bin/cmake --build /root/colcon_ws/build/quadrotor_msgs -- -j8 -l8
[0.935s] Invoking command in '/root/colcon_ws/build/quadrotor_msgs': CMAKE_PREFIX_PATH=/opt/ros/humble /usr/bin/cmake --install /root/colcon_ws/build/quadrotor_msgs
[0.956s] -- Install configuration: ""
[0.956s] -- Installing: /root/colcon_ws/install/quadrotor_msgs/share/ament_index/resource_index/rosidl_interfaces/quadrotor_msgs
[0.956s] -- Installing: /root/colcon_ws/install/quadrotor_msgs/include/quadrotor_msgs/quadrotor_msgs
[0.959s] -- Installing: /root/colcon_ws/install/quadrotor_msgs/include/quadrotor_msgs/quadrotor_msgs/msg
[0.959s] -- Installing: /root/colcon_ws/install/quadrotor_msgs/include/quadrotor_msgs/quadrotor_msgs/msg/serial.h
[0.959s] -- Installing: /root/colcon_ws/install/quadrotor_msgs/include/quadrotor_msgs/quadrotor_msgs/msg/gains.h
[0.959s] -- Installing: /root/colcon_ws/install/quadrotor_msgs/include/quadrotor_msgs/quadrotor_msgs/msg/odometry.h
[0.959s] -- Installing: /root/colcon_ws/install/quadrotor_msgs/include/quadrotor_msgs/quadrotor_msgs/msg/detail
[0.960s] -- Installing: /root/colcon_ws/install/quadrotor_msgs/include/quadrotor_msgs/quadrotor_msgs/msg/detail/position_command__type_support.h
[0.960s] -- Installing: /root/colcon_ws/install/quadrotor_msgs/include/quadrotor_msgs/quadrotor_msgs/msg/detail/output_data__struct.h
[0.961s] -- Installing: /root/colcon_ws/install/quadrotor_msgs/include/quadrotor_msgs/quadrotor_msgs/msg/detail/odometry__struct.h
[0.961s] -- Installing: /root/colcon_ws/install/quadrotor_msgs/include/quadrotor_msgs/quadrotor_msgs/msg/detail/odometry__functions.c
[0.961s] -- Installing: /root/colcon_ws/install/quadrotor_msgs/include/quadrotor_msgs/quadrotor_msgs/msg/detail/polynomial_trajectory__functions.h
[0.962s] -- Installing: /root/colcon_ws/install/quadrotor_msgs/include/quadrotor_msgs/quadrotor_msgs/msg/detail/output_data__type_support.h
[0.962s] -- Installing: /root/colcon_ws/install/quadrotor_msgs/include/quadrotor_msgs/quadrotor_msgs/msg/detail/status_data__functions.c
[0.962s] -- Installing: /root/colcon_ws/install/quadrotor_msgs/include/quadrotor_msgs/quadrotor_msgs/msg/detail/ppr_output_data__type_support.h
[0.962s] -- Installing: /root/colcon_ws/install/quadrotor_msgs/include/quadrotor_msgs/quadrotor_msgs/msg/detail/gains__type_support.h
[0.962s] -- Installing: /root/colcon_ws/install/quadrotor_msgs/include/quadrotor_msgs/quadrotor_msgs/msg/detail/serial__struct.h
[0.962s] -- Installing: /root/colcon_ws/install/quadrotor_msgs/include/quadrotor_msgs/quadrotor_msgs/msg/detail/so3_command__type_support.h
[0.962s] -- Installing: /root/colcon_ws/install/quadrotor_msgs/include/quadrotor_msgs/quadrotor_msgs/msg/detail/gains__functions.h
[0.963s] -- Installing: /root/colcon_ws/install/quadrotor_msgs/include/quadrotor_msgs/quadrotor_msgs/msg/detail/lqr_trajectory__type_support.h
[0.963s] -- Installing: /root/colcon_ws/install/quadrotor_msgs/include/quadrotor_msgs/quadrotor_msgs/msg/detail/ppr_output_data__struct.h
[0.963s] -- Installing: /root/colcon_ws/install/quadrotor_msgs/include/quadrotor_msgs/quadrotor_msgs/msg/detail/corrections__type_support.h
[0.963s] -- Installing: /root/colcon_ws/install/quadrotor_msgs/include/quadrotor_msgs/quadrotor_msgs/msg/detail/output_data__functions.c
[0.964s] -- Installing: /root/colcon_ws/install/quadrotor_msgs/include/quadrotor_msgs/quadrotor_msgs/msg/detail/trpy_command__functions.h
[0.964s] -- Installing: /root/colcon_ws/install/quadrotor_msgs/include/quadrotor_msgs/quadrotor_msgs/msg/detail/lqr_trajectory__struct.h
[0.964s] -- Installing: /root/colcon_ws/install/quadrotor_msgs/include/quadrotor_msgs/quadrotor_msgs/msg/detail/aux_command__functions.c
[0.965s] -- Installing: /root/colcon_ws/install/quadrotor_msgs/include/quadrotor_msgs/quadrotor_msgs/msg/detail/so3_command__struct.h
[0.965s] -- Installing: /root/colcon_ws/install/quadrotor_msgs/include/quadrotor_msgs/quadrotor_msgs/msg/detail/polynomial_trajectory__type_support.h
[0.965s] -- Installing: /root/colcon_ws/install/quadrotor_msgs/include/quadrotor_msgs/quadrotor_msgs/msg/detail/polynomial_trajectory__functions.c
[0.966s] -- Installing: /root/colcon_ws/install/quadrotor_msgs/include/quadrotor_msgs/quadrotor_msgs/msg/detail/gains__struct.h
[0.966s] -- Installing: /root/colcon_ws/install/quadrotor_msgs/include/quadrotor_msgs/quadrotor_msgs/msg/detail/trpy_command__struct.h
[0.966s] -- Installing: /root/colcon_ws/install/quadrotor_msgs/include/quadrotor_msgs/quadrotor_msgs/msg/detail/aux_command__type_support.h
[0.966s] -- Installing: /root/colcon_ws/install/quadrotor_msgs/include/quadrotor_msgs/quadrotor_msgs/msg/detail/trpy_command__type_support.h
[0.966s] -- Installing: /root/colcon_ws/install/quadrotor_msgs/include/quadrotor_msgs/quadrotor_msgs/msg/detail/aux_command__struct.h
[0.967s] -- Installing: /root/colcon_ws/install/quadrotor_msgs/include/quadrotor_msgs/quadrotor_msgs/msg/detail/so3_command__functions.h
[0.967s] -- Installing: /root/colcon_ws/install/quadrotor_msgs/include/quadrotor_msgs/quadrotor_msgs/msg/detail/lqr_trajectory__functions.h
[0.967s] -- Installing: /root/colcon_ws/install/quadrotor_msgs/include/quadrotor_msgs/quadrotor_msgs/msg/detail/corrections__functions.c
[0.967s] -- Installing: /root/colcon_ws/install/quadrotor_msgs/include/quadrotor_msgs/quadrotor_msgs/msg/detail/so3_command__functions.c
[0.967s] -- Installing: /root/colcon_ws/install/quadrotor_msgs/include/quadrotor_msgs/quadrotor_msgs/msg/detail/odometry__functions.h
[0.968s] -- Installing: /root/colcon_ws/install/quadrotor_msgs/include/quadrotor_msgs/quadrotor_msgs/msg/detail/odometry__type_support.h
[0.968s] -- Installing: /root/colcon_ws/install/quadrotor_msgs/include/quadrotor_msgs/quadrotor_msgs/msg/detail/status_data__type_support.h
[0.968s] -- Installing: /root/colcon_ws/install/quadrotor_msgs/include/quadrotor_msgs/quadrotor_msgs/msg/detail/position_command__functions.h
[0.968s] -- Installing: /root/colcon_ws/install/quadrotor_msgs/include/quadrotor_msgs/quadrotor_msgs/msg/detail/polynomial_trajectory__struct.h
[0.968s] -- Installing: /root/colcon_ws/install/quadrotor_msgs/include/quadrotor_msgs/quadrotor_msgs/msg/detail/ppr_output_data__functions.h
[0.969s] -- Installing: /root/colcon_ws/install/quadrotor_msgs/include/quadrotor_msgs/quadrotor_msgs/msg/detail/serial__type_support.h
[0.969s] -- Installing: /root/colcon_ws/install/quadrotor_msgs/include/quadrotor_msgs/quadrotor_msgs/msg/detail/position_command__struct.h
[0.969s] -- Installing: /root/colcon_ws/install/quadrotor_msgs/include/quadrotor_msgs/quadrotor_msgs/msg/detail/ppr_output_data__functions.c
[0.969s] -- Installing: /root/colcon_ws/install/quadrotor_msgs/include/quadrotor_msgs/quadrotor_msgs/msg/detail/corrections__functions.h
[0.969s] -- Installing: /root/colcon_ws/install/quadrotor_msgs/include/quadrotor_msgs/quadrotor_msgs/msg/detail/gains__functions.c
[0.969s] -- Installing: /root/colcon_ws/install/quadrotor_msgs/include/quadrotor_msgs/quadrotor_msgs/msg/detail/position_command__functions.c
[0.970s] -- Installing: /root/colcon_ws/install/quadrotor_msgs/include/quadrotor_msgs/quadrotor_msgs/msg/detail/serial__functions.c
[0.970s] -- Installing: /root/colcon_ws/install/quadrotor_msgs/include/quadrotor_msgs/quadrotor_msgs/msg/detail/status_data__functions.h
[0.970s] -- Installing: /root/colcon_ws/install/quadrotor_msgs/include/quadrotor_msgs/quadrotor_msgs/msg/detail/aux_command__functions.h
[0.970s] -- Installing: /root/colcon_ws/install/quadrotor_msgs/include/quadrotor_msgs/quadrotor_msgs/msg/detail/output_data__functions.h
[0.970s] -- Installing: /root/colcon_ws/install/quadrotor_msgs/include/quadrotor_msgs/quadrotor_msgs/msg/detail/lqr_trajectory__functions.c
[0.971s] -- Installing: /root/colcon_ws/install/quadrotor_msgs/include/quadrotor_msgs/quadrotor_msgs/msg/detail/trpy_command__functions.c
[0.971s] -- Installing: /root/colcon_ws/install/quadrotor_msgs/include/quadrotor_msgs/quadrotor_msgs/msg/detail/serial__functions.h
[0.971s] -- Installing: /root/colcon_ws/install/quadrotor_msgs/include/quadrotor_msgs/quadrotor_msgs/msg/detail/corrections__struct.h
[0.971s] -- Installing: /root/colcon_ws/install/quadrotor_msgs/include/quadrotor_msgs/quadrotor_msgs/msg/detail/status_data__struct.h
[0.971s] -- Installing: /root/colcon_ws/install/quadrotor_msgs/include/quadrotor_msgs/quadrotor_msgs/msg/output_data.h
[0.972s] -- Installing: /root/colcon_ws/install/quadrotor_msgs/include/quadrotor_msgs/quadrotor_msgs/msg/polynomial_trajectory.h
[0.972s] -- Installing: /root/colcon_ws/install/quadrotor_msgs/include/quadrotor_msgs/quadrotor_msgs/msg/so3_command.h
[0.972s] -- Installing: /root/colcon_ws/install/quadrotor_msgs/include/quadrotor_msgs/quadrotor_msgs/msg/ppr_output_data.h
[0.972s] -- Installing: /root/colcon_ws/install/quadrotor_msgs/include/quadrotor_msgs/quadrotor_msgs/msg/aux_command.h
[0.972s] -- Installing: /root/colcon_ws/install/quadrotor_msgs/include/quadrotor_msgs/quadrotor_msgs/msg/trpy_command.h
[0.973s] -- Installing: /root/colcon_ws/install/quadrotor_msgs/include/quadrotor_msgs/quadrotor_msgs/msg/rosidl_generator_c__visibility_control.h
[0.973s] -- Installing: /root/colcon_ws/install/quadrotor_msgs/include/quadrotor_msgs/quadrotor_msgs/msg/status_data.h
[0.973s] -- Installing: /root/colcon_ws/install/quadrotor_msgs/include/quadrotor_msgs/quadrotor_msgs/msg/lqr_trajectory.h
[0.973s] -- Installing: /root/colcon_ws/install/quadrotor_msgs/include/quadrotor_msgs/quadrotor_msgs/msg/position_command.h
[0.973s] -- Installing: /root/colcon_ws/install/quadrotor_msgs/include/quadrotor_msgs/quadrotor_msgs/msg/corrections.h
[0.974s] -- Installing: /root/colcon_ws/install/quadrotor_msgs/share/quadrotor_msgs/environment/library_path.sh
[0.974s] -- Installing: /root/colcon_ws/install/quadrotor_msgs/share/quadrotor_msgs/environment/library_path.dsv
[0.975s] -- Installing: /root/colcon_ws/install/quadrotor_msgs/lib/libquadrotor_msgs__rosidl_generator_c.so
[0.975s] -- Set runtime path of "/root/colcon_ws/install/quadrotor_msgs/lib/libquadrotor_msgs__rosidl_generator_c.so" to ""
[0.975s] -- Up-to-date: /root/colcon_ws/install/quadrotor_msgs/include/quadrotor_msgs/quadrotor_msgs
[0.976s] -- Up-to-date: /root/colcon_ws/install/quadrotor_msgs/include/quadrotor_msgs/quadrotor_msgs/msg
[0.976s] -- Up-to-date: /root/colcon_ws/install/quadrotor_msgs/include/quadrotor_msgs/quadrotor_msgs/msg/detail
[0.976s] -- Installing: /root/colcon_ws/install/quadrotor_msgs/include/quadrotor_msgs/quadrotor_msgs/msg/detail/status_data__rosidl_typesupport_fastrtps_c.h
[0.976s] -- Installing: /root/colcon_ws/install/quadrotor_msgs/include/quadrotor_msgs/quadrotor_msgs/msg/detail/trpy_command__rosidl_typesupport_fastrtps_c.h
[0.976s] -- Installing: /root/colcon_ws/install/quadrotor_msgs/include/quadrotor_msgs/quadrotor_msgs/msg/detail/aux_command__rosidl_typesupport_fastrtps_c.h
[0.976s] -- Installing: /root/colcon_ws/install/quadrotor_msgs/include/quadrotor_msgs/quadrotor_msgs/msg/detail/so3_command__rosidl_typesupport_fastrtps_c.h
[0.976s] -- Installing: /root/colcon_ws/install/quadrotor_msgs/include/quadrotor_msgs/quadrotor_msgs/msg/detail/odometry__rosidl_typesupport_fastrtps_c.h
[0.977s] -- Installing: /root/colcon_ws/install/quadrotor_msgs/include/quadrotor_msgs/quadrotor_msgs/msg/detail/gains__rosidl_typesupport_fastrtps_c.h
[0.977s] -- Installing: /root/colcon_ws/install/quadrotor_msgs/include/quadrotor_msgs/quadrotor_msgs/msg/detail/polynomial_trajectory__rosidl_typesupport_fastrtps_c.h
[0.977s] -- Installing: /root/colcon_ws/install/quadrotor_msgs/include/quadrotor_msgs/quadrotor_msgs/msg/detail/lqr_trajectory__rosidl_typesupport_fastrtps_c.h
[0.977s] -- Installing: /root/colcon_ws/install/quadrotor_msgs/include/quadrotor_msgs/quadrotor_msgs/msg/detail/position_command__rosidl_typesupport_fastrtps_c.h
[0.977s] -- Installing: /root/colcon_ws/install/quadrotor_msgs/include/quadrotor_msgs/quadrotor_msgs/msg/detail/output_data__rosidl_typesupport_fastrtps_c.h
[0.977s] -- Installing: /root/colcon_ws/install/quadrotor_msgs/include/quadrotor_msgs/quadrotor_msgs/msg/detail/corrections__rosidl_typesupport_fastrtps_c.h
[0.977s] -- Installing: /root/colcon_ws/install/quadrotor_msgs/include/quadrotor_msgs/quadrotor_msgs/msg/detail/ppr_output_data__rosidl_typesupport_fastrtps_c.h
[0.978s] -- Installing: /root/colcon_ws/install/quadrotor_msgs/include/quadrotor_msgs/quadrotor_msgs/msg/detail/serial__rosidl_typesupport_fastrtps_c.h
[0.978s] -- Installing: /root/colcon_ws/install/quadrotor_msgs/include/quadrotor_msgs/quadrotor_msgs/msg/rosidl_typesupport_fastrtps_c__visibility_control.h
[0.978s] -- Installing: /root/colcon_ws/install/quadrotor_msgs/lib/libquadrotor_msgs__rosidl_typesupport_fastrtps_c.so
[0.979s] -- Set runtime path of "/root/colcon_ws/install/quadrotor_msgs/lib/libquadrotor_msgs__rosidl_typesupport_fastrtps_c.so" to ""
[0.979s] -- Up-to-date: /root/colcon_ws/install/quadrotor_msgs/include/quadrotor_msgs/quadrotor_msgs
[0.979s] -- Up-to-date: /root/colcon_ws/install/quadrotor_msgs/include/quadrotor_msgs/quadrotor_msgs/msg
[0.979s] -- Up-to-date: /root/colcon_ws/install/quadrotor_msgs/include/quadrotor_msgs/quadrotor_msgs/msg/detail
[0.980s] -- Installing: /root/colcon_ws/install/quadrotor_msgs/include/quadrotor_msgs/quadrotor_msgs/msg/detail/status_data__rosidl_typesupport_introspection_c.h
[0.980s] -- Installing: /root/colcon_ws/install/quadrotor_msgs/include/quadrotor_msgs/quadrotor_msgs/msg/detail/aux_command__type_support.c
[0.980s] -- Installing: /root/colcon_ws/install/quadrotor_msgs/include/quadrotor_msgs/quadrotor_msgs/msg/detail/so3_command__rosidl_typesupport_introspection_c.h
[0.980s] -- Installing: /root/colcon_ws/install/quadrotor_msgs/include/quadrotor_msgs/quadrotor_msgs/msg/detail/position_command__type_support.c
[0.980s] -- Installing: /root/colcon_ws/install/quadrotor_msgs/include/quadrotor_msgs/quadrotor_msgs/msg/detail/polynomial_trajectory__rosidl_typesupport_introspection_c.h
[0.980s] -- Installing: /root/colcon_ws/install/quadrotor_msgs/include/quadrotor_msgs/quadrotor_msgs/msg/detail/lqr_trajectory__type_support.c
[0.980s] -- Installing: /root/colcon_ws/install/quadrotor_msgs/include/quadrotor_msgs/quadrotor_msgs/msg/detail/output_data__rosidl_typesupport_introspection_c.h
[0.980s] -- Installing: /root/colcon_ws/install/quadrotor_msgs/include/quadrotor_msgs/quadrotor_msgs/msg/detail/so3_command__type_support.c
[0.981s] -- Installing: /root/colcon_ws/install/quadrotor_msgs/include/quadrotor_msgs/quadrotor_msgs/msg/detail/output_data__type_support.c
[0.981s] -- Installing: /root/colcon_ws/install/quadrotor_msgs/include/quadrotor_msgs/quadrotor_msgs/msg/detail/ppr_output_data__rosidl_typesupport_introspection_c.h
[0.981s] -- Installing: /root/colcon_ws/install/quadrotor_msgs/include/quadrotor_msgs/quadrotor_msgs/msg/detail/trpy_command__rosidl_typesupport_introspection_c.h
[0.981s] -- Installing: /root/colcon_ws/install/quadrotor_msgs/include/quadrotor_msgs/quadrotor_msgs/msg/detail/corrections__rosidl_typesupport_introspection_c.h
[0.982s] -- Installing: /root/colcon_ws/install/quadrotor_msgs/include/quadrotor_msgs/quadrotor_msgs/msg/detail/aux_command__rosidl_typesupport_introspection_c.h
[0.982s] -- Installing: /root/colcon_ws/install/quadrotor_msgs/include/quadrotor_msgs/quadrotor_msgs/msg/detail/serial__rosidl_typesupport_introspection_c.h
[0.982s] -- Installing: /root/colcon_ws/install/quadrotor_msgs/include/quadrotor_msgs/quadrotor_msgs/msg/detail/gains__type_support.c
[0.982s] -- Installing: /root/colcon_ws/install/quadrotor_msgs/include/quadrotor_msgs/quadrotor_msgs/msg/detail/corrections__type_support.c
[0.982s] -- Installing: /root/colcon_ws/install/quadrotor_msgs/include/quadrotor_msgs/quadrotor_msgs/msg/detail/gains__rosidl_typesupport_introspection_c.h
[0.982s] -- Installing: /root/colcon_ws/install/quadrotor_msgs/include/quadrotor_msgs/quadrotor_msgs/msg/detail/polynomial_trajectory__type_support.c
[0.983s] -- Installing: /root/colcon_ws/install/quadrotor_msgs/include/quadrotor_msgs/quadrotor_msgs/msg/detail/lqr_trajectory__rosidl_typesupport_introspection_c.h
[0.983s] -- Installing: /root/colcon_ws/install/quadrotor_msgs/include/quadrotor_msgs/quadrotor_msgs/msg/detail/trpy_command__type_support.c
[0.983s] -- Installing: /root/colcon_ws/install/quadrotor_msgs/include/quadrotor_msgs/quadrotor_msgs/msg/detail/odometry__type_support.c
[0.984s] -- Installing: /root/colcon_ws/install/quadrotor_msgs/include/quadrotor_msgs/quadrotor_msgs/msg/detail/ppr_output_data__type_support.c
[0.984s] -- Installing: /root/colcon_ws/install/quadrotor_msgs/include/quadrotor_msgs/quadrotor_msgs/msg/detail/odometry__rosidl_typesupport_introspection_c.h
[0.985s] -- Installing: /root/colcon_ws/install/quadrotor_msgs/include/quadrotor_msgs/quadrotor_msgs/msg/detail/position_command__rosidl_typesupport_introspection_c.h
[0.985s] -- Installing: /root/colcon_ws/install/quadrotor_msgs/include/quadrotor_msgs/quadrotor_msgs/msg/detail/serial__type_support.c
[0.985s] -- Installing: /root/colcon_ws/install/quadrotor_msgs/include/quadrotor_msgs/quadrotor_msgs/msg/detail/status_data__type_support.c
[0.985s] -- Installing: /root/colcon_ws/install/quadrotor_msgs/include/quadrotor_msgs/quadrotor_msgs/msg/rosidl_typesupport_introspection_c__visibility_control.h
[0.985s] -- Installing: /root/colcon_ws/install/quadrotor_msgs/lib/libquadrotor_msgs__rosidl_typesupport_introspection_c.so
[0.985s] -- Set runtime path of "/root/colcon_ws/install/quadrotor_msgs/lib/libquadrotor_msgs__rosidl_typesupport_introspection_c.so" to ""
[0.985s] -- Installing: /root/colcon_ws/install/quadrotor_msgs/lib/libquadrotor_msgs__rosidl_typesupport_c.so
[0.987s] -- Set runtime path of "/root/colcon_ws/install/quadrotor_msgs/lib/libquadrotor_msgs__rosidl_typesupport_c.so" to ""
[0.987s] -- Up-to-date: /root/colcon_ws/install/quadrotor_msgs/include/quadrotor_msgs/quadrotor_msgs
[0.987s] -- Up-to-date: /root/colcon_ws/install/quadrotor_msgs/include/quadrotor_msgs/quadrotor_msgs/msg
[0.987s] -- Installing: /root/colcon_ws/install/quadrotor_msgs/include/quadrotor_msgs/quadrotor_msgs/msg/output_data.hpp
[0.987s] -- Installing: /root/colcon_ws/install/quadrotor_msgs/include/quadrotor_msgs/quadrotor_msgs/msg/so3_command.hpp
[0.988s] -- Installing: /root/colcon_ws/install/quadrotor_msgs/include/quadrotor_msgs/quadrotor_msgs/msg/corrections.hpp
[0.988s] -- Installing: /root/colcon_ws/install/quadrotor_msgs/include/quadrotor_msgs/quadrotor_msgs/msg/aux_command.hpp
[0.988s] -- Up-to-date: /root/colcon_ws/install/quadrotor_msgs/include/quadrotor_msgs/quadrotor_msgs/msg/detail
[0.988s] -- Installing: /root/colcon_ws/install/quadrotor_msgs/include/quadrotor_msgs/quadrotor_msgs/msg/detail/lqr_trajectory__type_support.hpp
[0.989s] -- Installing: /root/colcon_ws/install/quadrotor_msgs/include/quadrotor_msgs/quadrotor_msgs/msg/detail/position_command__builder.hpp
[0.989s] -- Installing: /root/colcon_ws/install/quadrotor_msgs/include/quadrotor_msgs/quadrotor_msgs/msg/detail/trpy_command__traits.hpp
[0.989s] -- Installing: /root/colcon_ws/install/quadrotor_msgs/include/quadrotor_msgs/quadrotor_msgs/msg/detail/gains__builder.hpp
[0.989s] -- Installing: /root/colcon_ws/install/quadrotor_msgs/include/quadrotor_msgs/quadrotor_msgs/msg/detail/corrections__traits.hpp
[0.991s] -- Installing: /root/colcon_ws/install/quadrotor_msgs/include/quadrotor_msgs/quadrotor_msgs/msg/detail/status_data__type_support.hpp
[0.991s] -- Installing: /root/colcon_ws/install/quadrotor_msgs/include/quadrotor_msgs/quadrotor_msgs/msg/detail/lqr_trajectory__traits.hpp
[0.991s] -- Installing: /root/colcon_ws/install/quadrotor_msgs/include/quadrotor_msgs/quadrotor_msgs/msg/detail/so3_command__struct.hpp
[0.991s] -- Installing: /root/colcon_ws/install/quadrotor_msgs/include/quadrotor_msgs/quadrotor_msgs/msg/detail/serial__traits.hpp
[0.992s] -- Installing: /root/colcon_ws/install/quadrotor_msgs/include/quadrotor_msgs/quadrotor_msgs/msg/detail/corrections__struct.hpp
[0.992s] -- Installing: /root/colcon_ws/install/quadrotor_msgs/include/quadrotor_msgs/quadrotor_msgs/msg/detail/trpy_command__type_support.hpp
[0.992s] -- Installing: /root/colcon_ws/install/quadrotor_msgs/include/quadrotor_msgs/quadrotor_msgs/msg/detail/corrections__builder.hpp
[0.992s] -- Installing: /root/colcon_ws/install/quadrotor_msgs/include/quadrotor_msgs/quadrotor_msgs/msg/detail/position_command__traits.hpp
[0.993s] -- Installing: /root/colcon_ws/install/quadrotor_msgs/include/quadrotor_msgs/quadrotor_msgs/msg/detail/polynomial_trajectory__type_support.hpp
[0.994s] -- Installing: /root/colcon_ws/install/quadrotor_msgs/include/quadrotor_msgs/quadrotor_msgs/msg/detail/status_data__builder.hpp
[0.994s] -- Installing: /root/colcon_ws/install/quadrotor_msgs/include/quadrotor_msgs/quadrotor_msgs/msg/detail/output_data__struct.hpp
[0.994s] -- Installing: /root/colcon_ws/install/quadrotor_msgs/include/quadrotor_msgs/quadrotor_msgs/msg/detail/trpy_command__struct.hpp
[0.994s] -- Installing: /root/colcon_ws/install/quadrotor_msgs/include/quadrotor_msgs/quadrotor_msgs/msg/detail/aux_command__builder.hpp
[0.994s] -- Installing: /root/colcon_ws/install/quadrotor_msgs/include/quadrotor_msgs/quadrotor_msgs/msg/detail/position_command__struct.hpp
[0.994s] -- Installing: /root/colcon_ws/install/quadrotor_msgs/include/quadrotor_msgs/quadrotor_msgs/msg/detail/odometry__struct.hpp
[0.994s] -- Installing: /root/colcon_ws/install/quadrotor_msgs/include/quadrotor_msgs/quadrotor_msgs/msg/detail/ppr_output_data__type_support.hpp
[0.995s] -- Installing: /root/colcon_ws/install/quadrotor_msgs/include/quadrotor_msgs/quadrotor_msgs/msg/detail/odometry__type_support.hpp
[0.995s] -- Installing: /root/colcon_ws/install/quadrotor_msgs/include/quadrotor_msgs/quadrotor_msgs/msg/detail/status_data__struct.hpp
[0.995s] -- Installing: /root/colcon_ws/install/quadrotor_msgs/include/quadrotor_msgs/quadrotor_msgs/msg/detail/serial__type_support.hpp
[0.995s] -- Installing: /root/colcon_ws/install/quadrotor_msgs/include/quadrotor_msgs/quadrotor_msgs/msg/detail/status_data__traits.hpp
[0.995s] -- Installing: /root/colcon_ws/install/quadrotor_msgs/include/quadrotor_msgs/quadrotor_msgs/msg/detail/aux_command__traits.hpp
[0.997s] -- Installing: /root/colcon_ws/install/quadrotor_msgs/include/quadrotor_msgs/quadrotor_msgs/msg/detail/gains__traits.hpp
[0.997s] -- Installing: /root/colcon_ws/install/quadrotor_msgs/include/quadrotor_msgs/quadrotor_msgs/msg/detail/serial__builder.hpp
[0.997s] -- Installing: /root/colcon_ws/install/quadrotor_msgs/include/quadrotor_msgs/quadrotor_msgs/msg/detail/aux_command__type_support.hpp
[0.997s] -- Installing: /root/colcon_ws/install/quadrotor_msgs/include/quadrotor_msgs/quadrotor_msgs/msg/detail/so3_command__type_support.hpp
[0.998s] -- Installing: /root/colcon_ws/install/quadrotor_msgs/include/quadrotor_msgs/quadrotor_msgs/msg/detail/trpy_command__builder.hpp
[0.998s] -- Installing: /root/colcon_ws/install/quadrotor_msgs/include/quadrotor_msgs/quadrotor_msgs/msg/detail/serial__struct.hpp
[0.998s] -- Installing: /root/colcon_ws/install/quadrotor_msgs/include/quadrotor_msgs/quadrotor_msgs/msg/detail/output_data__builder.hpp
[0.999s] -- Installing: /root/colcon_ws/install/quadrotor_msgs/include/quadrotor_msgs/quadrotor_msgs/msg/detail/polynomial_trajectory__builder.hpp
[0.999s] -- Installing: /root/colcon_ws/install/quadrotor_msgs/include/quadrotor_msgs/quadrotor_msgs/msg/detail/polynomial_trajectory__struct.hpp
[0.999s] -- Installing: /root/colcon_ws/install/quadrotor_msgs/include/quadrotor_msgs/quadrotor_msgs/msg/detail/ppr_output_data__struct.hpp
[0.999s] -- Installing: /root/colcon_ws/install/quadrotor_msgs/include/quadrotor_msgs/quadrotor_msgs/msg/detail/gains__struct.hpp
[1.000s] -- Installing: /root/colcon_ws/install/quadrotor_msgs/include/quadrotor_msgs/quadrotor_msgs/msg/detail/polynomial_trajectory__traits.hpp
[1.000s] -- Installing: /root/colcon_ws/install/quadrotor_msgs/include/quadrotor_msgs/quadrotor_msgs/msg/detail/lqr_trajectory__struct.hpp
[1.000s] -- Installing: /root/colcon_ws/install/quadrotor_msgs/include/quadrotor_msgs/quadrotor_msgs/msg/detail/so3_command__traits.hpp
[1.000s] -- Installing: /root/colcon_ws/install/quadrotor_msgs/include/quadrotor_msgs/quadrotor_msgs/msg/detail/odometry__builder.hpp
[1.000s] -- Installing: /root/colcon_ws/install/quadrotor_msgs/include/quadrotor_msgs/quadrotor_msgs/msg/detail/so3_command__builder.hpp
[1.001s] -- Installing: /root/colcon_ws/install/quadrotor_msgs/include/quadrotor_msgs/quadrotor_msgs/msg/detail/output_data__traits.hpp
[1.001s] -- Installing: /root/colcon_ws/install/quadrotor_msgs/include/quadrotor_msgs/quadrotor_msgs/msg/detail/gains__type_support.hpp
[1.001s] -- Installing: /root/colcon_ws/install/quadrotor_msgs/include/quadrotor_msgs/quadrotor_msgs/msg/detail/aux_command__struct.hpp
[1.002s] -- Installing: /root/colcon_ws/install/quadrotor_msgs/include/quadrotor_msgs/quadrotor_msgs/msg/detail/lqr_trajectory__builder.hpp
[1.003s] -- Installing: /root/colcon_ws/install/quadrotor_msgs/include/quadrotor_msgs/quadrotor_msgs/msg/detail/output_data__type_support.hpp
[1.003s] -- Installing: /root/colcon_ws/install/quadrotor_msgs/include/quadrotor_msgs/quadrotor_msgs/msg/detail/ppr_output_data__traits.hpp
[1.003s] -- Installing: /root/colcon_ws/install/quadrotor_msgs/include/quadrotor_msgs/quadrotor_msgs/msg/detail/position_command__type_support.hpp
[1.003s] -- Installing: /root/colcon_ws/install/quadrotor_msgs/include/quadrotor_msgs/quadrotor_msgs/msg/detail/odometry__traits.hpp
[1.004s] -- Installing: /root/colcon_ws/install/quadrotor_msgs/include/quadrotor_msgs/quadrotor_msgs/msg/detail/corrections__type_support.hpp
[1.004s] -- Installing: /root/colcon_ws/install/quadrotor_msgs/include/quadrotor_msgs/quadrotor_msgs/msg/detail/ppr_output_data__builder.hpp
[1.004s] -- Installing: /root/colcon_ws/install/quadrotor_msgs/include/quadrotor_msgs/quadrotor_msgs/msg/ppr_output_data.hpp
[1.004s] -- Installing: /root/colcon_ws/install/quadrotor_msgs/include/quadrotor_msgs/quadrotor_msgs/msg/serial.hpp
[1.004s] -- Installing: /root/colcon_ws/install/quadrotor_msgs/include/quadrotor_msgs/quadrotor_msgs/msg/status_data.hpp
[1.005s] -- Installing: /root/colcon_ws/install/quadrotor_msgs/include/quadrotor_msgs/quadrotor_msgs/msg/position_command.hpp
[1.005s] -- Installing: /root/colcon_ws/install/quadrotor_msgs/include/quadrotor_msgs/quadrotor_msgs/msg/lqr_trajectory.hpp
[1.005s] -- Installing: /root/colcon_ws/install/quadrotor_msgs/include/quadrotor_msgs/quadrotor_msgs/msg/polynomial_trajectory.hpp
[1.005s] -- Installing: /root/colcon_ws/install/quadrotor_msgs/include/quadrotor_msgs/quadrotor_msgs/msg/odometry.hpp
[1.006s] -- Installing: /root/colcon_ws/install/quadrotor_msgs/include/quadrotor_msgs/quadrotor_msgs/msg/rosidl_generator_cpp__visibility_control.hpp
[1.006s] -- Installing: /root/colcon_ws/install/quadrotor_msgs/include/quadrotor_msgs/quadrotor_msgs/msg/gains.hpp
[1.006s] -- Installing: /root/colcon_ws/install/quadrotor_msgs/include/quadrotor_msgs/quadrotor_msgs/msg/trpy_command.hpp
[1.007s] -- Up-to-date: /root/colcon_ws/install/quadrotor_msgs/include/quadrotor_msgs/quadrotor_msgs
[1.007s] -- Up-to-date: /root/colcon_ws/install/quadrotor_msgs/include/quadrotor_msgs/quadrotor_msgs/msg
[1.007s] -- Up-to-date: /root/colcon_ws/install/quadrotor_msgs/include/quadrotor_msgs/quadrotor_msgs/msg/detail
[1.007s] -- Installing: /root/colcon_ws/install/quadrotor_msgs/include/quadrotor_msgs/quadrotor_msgs/msg/detail/corrections__rosidl_typesupport_fastrtps_cpp.hpp
[1.007s] -- Installing: /root/colcon_ws/install/quadrotor_msgs/include/quadrotor_msgs/quadrotor_msgs/msg/detail/so3_command__rosidl_typesupport_fastrtps_cpp.hpp
[1.007s] -- Installing: /root/colcon_ws/install/quadrotor_msgs/include/quadrotor_msgs/quadrotor_msgs/msg/detail/polynomial_trajectory__rosidl_typesupport_fastrtps_cpp.hpp
[1.008s] -- Installing: /root/colcon_ws/install/quadrotor_msgs/include/quadrotor_msgs/quadrotor_msgs/msg/detail/dds_fastrtps
[1.008s] -- Installing: /root/colcon_ws/install/quadrotor_msgs/include/quadrotor_msgs/quadrotor_msgs/msg/detail/serial__rosidl_typesupport_fastrtps_cpp.hpp
[1.008s] -- Installing: /root/colcon_ws/install/quadrotor_msgs/include/quadrotor_msgs/quadrotor_msgs/msg/detail/lqr_trajectory__rosidl_typesupport_fastrtps_cpp.hpp
[1.008s] -- Installing: /root/colcon_ws/install/quadrotor_msgs/include/quadrotor_msgs/quadrotor_msgs/msg/detail/gains__rosidl_typesupport_fastrtps_cpp.hpp
[1.008s] -- Installing: /root/colcon_ws/install/quadrotor_msgs/include/quadrotor_msgs/quadrotor_msgs/msg/detail/ppr_output_data__rosidl_typesupport_fastrtps_cpp.hpp
[1.009s] -- Installing: /root/colcon_ws/install/quadrotor_msgs/include/quadrotor_msgs/quadrotor_msgs/msg/detail/status_data__rosidl_typesupport_fastrtps_cpp.hpp
[1.009s] -- Installing: /root/colcon_ws/install/quadrotor_msgs/include/quadrotor_msgs/quadrotor_msgs/msg/detail/odometry__rosidl_typesupport_fastrtps_cpp.hpp
[1.009s] -- Installing: /root/colcon_ws/install/quadrotor_msgs/include/quadrotor_msgs/quadrotor_msgs/msg/detail/aux_command__rosidl_typesupport_fastrtps_cpp.hpp
[1.009s] -- Installing: /root/colcon_ws/install/quadrotor_msgs/include/quadrotor_msgs/quadrotor_msgs/msg/detail/position_command__rosidl_typesupport_fastrtps_cpp.hpp
[1.009s] -- Installing: /root/colcon_ws/install/quadrotor_msgs/include/quadrotor_msgs/quadrotor_msgs/msg/detail/trpy_command__rosidl_typesupport_fastrtps_cpp.hpp
[1.010s] -- Installing: /root/colcon_ws/install/quadrotor_msgs/include/quadrotor_msgs/quadrotor_msgs/msg/detail/output_data__rosidl_typesupport_fastrtps_cpp.hpp
[1.010s] -- Installing: /root/colcon_ws/install/quadrotor_msgs/include/quadrotor_msgs/quadrotor_msgs/msg/rosidl_typesupport_fastrtps_cpp__visibility_control.h
[1.010s] -- Installing: /root/colcon_ws/install/quadrotor_msgs/lib/libquadrotor_msgs__rosidl_typesupport_fastrtps_cpp.so
[1.011s] -- Set runtime path of "/root/colcon_ws/install/quadrotor_msgs/lib/libquadrotor_msgs__rosidl_typesupport_fastrtps_cpp.so" to ""
[1.011s] -- Up-to-date: /root/colcon_ws/install/quadrotor_msgs/include/quadrotor_msgs/quadrotor_msgs
[1.011s] -- Up-to-date: /root/colcon_ws/install/quadrotor_msgs/include/quadrotor_msgs/quadrotor_msgs/msg
[1.011s] -- Up-to-date: /root/colcon_ws/install/quadrotor_msgs/include/quadrotor_msgs/quadrotor_msgs/msg/detail
[1.012s] -- Installing: /root/colcon_ws/install/quadrotor_msgs/include/quadrotor_msgs/quadrotor_msgs/msg/detail/polynomial_trajectory__type_support.cpp
[1.012s] -- Installing: /root/colcon_ws/install/quadrotor_msgs/include/quadrotor_msgs/quadrotor_msgs/msg/detail/gains__type_support.cpp
[1.012s] -- Installing: /root/colcon_ws/install/quadrotor_msgs/include/quadrotor_msgs/quadrotor_msgs/msg/detail/so3_command__rosidl_typesupport_introspection_cpp.hpp
[1.012s] -- Installing: /root/colcon_ws/install/quadrotor_msgs/include/quadrotor_msgs/quadrotor_msgs/msg/detail/trpy_command__type_support.cpp
[1.012s] -- Installing: /root/colcon_ws/install/quadrotor_msgs/include/quadrotor_msgs/quadrotor_msgs/msg/detail/ppr_output_data__type_support.cpp
[1.012s] -- Installing: /root/colcon_ws/install/quadrotor_msgs/include/quadrotor_msgs/quadrotor_msgs/msg/detail/polynomial_trajectory__rosidl_typesupport_introspection_cpp.hpp
[1.013s] -- Installing: /root/colcon_ws/install/quadrotor_msgs/include/quadrotor_msgs/quadrotor_msgs/msg/detail/position_command__rosidl_typesupport_introspection_cpp.hpp
[1.013s] -- Installing: /root/colcon_ws/install/quadrotor_msgs/include/quadrotor_msgs/quadrotor_msgs/msg/detail/output_data__rosidl_typesupport_introspection_cpp.hpp
[1.013s] -- Installing: /root/colcon_ws/install/quadrotor_msgs/include/quadrotor_msgs/quadrotor_msgs/msg/detail/trpy_command__rosidl_typesupport_introspection_cpp.hpp
[1.013s] -- Installing: /root/colcon_ws/install/quadrotor_msgs/include/quadrotor_msgs/quadrotor_msgs/msg/detail/corrections__type_support.cpp
[1.014s] -- Installing: /root/colcon_ws/install/quadrotor_msgs/include/quadrotor_msgs/quadrotor_msgs/msg/detail/odometry__type_support.cpp
[1.014s] -- Installing: /root/colcon_ws/install/quadrotor_msgs/include/quadrotor_msgs/quadrotor_msgs/msg/detail/status_data__type_support.cpp
[1.014s] -- Installing: /root/colcon_ws/install/quadrotor_msgs/include/quadrotor_msgs/quadrotor_msgs/msg/detail/so3_command__type_support.cpp
[1.014s] -- Installing: /root/colcon_ws/install/quadrotor_msgs/include/quadrotor_msgs/quadrotor_msgs/msg/detail/serial__rosidl_typesupport_introspection_cpp.hpp
[1.014s] -- Installing: /root/colcon_ws/install/quadrotor_msgs/include/quadrotor_msgs/quadrotor_msgs/msg/detail/status_data__rosidl_typesupport_introspection_cpp.hpp
[1.014s] -- Installing: /root/colcon_ws/install/quadrotor_msgs/include/quadrotor_msgs/quadrotor_msgs/msg/detail/output_data__type_support.cpp
[1.015s] -- Installing: /root/colcon_ws/install/quadrotor_msgs/include/quadrotor_msgs/quadrotor_msgs/msg/detail/corrections__rosidl_typesupport_introspection_cpp.hpp
[1.015s] -- Installing: /root/colcon_ws/install/quadrotor_msgs/include/quadrotor_msgs/quadrotor_msgs/msg/detail/aux_command__type_support.cpp
[1.015s] -- Installing: /root/colcon_ws/install/quadrotor_msgs/include/quadrotor_msgs/quadrotor_msgs/msg/detail/aux_command__rosidl_typesupport_introspection_cpp.hpp
[1.015s] -- Installing: /root/colcon_ws/install/quadrotor_msgs/include/quadrotor_msgs/quadrotor_msgs/msg/detail/position_command__type_support.cpp
[1.016s] -- Installing: /root/colcon_ws/install/quadrotor_msgs/include/quadrotor_msgs/quadrotor_msgs/msg/detail/odometry__rosidl_typesupport_introspection_cpp.hpp
[1.016s] -- Installing: /root/colcon_ws/install/quadrotor_msgs/include/quadrotor_msgs/quadrotor_msgs/msg/detail/lqr_trajectory__rosidl_typesupport_introspection_cpp.hpp
[1.016s] -- Installing: /root/colcon_ws/install/quadrotor_msgs/include/quadrotor_msgs/quadrotor_msgs/msg/detail/serial__type_support.cpp
[1.016s] -- Installing: /root/colcon_ws/install/quadrotor_msgs/include/quadrotor_msgs/quadrotor_msgs/msg/detail/ppr_output_data__rosidl_typesupport_introspection_cpp.hpp
[1.016s] -- Installing: /root/colcon_ws/install/quadrotor_msgs/include/quadrotor_msgs/quadrotor_msgs/msg/detail/lqr_trajectory__type_support.cpp
[1.017s] -- Installing: /root/colcon_ws/install/quadrotor_msgs/include/quadrotor_msgs/quadrotor_msgs/msg/detail/gains__rosidl_typesupport_introspection_cpp.hpp
[1.017s] -- Installing: /root/colcon_ws/install/quadrotor_msgs/lib/libquadrotor_msgs__rosidl_typesupport_introspection_cpp.so
[1.018s] -- Set runtime path of "/root/colcon_ws/install/quadrotor_msgs/lib/libquadrotor_msgs__rosidl_typesupport_introspection_cpp.so" to ""
[1.018s] -- Installing: /root/colcon_ws/install/quadrotor_msgs/lib/libquadrotor_msgs__rosidl_typesupport_cpp.so
[1.018s] -- Set runtime path of "/root/colcon_ws/install/quadrotor_msgs/lib/libquadrotor_msgs__rosidl_typesupport_cpp.so" to ""
[1.018s] -- Installing: /root/colcon_ws/install/quadrotor_msgs/share/quadrotor_msgs/environment/pythonpath.sh
[1.019s] -- Installing: /root/colcon_ws/install/quadrotor_msgs/share/quadrotor_msgs/environment/pythonpath.dsv
[1.019s] -- Installing: /root/colcon_ws/install/quadrotor_msgs/local/lib/python3.10/dist-packages/quadrotor_msgs-0.0.0-py3.10.egg-info
[1.019s] -- Installing: /root/colcon_ws/install/quadrotor_msgs/local/lib/python3.10/dist-packages/quadrotor_msgs-0.0.0-py3.10.egg-info/SOURCES.txt
[1.019s] -- Installing: /root/colcon_ws/install/quadrotor_msgs/local/lib/python3.10/dist-packages/quadrotor_msgs-0.0.0-py3.10.egg-info/dependency_links.txt
[1.020s] -- Installing: /root/colcon_ws/install/quadrotor_msgs/local/lib/python3.10/dist-packages/quadrotor_msgs-0.0.0-py3.10.egg-info/top_level.txt
[1.020s] -- Installing: /root/colcon_ws/install/quadrotor_msgs/local/lib/python3.10/dist-packages/quadrotor_msgs-0.0.0-py3.10.egg-info/PKG-INFO
[1.020s] -- Installing: /root/colcon_ws/install/quadrotor_msgs/local/lib/python3.10/dist-packages/quadrotor_msgs
[1.020s] -- Installing: /root/colcon_ws/install/quadrotor_msgs/local/lib/python3.10/dist-packages/quadrotor_msgs/msg
[1.020s] -- Installing: /root/colcon_ws/install/quadrotor_msgs/local/lib/python3.10/dist-packages/quadrotor_msgs/msg/_position_command_s.c
[1.021s] -- Installing: /root/colcon_ws/install/quadrotor_msgs/local/lib/python3.10/dist-packages/quadrotor_msgs/msg/_trpy_command.py
[1.021s] -- Installing: /root/colcon_ws/install/quadrotor_msgs/local/lib/python3.10/dist-packages/quadrotor_msgs/msg/_status_data_s.c
[1.021s] -- Installing: /root/colcon_ws/install/quadrotor_msgs/local/lib/python3.10/dist-packages/quadrotor_msgs/msg/_ppr_output_data.py
[1.022s] -- Installing: /root/colcon_ws/install/quadrotor_msgs/local/lib/python3.10/dist-packages/quadrotor_msgs/msg/_odometry.py
[1.022s] -- Installing: /root/colcon_ws/install/quadrotor_msgs/local/lib/python3.10/dist-packages/quadrotor_msgs/msg/_polynomial_trajectory_s.c
[1.022s] -- Installing: /root/colcon_ws/install/quadrotor_msgs/local/lib/python3.10/dist-packages/quadrotor_msgs/msg/_so3_command_s.c
[1.022s] -- Installing: /root/colcon_ws/install/quadrotor_msgs/local/lib/python3.10/dist-packages/quadrotor_msgs/msg/_so3_command.py
[1.023s] -- Installing: /root/colcon_ws/install/quadrotor_msgs/local/lib/python3.10/dist-packages/quadrotor_msgs/msg/_corrections_s.c
[1.023s] -- Installing: /root/colcon_ws/install/quadrotor_msgs/local/lib/python3.10/dist-packages/quadrotor_msgs/msg/_serial.py
[1.023s] -- Installing: /root/colcon_ws/install/quadrotor_msgs/local/lib/python3.10/dist-packages/quadrotor_msgs/msg/_aux_command_s.c
[1.023s] -- Installing: /root/colcon_ws/install/quadrotor_msgs/local/lib/python3.10/dist-packages/quadrotor_msgs/msg/_gains.py
[1.024s] -- Installing: /root/colcon_ws/install/quadrotor_msgs/local/lib/python3.10/dist-packages/quadrotor_msgs/msg/_corrections.py
[1.024s] -- Installing: /root/colcon_ws/install/quadrotor_msgs/local/lib/python3.10/dist-packages/quadrotor_msgs/msg/_lqr_trajectory.py
[1.024s] -- Installing: /root/colcon_ws/install/quadrotor_msgs/local/lib/python3.10/dist-packages/quadrotor_msgs/msg/_trpy_command_s.c
[1.024s] -- Installing: /root/colcon_ws/install/quadrotor_msgs/local/lib/python3.10/dist-packages/quadrotor_msgs/msg/_aux_command.py
[1.024s] -- Installing: /root/colcon_ws/install/quadrotor_msgs/local/lib/python3.10/dist-packages/quadrotor_msgs/msg/_polynomial_trajectory.py
[1.025s] -- Installing: /root/colcon_ws/install/quadrotor_msgs/local/lib/python3.10/dist-packages/quadrotor_msgs/msg/_lqr_trajectory_s.c
[1.025s] -- Installing: /root/colcon_ws/install/quadrotor_msgs/local/lib/python3.10/dist-packages/quadrotor_msgs/msg/_status_data.py
[1.025s] -- Installing: /root/colcon_ws/install/quadrotor_msgs/local/lib/python3.10/dist-packages/quadrotor_msgs/msg/_output_data.py
[1.025s] -- Installing: /root/colcon_ws/install/quadrotor_msgs/local/lib/python3.10/dist-packages/quadrotor_msgs/msg/_ppr_output_data_s.c
[1.026s] -- Installing: /root/colcon_ws/install/quadrotor_msgs/local/lib/python3.10/dist-packages/quadrotor_msgs/msg/_serial_s.c
[1.026s] -- Installing: /root/colcon_ws/install/quadrotor_msgs/local/lib/python3.10/dist-packages/quadrotor_msgs/msg/_gains_s.c
[1.026s] -- Installing: /root/colcon_ws/install/quadrotor_msgs/local/lib/python3.10/dist-packages/quadrotor_msgs/msg/_output_data_s.c
[1.026s] -- Installing: /root/colcon_ws/install/quadrotor_msgs/local/lib/python3.10/dist-packages/quadrotor_msgs/msg/_odometry_s.c
[1.026s] -- Installing: /root/colcon_ws/install/quadrotor_msgs/local/lib/python3.10/dist-packages/quadrotor_msgs/msg/_position_command.py
[1.027s] -- Installing: /root/colcon_ws/install/quadrotor_msgs/local/lib/python3.10/dist-packages/quadrotor_msgs/msg/__init__.py
[1.027s] -- Installing: /root/colcon_ws/install/quadrotor_msgs/local/lib/python3.10/dist-packages/quadrotor_msgs/_quadrotor_msgs_s.ep.rosidl_typesupport_introspection_c.c
[1.027s] -- Installing: /root/colcon_ws/install/quadrotor_msgs/local/lib/python3.10/dist-packages/quadrotor_msgs/_quadrotor_msgs_s.ep.rosidl_typesupport_c.c
[1.027s] -- Installing: /root/colcon_ws/install/quadrotor_msgs/local/lib/python3.10/dist-packages/quadrotor_msgs/libquadrotor_msgs__rosidl_generator_py.so
[1.028s] -- Installing: /root/colcon_ws/install/quadrotor_msgs/local/lib/python3.10/dist-packages/quadrotor_msgs/quadrotor_msgs_s__rosidl_typesupport_introspection_c.cpython-310-aarch64-linux-gnu.so
[1.028s] -- Installing: /root/colcon_ws/install/quadrotor_msgs/local/lib/python3.10/dist-packages/quadrotor_msgs/quadrotor_msgs_s__rosidl_typesupport_fastrtps_c.cpython-310-aarch64-linux-gnu.so
[1.028s] -- Installing: /root/colcon_ws/install/quadrotor_msgs/local/lib/python3.10/dist-packages/quadrotor_msgs/quadrotor_msgs_s__rosidl_typesupport_c.cpython-310-aarch64-linux-gnu.so
[1.029s] -- Installing: /root/colcon_ws/install/quadrotor_msgs/local/lib/python3.10/dist-packages/quadrotor_msgs/_quadrotor_msgs_s.ep.rosidl_typesupport_fastrtps_c.c
[1.029s] -- Installing: /root/colcon_ws/install/quadrotor_msgs/local/lib/python3.10/dist-packages/quadrotor_msgs/__init__.py
[1.161s] Listing '/root/colcon_ws/install/quadrotor_msgs/local/lib/python3.10/dist-packages/quadrotor_msgs'...
[1.161s] Compiling '/root/colcon_ws/install/quadrotor_msgs/local/lib/python3.10/dist-packages/quadrotor_msgs/__init__.py'...
[1.162s] Listing '/root/colcon_ws/install/quadrotor_msgs/local/lib/python3.10/dist-packages/quadrotor_msgs/msg'...
[1.162s] Compiling '/root/colcon_ws/install/quadrotor_msgs/local/lib/python3.10/dist-packages/quadrotor_msgs/msg/__init__.py'...
[1.162s] Compiling '/root/colcon_ws/install/quadrotor_msgs/local/lib/python3.10/dist-packages/quadrotor_msgs/msg/_aux_command.py'...
[1.162s] Compiling '/root/colcon_ws/install/quadrotor_msgs/local/lib/python3.10/dist-packages/quadrotor_msgs/msg/_corrections.py'...
[1.162s] Compiling '/root/colcon_ws/install/quadrotor_msgs/local/lib/python3.10/dist-packages/quadrotor_msgs/msg/_gains.py'...
[1.162s] Compiling '/root/colcon_ws/install/quadrotor_msgs/local/lib/python3.10/dist-packages/quadrotor_msgs/msg/_lqr_trajectory.py'...
[1.162s] Compiling '/root/colcon_ws/install/quadrotor_msgs/local/lib/python3.10/dist-packages/quadrotor_msgs/msg/_odometry.py'...
[1.162s] Compiling '/root/colcon_ws/install/quadrotor_msgs/local/lib/python3.10/dist-packages/quadrotor_msgs/msg/_output_data.py'...
[1.162s] Compiling '/root/colcon_ws/install/quadrotor_msgs/local/lib/python3.10/dist-packages/quadrotor_msgs/msg/_polynomial_trajectory.py'...
[1.162s] Compiling '/root/colcon_ws/install/quadrotor_msgs/local/lib/python3.10/dist-packages/quadrotor_msgs/msg/_position_command.py'...
[1.163s] Compiling '/root/colcon_ws/install/quadrotor_msgs/local/lib/python3.10/dist-packages/quadrotor_msgs/msg/_ppr_output_data.py'...
[1.163s] Compiling '/root/colcon_ws/install/quadrotor_msgs/local/lib/python3.10/dist-packages/quadrotor_msgs/msg/_serial.py'...
[1.163s] Compiling '/root/colcon_ws/install/quadrotor_msgs/local/lib/python3.10/dist-packages/quadrotor_msgs/msg/_so3_command.py'...
[1.163s] Compiling '/root/colcon_ws/install/quadrotor_msgs/local/lib/python3.10/dist-packages/quadrotor_msgs/msg/_status_data.py'...
[1.163s] Compiling '/root/colcon_ws/install/quadrotor_msgs/local/lib/python3.10/dist-packages/quadrotor_msgs/msg/_trpy_command.py'...
[1.174s] -- Installing: /root/colcon_ws/install/quadrotor_msgs/local/lib/python3.10/dist-packages/quadrotor_msgs/quadrotor_msgs_s__rosidl_typesupport_fastrtps_c.cpython-310-aarch64-linux-gnu.so
[1.174s] -- Set runtime path of "/root/colcon_ws/install/quadrotor_msgs/local/lib/python3.10/dist-packages/quadrotor_msgs/quadrotor_msgs_s__rosidl_typesupport_fastrtps_c.cpython-310-aarch64-linux-gnu.so" to ""
[1.175s] -- Installing: /root/colcon_ws/install/quadrotor_msgs/local/lib/python3.10/dist-packages/quadrotor_msgs/quadrotor_msgs_s__rosidl_typesupport_introspection_c.cpython-310-aarch64-linux-gnu.so
[1.175s] -- Set runtime path of "/root/colcon_ws/install/quadrotor_msgs/local/lib/python3.10/dist-packages/quadrotor_msgs/quadrotor_msgs_s__rosidl_typesupport_introspection_c.cpython-310-aarch64-linux-gnu.so" to ""
[1.176s] -- Installing: /root/colcon_ws/install/quadrotor_msgs/local/lib/python3.10/dist-packages/quadrotor_msgs/quadrotor_msgs_s__rosidl_typesupport_c.cpython-310-aarch64-linux-gnu.so
[1.176s] -- Set runtime path of "/root/colcon_ws/install/quadrotor_msgs/local/lib/python3.10/dist-packages/quadrotor_msgs/quadrotor_msgs_s__rosidl_typesupport_c.cpython-310-aarch64-linux-gnu.so" to ""
[1.176s] -- Installing: /root/colcon_ws/install/quadrotor_msgs/lib/libquadrotor_msgs__rosidl_generator_py.so
[1.177s] -- Set runtime path of "/root/colcon_ws/install/quadrotor_msgs/lib/libquadrotor_msgs__rosidl_generator_py.so" to ""
[1.177s] -- Installing: /root/colcon_ws/install/quadrotor_msgs/share/quadrotor_msgs/msg/AuxCommand.idl
[1.177s] -- Installing: /root/colcon_ws/install/quadrotor_msgs/share/quadrotor_msgs/msg/Corrections.idl
[1.178s] -- Installing: /root/colcon_ws/install/quadrotor_msgs/share/quadrotor_msgs/msg/Gains.idl
[1.178s] -- Installing: /root/colcon_ws/install/quadrotor_msgs/share/quadrotor_msgs/msg/OutputData.idl
[1.178s] -- Installing: /root/colcon_ws/install/quadrotor_msgs/share/quadrotor_msgs/msg/PositionCommand.idl
[1.179s] -- Installing: /root/colcon_ws/install/quadrotor_msgs/share/quadrotor_msgs/msg/PPROutputData.idl
[1.179s] -- Installing: /root/colcon_ws/install/quadrotor_msgs/share/quadrotor_msgs/msg/Serial.idl
[1.179s] -- Installing: /root/colcon_ws/install/quadrotor_msgs/share/quadrotor_msgs/msg/SO3Command.idl
[1.179s] -- Installing: /root/colcon_ws/install/quadrotor_msgs/share/quadrotor_msgs/msg/StatusData.idl
[1.180s] -- Installing: /root/colcon_ws/install/quadrotor_msgs/share/quadrotor_msgs/msg/TRPYCommand.idl
[1.180s] -- Installing: /root/colcon_ws/install/quadrotor_msgs/share/quadrotor_msgs/msg/Odometry.idl
[1.180s] -- Installing: /root/colcon_ws/install/quadrotor_msgs/share/quadrotor_msgs/msg/PolynomialTrajectory.idl
[1.180s] -- Installing: /root/colcon_ws/install/quadrotor_msgs/share/quadrotor_msgs/msg/LQRTrajectory.idl
[1.181s] -- Installing: /root/colcon_ws/install/quadrotor_msgs/share/quadrotor_msgs/msg/AuxCommand.msg
[1.181s] -- Installing: /root/colcon_ws/install/quadrotor_msgs/share/quadrotor_msgs/msg/Corrections.msg
[1.181s] -- Installing: /root/colcon_ws/install/quadrotor_msgs/share/quadrotor_msgs/msg/Gains.msg
[1.182s] -- Installing: /root/colcon_ws/install/quadrotor_msgs/share/quadrotor_msgs/msg/OutputData.msg
[1.182s] -- Installing: /root/colcon_ws/install/quadrotor_msgs/share/quadrotor_msgs/msg/PositionCommand.msg
[1.182s] -- Installing: /root/colcon_ws/install/quadrotor_msgs/share/quadrotor_msgs/msg/PPROutputData.msg
[1.182s] -- Installing: /root/colcon_ws/install/quadrotor_msgs/share/quadrotor_msgs/msg/Serial.msg
[1.183s] -- Installing: /root/colcon_ws/install/quadrotor_msgs/share/quadrotor_msgs/msg/SO3Command.msg
[1.183s] -- Installing: /root/colcon_ws/install/quadrotor_msgs/share/quadrotor_msgs/msg/StatusData.msg
[1.183s] -- Installing: /root/colcon_ws/install/quadrotor_msgs/share/quadrotor_msgs/msg/TRPYCommand.msg
[1.183s] -- Installing: /root/colcon_ws/install/quadrotor_msgs/share/quadrotor_msgs/msg/Odometry.msg
[1.186s] -- Installing: /root/colcon_ws/install/quadrotor_msgs/share/quadrotor_msgs/msg/PolynomialTrajectory.msg
[1.186s] -- Installing: /root/colcon_ws/install/quadrotor_msgs/share/quadrotor_msgs/msg/LQRTrajectory.msg
[1.187s] -- Installing: /root/colcon_ws/install/quadrotor_msgs/share/ament_index/resource_index/package_run_dependencies/quadrotor_msgs
[1.187s] -- Installing: /root/colcon_ws/install/quadrotor_msgs/share/ament_index/resource_index/parent_prefix_path/quadrotor_msgs
[1.187s] -- Installing: /root/colcon_ws/install/quadrotor_msgs/share/quadrotor_msgs/environment/ament_prefix_path.sh
[1.188s] -- Installing: /root/colcon_ws/install/quadrotor_msgs/share/quadrotor_msgs/environment/ament_prefix_path.dsv
[1.188s] -- Installing: /root/colcon_ws/install/quadrotor_msgs/share/quadrotor_msgs/environment/path.sh
[1.188s] -- Installing: /root/colcon_ws/install/quadrotor_msgs/share/quadrotor_msgs/environment/path.dsv
[1.189s] -- Installing: /root/colcon_ws/install/quadrotor_msgs/share/quadrotor_msgs/local_setup.bash
[1.189s] -- Installing: /root/colcon_ws/install/quadrotor_msgs/share/quadrotor_msgs/local_setup.sh
[1.189s] -- Installing: /root/colcon_ws/install/quadrotor_msgs/share/quadrotor_msgs/local_setup.zsh
[1.189s] -- Installing: /root/colcon_ws/install/quadrotor_msgs/share/quadrotor_msgs/local_setup.dsv
[1.190s] -- Installing: /root/colcon_ws/install/quadrotor_msgs/share/quadrotor_msgs/package.dsv
[1.190s] -- Installing: /root/colcon_ws/install/quadrotor_msgs/share/ament_index/resource_index/packages/quadrotor_msgs
[1.190s] -- Installing: /root/colcon_ws/install/quadrotor_msgs/share/quadrotor_msgs/cmake/export_quadrotor_msgs__rosidl_generator_cExport.cmake
[1.191s] -- Installing: /root/colcon_ws/install/quadrotor_msgs/share/quadrotor_msgs/cmake/export_quadrotor_msgs__rosidl_generator_cExport-noconfig.cmake
[1.191s] -- Installing: /root/colcon_ws/install/quadrotor_msgs/share/quadrotor_msgs/cmake/export_quadrotor_msgs__rosidl_typesupport_fastrtps_cExport.cmake
[1.191s] -- Installing: /root/colcon_ws/install/quadrotor_msgs/share/quadrotor_msgs/cmake/export_quadrotor_msgs__rosidl_typesupport_fastrtps_cExport-noconfig.cmake
[1.192s] -- Installing: /root/colcon_ws/install/quadrotor_msgs/share/quadrotor_msgs/cmake/quadrotor_msgs__rosidl_typesupport_introspection_cExport.cmake
[1.192s] -- Installing: /root/colcon_ws/install/quadrotor_msgs/share/quadrotor_msgs/cmake/quadrotor_msgs__rosidl_typesupport_introspection_cExport-noconfig.cmake
[1.192s] -- Installing: /root/colcon_ws/install/quadrotor_msgs/share/quadrotor_msgs/cmake/quadrotor_msgs__rosidl_typesupport_cExport.cmake
[1.192s] -- Installing: /root/colcon_ws/install/quadrotor_msgs/share/quadrotor_msgs/cmake/quadrotor_msgs__rosidl_typesupport_cExport-noconfig.cmake
[1.193s] -- Installing: /root/colcon_ws/install/quadrotor_msgs/share/quadrotor_msgs/cmake/export_quadrotor_msgs__rosidl_generator_cppExport.cmake
[1.193s] -- Installing: /root/colcon_ws/install/quadrotor_msgs/share/quadrotor_msgs/cmake/export_quadrotor_msgs__rosidl_typesupport_fastrtps_cppExport.cmake
[1.193s] -- Installing: /root/colcon_ws/install/quadrotor_msgs/share/quadrotor_msgs/cmake/export_quadrotor_msgs__rosidl_typesupport_fastrtps_cppExport-noconfig.cmake
[1.194s] -- Installing: /root/colcon_ws/install/quadrotor_msgs/share/quadrotor_msgs/cmake/quadrotor_msgs__rosidl_typesupport_introspection_cppExport.cmake
[1.194s] -- Installing: /root/colcon_ws/install/quadrotor_msgs/share/quadrotor_msgs/cmake/quadrotor_msgs__rosidl_typesupport_introspection_cppExport-noconfig.cmake
[1.194s] -- Installing: /root/colcon_ws/install/quadrotor_msgs/share/quadrotor_msgs/cmake/quadrotor_msgs__rosidl_typesupport_cppExport.cmake
[1.194s] -- Installing: /root/colcon_ws/install/quadrotor_msgs/share/quadrotor_msgs/cmake/quadrotor_msgs__rosidl_typesupport_cppExport-noconfig.cmake
[1.195s] -- Installing: /root/colcon_ws/install/quadrotor_msgs/share/quadrotor_msgs/cmake/export_quadrotor_msgs__rosidl_generator_pyExport.cmake
[1.195s] -- Installing: /root/colcon_ws/install/quadrotor_msgs/share/quadrotor_msgs/cmake/export_quadrotor_msgs__rosidl_generator_pyExport-noconfig.cmake
[1.195s] -- Installing: /root/colcon_ws/install/quadrotor_msgs/share/quadrotor_msgs/cmake/rosidl_cmake-extras.cmake
[1.196s] -- Installing: /root/colcon_ws/install/quadrotor_msgs/share/quadrotor_msgs/cmake/ament_cmake_export_dependencies-extras.cmake
[1.196s] -- Installing: /root/colcon_ws/install/quadrotor_msgs/share/quadrotor_msgs/cmake/ament_cmake_export_include_directories-extras.cmake
[1.196s] -- Installing: /root/colcon_ws/install/quadrotor_msgs/share/quadrotor_msgs/cmake/ament_cmake_export_libraries-extras.cmake
[1.196s] -- Installing: /root/colcon_ws/install/quadrotor_msgs/share/quadrotor_msgs/cmake/ament_cmake_export_targets-extras.cmake
[1.197s] -- Installing: /root/colcon_ws/install/quadrotor_msgs/share/quadrotor_msgs/cmake/rosidl_cmake_export_typesupport_targets-extras.cmake
[1.197s] -- Installing: /root/colcon_ws/install/quadrotor_msgs/share/quadrotor_msgs/cmake/rosidl_cmake_export_typesupport_libraries-extras.cmake
[1.197s] -- Installing: /root/colcon_ws/install/quadrotor_msgs/share/quadrotor_msgs/cmake/quadrotor_msgsConfig.cmake
[1.197s] -- Installing: /root/colcon_ws/install/quadrotor_msgs/share/quadrotor_msgs/cmake/quadrotor_msgsConfig-version.cmake
[1.198s] -- Installing: /root/colcon_ws/install/quadrotor_msgs/share/quadrotor_msgs/package.xml
[1.203s] Invoked command in '/root/colcon_ws/build/quadrotor_msgs' returned '0': CMAKE_PREFIX_PATH=/opt/ros/humble /usr/bin/cmake --install /root/colcon_ws/build/quadrotor_msgs
