[100%] Built target pose_utils
-- Install configuration: ""
-- Up-to-date: /root/colcon_ws/install/pose_utils/lib/libpose_utils.a
-- Up-to-date: /root/colcon_ws/install/pose_utils/include
-- Up-to-date: /root/colcon_ws/install/pose_utils/include/pose_utils.h
-- Up-to-date: /root/colcon_ws/install/pose_utils/lib/cmake/pose_utils/pose_utilsTargets.cmake
-- Up-to-date: /root/colcon_ws/install/pose_utils/lib/cmake/pose_utils/pose_utilsTargets-noconfig.cmake
-- Up-to-date: /root/colcon_ws/install/pose_utils/share/pose_utils/environment/library_path.sh
-- Up-to-date: /root/colcon_ws/install/pose_utils/share/pose_utils/environment/library_path.dsv
-- Up-to-date: /root/colcon_ws/install/pose_utils/share/ament_index/resource_index/package_run_dependencies/pose_utils
-- Up-to-date: /root/colcon_ws/install/pose_utils/share/ament_index/resource_index/parent_prefix_path/pose_utils
-- Up-to-date: /root/colcon_ws/install/pose_utils/share/pose_utils/environment/ament_prefix_path.sh
-- Up-to-date: /root/colcon_ws/install/pose_utils/share/pose_utils/environment/ament_prefix_path.dsv
-- Up-to-date: /root/colcon_ws/install/pose_utils/share/pose_utils/environment/path.sh
-- Up-to-date: /root/colcon_ws/install/pose_utils/share/pose_utils/environment/path.dsv
-- Up-to-date: /root/colcon_ws/install/pose_utils/share/pose_utils/local_setup.bash
-- Up-to-date: /root/colcon_ws/install/pose_utils/share/pose_utils/local_setup.sh
-- Up-to-date: /root/colcon_ws/install/pose_utils/share/pose_utils/local_setup.zsh
-- Up-to-date: /root/colcon_ws/install/pose_utils/share/pose_utils/local_setup.dsv
-- Installing: /root/colcon_ws/install/pose_utils/share/pose_utils/package.dsv
-- Up-to-date: /root/colcon_ws/install/pose_utils/share/ament_index/resource_index/packages/pose_utils
-- Up-to-date: /root/colcon_ws/install/pose_utils/share/pose_utils/cmake/pose_utilsTargetsExport.cmake
-- Up-to-date: /root/colcon_ws/install/pose_utils/share/pose_utils/cmake/pose_utilsTargetsExport-noconfig.cmake
-- Up-to-date: /root/colcon_ws/install/pose_utils/share/pose_utils/cmake/ament_cmake_export_targets-extras.cmake
-- Up-to-date: /root/colcon_ws/install/pose_utils/share/pose_utils/cmake/ament_cmake_export_dependencies-extras.cmake
-- Up-to-date: /root/colcon_ws/install/pose_utils/share/pose_utils/cmake/ament_cmake_export_include_directories-extras.cmake
-- Up-to-date: /root/colcon_ws/install/pose_utils/share/pose_utils/cmake/pose_utilsConfig.cmake
-- Up-to-date: /root/colcon_ws/install/pose_utils/share/pose_utils/cmake/pose_utilsConfig-version.cmake
-- Up-to-date: /root/colcon_ws/install/pose_utils/share/pose_utils/package.xml
