[0.049s] Invoking command in '/root/colcon_ws/build/so3_disturbance_generator': AMENT_PREFIX_PATH=/root/colcon_ws/install/pose_utils:${AMENT_PREFIX_PATH} CMAKE_PREFIX_PATH=/root/colcon_ws/install/pose_utils:/opt/ros/humble LD_LIBRARY_PATH=/root/colcon_ws/install/pose_utils/lib:${LD_LIBRARY_PATH} /usr/bin/cmake --build /root/colcon_ws/build/so3_disturbance_generator -- -j8 -l8
[0.203s] [35m[1mConsolidate compiler generated dependencies of target so3_disturbance_generator[0m
[0.253s] [100%] Built target so3_disturbance_generator
[0.306s] Invoked command in '/root/colcon_ws/build/so3_disturbance_generator' returned '0': AMENT_PREFIX_PATH=/root/colcon_ws/install/pose_utils:${AMENT_PREFIX_PATH} CMAKE_PREFIX_PATH=/root/colcon_ws/install/pose_utils:/opt/ros/humble LD_LIBRARY_PATH=/root/colcon_ws/install/pose_utils/lib:${LD_LIBRARY_PATH} /usr/bin/cmake --build /root/colcon_ws/build/so3_disturbance_generator -- -j8 -l8
[0.307s] Invoking command in '/root/colcon_ws/build/so3_disturbance_generator': AMENT_PREFIX_PATH=/root/colcon_ws/install/pose_utils:${AMENT_PREFIX_PATH} CMAKE_PREFIX_PATH=/root/colcon_ws/install/pose_utils:/opt/ros/humble LD_LIBRARY_PATH=/root/colcon_ws/install/pose_utils/lib:${LD_LIBRARY_PATH} /usr/bin/cmake --install /root/colcon_ws/build/so3_disturbance_generator
[0.322s] -- Install configuration: ""
[0.322s] -- Installing: /root/colcon_ws/install/so3_disturbance_generator/lib/so3_disturbance_generator/so3_disturbance_generator
[0.330s] -- Set runtime path of "/root/colcon_ws/install/so3_disturbance_generator/lib/so3_disturbance_generator/so3_disturbance_generator" to ""
[0.331s] -- Installing: /root/colcon_ws/install/so3_disturbance_generator/include
[0.331s] -- Installing: /root/colcon_ws/install/so3_disturbance_generator/include/so3_disturbance_generator
[0.331s] -- Installing: /root/colcon_ws/install/so3_disturbance_generator/include/so3_disturbance_generator/DisturbanceUIConfig.h
[0.333s] -- Installing: /root/colcon_ws/install/so3_disturbance_generator/share/ament_index/resource_index/package_run_dependencies/so3_disturbance_generator
[0.333s] -- Installing: /root/colcon_ws/install/so3_disturbance_generator/share/ament_index/resource_index/parent_prefix_path/so3_disturbance_generator
[0.334s] -- Installing: /root/colcon_ws/install/so3_disturbance_generator/share/so3_disturbance_generator/environment/ament_prefix_path.sh
[0.334s] -- Installing: /root/colcon_ws/install/so3_disturbance_generator/share/so3_disturbance_generator/environment/ament_prefix_path.dsv
[0.334s] -- Installing: /root/colcon_ws/install/so3_disturbance_generator/share/so3_disturbance_generator/environment/path.sh
[0.334s] -- Installing: /root/colcon_ws/install/so3_disturbance_generator/share/so3_disturbance_generator/environment/path.dsv
[0.335s] -- Installing: /root/colcon_ws/install/so3_disturbance_generator/share/so3_disturbance_generator/local_setup.bash
[0.335s] -- Installing: /root/colcon_ws/install/so3_disturbance_generator/share/so3_disturbance_generator/local_setup.sh
[0.335s] -- Installing: /root/colcon_ws/install/so3_disturbance_generator/share/so3_disturbance_generator/local_setup.zsh
[0.335s] -- Installing: /root/colcon_ws/install/so3_disturbance_generator/share/so3_disturbance_generator/local_setup.dsv
[0.335s] -- Installing: /root/colcon_ws/install/so3_disturbance_generator/share/so3_disturbance_generator/package.dsv
[0.336s] -- Installing: /root/colcon_ws/install/so3_disturbance_generator/share/ament_index/resource_index/packages/so3_disturbance_generator
[0.336s] -- Installing: /root/colcon_ws/install/so3_disturbance_generator/share/so3_disturbance_generator/cmake/so3_disturbance_generatorConfig.cmake
[0.336s] -- Installing: /root/colcon_ws/install/so3_disturbance_generator/share/so3_disturbance_generator/cmake/so3_disturbance_generatorConfig-version.cmake
[0.337s] -- Installing: /root/colcon_ws/install/so3_disturbance_generator/share/so3_disturbance_generator/package.xml
[0.347s] Invoked command in '/root/colcon_ws/build/so3_disturbance_generator' returned '0': AMENT_PREFIX_PATH=/root/colcon_ws/install/pose_utils:${AMENT_PREFIX_PATH} CMAKE_PREFIX_PATH=/root/colcon_ws/install/pose_utils:/opt/ros/humble LD_LIBRARY_PATH=/root/colcon_ws/install/pose_utils/lib:${LD_LIBRARY_PATH} /usr/bin/cmake --install /root/colcon_ws/build/so3_disturbance_generator
