-- The C compiler identification is GNU 11.4.0
-- The CXX compiler identification is GNU 11.4.0
-- Detecting C compiler ABI info
-- Detecting C compiler ABI info - done
-- Check for working C compiler: /usr/bin/cc - skipped
-- Detecting C compile features
-- Detecting C compile features - done
-- Detecting CXX compiler ABI info
-- Detecting CXX compiler ABI info - done
-- Check for working CXX compiler: /usr/bin/c++ - skipped
-- Detecting CXX compile features
-- Detecting CXX compile features - done
-- Found ament_cmake: 1.3.13 (/opt/ros/humble/share/ament_cmake/cmake)
-- Found Python3: /usr/bin/python3 (found version "3.10.12") found components: Interpreter 
-- Found rclcpp: 16.0.18 (/opt/ros/humble/share/rclcpp/cmake)
-- Found rosidl_generator_c: 3.1.8 (/opt/ros/humble/share/rosidl_generator_c/cmake)
-- Found rosidl_adapter: 3.1.8 (/opt/ros/humble/share/rosidl_adapter/cmake)
-- Found rosidl_generator_cpp: 3.1.8 (/opt/ros/humble/share/rosidl_generator_cpp/cmake)
-- Using all available rosidl_typesupport_c: rosidl_typesupport_fastrtps_c;rosidl_typesupport_introspection_c
-- Using all available rosidl_typesupport_cpp: rosidl_typesupport_fastrtps_cpp;rosidl_typesupport_introspection_cpp
-- Found rmw_implementation_cmake: 6.1.2 (/opt/ros/humble/share/rmw_implementation_cmake/cmake)
-- Found rmw_fastrtps_cpp: 6.2.10 (/opt/ros/humble/share/rmw_fastrtps_cpp/cmake)
-- Found OpenSSL: /usr/lib/aarch64-linux-gnu/libcrypto.so (found version "3.0.2")  
-- Found FastRTPS: /opt/ros/humble/include  
-- Using RMW implementation 'rmw_fastrtps_cpp' as default
-- Looking for pthread.h
-- Looking for pthread.h - found
-- Performing Test CMAKE_HAVE_LIBC_PTHREAD
-- Performing Test CMAKE_HAVE_LIBC_PTHREAD - Success
-- Found Threads: TRUE  
-- Found Armadillo: /usr/include (found version "10.8.2") 
-- Configuring done
-- Generating done
-- Build files have been written to: /root/colcon_ws/build/pose_utils
[ 50%] [32mBuilding CXX object CMakeFiles/pose_utils.dir/src/pose_utils.cpp.o[0m
[100%] [32m[1mLinking CXX static library libpose_utils.a[0m
[100%] Built target pose_utils
-- Install configuration: ""
-- Installing: /root/colcon_ws/install/pose_utils/lib/libpose_utils.a
-- Installing: /root/colcon_ws/install/pose_utils/include
-- Installing: /root/colcon_ws/install/pose_utils/include/pose_utils.h
-- Installing: /root/colcon_ws/install/pose_utils/lib/cmake/pose_utils/pose_utilsTargets.cmake
-- Installing: /root/colcon_ws/install/pose_utils/lib/cmake/pose_utils/pose_utilsTargets-noconfig.cmake
-- Installing: /root/colcon_ws/install/pose_utils/share/pose_utils/environment/library_path.sh
-- Installing: /root/colcon_ws/install/pose_utils/share/pose_utils/environment/library_path.dsv
-- Installing: /root/colcon_ws/install/pose_utils/share/ament_index/resource_index/package_run_dependencies/pose_utils
-- Installing: /root/colcon_ws/install/pose_utils/share/ament_index/resource_index/parent_prefix_path/pose_utils
-- Installing: /root/colcon_ws/install/pose_utils/share/pose_utils/environment/ament_prefix_path.sh
-- Installing: /root/colcon_ws/install/pose_utils/share/pose_utils/environment/ament_prefix_path.dsv
-- Installing: /root/colcon_ws/install/pose_utils/share/pose_utils/environment/path.sh
-- Installing: /root/colcon_ws/install/pose_utils/share/pose_utils/environment/path.dsv
-- Installing: /root/colcon_ws/install/pose_utils/share/pose_utils/local_setup.bash
-- Installing: /root/colcon_ws/install/pose_utils/share/pose_utils/local_setup.sh
-- Installing: /root/colcon_ws/install/pose_utils/share/pose_utils/local_setup.zsh
-- Installing: /root/colcon_ws/install/pose_utils/share/pose_utils/local_setup.dsv
-- Installing: /root/colcon_ws/install/pose_utils/share/pose_utils/package.dsv
-- Installing: /root/colcon_ws/install/pose_utils/share/ament_index/resource_index/packages/pose_utils
-- Installing: /root/colcon_ws/install/pose_utils/share/pose_utils/cmake/pose_utilsTargetsExport.cmake
-- Installing: /root/colcon_ws/install/pose_utils/share/pose_utils/cmake/pose_utilsTargetsExport-noconfig.cmake
-- Installing: /root/colcon_ws/install/pose_utils/share/pose_utils/cmake/ament_cmake_export_targets-extras.cmake
-- Installing: /root/colcon_ws/install/pose_utils/share/pose_utils/cmake/ament_cmake_export_dependencies-extras.cmake
-- Installing: /root/colcon_ws/install/pose_utils/share/pose_utils/cmake/ament_cmake_export_include_directories-extras.cmake
-- Installing: /root/colcon_ws/install/pose_utils/share/pose_utils/cmake/pose_utilsConfig.cmake
-- Installing: /root/colcon_ws/install/pose_utils/share/pose_utils/cmake/pose_utilsConfig-version.cmake
-- Installing: /root/colcon_ws/install/pose_utils/share/pose_utils/package.xml
