[0.046s] Invoking command in '/root/colcon_ws/build/pose_utils': CMAKE_PREFIX_PATH=/opt/ros/humble /usr/bin/cmake /root/colcon_ws/src/Fast-Planner/uav_simulator/Utils/pose_utils -DCMAKE_INSTALL_PREFIX=/root/colcon_ws/install/pose_utils
[0.155s] -- The C compiler identification is GNU 11.4.0
[0.271s] -- The CXX compiler identification is GNU 11.4.0
[0.285s] -- Detecting C compiler ABI info
[0.415s] -- Detecting C compiler ABI info - done
[0.429s] -- Check for working C compiler: /usr/bin/cc - skipped
[0.430s] -- Detecting C compile features
[0.431s] -- Detecting C compile features - done
[0.439s] -- Detecting CXX compiler ABI info
[0.613s] -- Detecting CXX compiler ABI info - done
[0.625s] -- Check for working CXX compiler: /usr/bin/c++ - skipped
[0.627s] -- Detecting CXX compile features
[0.629s] -- Detecting CXX compile features - done
[0.637s] -- Found ament_cmake: 1.3.13 (/opt/ros/humble/share/ament_cmake/cmake)
[0.990s] -- Found Python3: /usr/bin/python3 (found version "3.10.12") found components: Interpreter 
[1.203s] -- Found rclcpp: 16.0.18 (/opt/ros/humble/share/rclcpp/cmake)
[1.280s] -- Found rosidl_generator_c: 3.1.8 (/opt/ros/humble/share/rosidl_generator_c/cmake)
[1.293s] -- Found rosidl_adapter: 3.1.8 (/opt/ros/humble/share/rosidl_adapter/cmake)
[1.306s] -- Found rosidl_generator_cpp: 3.1.8 (/opt/ros/humble/share/rosidl_generator_cpp/cmake)
[1.326s] -- Using all available rosidl_typesupport_c: rosidl_typesupport_fastrtps_c;rosidl_typesupport_introspection_c
[1.356s] -- Using all available rosidl_typesupport_cpp: rosidl_typesupport_fastrtps_cpp;rosidl_typesupport_introspection_cpp
[1.442s] -- Found rmw_implementation_cmake: 6.1.2 (/opt/ros/humble/share/rmw_implementation_cmake/cmake)
[1.448s] -- Found rmw_fastrtps_cpp: 6.2.10 (/opt/ros/humble/share/rmw_fastrtps_cpp/cmake)
[1.616s] -- Found OpenSSL: /usr/lib/aarch64-linux-gnu/libcrypto.so (found version "3.0.2")  
[1.670s] -- Found FastRTPS: /opt/ros/humble/include  
[1.759s] -- Using RMW implementation 'rmw_fastrtps_cpp' as default
[1.775s] -- Looking for pthread.h
[1.916s] -- Looking for pthread.h - found
[1.917s] -- Performing Test CMAKE_HAVE_LIBC_PTHREAD
[2.063s] -- Performing Test CMAKE_HAVE_LIBC_PTHREAD - Success
[2.065s] -- Found Threads: TRUE  
[2.163s] -- Found Armadillo: /usr/include (found version "10.8.2") 
[2.314s] -- Configuring done
[2.333s] -- Generating done
[2.344s] -- Build files have been written to: /root/colcon_ws/build/pose_utils
[2.373s] Invoked command in '/root/colcon_ws/build/pose_utils' returned '0': CMAKE_PREFIX_PATH=/opt/ros/humble /usr/bin/cmake /root/colcon_ws/src/Fast-Planner/uav_simulator/Utils/pose_utils -DCMAKE_INSTALL_PREFIX=/root/colcon_ws/install/pose_utils
[2.375s] Invoking command in '/root/colcon_ws/build/pose_utils': CMAKE_PREFIX_PATH=/opt/ros/humble /usr/bin/cmake --build /root/colcon_ws/build/pose_utils -- -j8 -l8
[2.480s] [ 50%] [32mBuilding CXX object CMakeFiles/pose_utils.dir/src/pose_utils.cpp.o[0m
[11.433s] [100%] [32m[1mLinking CXX static library libpose_utils.a[0m
[11.677s] [100%] Built target pose_utils
[11.755s] Invoked command in '/root/colcon_ws/build/pose_utils' returned '0': CMAKE_PREFIX_PATH=/opt/ros/humble /usr/bin/cmake --build /root/colcon_ws/build/pose_utils -- -j8 -l8
[11.756s] Invoking command in '/root/colcon_ws/build/pose_utils': CMAKE_PREFIX_PATH=/opt/ros/humble /usr/bin/cmake --install /root/colcon_ws/build/pose_utils
[11.785s] -- Install configuration: ""
[11.787s] -- Installing: /root/colcon_ws/install/pose_utils/lib/libpose_utils.a
[11.796s] -- Installing: /root/colcon_ws/install/pose_utils/include
[11.797s] -- Installing: /root/colcon_ws/install/pose_utils/include/pose_utils.h
[11.799s] -- Installing: /root/colcon_ws/install/pose_utils/lib/cmake/pose_utils/pose_utilsTargets.cmake
[11.799s] -- Installing: /root/colcon_ws/install/pose_utils/lib/cmake/pose_utils/pose_utilsTargets-noconfig.cmake
[11.800s] -- Installing: /root/colcon_ws/install/pose_utils/share/pose_utils/environment/library_path.sh
[11.801s] -- Installing: /root/colcon_ws/install/pose_utils/share/pose_utils/environment/library_path.dsv
[11.802s] -- Installing: /root/colcon_ws/install/pose_utils/share/ament_index/resource_index/package_run_dependencies/pose_utils
[11.803s] -- Installing: /root/colcon_ws/install/pose_utils/share/ament_index/resource_index/parent_prefix_path/pose_utils
[11.804s] -- Installing: /root/colcon_ws/install/pose_utils/share/pose_utils/environment/ament_prefix_path.sh
[11.807s] -- Installing: /root/colcon_ws/install/pose_utils/share/pose_utils/environment/ament_prefix_path.dsv
[11.807s] -- Installing: /root/colcon_ws/install/pose_utils/share/pose_utils/environment/path.sh
[11.807s] -- Installing: /root/colcon_ws/install/pose_utils/share/pose_utils/environment/path.dsv
[11.807s] -- Installing: /root/colcon_ws/install/pose_utils/share/pose_utils/local_setup.bash
[11.807s] -- Installing: /root/colcon_ws/install/pose_utils/share/pose_utils/local_setup.sh
[11.808s] -- Installing: /root/colcon_ws/install/pose_utils/share/pose_utils/local_setup.zsh
[11.808s] -- Installing: /root/colcon_ws/install/pose_utils/share/pose_utils/local_setup.dsv
[11.808s] -- Installing: /root/colcon_ws/install/pose_utils/share/pose_utils/package.dsv
[11.808s] -- Installing: /root/colcon_ws/install/pose_utils/share/ament_index/resource_index/packages/pose_utils
[11.809s] -- Installing: /root/colcon_ws/install/pose_utils/share/pose_utils/cmake/pose_utilsTargetsExport.cmake
[11.809s] -- Installing: /root/colcon_ws/install/pose_utils/share/pose_utils/cmake/pose_utilsTargetsExport-noconfig.cmake
[11.809s] -- Installing: /root/colcon_ws/install/pose_utils/share/pose_utils/cmake/ament_cmake_export_targets-extras.cmake
[11.810s] -- Installing: /root/colcon_ws/install/pose_utils/share/pose_utils/cmake/ament_cmake_export_dependencies-extras.cmake
[11.810s] -- Installing: /root/colcon_ws/install/pose_utils/share/pose_utils/cmake/ament_cmake_export_include_directories-extras.cmake
[11.810s] -- Installing: /root/colcon_ws/install/pose_utils/share/pose_utils/cmake/pose_utilsConfig.cmake
[11.810s] -- Installing: /root/colcon_ws/install/pose_utils/share/pose_utils/cmake/pose_utilsConfig-version.cmake
[11.810s] -- Installing: /root/colcon_ws/install/pose_utils/share/pose_utils/package.xml
[11.850s] Invoked command in '/root/colcon_ws/build/pose_utils' returned '0': CMAKE_PREFIX_PATH=/opt/ros/humble /usr/bin/cmake --install /root/colcon_ws/build/pose_utils
