-- The C compiler identification is GNU 11.4.0
-- The CXX compiler identification is GNU 11.4.0
-- Detecting C compiler ABI info
-- Detecting C compiler ABI info - done
-- Check for working C compiler: /usr/bin/cc - skipped
-- Detecting C compile features
-- Detecting C compile features - done
-- Detecting CXX compiler ABI info
-- Detecting CXX compiler ABI info - done
-- Check for working CXX compiler: /usr/bin/c++ - skipped
-- Detecting CXX compile features
-- Detecting CXX compile features - done
-- Found ament_cmake: 1.3.13 (/opt/ros/humble/share/ament_cmake/cmake)
-- Found Python3: /usr/bin/python3 (found version "3.10.12") found components: Interpreter 
-- Found rclcpp: 16.0.18 (/opt/ros/humble/share/rclcpp/cmake)
-- Found rosidl_generator_c: 3.1.8 (/opt/ros/humble/share/rosidl_generator_c/cmake)
-- Found rosidl_adapter: 3.1.8 (/opt/ros/humble/share/rosidl_adapter/cmake)
-- Found rosidl_generator_cpp: 3.1.8 (/opt/ros/humble/share/rosidl_generator_cpp/cmake)
-- Using all available rosidl_typesupport_c: rosidl_typesupport_fastrtps_c;rosidl_typesupport_introspection_c
-- Using all available rosidl_typesupport_cpp: rosidl_typesupport_fastrtps_cpp;rosidl_typesupport_introspection_cpp
-- Found rmw_implementation_cmake: 6.1.2 (/opt/ros/humble/share/rmw_implementation_cmake/cmake)
-- Found rmw_fastrtps_cpp: 6.2.10 (/opt/ros/humble/share/rmw_fastrtps_cpp/cmake)
-- Found OpenSSL: /usr/lib/aarch64-linux-gnu/libcrypto.so (found version "3.0.2")  
-- Found FastRTPS: /opt/ros/humble/include  
-- Using RMW implementation 'rmw_fastrtps_cpp' as default
-- Looking for pthread.h
-- Looking for pthread.h - found
-- Performing Test CMAKE_HAVE_LIBC_PTHREAD
-- Performing Test CMAKE_HAVE_LIBC_PTHREAD - Success
-- Found Threads: TRUE  
-- Configuring done
-- Generating done
-- Build files have been written to: /root/colcon_ws/build/poly_traj
[ 50%] [32mBuilding CXX object CMakeFiles/poly_traj.dir/src/polynomial_traj.cpp.o[0m
In file included from [01m[K/usr/include/eigen3/Eigen/Core:214[m[K,
                 from [01m[K/usr/include/eigen3/Eigen/Dense:1[m[K,
                 from [01m[K/usr/include/eigen3/Eigen/Eigen:1[m[K,
                 from [01m[K/root/colcon_ws/src/Fast-Planner/fast_planner/poly_traj/include/poly_traj/polynomial_traj.h:29[m[K,
                 from [01m[K/root/colcon_ws/src/Fast-Planner/fast_planner/poly_traj/src/polynomial_traj.cpp:27[m[K:
[01m[K/usr/include/eigen3/Eigen/src/Core/arch/NEON/PacketMath.h:[m[K In function ‘[01m[KPacket Eigen::internal::pload(const typename Eigen::internal::unpacket_traits<T>::type*) [with Packet = Eigen::internal::eigen_packet_wrapper<int, 2>; typename Eigen::internal::unpacket_traits<T>::type = signed char][m[K’:
[01m[K/usr/include/eigen3/Eigen/src/Core/arch/NEON/PacketMath.h:1671:9:[m[K [01;35m[Kwarning: [m[K‘[01m[Kvoid* memcpy(void*, const void*, size_t)[m[K’ copying an object of non-trivial type ‘[01m[KEigen::internal::Packet4c[m[K’ {aka ‘[01m[Kstruct Eigen::internal::eigen_packet_wrapper<int, 2>[m[K’} from an array of ‘[01m[Kconst int8_t[m[K’ {aka ‘[01m[Kconst signed char[m[K’} [[01;35m[K-Wclass-memaccess[m[K]
 1671 |   [01;35m[Kmemcpy(&res, from, sizeof(Packet4c))[m[K;
      |   [01;35m[K~~~~~~^~~~~~~~~~~~~~~~~~~~~~~~~~~~~~[m[K
In file included from [01m[K/usr/include/eigen3/Eigen/Core:172[m[K,
                 from [01m[K/usr/include/eigen3/Eigen/Dense:1[m[K,
                 from [01m[K/usr/include/eigen3/Eigen/Eigen:1[m[K,
                 from [01m[K/root/colcon_ws/src/Fast-Planner/fast_planner/poly_traj/include/poly_traj/polynomial_traj.h:29[m[K,
                 from [01m[K/root/colcon_ws/src/Fast-Planner/fast_planner/poly_traj/src/polynomial_traj.cpp:27[m[K:
[01m[K/usr/include/eigen3/Eigen/src/Core/GenericPacketMath.h:159:8:[m[K [01;36m[Knote: [m[K‘[01m[KEigen::internal::Packet4c[m[K’ {aka ‘[01m[Kstruct Eigen::internal::eigen_packet_wrapper<int, 2>[m[K’} declared here
  159 | struct [01;36m[Keigen_packet_wrapper[m[K
      |        [01;36m[K^~~~~~~~~~~~~~~~~~~~[m[K
In file included from [01m[K/usr/include/eigen3/Eigen/Core:214[m[K,
                 from [01m[K/usr/include/eigen3/Eigen/Dense:1[m[K,
                 from [01m[K/usr/include/eigen3/Eigen/Eigen:1[m[K,
                 from [01m[K/root/colcon_ws/src/Fast-Planner/fast_planner/poly_traj/include/poly_traj/polynomial_traj.h:29[m[K,
                 from [01m[K/root/colcon_ws/src/Fast-Planner/fast_planner/poly_traj/src/polynomial_traj.cpp:27[m[K:
[01m[K/usr/include/eigen3/Eigen/src/Core/arch/NEON/PacketMath.h:[m[K In function ‘[01m[KPacket Eigen::internal::ploadu(const typename Eigen::internal::unpacket_traits<T>::type*) [with Packet = Eigen::internal::eigen_packet_wrapper<int, 2>; typename Eigen::internal::unpacket_traits<T>::type = signed char][m[K’:
[01m[K/usr/include/eigen3/Eigen/src/Core/arch/NEON/PacketMath.h:1716:9:[m[K [01;35m[Kwarning: [m[K‘[01m[Kvoid* memcpy(void*, const void*, size_t)[m[K’ copying an object of non-trivial type ‘[01m[KEigen::internal::Packet4c[m[K’ {aka ‘[01m[Kstruct Eigen::internal::eigen_packet_wrapper<int, 2>[m[K’} from an array of ‘[01m[Kconst int8_t[m[K’ {aka ‘[01m[Kconst signed char[m[K’} [[01;35m[K-Wclass-memaccess[m[K]
 1716 |   [01;35m[Kmemcpy(&res, from, sizeof(Packet4c))[m[K;
      |   [01;35m[K~~~~~~^~~~~~~~~~~~~~~~~~~~~~~~~~~~~~[m[K
In file included from [01m[K/usr/include/eigen3/Eigen/Core:172[m[K,
                 from [01m[K/usr/include/eigen3/Eigen/Dense:1[m[K,
                 from [01m[K/usr/include/eigen3/Eigen/Eigen:1[m[K,
                 from [01m[K/root/colcon_ws/src/Fast-Planner/fast_planner/poly_traj/include/poly_traj/polynomial_traj.h:29[m[K,
                 from [01m[K/root/colcon_ws/src/Fast-Planner/fast_planner/poly_traj/src/polynomial_traj.cpp:27[m[K:
[01m[K/usr/include/eigen3/Eigen/src/Core/GenericPacketMath.h:159:8:[m[K [01;36m[Knote: [m[K‘[01m[KEigen::internal::Packet4c[m[K’ {aka ‘[01m[Kstruct Eigen::internal::eigen_packet_wrapper<int, 2>[m[K’} declared here
  159 | struct [01;36m[Keigen_packet_wrapper[m[K
      |        [01;36m[K^~~~~~~~~~~~~~~~~~~~[m[K
In file included from [01m[K/root/colcon_ws/src/Fast-Planner/fast_planner/poly_traj/src/polynomial_traj.cpp:27[m[K:
[01m[K/root/colcon_ws/src/Fast-Planner/fast_planner/poly_traj/include/poly_traj/polynomial_traj.h:[m[K In member function ‘[01m[Kvoid PolynomialTraj::init()[m[K’:
[01m[K/root/colcon_ws/src/Fast-Planner/fast_planner/poly_traj/include/poly_traj/polynomial_traj.h:66:23:[m[K [01;35m[Kwarning: [m[Kcomparison of integer expressions of different signedness: ‘[01m[Kint[m[K’ and ‘[01m[Kstd::vector<double>::size_type[m[K’ {aka ‘[01m[Klong unsigned int[m[K’} [[01;35m[K-Wsign-compare[m[K]
   66 |     for (int i = 0; [01;35m[Ki < times.size()[m[K; ++i) {
      |                     [01;35m[K~~^~~~~~~~~~~~~~[m[K
[01m[K/root/colcon_ws/src/Fast-Planner/fast_planner/poly_traj/include/poly_traj/polynomial_traj.h:[m[K In member function ‘[01m[Kdouble PolynomialTraj::getLength()[m[K’:
[01m[K/root/colcon_ws/src/Fast-Planner/fast_planner/poly_traj/include/poly_traj/polynomial_traj.h:168:23:[m[K [01;35m[Kwarning: [m[Kcomparison of integer expressions of different signedness: ‘[01m[Kint[m[K’ and ‘[01m[Kstd::vector<Eigen::Matrix<double, 3, 1> >::size_type[m[K’ {aka ‘[01m[Klong unsigned int[m[K’} [[01;35m[K-Wsign-compare[m[K]
  168 |     for (int i = 1; [01;35m[Ki < traj_vec3d.size()[m[K; ++i) {
      |                     [01;35m[K~~^~~~~~~~~~~~~~~~~~~[m[K
[01m[K/root/colcon_ws/src/Fast-Planner/fast_planner/poly_traj/include/poly_traj/polynomial_traj.h:[m[K In member function ‘[01m[Kdouble PolynomialTraj::getMeanVel()[m[K’:
[01m[K/root/colcon_ws/src/Fast-Planner/fast_planner/poly_traj/include/poly_traj/polynomial_traj.h:177:12:[m[K [01;35m[Kwarning: [m[Kunused variable ‘[01m[Kmean_vel[m[K’ [[01;35m[K-Wunused-variable[m[K]
  177 |     double [01;35m[Kmean_vel[m[K = length / time_sum;
      |            [01;35m[K^~~~~~~~[m[K
[01m[K/root/colcon_ws/src/Fast-Planner/fast_planner/poly_traj/include/poly_traj/polynomial_traj.h:178:3:[m[K [01;35m[Kwarning: [m[Kno return statement in function returning non-void [[01;35m[K-Wreturn-type[m[K]
  178 |   [01;35m[K}[m[K
      |   [01;35m[K^[m[K
[01m[K/root/colcon_ws/src/Fast-Planner/fast_planner/poly_traj/include/poly_traj/polynomial_traj.h:[m[K In member function ‘[01m[Kdouble PolynomialTraj::getAccCost()[m[K’:
[01m[K/root/colcon_ws/src/Fast-Planner/fast_planner/poly_traj/include/poly_traj/polynomial_traj.h:184:23:[m[K [01;35m[Kwarning: [m[Kcomparison of integer expressions of different signedness: ‘[01m[Kint[m[K’ and ‘[01m[Kstd::vector<double>::size_type[m[K’ {aka ‘[01m[Klong unsigned int[m[K’} [[01;35m[K-Wsign-compare[m[K]
  184 |     for (int s = 0; [01;35m[Ks < times.size()[m[K; ++s) {
      |                     [01;35m[K~~^~~~~~~~~~~~~~[m[K
[01m[K/root/colcon_ws/src/Fast-Planner/fast_planner/poly_traj/include/poly_traj/polynomial_traj.h:[m[K In member function ‘[01m[Kdouble PolynomialTraj::getJerk()[m[K’:
[01m[K/root/colcon_ws/src/Fast-Planner/fast_planner/poly_traj/include/poly_traj/polynomial_traj.h:197:23:[m[K [01;35m[Kwarning: [m[Kcomparison of integer expressions of different signedness: ‘[01m[Kint[m[K’ and ‘[01m[Kstd::vector<double>::size_type[m[K’ {aka ‘[01m[Klong unsigned int[m[K’} [[01;35m[K-Wsign-compare[m[K]
  197 |     for (int s = 0; [01;35m[Ks < times.size()[m[K; ++s) {
      |                     [01;35m[K~~^~~~~~~~~~~~~~[m[K
[01m[K/root/colcon_ws/src/Fast-Planner/fast_planner/poly_traj/include/poly_traj/polynomial_traj.h:212:94:[m[K [01;31m[Kerror: [m[Kno match for ‘[01m[Koperator=[m[K’ (operand types are ‘[01m[KEigen::internal::enable_if<true, Eigen::IndexedView<Eigen::Matrix<double, -1, -1>, double, double> >::type[m[K’ {aka ‘[01m[KEigen::IndexedView<Eigen::Matrix<double, -1, -1>, double, double>[m[K’} and ‘[01m[Kdouble[m[K’)
  212 |  (i - 1) * (i - 2) * j * (j - 1) * (j - 2) * pow(ts, i + j - 5) / (i + j - 5[01;31m[K)[m[K;
      |                                                                             [01;31m[K^[m[K

In file included from [01m[K/usr/include/eigen3/Eigen/Core:273[m[K,
                 from [01m[K/usr/include/eigen3/Eigen/Dense:1[m[K,
                 from [01m[K/usr/include/eigen3/Eigen/Eigen:1[m[K,
                 from [01m[K/root/colcon_ws/src/Fast-Planner/fast_planner/poly_traj/include/poly_traj/polynomial_traj.h:29[m[K,
                 from [01m[K/root/colcon_ws/src/Fast-Planner/fast_planner/poly_traj/src/polynomial_traj.cpp:27[m[K:
[01m[K/usr/include/eigen3/Eigen/src/Core/MatrixBase.h:154:14:[m[K [01;36m[Knote: [m[Kcandidate: ‘[01m[Ktemplate<class OtherDerived> Derived& Eigen::MatrixBase<Derived>::operator=(const Eigen::ReturnByValue<OtherDerived>&) [with OtherDerived = OtherDerived; Derived = Eigen::IndexedView<Eigen::Matrix<double, -1, -1>, double, double>][m[K’
  154 |     Derived& [01;36m[Koperator[m[K=(const ReturnByValue<OtherDerived>& other);
      |              [01;36m[K^~~~~~~~[m[K
[01m[K/usr/include/eigen3/Eigen/src/Core/MatrixBase.h:154:14:[m[K [01;36m[Knote: [m[K  template argument deduction/substitution failed:
In file included from [01m[K/root/colcon_ws/src/Fast-Planner/fast_planner/poly_traj/src/polynomial_traj.cpp:27[m[K:
[01m[K/root/colcon_ws/src/Fast-Planner/fast_planner/poly_traj/include/poly_traj/polynomial_traj.h:212:94:[m[K [01;36m[Knote: [m[K  mismatched types ‘[01m[Kconst Eigen::ReturnByValue<Derived>[m[K’ and ‘[01m[Kdouble[m[K’
  212 |  (i - 1) * (i - 2) * j * (j - 1) * (j - 2) * pow(ts, i + j - 5) / (i + j - 5[01;36m[K)[m[K;
      |                                                                             [01;36m[K^[m[K

In file included from [01m[K/usr/include/eigen3/Eigen/Core:273[m[K,
                 from [01m[K/usr/include/eigen3/Eigen/Dense:1[m[K,
                 from [01m[K/usr/include/eigen3/Eigen/Eigen:1[m[K,
                 from [01m[K/root/colcon_ws/src/Fast-Planner/fast_planner/poly_traj/include/poly_traj/polynomial_traj.h:29[m[K,
                 from [01m[K/root/colcon_ws/src/Fast-Planner/fast_planner/poly_traj/src/polynomial_traj.cpp:27[m[K:
[01m[K/usr/include/eigen3/Eigen/src/Core/MatrixBase.h:150:14:[m[K [01;36m[Knote: [m[Kcandidate: ‘[01m[Ktemplate<class OtherDerived> Derived& Eigen::MatrixBase<Derived>::operator=(const Eigen::EigenBase<OtherDerived>&) [with OtherDerived = OtherDerived; Derived = Eigen::IndexedView<Eigen::Matrix<double, -1, -1>, double, double>][m[K’
  150 |     Derived& [01;36m[Koperator[m[K=(const EigenBase<OtherDerived>& other);
      |              [01;36m[K^~~~~~~~[m[K
[01m[K/usr/include/eigen3/Eigen/src/Core/MatrixBase.h:150:14:[m[K [01;36m[Knote: [m[K  template argument deduction/substitution failed:
In file included from [01m[K/root/colcon_ws/src/Fast-Planner/fast_planner/poly_traj/src/polynomial_traj.cpp:27[m[K:
[01m[K/root/colcon_ws/src/Fast-Planner/fast_planner/poly_traj/include/poly_traj/polynomial_traj.h:212:94:[m[K [01;36m[Knote: [m[K  mismatched types ‘[01m[Kconst Eigen::EigenBase<Derived>[m[K’ and ‘[01m[Kdouble[m[K’
  212 |  (i - 1) * (i - 2) * j * (j - 1) * (j - 2) * pow(ts, i + j - 5) / (i + j - 5[01;36m[K)[m[K;
      |                                                                             [01;36m[K^[m[K

In file included from [01m[K/usr/include/eigen3/Eigen/Core:273[m[K,
                 from [01m[K/usr/include/eigen3/Eigen/Dense:1[m[K,
                 from [01m[K/usr/include/eigen3/Eigen/Eigen:1[m[K,
                 from [01m[K/root/colcon_ws/src/Fast-Planner/fast_planner/poly_traj/include/poly_traj/polynomial_traj.h:29[m[K,
                 from [01m[K/root/colcon_ws/src/Fast-Planner/fast_planner/poly_traj/src/polynomial_traj.cpp:27[m[K:
[01m[K/usr/include/eigen3/Eigen/src/Core/MatrixBase.h:146:14:[m[K [01;36m[Knote: [m[Kcandidate: ‘[01m[Ktemplate<class OtherDerived> Derived& Eigen::MatrixBase<Derived>::operator=(const Eigen::DenseBase<OtherDerived>&) [with OtherDerived = OtherDerived; Derived = Eigen::IndexedView<Eigen::Matrix<double, -1, -1>, double, double>][m[K’
  146 |     Derived& [01;36m[Koperator[m[K=(const DenseBase<OtherDerived>& other);
      |              [01;36m[K^~~~~~~~[m[K
[01m[K/usr/include/eigen3/Eigen/src/Core/MatrixBase.h:146:14:[m[K [01;36m[Knote: [m[K  template argument deduction/substitution failed:
In file included from [01m[K/root/colcon_ws/src/Fast-Planner/fast_planner/poly_traj/src/polynomial_traj.cpp:27[m[K:
[01m[K/root/colcon_ws/src/Fast-Planner/fast_planner/poly_traj/include/poly_traj/polynomial_traj.h:212:94:[m[K [01;36m[Knote: [m[K  mismatched types ‘[01m[Kconst Eigen::DenseBase<Derived>[m[K’ and ‘[01m[Kdouble[m[K’
  212 |  (i - 1) * (i - 2) * j * (j - 1) * (j - 2) * pow(ts, i + j - 5) / (i + j - 5[01;36m[K)[m[K;
      |                                                                             [01;36m[K^[m[K

In file included from [01m[K/usr/include/eigen3/Eigen/Core:19[m[K,
                 from [01m[K/usr/include/eigen3/Eigen/Dense:1[m[K,
                 from [01m[K/usr/include/eigen3/Eigen/Eigen:1[m[K,
                 from [01m[K/root/colcon_ws/src/Fast-Planner/fast_planner/poly_traj/include/poly_traj/polynomial_traj.h:29[m[K,
                 from [01m[K/root/colcon_ws/src/Fast-Planner/fast_planner/poly_traj/src/polynomial_traj.cpp:27[m[K:
[01m[K/usr/include/eigen3/Eigen/src/Core/util/Macros.h:1205:52:[m[K [01;36m[Knote: [m[Kcandidate: ‘[01m[KEigen::IndexedView<XprType, RowIndices, ColIndices>& Eigen::IndexedView<XprType, RowIndices, ColIndices>::operator=(const Eigen::IndexedView<XprType, RowIndices, ColIndices>&) [with XprType = Eigen::Matrix<double, -1, -1>; RowIndices = double; ColIndices = double][m[K’
 1205 |     EIGEN_DEVICE_FUNC EIGEN_STRONG_INLINE Derived& [01;36m[Koperator[m[K=(const Derived& other) \
      |                                                    [01;36m[K^~~~~~~~[m[K
[01m[K/usr/include/eigen3/Eigen/src/Core/util/Macros.h:1232:5:[m[K [01;36m[Knote: [m[Kin expansion of macro ‘[01m[KEIGEN_INHERIT_ASSIGNMENT_EQUAL_OPERATOR[m[K’
 1232 |     [01;36m[KEIGEN_INHERIT_ASSIGNMENT_EQUAL_OPERATOR[m[K(Derived) \
      |     [01;36m[K^~~~~~~~~~~~~~~~~~~~~~~~~~~~~~~~~~~~~~~[m[K
[01m[K/usr/include/eigen3/Eigen/src/Core/IndexedView.h:114:3:[m[K [01;36m[Knote: [m[Kin expansion of macro ‘[01m[KEIGEN_INHERIT_ASSIGNMENT_OPERATORS[m[K’
  114 |   [01;36m[KEIGEN_INHERIT_ASSIGNMENT_OPERATORS[m[K(IndexedView)
      |   [01;36m[K^~~~~~~~~~~~~~~~~~~~~~~~~~~~~~~~~~[m[K
[01m[K/usr/include/eigen3/Eigen/src/Core/util/Macros.h:1205:77:[m[K [01;36m[Knote: [m[K  no known conversion for argument 1 from ‘[01m[Kdouble[m[K’ to ‘[01m[Kconst Eigen::IndexedView<Eigen::Matrix<double, -1, -1>, double, double>&[m[K’
 1205 | GEN_DEVICE_FUNC EIGEN_STRONG_INLINE Derived& operator=([01;36m[Kconst Derived& other[m[K) \
      |                                                        [01;36m[K~~~~~~~~~~~~~~~^~~~~[m[K

[01m[K/usr/include/eigen3/Eigen/src/Core/util/Macros.h:1232:5:[m[K [01;36m[Knote: [m[Kin expansion of macro ‘[01m[KEIGEN_INHERIT_ASSIGNMENT_EQUAL_OPERATOR[m[K’
 1232 |     [01;36m[KEIGEN_INHERIT_ASSIGNMENT_EQUAL_OPERATOR[m[K(Derived) \
      |     [01;36m[K^~~~~~~~~~~~~~~~~~~~~~~~~~~~~~~~~~~~~~~[m[K
[01m[K/usr/include/eigen3/Eigen/src/Core/IndexedView.h:114:3:[m[K [01;36m[Knote: [m[Kin expansion of macro ‘[01m[KEIGEN_INHERIT_ASSIGNMENT_OPERATORS[m[K’
  114 |   [01;36m[KEIGEN_INHERIT_ASSIGNMENT_OPERATORS[m[K(IndexedView)
      |   [01;36m[K^~~~~~~~~~~~~~~~~~~~~~~~~~~~~~~~~~[m[K
In file included from [01m[K/usr/include/eigen3/Eigen/Core:282[m[K,
                 from [01m[K/usr/include/eigen3/Eigen/Dense:1[m[K,
                 from [01m[K/usr/include/eigen3/Eigen/Eigen:1[m[K,
                 from [01m[K/root/colcon_ws/src/Fast-Planner/fast_planner/poly_traj/include/poly_traj/polynomial_traj.h:29[m[K,
                 from [01m[K/root/colcon_ws/src/Fast-Planner/fast_planner/poly_traj/src/polynomial_traj.cpp:27[m[K:
[01m[K/usr/include/eigen3/Eigen/src/Core/Assign.h:55:30:[m[K [01;36m[Knote: [m[Kcandidate: ‘[01m[KDerived& Eigen::MatrixBase<Derived>::operator=(const Eigen::MatrixBase<Derived>&) [with Derived = Eigen::IndexedView<Eigen::Matrix<double, -1, -1>, double, double>][m[K’
   55 | EIGEN_STRONG_INLINE Derived& [01;36m[KMatrixBase<Derived>[m[K::operator=(const MatrixBase& other)
      |                              [01;36m[K^~~~~~~~~~~~~~~~~~~[m[K
[01m[K/usr/include/eigen3/Eigen/src/Core/Assign.h:55:79:[m[K [01;36m[Knote: [m[K  no known conversion for argument 1 from ‘[01m[Kdouble[m[K’ to ‘[01m[Kconst Eigen::MatrixBase<Eigen::IndexedView<Eigen::Matrix<double, -1, -1>, double, double> >&[m[K’
   55 | STRONG_INLINE Derived& MatrixBase<Derived>::operator=([01;36m[Kconst MatrixBase& other[m[K)
      |                                                       [01;36m[K~~~~~~~~~~~~~~~~~~^~~~~[m[K

In file included from [01m[K/root/colcon_ws/src/Fast-Planner/fast_planner/poly_traj/src/polynomial_traj.cpp:27[m[K:
[01m[K/root/colcon_ws/src/Fast-Planner/fast_planner/poly_traj/include/poly_traj/polynomial_traj.h:[m[K In member function ‘[01m[Kvoid PolynomialTraj::getMeanAndMaxVel(double&, double&)[m[K’:
[01m[K/root/colcon_ws/src/Fast-Planner/fast_planner/poly_traj/include/poly_traj/polynomial_traj.h:226:23:[m[K [01;35m[Kwarning: [m[Kcomparison of integer expressions of different signedness: ‘[01m[Kint[m[K’ and ‘[01m[Kstd::vector<double>::size_type[m[K’ {aka ‘[01m[Klong unsigned int[m[K’} [[01;35m[K-Wsign-compare[m[K]
  226 |     for (int s = 0; [01;35m[Ks < times.size()[m[K; ++s) {
      |                     [01;35m[K~~^~~~~~~~~~~~~~[m[K
[01m[K/root/colcon_ws/src/Fast-Planner/fast_planner/poly_traj/include/poly_traj/polynomial_traj.h:[m[K In member function ‘[01m[Kvoid PolynomialTraj::getMeanAndMaxAcc(double&, double&)[m[K’:
[01m[K/root/colcon_ws/src/Fast-Planner/fast_planner/poly_traj/include/poly_traj/polynomial_traj.h:260:23:[m[K [01;35m[Kwarning: [m[Kcomparison of integer expressions of different signedness: ‘[01m[Kint[m[K’ and ‘[01m[Kstd::vector<double>::size_type[m[K’ {aka ‘[01m[Klong unsigned int[m[K’} [[01;35m[K-Wsign-compare[m[K]
  260 |     for (int s = 0; [01;35m[Ks < times.size()[m[K; ++s) {
      |                     [01;35m[K~~^~~~~~~~~~~~~~[m[K
[01m[K/root/colcon_ws/src/Fast-Planner/fast_planner/poly_traj/src/polynomial_traj.cpp:[m[K In function ‘[01m[KPolynomialTraj fastLine4deg(Eigen::Vector3d, Eigen::Vector3d, double, double, double)[m[K’:
[01m[K/root/colcon_ws/src/Fast-Planner/fast_planner/poly_traj/src/polynomial_traj.cpp:201:10:[m[K [01;35m[Kwarning: [m[Kunused variable ‘[01m[Klen[m[K’ [[01;35m[K-Wunused-variable[m[K]
  201 |   double [01;35m[Klen[m[K = disp.norm();
      |          [01;35m[K^~~[m[K
gmake[2]: *** [CMakeFiles/poly_traj.dir/build.make:76: CMakeFiles/poly_traj.dir/src/polynomial_traj.cpp.o] Error 1
gmake[1]: *** [CMakeFiles/Makefile2:137: CMakeFiles/poly_traj.dir/all] Error 2
gmake: *** [Makefile:146: all] Error 2
