[0.184s] DEBUG:colcon:Command line arguments: ['/usr/bin/colcon', 'build', '--packages-select', 'odom_visualization', '--event-handlers', 'console_direct+']
[0.184s] DEBUG:colcon:Parsed command line arguments: Namespace(log_base=None, log_level=None, verb_name='build', build_base='build', install_base='install', merge_install=False, symlink_install=False, test_result_base=None, continue_on_error=False, executor='parallel', parallel_workers=8, event_handlers=['console_direct+'], ignore_user_meta=False, metas=['./colcon.meta'], base_paths=['.'], packages_ignore=None, packages_ignore_regex=None, paths=None, packages_up_to=None, packages_up_to_regex=None, packages_above=None, packages_above_and_dependencies=None, packages_above_depth=None, packages_select_by_dep=None, packages_skip_by_dep=None, packages_skip_up_to=None, packages_select_build_failed=False, packages_skip_build_finished=False, packages_select_test_failures=False, packages_skip_test_passed=False, packages_select=['odom_visualization'], packages_skip=None, packages_select_regex=None, packages_skip_regex=None, packages_start=None, packages_end=None, allow_overriding=[], cmake_args=None, cmake_target=None, cmake_target_skip_unavailable=False, cmake_clean_cache=False, cmake_clean_first=False, cmake_force_configure=False, ament_cmake_args=None, catkin_cmake_args=None, catkin_skip_building_tests=False, verb_parser=<colcon_defaults.argument_parser.defaults.DefaultArgumentsDecorator object at 0xffffa029a920>, verb_extension=<colcon_core.verb.build.BuildVerb object at 0xffffa029a350>, main=<bound method BuildVerb.main of <colcon_core.verb.build.BuildVerb object at 0xffffa029a350>>)
[0.443s] Level 1:colcon.colcon_core.package_discovery:discover_packages(colcon_meta) check parameters
[0.443s] Level 1:colcon.colcon_core.package_discovery:discover_packages(recursive) check parameters
[0.443s] Level 1:colcon.colcon_core.package_discovery:discover_packages(ignore) check parameters
[0.443s] Level 1:colcon.colcon_core.package_discovery:discover_packages(path) check parameters
[0.443s] Level 1:colcon.colcon_core.package_discovery:discover_packages(colcon_meta) discover
[0.444s] Level 1:colcon.colcon_core.package_discovery:discover_packages(recursive) discover
[0.444s] INFO:colcon.colcon_core.package_discovery:Crawling recursively for packages in '/root/colcon_ws'
[0.444s] Level 1:colcon.colcon_core.package_identification:_identify(.) by extensions ['ignore', 'ignore_ament_install']
[0.444s] Level 1:colcon.colcon_core.package_identification:_identify(.) by extension 'ignore'
[0.444s] Level 1:colcon.colcon_core.package_identification:_identify(.) by extension 'ignore_ament_install'
[0.444s] Level 1:colcon.colcon_core.package_identification:_identify(.) by extensions ['colcon_pkg']
[0.445s] Level 1:colcon.colcon_core.package_identification:_identify(.) by extension 'colcon_pkg'
[0.445s] Level 1:colcon.colcon_core.package_identification:_identify(.) by extensions ['colcon_meta']
[0.445s] Level 1:colcon.colcon_core.package_identification:_identify(.) by extension 'colcon_meta'
[0.445s] Level 1:colcon.colcon_core.package_identification:_identify(.) by extensions ['ros']
[0.445s] Level 1:colcon.colcon_core.package_identification:_identify(.) by extension 'ros'
[0.464s] Level 1:colcon.colcon_core.package_identification:_identify(.) by extensions ['cmake', 'python']
[0.465s] Level 1:colcon.colcon_core.package_identification:_identify(.) by extension 'cmake'
[0.465s] Level 1:colcon.colcon_core.package_identification:_identify(.) by extension 'python'
[0.465s] Level 1:colcon.colcon_core.package_identification:_identify(.) by extensions ['python_setup_py']
[0.465s] Level 1:colcon.colcon_core.package_identification:_identify(.) by extension 'python_setup_py'
[0.465s] Level 1:colcon.colcon_core.package_identification:_identify(backup) by extensions ['ignore', 'ignore_ament_install']
[0.465s] Level 1:colcon.colcon_core.package_identification:_identify(backup) by extension 'ignore'
[0.465s] Level 1:colcon.colcon_core.package_identification:_identify(backup) by extension 'ignore_ament_install'
[0.465s] Level 1:colcon.colcon_core.package_identification:_identify(backup) by extensions ['colcon_pkg']
[0.465s] Level 1:colcon.colcon_core.package_identification:_identify(backup) by extension 'colcon_pkg'
[0.466s] Level 1:colcon.colcon_core.package_identification:_identify(backup) by extensions ['colcon_meta']
[0.466s] Level 1:colcon.colcon_core.package_identification:_identify(backup) by extension 'colcon_meta'
[0.466s] Level 1:colcon.colcon_core.package_identification:_identify(backup) by extensions ['ros']
[0.466s] Level 1:colcon.colcon_core.package_identification:_identify(backup) by extension 'ros'
[0.466s] Level 1:colcon.colcon_core.package_identification:_identify(backup) by extensions ['cmake', 'python']
[0.466s] Level 1:colcon.colcon_core.package_identification:_identify(backup) by extension 'cmake'
[0.466s] Level 1:colcon.colcon_core.package_identification:_identify(backup) by extension 'python'
[0.466s] Level 1:colcon.colcon_core.package_identification:_identify(backup) by extensions ['python_setup_py']
[0.466s] Level 1:colcon.colcon_core.package_identification:_identify(backup) by extension 'python_setup_py'
[0.466s] Level 1:colcon.colcon_core.package_identification:_identify(backup/fptestv1) by extensions ['ignore', 'ignore_ament_install']
[0.466s] Level 1:colcon.colcon_core.package_identification:_identify(backup/fptestv1) by extension 'ignore'
[0.466s] Level 1:colcon.colcon_core.package_identification:_identify(backup/fptestv1) by extension 'ignore_ament_install'
[0.467s] Level 1:colcon.colcon_core.package_identification:_identify(backup/fptestv1) by extensions ['colcon_pkg']
[0.467s] Level 1:colcon.colcon_core.package_identification:_identify(backup/fptestv1) by extension 'colcon_pkg'
[0.467s] Level 1:colcon.colcon_core.package_identification:_identify(backup/fptestv1) by extensions ['colcon_meta']
[0.467s] Level 1:colcon.colcon_core.package_identification:_identify(backup/fptestv1) by extension 'colcon_meta'
[0.467s] Level 1:colcon.colcon_core.package_identification:_identify(backup/fptestv1) by extensions ['ros']
[0.467s] Level 1:colcon.colcon_core.package_identification:_identify(backup/fptestv1) by extension 'ros'
[0.467s] Level 1:colcon.colcon_core.package_identification:_identify(backup/fptestv1) by extensions ['cmake', 'python']
[0.467s] Level 1:colcon.colcon_core.package_identification:_identify(backup/fptestv1) by extension 'cmake'
[0.467s] Level 1:colcon.colcon_core.package_identification:_identify(backup/fptestv1) by extension 'python'
[0.467s] Level 1:colcon.colcon_core.package_identification:_identify(backup/fptestv1) by extensions ['python_setup_py']
[0.467s] Level 1:colcon.colcon_core.package_identification:_identify(backup/fptestv1) by extension 'python_setup_py'
[0.467s] Level 1:colcon.colcon_core.package_identification:_identify(backup/fptestv1/fastapi_planner) by extensions ['ignore', 'ignore_ament_install']
[0.468s] Level 1:colcon.colcon_core.package_identification:_identify(backup/fptestv1/fastapi_planner) by extension 'ignore'
[0.468s] Level 1:colcon.colcon_core.package_identification:_identify(backup/fptestv1/fastapi_planner) by extension 'ignore_ament_install'
[0.468s] Level 1:colcon.colcon_core.package_identification:_identify(backup/fptestv1/fastapi_planner) by extensions ['colcon_pkg']
[0.468s] Level 1:colcon.colcon_core.package_identification:_identify(backup/fptestv1/fastapi_planner) by extension 'colcon_pkg'
[0.468s] Level 1:colcon.colcon_core.package_identification:_identify(backup/fptestv1/fastapi_planner) by extensions ['colcon_meta']
[0.468s] Level 1:colcon.colcon_core.package_identification:_identify(backup/fptestv1/fastapi_planner) by extension 'colcon_meta'
[0.468s] Level 1:colcon.colcon_core.package_identification:_identify(backup/fptestv1/fastapi_planner) by extensions ['ros']
[0.468s] Level 1:colcon.colcon_core.package_identification:_identify(backup/fptestv1/fastapi_planner) by extension 'ros'
[0.468s] Level 1:colcon.colcon_core.package_identification:_identify(backup/fptestv1/fastapi_planner) by extensions ['cmake', 'python']
[0.468s] Level 1:colcon.colcon_core.package_identification:_identify(backup/fptestv1/fastapi_planner) by extension 'cmake'
[0.468s] Level 1:colcon.colcon_core.package_identification:_identify(backup/fptestv1/fastapi_planner) by extension 'python'
[0.468s] Level 1:colcon.colcon_core.package_identification:_identify(backup/fptestv1/fastapi_planner) by extensions ['python_setup_py']
[0.468s] Level 1:colcon.colcon_core.package_identification:_identify(backup/fptestv1/fastapi_planner) by extension 'python_setup_py'
[0.469s] Level 1:colcon.colcon_core.package_identification:_identify(backup/fptestv1/fastapi_planner/__pycache__) by extensions ['ignore', 'ignore_ament_install']
[0.469s] Level 1:colcon.colcon_core.package_identification:_identify(backup/fptestv1/fastapi_planner/__pycache__) by extension 'ignore'
[0.469s] Level 1:colcon.colcon_core.package_identification:_identify(backup/fptestv1/fastapi_planner/__pycache__) by extension 'ignore_ament_install'
[0.469s] Level 1:colcon.colcon_core.package_identification:_identify(backup/fptestv1/fastapi_planner/__pycache__) by extensions ['colcon_pkg']
[0.469s] Level 1:colcon.colcon_core.package_identification:_identify(backup/fptestv1/fastapi_planner/__pycache__) by extension 'colcon_pkg'
[0.469s] Level 1:colcon.colcon_core.package_identification:_identify(backup/fptestv1/fastapi_planner/__pycache__) by extensions ['colcon_meta']
[0.469s] Level 1:colcon.colcon_core.package_identification:_identify(backup/fptestv1/fastapi_planner/__pycache__) by extension 'colcon_meta'
[0.469s] Level 1:colcon.colcon_core.package_identification:_identify(backup/fptestv1/fastapi_planner/__pycache__) by extensions ['ros']
[0.469s] Level 1:colcon.colcon_core.package_identification:_identify(backup/fptestv1/fastapi_planner/__pycache__) by extension 'ros'
[0.469s] Level 1:colcon.colcon_core.package_identification:_identify(backup/fptestv1/fastapi_planner/__pycache__) by extensions ['cmake', 'python']
[0.469s] Level 1:colcon.colcon_core.package_identification:_identify(backup/fptestv1/fastapi_planner/__pycache__) by extension 'cmake'
[0.470s] Level 1:colcon.colcon_core.package_identification:_identify(backup/fptestv1/fastapi_planner/__pycache__) by extension 'python'
[0.470s] Level 1:colcon.colcon_core.package_identification:_identify(backup/fptestv1/fastapi_planner/__pycache__) by extensions ['python_setup_py']
[0.470s] Level 1:colcon.colcon_core.package_identification:_identify(backup/fptestv1/fastapi_planner/__pycache__) by extension 'python_setup_py'
[0.470s] Level 1:colcon.colcon_core.package_identification:_identify(build) by extensions ['ignore', 'ignore_ament_install']
[0.470s] Level 1:colcon.colcon_core.package_identification:_identify(build) by extension 'ignore'
[0.470s] Level 1:colcon.colcon_core.package_identification:_identify(build) ignored
[0.470s] Level 1:colcon.colcon_core.package_identification:_identify(docs) by extensions ['ignore', 'ignore_ament_install']
[0.470s] Level 1:colcon.colcon_core.package_identification:_identify(docs) by extension 'ignore'
[0.470s] Level 1:colcon.colcon_core.package_identification:_identify(docs) by extension 'ignore_ament_install'
[0.471s] Level 1:colcon.colcon_core.package_identification:_identify(docs) by extensions ['colcon_pkg']
[0.471s] Level 1:colcon.colcon_core.package_identification:_identify(docs) by extension 'colcon_pkg'
[0.471s] Level 1:colcon.colcon_core.package_identification:_identify(docs) by extensions ['colcon_meta']
[0.471s] Level 1:colcon.colcon_core.package_identification:_identify(docs) by extension 'colcon_meta'
[0.471s] Level 1:colcon.colcon_core.package_identification:_identify(docs) by extensions ['ros']
[0.471s] Level 1:colcon.colcon_core.package_identification:_identify(docs) by extension 'ros'
[0.471s] Level 1:colcon.colcon_core.package_identification:_identify(docs) by extensions ['cmake', 'python']
[0.471s] Level 1:colcon.colcon_core.package_identification:_identify(docs) by extension 'cmake'
[0.471s] Level 1:colcon.colcon_core.package_identification:_identify(docs) by extension 'python'
[0.471s] Level 1:colcon.colcon_core.package_identification:_identify(docs) by extensions ['python_setup_py']
[0.471s] Level 1:colcon.colcon_core.package_identification:_identify(docs) by extension 'python_setup_py'
[0.471s] Level 1:colcon.colcon_core.package_identification:_identify(fastapi_planner) by extensions ['ignore', 'ignore_ament_install']
[0.472s] Level 1:colcon.colcon_core.package_identification:_identify(fastapi_planner) by extension 'ignore'
[0.472s] Level 1:colcon.colcon_core.package_identification:_identify(fastapi_planner) by extension 'ignore_ament_install'
[0.472s] Level 1:colcon.colcon_core.package_identification:_identify(fastapi_planner) by extensions ['colcon_pkg']
[0.472s] Level 1:colcon.colcon_core.package_identification:_identify(fastapi_planner) by extension 'colcon_pkg'
[0.472s] Level 1:colcon.colcon_core.package_identification:_identify(fastapi_planner) by extensions ['colcon_meta']
[0.472s] Level 1:colcon.colcon_core.package_identification:_identify(fastapi_planner) by extension 'colcon_meta'
[0.472s] Level 1:colcon.colcon_core.package_identification:_identify(fastapi_planner) by extensions ['ros']
[0.472s] Level 1:colcon.colcon_core.package_identification:_identify(fastapi_planner) by extension 'ros'
[0.472s] Level 1:colcon.colcon_core.package_identification:_identify(fastapi_planner) by extensions ['cmake', 'python']
[0.472s] Level 1:colcon.colcon_core.package_identification:_identify(fastapi_planner) by extension 'cmake'
[0.472s] Level 1:colcon.colcon_core.package_identification:_identify(fastapi_planner) by extension 'python'
[0.472s] Level 1:colcon.colcon_core.package_identification:_identify(fastapi_planner) by extensions ['python_setup_py']
[0.472s] Level 1:colcon.colcon_core.package_identification:_identify(fastapi_planner) by extension 'python_setup_py'
[0.473s] Level 1:colcon.colcon_core.package_identification:_identify(fastapi_planner/__pycache__) by extensions ['ignore', 'ignore_ament_install']
[0.473s] Level 1:colcon.colcon_core.package_identification:_identify(fastapi_planner/__pycache__) by extension 'ignore'
[0.473s] Level 1:colcon.colcon_core.package_identification:_identify(fastapi_planner/__pycache__) by extension 'ignore_ament_install'
[0.473s] Level 1:colcon.colcon_core.package_identification:_identify(fastapi_planner/__pycache__) by extensions ['colcon_pkg']
[0.473s] Level 1:colcon.colcon_core.package_identification:_identify(fastapi_planner/__pycache__) by extension 'colcon_pkg'
[0.473s] Level 1:colcon.colcon_core.package_identification:_identify(fastapi_planner/__pycache__) by extensions ['colcon_meta']
[0.473s] Level 1:colcon.colcon_core.package_identification:_identify(fastapi_planner/__pycache__) by extension 'colcon_meta'
[0.473s] Level 1:colcon.colcon_core.package_identification:_identify(fastapi_planner/__pycache__) by extensions ['ros']
[0.473s] Level 1:colcon.colcon_core.package_identification:_identify(fastapi_planner/__pycache__) by extension 'ros'
[0.473s] Level 1:colcon.colcon_core.package_identification:_identify(fastapi_planner/__pycache__) by extensions ['cmake', 'python']
[0.473s] Level 1:colcon.colcon_core.package_identification:_identify(fastapi_planner/__pycache__) by extension 'cmake'
[0.473s] Level 1:colcon.colcon_core.package_identification:_identify(fastapi_planner/__pycache__) by extension 'python'
[0.473s] Level 1:colcon.colcon_core.package_identification:_identify(fastapi_planner/__pycache__) by extensions ['python_setup_py']
[0.473s] Level 1:colcon.colcon_core.package_identification:_identify(fastapi_planner/__pycache__) by extension 'python_setup_py'
[0.474s] Level 1:colcon.colcon_core.package_identification:_identify(install) by extensions ['ignore', 'ignore_ament_install']
[0.474s] Level 1:colcon.colcon_core.package_identification:_identify(install) by extension 'ignore'
[0.474s] Level 1:colcon.colcon_core.package_identification:_identify(install) ignored
[0.474s] Level 1:colcon.colcon_core.package_identification:_identify(log) by extensions ['ignore', 'ignore_ament_install']
[0.474s] Level 1:colcon.colcon_core.package_identification:_identify(log) by extension 'ignore'
[0.474s] Level 1:colcon.colcon_core.package_identification:_identify(log) ignored
[0.474s] Level 1:colcon.colcon_core.package_identification:_identify(src) by extensions ['ignore', 'ignore_ament_install']
[0.474s] Level 1:colcon.colcon_core.package_identification:_identify(src) by extension 'ignore'
[0.475s] Level 1:colcon.colcon_core.package_identification:_identify(src) by extension 'ignore_ament_install'
[0.475s] Level 1:colcon.colcon_core.package_identification:_identify(src) by extensions ['colcon_pkg']
[0.475s] Level 1:colcon.colcon_core.package_identification:_identify(src) by extension 'colcon_pkg'
[0.475s] Level 1:colcon.colcon_core.package_identification:_identify(src) by extensions ['colcon_meta']
[0.475s] Level 1:colcon.colcon_core.package_identification:_identify(src) by extension 'colcon_meta'
[0.475s] Level 1:colcon.colcon_core.package_identification:_identify(src) by extensions ['ros']
[0.475s] Level 1:colcon.colcon_core.package_identification:_identify(src) by extension 'ros'
[0.475s] Level 1:colcon.colcon_core.package_identification:_identify(src) by extensions ['cmake', 'python']
[0.475s] Level 1:colcon.colcon_core.package_identification:_identify(src) by extension 'cmake'
[0.475s] Level 1:colcon.colcon_core.package_identification:_identify(src) by extension 'python'
[0.475s] Level 1:colcon.colcon_core.package_identification:_identify(src) by extensions ['python_setup_py']
[0.475s] Level 1:colcon.colcon_core.package_identification:_identify(src) by extension 'python_setup_py'
[0.475s] Level 1:colcon.colcon_core.package_identification:_identify(src/Fast-Planner) by extensions ['ignore', 'ignore_ament_install']
[0.476s] Level 1:colcon.colcon_core.package_identification:_identify(src/Fast-Planner) by extension 'ignore'
[0.476s] Level 1:colcon.colcon_core.package_identification:_identify(src/Fast-Planner) by extension 'ignore_ament_install'
[0.476s] Level 1:colcon.colcon_core.package_identification:_identify(src/Fast-Planner) by extensions ['colcon_pkg']
[0.476s] Level 1:colcon.colcon_core.package_identification:_identify(src/Fast-Planner) by extension 'colcon_pkg'
[0.476s] Level 1:colcon.colcon_core.package_identification:_identify(src/Fast-Planner) by extensions ['colcon_meta']
[0.476s] Level 1:colcon.colcon_core.package_identification:_identify(src/Fast-Planner) by extension 'colcon_meta'
[0.476s] Level 1:colcon.colcon_core.package_identification:_identify(src/Fast-Planner) by extensions ['ros']
[0.476s] Level 1:colcon.colcon_core.package_identification:_identify(src/Fast-Planner) by extension 'ros'
[0.476s] Level 1:colcon.colcon_core.package_identification:_identify(src/Fast-Planner) by extensions ['cmake', 'python']
[0.476s] Level 1:colcon.colcon_core.package_identification:_identify(src/Fast-Planner) by extension 'cmake'
[0.476s] Level 1:colcon.colcon_core.package_identification:_identify(src/Fast-Planner) by extension 'python'
[0.476s] Level 1:colcon.colcon_core.package_identification:_identify(src/Fast-Planner) by extensions ['python_setup_py']
[0.476s] Level 1:colcon.colcon_core.package_identification:_identify(src/Fast-Planner) by extension 'python_setup_py'
[0.477s] Level 1:colcon.colcon_core.package_identification:_identify(src/Fast-Planner/fast_planner) by extensions ['ignore', 'ignore_ament_install']
[0.477s] Level 1:colcon.colcon_core.package_identification:_identify(src/Fast-Planner/fast_planner) by extension 'ignore'
[0.477s] Level 1:colcon.colcon_core.package_identification:_identify(src/Fast-Planner/fast_planner) by extension 'ignore_ament_install'
[0.477s] Level 1:colcon.colcon_core.package_identification:_identify(src/Fast-Planner/fast_planner) by extensions ['colcon_pkg']
[0.477s] Level 1:colcon.colcon_core.package_identification:_identify(src/Fast-Planner/fast_planner) by extension 'colcon_pkg'
[0.477s] Level 1:colcon.colcon_core.package_identification:_identify(src/Fast-Planner/fast_planner) by extensions ['colcon_meta']
[0.477s] Level 1:colcon.colcon_core.package_identification:_identify(src/Fast-Planner/fast_planner) by extension 'colcon_meta'
[0.477s] Level 1:colcon.colcon_core.package_identification:_identify(src/Fast-Planner/fast_planner) by extensions ['ros']
[0.477s] Level 1:colcon.colcon_core.package_identification:_identify(src/Fast-Planner/fast_planner) by extension 'ros'
[0.477s] Level 1:colcon.colcon_core.package_identification:_identify(src/Fast-Planner/fast_planner) by extensions ['cmake', 'python']
[0.477s] Level 1:colcon.colcon_core.package_identification:_identify(src/Fast-Planner/fast_planner) by extension 'cmake'
[0.477s] Level 1:colcon.colcon_core.package_identification:_identify(src/Fast-Planner/fast_planner) by extension 'python'
[0.477s] Level 1:colcon.colcon_core.package_identification:_identify(src/Fast-Planner/fast_planner) by extensions ['python_setup_py']
[0.478s] Level 1:colcon.colcon_core.package_identification:_identify(src/Fast-Planner/fast_planner) by extension 'python_setup_py'
[0.478s] Level 1:colcon.colcon_core.package_identification:_identify(src/Fast-Planner/fast_planner/bag) by extensions ['ignore', 'ignore_ament_install']
[0.478s] Level 1:colcon.colcon_core.package_identification:_identify(src/Fast-Planner/fast_planner/bag) by extension 'ignore'
[0.478s] Level 1:colcon.colcon_core.package_identification:_identify(src/Fast-Planner/fast_planner/bag) by extension 'ignore_ament_install'
[0.478s] Level 1:colcon.colcon_core.package_identification:_identify(src/Fast-Planner/fast_planner/bag) by extensions ['colcon_pkg']
[0.478s] Level 1:colcon.colcon_core.package_identification:_identify(src/Fast-Planner/fast_planner/bag) by extension 'colcon_pkg'
[0.478s] Level 1:colcon.colcon_core.package_identification:_identify(src/Fast-Planner/fast_planner/bag) by extensions ['colcon_meta']
[0.478s] Level 1:colcon.colcon_core.package_identification:_identify(src/Fast-Planner/fast_planner/bag) by extension 'colcon_meta'
[0.478s] Level 1:colcon.colcon_core.package_identification:_identify(src/Fast-Planner/fast_planner/bag) by extensions ['ros']
[0.478s] Level 1:colcon.colcon_core.package_identification:_identify(src/Fast-Planner/fast_planner/bag) by extension 'ros'
[0.478s] Level 1:colcon.colcon_core.package_identification:_identify(src/Fast-Planner/fast_planner/bag) by extensions ['cmake', 'python']
[0.479s] Level 1:colcon.colcon_core.package_identification:_identify(src/Fast-Planner/fast_planner/bag) by extension 'cmake'
[0.479s] Level 1:colcon.colcon_core.package_identification:_identify(src/Fast-Planner/fast_planner/bag) by extension 'python'
[0.479s] Level 1:colcon.colcon_core.package_identification:_identify(src/Fast-Planner/fast_planner/bag) by extensions ['python_setup_py']
[0.479s] Level 1:colcon.colcon_core.package_identification:_identify(src/Fast-Planner/fast_planner/bag) by extension 'python_setup_py'
[0.479s] Level 1:colcon.colcon_core.package_identification:_identify(src/Fast-Planner/fast_planner/bspline) by extensions ['ignore', 'ignore_ament_install']
[0.479s] Level 1:colcon.colcon_core.package_identification:_identify(src/Fast-Planner/fast_planner/bspline) by extension 'ignore'
[0.479s] Level 1:colcon.colcon_core.package_identification:_identify(src/Fast-Planner/fast_planner/bspline) by extension 'ignore_ament_install'
[0.479s] Level 1:colcon.colcon_core.package_identification:_identify(src/Fast-Planner/fast_planner/bspline) by extensions ['colcon_pkg']
[0.479s] Level 1:colcon.colcon_core.package_identification:_identify(src/Fast-Planner/fast_planner/bspline) by extension 'colcon_pkg'
[0.479s] Level 1:colcon.colcon_core.package_identification:_identify(src/Fast-Planner/fast_planner/bspline) by extensions ['colcon_meta']
[0.479s] Level 1:colcon.colcon_core.package_identification:_identify(src/Fast-Planner/fast_planner/bspline) by extension 'colcon_meta'
[0.479s] Level 1:colcon.colcon_core.package_identification:_identify(src/Fast-Planner/fast_planner/bspline) by extensions ['ros']
[0.480s] Level 1:colcon.colcon_core.package_identification:_identify(src/Fast-Planner/fast_planner/bspline) by extension 'ros'
[0.484s] DEBUG:colcon.colcon_core.package_identification:Package 'src/Fast-Planner/fast_planner/bspline' with type 'ros.ament_cmake' and name 'bspline'
[0.485s] Level 1:colcon.colcon_core.package_identification:_identify(src/Fast-Planner/fast_planner/bspline_opt) by extensions ['ignore', 'ignore_ament_install']
[0.485s] Level 1:colcon.colcon_core.package_identification:_identify(src/Fast-Planner/fast_planner/bspline_opt) by extension 'ignore'
[0.485s] Level 1:colcon.colcon_core.package_identification:_identify(src/Fast-Planner/fast_planner/bspline_opt) by extension 'ignore_ament_install'
[0.485s] Level 1:colcon.colcon_core.package_identification:_identify(src/Fast-Planner/fast_planner/bspline_opt) by extensions ['colcon_pkg']
[0.485s] Level 1:colcon.colcon_core.package_identification:_identify(src/Fast-Planner/fast_planner/bspline_opt) by extension 'colcon_pkg'
[0.485s] Level 1:colcon.colcon_core.package_identification:_identify(src/Fast-Planner/fast_planner/bspline_opt) by extensions ['colcon_meta']
[0.485s] Level 1:colcon.colcon_core.package_identification:_identify(src/Fast-Planner/fast_planner/bspline_opt) by extension 'colcon_meta'
[0.485s] Level 1:colcon.colcon_core.package_identification:_identify(src/Fast-Planner/fast_planner/bspline_opt) by extensions ['ros']
[0.485s] Level 1:colcon.colcon_core.package_identification:_identify(src/Fast-Planner/fast_planner/bspline_opt) by extension 'ros'
[0.486s] DEBUG:colcon.colcon_core.package_identification:Package 'src/Fast-Planner/fast_planner/bspline_opt' with type 'ros.ament_cmake' and name 'bspline_opt'
[0.487s] Level 1:colcon.colcon_core.package_identification:_identify(src/Fast-Planner/fast_planner/path_searching) by extensions ['ignore', 'ignore_ament_install']
[0.487s] Level 1:colcon.colcon_core.package_identification:_identify(src/Fast-Planner/fast_planner/path_searching) by extension 'ignore'
[0.487s] Level 1:colcon.colcon_core.package_identification:_identify(src/Fast-Planner/fast_planner/path_searching) by extension 'ignore_ament_install'
[0.487s] Level 1:colcon.colcon_core.package_identification:_identify(src/Fast-Planner/fast_planner/path_searching) by extensions ['colcon_pkg']
[0.487s] Level 1:colcon.colcon_core.package_identification:_identify(src/Fast-Planner/fast_planner/path_searching) by extension 'colcon_pkg'
[0.487s] Level 1:colcon.colcon_core.package_identification:_identify(src/Fast-Planner/fast_planner/path_searching) by extensions ['colcon_meta']
[0.487s] Level 1:colcon.colcon_core.package_identification:_identify(src/Fast-Planner/fast_planner/path_searching) by extension 'colcon_meta'
[0.487s] Level 1:colcon.colcon_core.package_identification:_identify(src/Fast-Planner/fast_planner/path_searching) by extensions ['ros']
[0.487s] Level 1:colcon.colcon_core.package_identification:_identify(src/Fast-Planner/fast_planner/path_searching) by extension 'ros'
[0.488s] DEBUG:colcon.colcon_core.package_identification:Package 'src/Fast-Planner/fast_planner/path_searching' with type 'ros.ament_cmake' and name 'path_searching'
[0.489s] Level 1:colcon.colcon_core.package_identification:_identify(src/Fast-Planner/fast_planner/plan_env) by extensions ['ignore', 'ignore_ament_install']
[0.489s] Level 1:colcon.colcon_core.package_identification:_identify(src/Fast-Planner/fast_planner/plan_env) by extension 'ignore'
[0.489s] Level 1:colcon.colcon_core.package_identification:_identify(src/Fast-Planner/fast_planner/plan_env) by extension 'ignore_ament_install'
[0.489s] Level 1:colcon.colcon_core.package_identification:_identify(src/Fast-Planner/fast_planner/plan_env) by extensions ['colcon_pkg']
[0.489s] Level 1:colcon.colcon_core.package_identification:_identify(src/Fast-Planner/fast_planner/plan_env) by extension 'colcon_pkg'
[0.489s] Level 1:colcon.colcon_core.package_identification:_identify(src/Fast-Planner/fast_planner/plan_env) by extensions ['colcon_meta']
[0.489s] Level 1:colcon.colcon_core.package_identification:_identify(src/Fast-Planner/fast_planner/plan_env) by extension 'colcon_meta'
[0.489s] Level 1:colcon.colcon_core.package_identification:_identify(src/Fast-Planner/fast_planner/plan_env) by extensions ['ros']
[0.489s] Level 1:colcon.colcon_core.package_identification:_identify(src/Fast-Planner/fast_planner/plan_env) by extension 'ros'
[0.490s] DEBUG:colcon.colcon_core.package_identification:Package 'src/Fast-Planner/fast_planner/plan_env' with type 'ros.ament_cmake' and name 'plan_env'
[0.490s] Level 1:colcon.colcon_core.package_identification:_identify(src/Fast-Planner/fast_planner/plan_manage) by extensions ['ignore', 'ignore_ament_install']
[0.490s] Level 1:colcon.colcon_core.package_identification:_identify(src/Fast-Planner/fast_planner/plan_manage) by extension 'ignore'
[0.491s] Level 1:colcon.colcon_core.package_identification:_identify(src/Fast-Planner/fast_planner/plan_manage) by extension 'ignore_ament_install'
[0.491s] Level 1:colcon.colcon_core.package_identification:_identify(src/Fast-Planner/fast_planner/plan_manage) by extensions ['colcon_pkg']
[0.491s] Level 1:colcon.colcon_core.package_identification:_identify(src/Fast-Planner/fast_planner/plan_manage) by extension 'colcon_pkg'
[0.491s] Level 1:colcon.colcon_core.package_identification:_identify(src/Fast-Planner/fast_planner/plan_manage) by extensions ['colcon_meta']
[0.491s] Level 1:colcon.colcon_core.package_identification:_identify(src/Fast-Planner/fast_planner/plan_manage) by extension 'colcon_meta'
[0.491s] Level 1:colcon.colcon_core.package_identification:_identify(src/Fast-Planner/fast_planner/plan_manage) by extensions ['ros']
[0.491s] Level 1:colcon.colcon_core.package_identification:_identify(src/Fast-Planner/fast_planner/plan_manage) by extension 'ros'
[0.493s] DEBUG:colcon.colcon_core.package_identification:Package 'src/Fast-Planner/fast_planner/plan_manage' with type 'ros.ament_cmake' and name 'plan_manage'
[0.493s] Level 1:colcon.colcon_core.package_identification:_identify(src/Fast-Planner/fast_planner/poly_traj) by extensions ['ignore', 'ignore_ament_install']
[0.493s] Level 1:colcon.colcon_core.package_identification:_identify(src/Fast-Planner/fast_planner/poly_traj) by extension 'ignore'
[0.493s] Level 1:colcon.colcon_core.package_identification:_identify(src/Fast-Planner/fast_planner/poly_traj) by extension 'ignore_ament_install'
[0.494s] Level 1:colcon.colcon_core.package_identification:_identify(src/Fast-Planner/fast_planner/poly_traj) by extensions ['colcon_pkg']
[0.494s] Level 1:colcon.colcon_core.package_identification:_identify(src/Fast-Planner/fast_planner/poly_traj) by extension 'colcon_pkg'
[0.494s] Level 1:colcon.colcon_core.package_identification:_identify(src/Fast-Planner/fast_planner/poly_traj) by extensions ['colcon_meta']
[0.494s] Level 1:colcon.colcon_core.package_identification:_identify(src/Fast-Planner/fast_planner/poly_traj) by extension 'colcon_meta'
[0.494s] Level 1:colcon.colcon_core.package_identification:_identify(src/Fast-Planner/fast_planner/poly_traj) by extensions ['ros']
[0.494s] Level 1:colcon.colcon_core.package_identification:_identify(src/Fast-Planner/fast_planner/poly_traj) by extension 'ros'
[0.495s] DEBUG:colcon.colcon_core.package_identification:Package 'src/Fast-Planner/fast_planner/poly_traj' with type 'ros.ament_cmake' and name 'poly_traj'
[0.495s] Level 1:colcon.colcon_core.package_identification:_identify(src/Fast-Planner/fast_planner/traj_utils) by extensions ['ignore', 'ignore_ament_install']
[0.495s] Level 1:colcon.colcon_core.package_identification:_identify(src/Fast-Planner/fast_planner/traj_utils) by extension 'ignore'
[0.495s] Level 1:colcon.colcon_core.package_identification:_identify(src/Fast-Planner/fast_planner/traj_utils) by extension 'ignore_ament_install'
[0.495s] Level 1:colcon.colcon_core.package_identification:_identify(src/Fast-Planner/fast_planner/traj_utils) by extensions ['colcon_pkg']
[0.495s] Level 1:colcon.colcon_core.package_identification:_identify(src/Fast-Planner/fast_planner/traj_utils) by extension 'colcon_pkg'
[0.495s] Level 1:colcon.colcon_core.package_identification:_identify(src/Fast-Planner/fast_planner/traj_utils) by extensions ['colcon_meta']
[0.495s] Level 1:colcon.colcon_core.package_identification:_identify(src/Fast-Planner/fast_planner/traj_utils) by extension 'colcon_meta'
[0.495s] Level 1:colcon.colcon_core.package_identification:_identify(src/Fast-Planner/fast_planner/traj_utils) by extensions ['ros']
[0.496s] Level 1:colcon.colcon_core.package_identification:_identify(src/Fast-Planner/fast_planner/traj_utils) by extension 'ros'
[0.496s] DEBUG:colcon.colcon_core.package_identification:Package 'src/Fast-Planner/fast_planner/traj_utils' with type 'ros.ament_cmake' and name 'traj_utils'
[0.497s] Level 1:colcon.colcon_core.package_identification:_identify(src/Fast-Planner/files) by extensions ['ignore', 'ignore_ament_install']
[0.497s] Level 1:colcon.colcon_core.package_identification:_identify(src/Fast-Planner/files) by extension 'ignore'
[0.497s] Level 1:colcon.colcon_core.package_identification:_identify(src/Fast-Planner/files) by extension 'ignore_ament_install'
[0.497s] Level 1:colcon.colcon_core.package_identification:_identify(src/Fast-Planner/files) by extensions ['colcon_pkg']
[0.497s] Level 1:colcon.colcon_core.package_identification:_identify(src/Fast-Planner/files) by extension 'colcon_pkg'
[0.497s] Level 1:colcon.colcon_core.package_identification:_identify(src/Fast-Planner/files) by extensions ['colcon_meta']
[0.497s] Level 1:colcon.colcon_core.package_identification:_identify(src/Fast-Planner/files) by extension 'colcon_meta'
[0.497s] Level 1:colcon.colcon_core.package_identification:_identify(src/Fast-Planner/files) by extensions ['ros']
[0.497s] Level 1:colcon.colcon_core.package_identification:_identify(src/Fast-Planner/files) by extension 'ros'
[0.497s] Level 1:colcon.colcon_core.package_identification:_identify(src/Fast-Planner/files) by extensions ['cmake', 'python']
[0.498s] Level 1:colcon.colcon_core.package_identification:_identify(src/Fast-Planner/files) by extension 'cmake'
[0.498s] Level 1:colcon.colcon_core.package_identification:_identify(src/Fast-Planner/files) by extension 'python'
[0.498s] Level 1:colcon.colcon_core.package_identification:_identify(src/Fast-Planner/files) by extensions ['python_setup_py']
[0.498s] Level 1:colcon.colcon_core.package_identification:_identify(src/Fast-Planner/files) by extension 'python_setup_py'
[0.498s] Level 1:colcon.colcon_core.package_identification:_identify(src/Fast-Planner/uav_simulator) by extensions ['ignore', 'ignore_ament_install']
[0.498s] Level 1:colcon.colcon_core.package_identification:_identify(src/Fast-Planner/uav_simulator) by extension 'ignore'
[0.498s] Level 1:colcon.colcon_core.package_identification:_identify(src/Fast-Planner/uav_simulator) by extension 'ignore_ament_install'
[0.498s] Level 1:colcon.colcon_core.package_identification:_identify(src/Fast-Planner/uav_simulator) by extensions ['colcon_pkg']
[0.498s] Level 1:colcon.colcon_core.package_identification:_identify(src/Fast-Planner/uav_simulator) by extension 'colcon_pkg'
[0.498s] Level 1:colcon.colcon_core.package_identification:_identify(src/Fast-Planner/uav_simulator) by extensions ['colcon_meta']
[0.498s] Level 1:colcon.colcon_core.package_identification:_identify(src/Fast-Planner/uav_simulator) by extension 'colcon_meta'
[0.498s] Level 1:colcon.colcon_core.package_identification:_identify(src/Fast-Planner/uav_simulator) by extensions ['ros']
[0.498s] Level 1:colcon.colcon_core.package_identification:_identify(src/Fast-Planner/uav_simulator) by extension 'ros'
[0.499s] Level 1:colcon.colcon_core.package_identification:_identify(src/Fast-Planner/uav_simulator) by extensions ['cmake', 'python']
[0.499s] Level 1:colcon.colcon_core.package_identification:_identify(src/Fast-Planner/uav_simulator) by extension 'cmake'
[0.499s] Level 1:colcon.colcon_core.package_identification:_identify(src/Fast-Planner/uav_simulator) by extension 'python'
[0.499s] Level 1:colcon.colcon_core.package_identification:_identify(src/Fast-Planner/uav_simulator) by extensions ['python_setup_py']
[0.499s] Level 1:colcon.colcon_core.package_identification:_identify(src/Fast-Planner/uav_simulator) by extension 'python_setup_py'
[0.499s] Level 1:colcon.colcon_core.package_identification:_identify(src/Fast-Planner/uav_simulator/Utils) by extensions ['ignore', 'ignore_ament_install']
[0.499s] Level 1:colcon.colcon_core.package_identification:_identify(src/Fast-Planner/uav_simulator/Utils) by extension 'ignore'
[0.499s] Level 1:colcon.colcon_core.package_identification:_identify(src/Fast-Planner/uav_simulator/Utils) by extension 'ignore_ament_install'
[0.499s] Level 1:colcon.colcon_core.package_identification:_identify(src/Fast-Planner/uav_simulator/Utils) by extensions ['colcon_pkg']
[0.499s] Level 1:colcon.colcon_core.package_identification:_identify(src/Fast-Planner/uav_simulator/Utils) by extension 'colcon_pkg'
[0.499s] Level 1:colcon.colcon_core.package_identification:_identify(src/Fast-Planner/uav_simulator/Utils) by extensions ['colcon_meta']
[0.499s] Level 1:colcon.colcon_core.package_identification:_identify(src/Fast-Planner/uav_simulator/Utils) by extension 'colcon_meta'
[0.500s] Level 1:colcon.colcon_core.package_identification:_identify(src/Fast-Planner/uav_simulator/Utils) by extensions ['ros']
[0.500s] Level 1:colcon.colcon_core.package_identification:_identify(src/Fast-Planner/uav_simulator/Utils) by extension 'ros'
[0.500s] Level 1:colcon.colcon_core.package_identification:_identify(src/Fast-Planner/uav_simulator/Utils) by extensions ['cmake', 'python']
[0.500s] Level 1:colcon.colcon_core.package_identification:_identify(src/Fast-Planner/uav_simulator/Utils) by extension 'cmake'
[0.500s] Level 1:colcon.colcon_core.package_identification:_identify(src/Fast-Planner/uav_simulator/Utils) by extension 'python'
[0.500s] Level 1:colcon.colcon_core.package_identification:_identify(src/Fast-Planner/uav_simulator/Utils) by extensions ['python_setup_py']
[0.500s] Level 1:colcon.colcon_core.package_identification:_identify(src/Fast-Planner/uav_simulator/Utils) by extension 'python_setup_py'
[0.500s] Level 1:colcon.colcon_core.package_identification:_identify(src/Fast-Planner/uav_simulator/Utils/cmake_utils) by extensions ['ignore', 'ignore_ament_install']
[0.500s] Level 1:colcon.colcon_core.package_identification:_identify(src/Fast-Planner/uav_simulator/Utils/cmake_utils) by extension 'ignore'
[0.500s] Level 1:colcon.colcon_core.package_identification:_identify(src/Fast-Planner/uav_simulator/Utils/cmake_utils) by extension 'ignore_ament_install'
[0.500s] Level 1:colcon.colcon_core.package_identification:_identify(src/Fast-Planner/uav_simulator/Utils/cmake_utils) by extensions ['colcon_pkg']
[0.501s] Level 1:colcon.colcon_core.package_identification:_identify(src/Fast-Planner/uav_simulator/Utils/cmake_utils) by extension 'colcon_pkg'
[0.501s] Level 1:colcon.colcon_core.package_identification:_identify(src/Fast-Planner/uav_simulator/Utils/cmake_utils) by extensions ['colcon_meta']
[0.501s] Level 1:colcon.colcon_core.package_identification:_identify(src/Fast-Planner/uav_simulator/Utils/cmake_utils) by extension 'colcon_meta'
[0.501s] Level 1:colcon.colcon_core.package_identification:_identify(src/Fast-Planner/uav_simulator/Utils/cmake_utils) by extensions ['ros']
[0.501s] Level 1:colcon.colcon_core.package_identification:_identify(src/Fast-Planner/uav_simulator/Utils/cmake_utils) by extension 'ros'
[0.502s] DEBUG:colcon.colcon_core.package_identification:Package 'src/Fast-Planner/uav_simulator/Utils/cmake_utils' with type 'ros.ament_cmake' and name 'cmake_utils'
[0.502s] Level 1:colcon.colcon_core.package_identification:_identify(src/Fast-Planner/uav_simulator/Utils/multi_map_server) by extensions ['ignore', 'ignore_ament_install']
[0.502s] Level 1:colcon.colcon_core.package_identification:_identify(src/Fast-Planner/uav_simulator/Utils/multi_map_server) by extension 'ignore'
[0.502s] Level 1:colcon.colcon_core.package_identification:_identify(src/Fast-Planner/uav_simulator/Utils/multi_map_server) by extension 'ignore_ament_install'
[0.502s] Level 1:colcon.colcon_core.package_identification:_identify(src/Fast-Planner/uav_simulator/Utils/multi_map_server) by extensions ['colcon_pkg']
[0.502s] Level 1:colcon.colcon_core.package_identification:_identify(src/Fast-Planner/uav_simulator/Utils/multi_map_server) by extension 'colcon_pkg'
[0.502s] Level 1:colcon.colcon_core.package_identification:_identify(src/Fast-Planner/uav_simulator/Utils/multi_map_server) by extensions ['colcon_meta']
[0.502s] Level 1:colcon.colcon_core.package_identification:_identify(src/Fast-Planner/uav_simulator/Utils/multi_map_server) by extension 'colcon_meta'
[0.502s] Level 1:colcon.colcon_core.package_identification:_identify(src/Fast-Planner/uav_simulator/Utils/multi_map_server) by extensions ['ros']
[0.503s] Level 1:colcon.colcon_core.package_identification:_identify(src/Fast-Planner/uav_simulator/Utils/multi_map_server) by extension 'ros'
[0.504s] DEBUG:colcon.colcon_core.package_identification:Package 'src/Fast-Planner/uav_simulator/Utils/multi_map_server' with type 'ros.ament_cmake' and name 'multi_map_server'
[0.505s] Level 1:colcon.colcon_core.package_identification:_identify(src/Fast-Planner/uav_simulator/Utils/odom_visualization) by extensions ['ignore', 'ignore_ament_install']
[0.505s] Level 1:colcon.colcon_core.package_identification:_identify(src/Fast-Planner/uav_simulator/Utils/odom_visualization) by extension 'ignore'
[0.505s] Level 1:colcon.colcon_core.package_identification:_identify(src/Fast-Planner/uav_simulator/Utils/odom_visualization) by extension 'ignore_ament_install'
[0.505s] Level 1:colcon.colcon_core.package_identification:_identify(src/Fast-Planner/uav_simulator/Utils/odom_visualization) by extensions ['colcon_pkg']
[0.505s] Level 1:colcon.colcon_core.package_identification:_identify(src/Fast-Planner/uav_simulator/Utils/odom_visualization) by extension 'colcon_pkg'
[0.505s] Level 1:colcon.colcon_core.package_identification:_identify(src/Fast-Planner/uav_simulator/Utils/odom_visualization) by extensions ['colcon_meta']
[0.505s] Level 1:colcon.colcon_core.package_identification:_identify(src/Fast-Planner/uav_simulator/Utils/odom_visualization) by extension 'colcon_meta'
[0.505s] Level 1:colcon.colcon_core.package_identification:_identify(src/Fast-Planner/uav_simulator/Utils/odom_visualization) by extensions ['ros']
[0.505s] Level 1:colcon.colcon_core.package_identification:_identify(src/Fast-Planner/uav_simulator/Utils/odom_visualization) by extension 'ros'
[0.507s] DEBUG:colcon.colcon_core.package_identification:Package 'src/Fast-Planner/uav_simulator/Utils/odom_visualization' with type 'ros.ament_cmake' and name 'odom_visualization'
[0.507s] Level 1:colcon.colcon_core.package_identification:_identify(src/Fast-Planner/uav_simulator/Utils/pose_utils) by extensions ['ignore', 'ignore_ament_install']
[0.507s] Level 1:colcon.colcon_core.package_identification:_identify(src/Fast-Planner/uav_simulator/Utils/pose_utils) by extension 'ignore'
[0.507s] Level 1:colcon.colcon_core.package_identification:_identify(src/Fast-Planner/uav_simulator/Utils/pose_utils) by extension 'ignore_ament_install'
[0.508s] Level 1:colcon.colcon_core.package_identification:_identify(src/Fast-Planner/uav_simulator/Utils/pose_utils) by extensions ['colcon_pkg']
[0.508s] Level 1:colcon.colcon_core.package_identification:_identify(src/Fast-Planner/uav_simulator/Utils/pose_utils) by extension 'colcon_pkg'
[0.508s] Level 1:colcon.colcon_core.package_identification:_identify(src/Fast-Planner/uav_simulator/Utils/pose_utils) by extensions ['colcon_meta']
[0.508s] Level 1:colcon.colcon_core.package_identification:_identify(src/Fast-Planner/uav_simulator/Utils/pose_utils) by extension 'colcon_meta'
[0.508s] Level 1:colcon.colcon_core.package_identification:_identify(src/Fast-Planner/uav_simulator/Utils/pose_utils) by extensions ['ros']
[0.508s] Level 1:colcon.colcon_core.package_identification:_identify(src/Fast-Planner/uav_simulator/Utils/pose_utils) by extension 'ros'
[0.509s] DEBUG:colcon.colcon_core.package_identification:Package 'src/Fast-Planner/uav_simulator/Utils/pose_utils' with type 'ros.ament_cmake' and name 'pose_utils'
[0.509s] Level 1:colcon.colcon_core.package_identification:_identify(src/Fast-Planner/uav_simulator/Utils/quadrotor_msgs) by extensions ['ignore', 'ignore_ament_install']
[0.509s] Level 1:colcon.colcon_core.package_identification:_identify(src/Fast-Planner/uav_simulator/Utils/quadrotor_msgs) by extension 'ignore'
[0.509s] Level 1:colcon.colcon_core.package_identification:_identify(src/Fast-Planner/uav_simulator/Utils/quadrotor_msgs) by extension 'ignore_ament_install'
[0.509s] Level 1:colcon.colcon_core.package_identification:_identify(src/Fast-Planner/uav_simulator/Utils/quadrotor_msgs) by extensions ['colcon_pkg']
[0.509s] Level 1:colcon.colcon_core.package_identification:_identify(src/Fast-Planner/uav_simulator/Utils/quadrotor_msgs) by extension 'colcon_pkg'
[0.509s] Level 1:colcon.colcon_core.package_identification:_identify(src/Fast-Planner/uav_simulator/Utils/quadrotor_msgs) by extensions ['colcon_meta']
[0.509s] Level 1:colcon.colcon_core.package_identification:_identify(src/Fast-Planner/uav_simulator/Utils/quadrotor_msgs) by extension 'colcon_meta'
[0.509s] Level 1:colcon.colcon_core.package_identification:_identify(src/Fast-Planner/uav_simulator/Utils/quadrotor_msgs) by extensions ['ros']
[0.509s] Level 1:colcon.colcon_core.package_identification:_identify(src/Fast-Planner/uav_simulator/Utils/quadrotor_msgs) by extension 'ros'
[0.510s] DEBUG:colcon.colcon_core.package_identification:Package 'src/Fast-Planner/uav_simulator/Utils/quadrotor_msgs' with type 'ros.ament_cmake' and name 'quadrotor_msgs'
[0.511s] Level 1:colcon.colcon_core.package_identification:_identify(src/Fast-Planner/uav_simulator/Utils/rviz_plugins) by extensions ['ignore', 'ignore_ament_install']
[0.511s] Level 1:colcon.colcon_core.package_identification:_identify(src/Fast-Planner/uav_simulator/Utils/rviz_plugins) by extension 'ignore'
[0.511s] Level 1:colcon.colcon_core.package_identification:_identify(src/Fast-Planner/uav_simulator/Utils/rviz_plugins) by extension 'ignore_ament_install'
[0.511s] Level 1:colcon.colcon_core.package_identification:_identify(src/Fast-Planner/uav_simulator/Utils/rviz_plugins) by extensions ['colcon_pkg']
[0.511s] Level 1:colcon.colcon_core.package_identification:_identify(src/Fast-Planner/uav_simulator/Utils/rviz_plugins) by extension 'colcon_pkg'
[0.511s] Level 1:colcon.colcon_core.package_identification:_identify(src/Fast-Planner/uav_simulator/Utils/rviz_plugins) by extensions ['colcon_meta']
[0.511s] Level 1:colcon.colcon_core.package_identification:_identify(src/Fast-Planner/uav_simulator/Utils/rviz_plugins) by extension 'colcon_meta'
[0.511s] Level 1:colcon.colcon_core.package_identification:_identify(src/Fast-Planner/uav_simulator/Utils/rviz_plugins) by extensions ['ros']
[0.511s] Level 1:colcon.colcon_core.package_identification:_identify(src/Fast-Planner/uav_simulator/Utils/rviz_plugins) by extension 'ros'
[0.513s] DEBUG:colcon.colcon_core.package_identification:Package 'src/Fast-Planner/uav_simulator/Utils/rviz_plugins' with type 'ros.ament_cmake' and name 'rviz_plugins'
[0.513s] Level 1:colcon.colcon_core.package_identification:_identify(src/Fast-Planner/uav_simulator/Utils/uav_utils) by extensions ['ignore', 'ignore_ament_install']
[0.513s] Level 1:colcon.colcon_core.package_identification:_identify(src/Fast-Planner/uav_simulator/Utils/uav_utils) by extension 'ignore'
[0.513s] Level 1:colcon.colcon_core.package_identification:_identify(src/Fast-Planner/uav_simulator/Utils/uav_utils) by extension 'ignore_ament_install'
[0.513s] Level 1:colcon.colcon_core.package_identification:_identify(src/Fast-Planner/uav_simulator/Utils/uav_utils) by extensions ['colcon_pkg']
[0.513s] Level 1:colcon.colcon_core.package_identification:_identify(src/Fast-Planner/uav_simulator/Utils/uav_utils) by extension 'colcon_pkg'
[0.513s] Level 1:colcon.colcon_core.package_identification:_identify(src/Fast-Planner/uav_simulator/Utils/uav_utils) by extensions ['colcon_meta']
[0.513s] Level 1:colcon.colcon_core.package_identification:_identify(src/Fast-Planner/uav_simulator/Utils/uav_utils) by extension 'colcon_meta'
[0.514s] Level 1:colcon.colcon_core.package_identification:_identify(src/Fast-Planner/uav_simulator/Utils/uav_utils) by extensions ['ros']
[0.514s] Level 1:colcon.colcon_core.package_identification:_identify(src/Fast-Planner/uav_simulator/Utils/uav_utils) by extension 'ros'
[0.515s] DEBUG:colcon.colcon_core.package_identification:Package 'src/Fast-Planner/uav_simulator/Utils/uav_utils' with type 'ros.ament_cmake' and name 'uav_utils'
[0.515s] Level 1:colcon.colcon_core.package_identification:_identify(src/Fast-Planner/uav_simulator/Utils/waypoint_generator) by extensions ['ignore', 'ignore_ament_install']
[0.515s] Level 1:colcon.colcon_core.package_identification:_identify(src/Fast-Planner/uav_simulator/Utils/waypoint_generator) by extension 'ignore'
[0.515s] Level 1:colcon.colcon_core.package_identification:_identify(src/Fast-Planner/uav_simulator/Utils/waypoint_generator) by extension 'ignore_ament_install'
[0.515s] Level 1:colcon.colcon_core.package_identification:_identify(src/Fast-Planner/uav_simulator/Utils/waypoint_generator) by extensions ['colcon_pkg']
[0.515s] Level 1:colcon.colcon_core.package_identification:_identify(src/Fast-Planner/uav_simulator/Utils/waypoint_generator) by extension 'colcon_pkg'
[0.515s] Level 1:colcon.colcon_core.package_identification:_identify(src/Fast-Planner/uav_simulator/Utils/waypoint_generator) by extensions ['colcon_meta']
[0.515s] Level 1:colcon.colcon_core.package_identification:_identify(src/Fast-Planner/uav_simulator/Utils/waypoint_generator) by extension 'colcon_meta'
[0.515s] Level 1:colcon.colcon_core.package_identification:_identify(src/Fast-Planner/uav_simulator/Utils/waypoint_generator) by extensions ['ros']
[0.515s] Level 1:colcon.colcon_core.package_identification:_identify(src/Fast-Planner/uav_simulator/Utils/waypoint_generator) by extension 'ros'
[0.517s] DEBUG:colcon.colcon_core.package_identification:Package 'src/Fast-Planner/uav_simulator/Utils/waypoint_generator' with type 'ros.ament_cmake' and name 'waypoint_generator'
[0.517s] Level 1:colcon.colcon_core.package_identification:_identify(src/Fast-Planner/uav_simulator/local_sensing) by extensions ['ignore', 'ignore_ament_install']
[0.517s] Level 1:colcon.colcon_core.package_identification:_identify(src/Fast-Planner/uav_simulator/local_sensing) by extension 'ignore'
[0.517s] Level 1:colcon.colcon_core.package_identification:_identify(src/Fast-Planner/uav_simulator/local_sensing) by extension 'ignore_ament_install'
[0.517s] Level 1:colcon.colcon_core.package_identification:_identify(src/Fast-Planner/uav_simulator/local_sensing) by extensions ['colcon_pkg']
[0.517s] Level 1:colcon.colcon_core.package_identification:_identify(src/Fast-Planner/uav_simulator/local_sensing) by extension 'colcon_pkg'
[0.518s] Level 1:colcon.colcon_core.package_identification:_identify(src/Fast-Planner/uav_simulator/local_sensing) by extensions ['colcon_meta']
[0.518s] Level 1:colcon.colcon_core.package_identification:_identify(src/Fast-Planner/uav_simulator/local_sensing) by extension 'colcon_meta'
[0.518s] Level 1:colcon.colcon_core.package_identification:_identify(src/Fast-Planner/uav_simulator/local_sensing) by extensions ['ros']
[0.518s] Level 1:colcon.colcon_core.package_identification:_identify(src/Fast-Planner/uav_simulator/local_sensing) by extension 'ros'
[0.520s] DEBUG:colcon.colcon_core.package_identification:Package 'src/Fast-Planner/uav_simulator/local_sensing' with type 'ros.ament_cmake' and name 'local_sensing_node'
[0.520s] Level 1:colcon.colcon_core.package_identification:_identify(src/Fast-Planner/uav_simulator/map_generator) by extensions ['ignore', 'ignore_ament_install']
[0.521s] Level 1:colcon.colcon_core.package_identification:_identify(src/Fast-Planner/uav_simulator/map_generator) by extension 'ignore'
[0.521s] Level 1:colcon.colcon_core.package_identification:_identify(src/Fast-Planner/uav_simulator/map_generator) by extension 'ignore_ament_install'
[0.521s] Level 1:colcon.colcon_core.package_identification:_identify(src/Fast-Planner/uav_simulator/map_generator) by extensions ['colcon_pkg']
[0.521s] Level 1:colcon.colcon_core.package_identification:_identify(src/Fast-Planner/uav_simulator/map_generator) by extension 'colcon_pkg'
[0.521s] Level 1:colcon.colcon_core.package_identification:_identify(src/Fast-Planner/uav_simulator/map_generator) by extensions ['colcon_meta']
[0.521s] Level 1:colcon.colcon_core.package_identification:_identify(src/Fast-Planner/uav_simulator/map_generator) by extension 'colcon_meta'
[0.521s] Level 1:colcon.colcon_core.package_identification:_identify(src/Fast-Planner/uav_simulator/map_generator) by extensions ['ros']
[0.521s] Level 1:colcon.colcon_core.package_identification:_identify(src/Fast-Planner/uav_simulator/map_generator) by extension 'ros'
[0.523s] DEBUG:colcon.colcon_core.package_identification:Package 'src/Fast-Planner/uav_simulator/map_generator' with type 'ros.ament_cmake' and name 'map_generator'
[0.523s] Level 1:colcon.colcon_core.package_identification:_identify(src/Fast-Planner/uav_simulator/so3_control) by extensions ['ignore', 'ignore_ament_install']
[0.523s] Level 1:colcon.colcon_core.package_identification:_identify(src/Fast-Planner/uav_simulator/so3_control) by extension 'ignore'
[0.523s] Level 1:colcon.colcon_core.package_identification:_identify(src/Fast-Planner/uav_simulator/so3_control) by extension 'ignore_ament_install'
[0.524s] Level 1:colcon.colcon_core.package_identification:_identify(src/Fast-Planner/uav_simulator/so3_control) by extensions ['colcon_pkg']
[0.524s] Level 1:colcon.colcon_core.package_identification:_identify(src/Fast-Planner/uav_simulator/so3_control) by extension 'colcon_pkg'
[0.524s] Level 1:colcon.colcon_core.package_identification:_identify(src/Fast-Planner/uav_simulator/so3_control) by extensions ['colcon_meta']
[0.524s] Level 1:colcon.colcon_core.package_identification:_identify(src/Fast-Planner/uav_simulator/so3_control) by extension 'colcon_meta'
[0.524s] Level 1:colcon.colcon_core.package_identification:_identify(src/Fast-Planner/uav_simulator/so3_control) by extensions ['ros']
[0.524s] Level 1:colcon.colcon_core.package_identification:_identify(src/Fast-Planner/uav_simulator/so3_control) by extension 'ros'
[0.526s] DEBUG:colcon.colcon_core.package_identification:Package 'src/Fast-Planner/uav_simulator/so3_control' with type 'ros.ament_cmake' and name 'so3_control'
[0.526s] Level 1:colcon.colcon_core.package_identification:_identify(src/Fast-Planner/uav_simulator/so3_disturbance_generator) by extensions ['ignore', 'ignore_ament_install']
[0.526s] Level 1:colcon.colcon_core.package_identification:_identify(src/Fast-Planner/uav_simulator/so3_disturbance_generator) by extension 'ignore'
[0.526s] Level 1:colcon.colcon_core.package_identification:_identify(src/Fast-Planner/uav_simulator/so3_disturbance_generator) by extension 'ignore_ament_install'
[0.527s] Level 1:colcon.colcon_core.package_identification:_identify(src/Fast-Planner/uav_simulator/so3_disturbance_generator) by extensions ['colcon_pkg']
[0.527s] Level 1:colcon.colcon_core.package_identification:_identify(src/Fast-Planner/uav_simulator/so3_disturbance_generator) by extension 'colcon_pkg'
[0.527s] Level 1:colcon.colcon_core.package_identification:_identify(src/Fast-Planner/uav_simulator/so3_disturbance_generator) by extensions ['colcon_meta']
[0.527s] Level 1:colcon.colcon_core.package_identification:_identify(src/Fast-Planner/uav_simulator/so3_disturbance_generator) by extension 'colcon_meta'
[0.527s] Level 1:colcon.colcon_core.package_identification:_identify(src/Fast-Planner/uav_simulator/so3_disturbance_generator) by extensions ['ros']
[0.527s] Level 1:colcon.colcon_core.package_identification:_identify(src/Fast-Planner/uav_simulator/so3_disturbance_generator) by extension 'ros'
[0.528s] DEBUG:colcon.colcon_core.package_identification:Package 'src/Fast-Planner/uav_simulator/so3_disturbance_generator' with type 'ros.ament_cmake' and name 'so3_disturbance_generator'
[0.529s] Level 1:colcon.colcon_core.package_identification:_identify(src/Fast-Planner/uav_simulator/so3_quadrotor_simulator) by extensions ['ignore', 'ignore_ament_install']
[0.529s] Level 1:colcon.colcon_core.package_identification:_identify(src/Fast-Planner/uav_simulator/so3_quadrotor_simulator) by extension 'ignore'
[0.529s] Level 1:colcon.colcon_core.package_identification:_identify(src/Fast-Planner/uav_simulator/so3_quadrotor_simulator) by extension 'ignore_ament_install'
[0.529s] Level 1:colcon.colcon_core.package_identification:_identify(src/Fast-Planner/uav_simulator/so3_quadrotor_simulator) by extensions ['colcon_pkg']
[0.529s] Level 1:colcon.colcon_core.package_identification:_identify(src/Fast-Planner/uav_simulator/so3_quadrotor_simulator) by extension 'colcon_pkg'
[0.529s] Level 1:colcon.colcon_core.package_identification:_identify(src/Fast-Planner/uav_simulator/so3_quadrotor_simulator) by extensions ['colcon_meta']
[0.529s] Level 1:colcon.colcon_core.package_identification:_identify(src/Fast-Planner/uav_simulator/so3_quadrotor_simulator) by extension 'colcon_meta'
[0.529s] Level 1:colcon.colcon_core.package_identification:_identify(src/Fast-Planner/uav_simulator/so3_quadrotor_simulator) by extensions ['ros']
[0.529s] Level 1:colcon.colcon_core.package_identification:_identify(src/Fast-Planner/uav_simulator/so3_quadrotor_simulator) by extension 'ros'
[0.530s] DEBUG:colcon.colcon_core.package_identification:Package 'src/Fast-Planner/uav_simulator/so3_quadrotor_simulator' with type 'ros.ament_cmake' and name 'so3_quadrotor_simulator'
[0.530s] Level 1:colcon.colcon_core.package_discovery:discover_packages(recursive) using defaults
[0.531s] Level 1:colcon.colcon_core.package_discovery:discover_packages(ignore) discover
[0.531s] Level 1:colcon.colcon_core.package_discovery:discover_packages(ignore) using defaults
[0.531s] Level 1:colcon.colcon_core.package_discovery:discover_packages(path) discover
[0.531s] Level 1:colcon.colcon_core.package_discovery:discover_packages(path) using defaults
[0.600s] INFO:colcon.colcon_core.package_selection:Skipping not selected package 'cmake_utils' in 'src/Fast-Planner/uav_simulator/Utils/cmake_utils'
[0.601s] INFO:colcon.colcon_core.package_selection:Skipping not selected package 'map_generator' in 'src/Fast-Planner/uav_simulator/map_generator'
[0.601s] INFO:colcon.colcon_core.package_selection:Skipping not selected package 'plan_env' in 'src/Fast-Planner/fast_planner/plan_env'
[0.601s] INFO:colcon.colcon_core.package_selection:Skipping not selected package 'poly_traj' in 'src/Fast-Planner/fast_planner/poly_traj'
[0.601s] INFO:colcon.colcon_core.package_selection:Skipping not selected package 'pose_utils' in 'src/Fast-Planner/uav_simulator/Utils/pose_utils'
[0.601s] INFO:colcon.colcon_core.package_selection:Skipping not selected package 'quadrotor_msgs' in 'src/Fast-Planner/uav_simulator/Utils/quadrotor_msgs'
[0.601s] INFO:colcon.colcon_core.package_selection:Skipping not selected package 'waypoint_generator' in 'src/Fast-Planner/uav_simulator/Utils/waypoint_generator'
[0.601s] INFO:colcon.colcon_core.package_selection:Skipping not selected package 'bspline' in 'src/Fast-Planner/fast_planner/bspline'
[0.601s] INFO:colcon.colcon_core.package_selection:Skipping not selected package 'bspline_opt' in 'src/Fast-Planner/fast_planner/bspline_opt'
[0.601s] INFO:colcon.colcon_core.package_selection:Skipping not selected package 'local_sensing_node' in 'src/Fast-Planner/uav_simulator/local_sensing'
[0.601s] INFO:colcon.colcon_core.package_selection:Skipping not selected package 'multi_map_server' in 'src/Fast-Planner/uav_simulator/Utils/multi_map_server'
[0.601s] INFO:colcon.colcon_core.package_selection:Skipping not selected package 'path_searching' in 'src/Fast-Planner/fast_planner/path_searching'
[0.601s] INFO:colcon.colcon_core.package_selection:Skipping not selected package 'so3_control' in 'src/Fast-Planner/uav_simulator/so3_control'
[0.601s] INFO:colcon.colcon_core.package_selection:Skipping not selected package 'so3_disturbance_generator' in 'src/Fast-Planner/uav_simulator/so3_disturbance_generator'
[0.601s] INFO:colcon.colcon_core.package_selection:Skipping not selected package 'uav_utils' in 'src/Fast-Planner/uav_simulator/Utils/uav_utils'
[0.601s] INFO:colcon.colcon_core.package_selection:Skipping not selected package 'rviz_plugins' in 'src/Fast-Planner/uav_simulator/Utils/rviz_plugins'
[0.601s] INFO:colcon.colcon_core.package_selection:Skipping not selected package 'so3_quadrotor_simulator' in 'src/Fast-Planner/uav_simulator/so3_quadrotor_simulator'
[0.601s] INFO:colcon.colcon_core.package_selection:Skipping not selected package 'traj_utils' in 'src/Fast-Planner/fast_planner/traj_utils'
[0.601s] INFO:colcon.colcon_core.package_selection:Skipping not selected package 'plan_manage' in 'src/Fast-Planner/fast_planner/plan_manage'
[0.602s] Level 1:colcon.colcon_core.package_discovery:discover_packages(prefix_path) check parameters
[0.602s] Level 1:colcon.colcon_core.package_discovery:discover_packages(prefix_path) discover
[0.605s] DEBUG:colcon.colcon_installed_package_information.package_discovery:Found 8 installed packages in /root/colcon_ws/install
[0.608s] DEBUG:colcon.colcon_installed_package_information.package_discovery:Found 287 installed packages in /opt/ros/humble
[0.610s] Level 1:colcon.colcon_core.package_discovery:discover_packages(prefix_path) using defaults
[0.674s] Level 5:colcon.colcon_core.verb:set package 'odom_visualization' build argument 'cmake_args' from command line to 'None'
[0.674s] Level 5:colcon.colcon_core.verb:set package 'odom_visualization' build argument 'cmake_target' from command line to 'None'
[0.674s] Level 5:colcon.colcon_core.verb:set package 'odom_visualization' build argument 'cmake_target_skip_unavailable' from command line to 'False'
[0.674s] Level 5:colcon.colcon_core.verb:set package 'odom_visualization' build argument 'cmake_clean_cache' from command line to 'False'
[0.674s] Level 5:colcon.colcon_core.verb:set package 'odom_visualization' build argument 'cmake_clean_first' from command line to 'False'
[0.674s] Level 5:colcon.colcon_core.verb:set package 'odom_visualization' build argument 'cmake_force_configure' from command line to 'False'
[0.674s] Level 5:colcon.colcon_core.verb:set package 'odom_visualization' build argument 'ament_cmake_args' from command line to 'None'
[0.674s] Level 5:colcon.colcon_core.verb:set package 'odom_visualization' build argument 'catkin_cmake_args' from command line to 'None'
[0.675s] Level 5:colcon.colcon_core.verb:set package 'odom_visualization' build argument 'catkin_skip_building_tests' from command line to 'False'
[0.675s] DEBUG:colcon.colcon_core.verb:Building package 'odom_visualization' with the following arguments: {'ament_cmake_args': None, 'build_base': '/root/colcon_ws/build/odom_visualization', 'catkin_cmake_args': None, 'catkin_skip_building_tests': False, 'cmake_args': None, 'cmake_clean_cache': False, 'cmake_clean_first': False, 'cmake_force_configure': False, 'cmake_target': None, 'cmake_target_skip_unavailable': False, 'install_base': '/root/colcon_ws/install/odom_visualization', 'merge_install': False, 'path': '/root/colcon_ws/src/Fast-Planner/uav_simulator/Utils/odom_visualization', 'symlink_install': False, 'test_result_base': None}
[0.675s] INFO:colcon.colcon_core.executor:Executing jobs using 'parallel' executor
[0.677s] DEBUG:colcon.colcon_parallel_executor.executor.parallel:run_until_complete
[0.678s] INFO:colcon.colcon_ros.task.ament_cmake.build:Building ROS package in '/root/colcon_ws/src/Fast-Planner/uav_simulator/Utils/odom_visualization' with build type 'ament_cmake'
[0.678s] INFO:colcon.colcon_cmake.task.cmake.build:Building CMake package in '/root/colcon_ws/src/Fast-Planner/uav_simulator/Utils/odom_visualization'
[0.683s] INFO:colcon.colcon_core.plugin_system:Skipping extension 'colcon_core.shell.bat': Not used on non-Windows systems
[0.683s] INFO:colcon.colcon_core.shell:Skip shell extension 'powershell' for command environment: Not usable outside of PowerShell
[0.683s] DEBUG:colcon.colcon_core.shell:Skip shell extension 'dsv' for command environment
[0.707s] DEBUG:colcon.colcon_core.event_handler.log_command:Invoking command in '/root/colcon_ws/build/odom_visualization': AMENT_PREFIX_PATH=/root/colcon_ws/install/quadrotor_msgs:/root/colcon_ws/install/pose_utils:${AMENT_PREFIX_PATH} CMAKE_PREFIX_PATH=/root/colcon_ws/install/quadrotor_msgs:/root/colcon_ws/install/pose_utils:/opt/ros/humble LD_LIBRARY_PATH=/root/colcon_ws/install/quadrotor_msgs/lib:/root/colcon_ws/install/pose_utils/lib:${LD_LIBRARY_PATH} PYTHONPATH=/root/colcon_ws/install/quadrotor_msgs/local/lib/python3.10/dist-packages:${PYTHONPATH} /usr/bin/cmake --build /root/colcon_ws/build/odom_visualization -- -j8 -l8
[1.782s] DEBUG:colcon.colcon_core.event_handler.log_command:Invoked command in '/root/colcon_ws/build/odom_visualization' returned '2': AMENT_PREFIX_PATH=/root/colcon_ws/install/quadrotor_msgs:/root/colcon_ws/install/pose_utils:${AMENT_PREFIX_PATH} CMAKE_PREFIX_PATH=/root/colcon_ws/install/quadrotor_msgs:/root/colcon_ws/install/pose_utils:/opt/ros/humble LD_LIBRARY_PATH=/root/colcon_ws/install/quadrotor_msgs/lib:/root/colcon_ws/install/pose_utils/lib:${LD_LIBRARY_PATH} PYTHONPATH=/root/colcon_ws/install/quadrotor_msgs/local/lib/python3.10/dist-packages:${PYTHONPATH} /usr/bin/cmake --build /root/colcon_ws/build/odom_visualization -- -j8 -l8
[1.785s] Level 1:colcon.colcon_core.environment:create_environment_scripts_only(odom_visualization)
[1.794s] Level 1:colcon.colcon_core.environment:checking '/root/colcon_ws/install/odom_visualization' for CMake module files
[1.796s] Level 1:colcon.colcon_core.environment:checking '/root/colcon_ws/install/odom_visualization' for CMake config files
[1.798s] Level 1:colcon.colcon_core.environment:checking '/root/colcon_ws/install/odom_visualization/bin'
[1.798s] Level 1:colcon.colcon_core.environment:checking '/root/colcon_ws/install/odom_visualization/lib/pkgconfig/odom_visualization.pc'
[1.798s] Level 1:colcon.colcon_core.environment:checking '/root/colcon_ws/install/odom_visualization/lib/python3.10/site-packages'
[1.799s] Level 1:colcon.colcon_core.environment:checking '/root/colcon_ws/install/odom_visualization/bin'
[1.800s] INFO:colcon.colcon_core.shell:Creating package script '/root/colcon_ws/install/odom_visualization/share/odom_visualization/package.ps1'
[1.802s] INFO:colcon.colcon_core.shell:Creating package descriptor '/root/colcon_ws/install/odom_visualization/share/odom_visualization/package.dsv'
[1.804s] INFO:colcon.colcon_core.shell:Creating package script '/root/colcon_ws/install/odom_visualization/share/odom_visualization/package.sh'
[1.807s] INFO:colcon.colcon_core.shell:Creating package script '/root/colcon_ws/install/odom_visualization/share/odom_visualization/package.bash'
[1.810s] INFO:colcon.colcon_core.shell:Creating package script '/root/colcon_ws/install/odom_visualization/share/odom_visualization/package.zsh'
[1.812s] Level 1:colcon.colcon_core.environment:create_file_with_runtime_dependencies(/root/colcon_ws/install/odom_visualization/share/colcon-core/packages/odom_visualization)
[1.825s] DEBUG:colcon.colcon_parallel_executor.executor.parallel:closing loop
[1.825s] DEBUG:colcon.colcon_parallel_executor.executor.parallel:loop closed
[1.826s] DEBUG:colcon.colcon_parallel_executor.executor.parallel:run_until_complete finished with '2'
[1.826s] DEBUG:colcon.colcon_core.event_reactor:joining thread
[1.846s] INFO:colcon.colcon_core.plugin_system:Skipping extension 'colcon_notification.desktop_notification.notify_send': Could not find 'notify-send'
[1.847s] INFO:colcon.colcon_core.plugin_system:Skipping extension 'colcon_notification.desktop_notification.terminal_notifier': Not used on non-Darwin systems
[1.847s] INFO:colcon.colcon_core.plugin_system:Skipping extension 'colcon_notification.desktop_notification.win32': Not used on non-Windows systems
[1.847s] INFO:colcon.colcon_notification.desktop_notification:Sending desktop notification using 'notify2'
[1.860s] DEBUG:colcon.colcon_notification.desktop_notification.notify2:Failed to initialize notify2: org.freedesktop.DBus.Error.Spawn.ExecFailed: /usr/bin/dbus-launch terminated abnormally without any error message
[1.863s] DEBUG:colcon.colcon_core.event_reactor:joined thread
[1.865s] INFO:colcon.colcon_core.shell:Creating prefix script '/root/colcon_ws/install/local_setup.ps1'
[1.874s] INFO:colcon.colcon_core.shell:Creating prefix util module '/root/colcon_ws/install/_local_setup_util_ps1.py'
[1.878s] INFO:colcon.colcon_core.shell:Creating prefix chain script '/root/colcon_ws/install/setup.ps1'
[1.881s] INFO:colcon.colcon_core.shell:Creating prefix script '/root/colcon_ws/install/local_setup.sh'
[1.882s] INFO:colcon.colcon_core.shell:Creating prefix util module '/root/colcon_ws/install/_local_setup_util_sh.py'
[1.883s] INFO:colcon.colcon_core.shell:Creating prefix chain script '/root/colcon_ws/install/setup.sh'
[1.884s] INFO:colcon.colcon_core.shell:Creating prefix script '/root/colcon_ws/install/local_setup.bash'
[1.886s] INFO:colcon.colcon_core.shell:Creating prefix chain script '/root/colcon_ws/install/setup.bash'
[1.889s] INFO:colcon.colcon_core.shell:Creating prefix script '/root/colcon_ws/install/local_setup.zsh'
[1.891s] INFO:colcon.colcon_core.shell:Creating prefix chain script '/root/colcon_ws/install/setup.zsh'
