[0.053s] Invoking command in '/root/colcon_ws/build/poly_traj': CMAKE_PREFIX_PATH=/opt/ros/humble /usr/bin/cmake --build /root/colcon_ws/build/poly_traj -- -j8 -l8
[0.156s] [35m[1mConsolidate compiler generated dependencies of target poly_traj[0m
[0.205s] [100%] Built target poly_traj
[0.312s] Invoked command in '/root/colcon_ws/build/poly_traj' returned '0': CMAKE_PREFIX_PATH=/opt/ros/humble /usr/bin/cmake --build /root/colcon_ws/build/poly_traj -- -j8 -l8
[0.314s] Invoking command in '/root/colcon_ws/build/poly_traj': CMAKE_PREFIX_PATH=/opt/ros/humble /usr/bin/cmake --install /root/colcon_ws/build/poly_traj
[0.340s] -- Install configuration: "Release"
[0.340s] -- Installing: /root/colcon_ws/install/poly_traj/lib/libpoly_traj.a
[0.395s] -- Installing: /root/colcon_ws/install/poly_traj/include/poly_traj
[0.396s] -- Installing: /root/colcon_ws/install/poly_traj/include/poly_traj/poly_traj
[0.397s] -- Installing: /root/colcon_ws/install/poly_traj/include/poly_traj/poly_traj/polynomial_traj.h
[0.398s] -- Installing: /root/colcon_ws/install/poly_traj/lib/cmake/poly_traj/poly_trajTargets.cmake
[0.398s] -- Installing: /root/colcon_ws/install/poly_traj/lib/cmake/poly_traj/poly_trajTargets-release.cmake
[0.399s] -- Installing: /root/colcon_ws/install/poly_traj/share/poly_traj/environment/library_path.sh
[0.400s] -- Installing: /root/colcon_ws/install/poly_traj/share/poly_traj/environment/library_path.dsv
[0.401s] -- Installing: /root/colcon_ws/install/poly_traj/share/ament_index/resource_index/package_run_dependencies/poly_traj
[0.401s] -- Installing: /root/colcon_ws/install/poly_traj/share/ament_index/resource_index/parent_prefix_path/poly_traj
[0.401s] -- Installing: /root/colcon_ws/install/poly_traj/share/poly_traj/environment/ament_prefix_path.sh
[0.401s] -- Installing: /root/colcon_ws/install/poly_traj/share/poly_traj/environment/ament_prefix_path.dsv
[0.402s] -- Installing: /root/colcon_ws/install/poly_traj/share/poly_traj/environment/path.sh
[0.402s] -- Installing: /root/colcon_ws/install/poly_traj/share/poly_traj/environment/path.dsv
[0.402s] -- Installing: /root/colcon_ws/install/poly_traj/share/poly_traj/local_setup.bash
[0.402s] -- Installing: /root/colcon_ws/install/poly_traj/share/poly_traj/local_setup.sh
[0.402s] -- Installing: /root/colcon_ws/install/poly_traj/share/poly_traj/local_setup.zsh
[0.403s] -- Installing: /root/colcon_ws/install/poly_traj/share/poly_traj/local_setup.dsv
[0.403s] -- Installing: /root/colcon_ws/install/poly_traj/share/poly_traj/package.dsv
[0.403s] -- Installing: /root/colcon_ws/install/poly_traj/share/ament_index/resource_index/packages/poly_traj
[0.403s] -- Installing: /root/colcon_ws/install/poly_traj/share/poly_traj/cmake/poly_trajTargetsExport.cmake
[0.404s] -- Installing: /root/colcon_ws/install/poly_traj/share/poly_traj/cmake/poly_trajTargetsExport-release.cmake
[0.404s] -- Installing: /root/colcon_ws/install/poly_traj/share/poly_traj/cmake/ament_cmake_export_targets-extras.cmake
[0.404s] -- Installing: /root/colcon_ws/install/poly_traj/share/poly_traj/cmake/ament_cmake_export_dependencies-extras.cmake
[0.405s] -- Installing: /root/colcon_ws/install/poly_traj/share/poly_traj/cmake/ament_cmake_export_include_directories-extras.cmake
[0.405s] -- Installing: /root/colcon_ws/install/poly_traj/share/poly_traj/cmake/poly_trajConfig.cmake
[0.406s] -- Installing: /root/colcon_ws/install/poly_traj/share/poly_traj/cmake/poly_trajConfig-version.cmake
[0.406s] -- Installing: /root/colcon_ws/install/poly_traj/share/poly_traj/package.xml
[0.438s] Invoked command in '/root/colcon_ws/build/poly_traj' returned '0': CMAKE_PREFIX_PATH=/opt/ros/humble /usr/bin/cmake --install /root/colcon_ws/build/poly_traj
