[0.042s] Invoking command in '/root/colcon_ws/build/odom_visualization': AMENT_PREFIX_PATH=/root/colcon_ws/install/quadrotor_msgs:/root/colcon_ws/install/pose_utils:${AMENT_PREFIX_PATH} CMAKE_PREFIX_PATH=/root/colcon_ws/install/quadrotor_msgs:/root/colcon_ws/install/pose_utils:/opt/ros/humble LD_LIBRARY_PATH=/root/colcon_ws/install/quadrotor_msgs/lib:/root/colcon_ws/install/pose_utils/lib:${LD_LIBRARY_PATH} PYTHONPATH=/root/colcon_ws/install/quadrotor_msgs/local/lib/python3.10/dist-packages:${PYTHONPATH} /usr/bin/cmake --build /root/colcon_ws/build/odom_visualization -- -j8 -l8
[0.120s] -- Found ament_cmake: 1.3.13 (/opt/ros/humble/share/ament_cmake/cmake)
[0.472s] -- Found rclcpp: 16.0.18 (/opt/ros/humble/share/rclcpp/cmake)
[0.534s] -- Found rosidl_generator_c: 3.1.8 (/opt/ros/humble/share/rosidl_generator_c/cmake)
[0.534s] -- Found rosidl_adapter: 3.1.8 (/opt/ros/humble/share/rosidl_adapter/cmake)
[0.543s] -- Found rosidl_generator_cpp: 3.1.8 (/opt/ros/humble/share/rosidl_generator_cpp/cmake)
[0.571s] -- Using all available rosidl_typesupport_c: rosidl_typesupport_fastrtps_c;rosidl_typesupport_introspection_c
[0.588s] -- Using all available rosidl_typesupport_cpp: rosidl_typesupport_fastrtps_cpp;rosidl_typesupport_introspection_cpp
[0.652s] -- Found rmw_implementation_cmake: 6.1.2 (/opt/ros/humble/share/rmw_implementation_cmake/cmake)
[0.655s] -- Found rmw_fastrtps_cpp: 6.2.10 (/opt/ros/humble/share/rmw_fastrtps_cpp/cmake)
[0.994s] -- Using RMW implementation 'rmw_fastrtps_cpp' as default
[1.079s] -- Found geometry_msgs: 4.9.1 (/opt/ros/humble/share/geometry_msgs/cmake)
[1.103s] -- Found nav_msgs: 4.9.1 (/opt/ros/humble/share/nav_msgs/cmake)
[1.129s] -- Found sensor_msgs: 4.9.1 (/opt/ros/humble/share/sensor_msgs/cmake)
[1.157s] -- Found visualization_msgs: 4.9.1 (/opt/ros/humble/share/visualization_msgs/cmake)
[1.211s] -- Found quadrotor_msgs: 0.0.0 (/root/colcon_ws/install/quadrotor_msgs/share/quadrotor_msgs/cmake)
[1.242s] -- Found tf2: 0.25.19 (/opt/ros/humble/share/tf2/cmake)
[1.252s] -- Found tf2_ros: 0.25.19 (/opt/ros/humble/share/tf2_ros/cmake)
[1.397s] -- Found pose_utils: 0.0.0 (/root/colcon_ws/install/pose_utils/share/pose_utils/cmake)
[1.631s] -- Configuring done
[1.668s] -- Generating done
[1.680s] -- Build files have been written to: /root/colcon_ws/build/odom_visualization
[1.861s] [ 50%] [32mBuilding CXX object CMakeFiles/odom_visualization.dir/src/odom_visualization.cpp.o[0m
[4.769s] gmake[2]: *** [CMakeFiles/odom_visualization.dir/build.make:76: CMakeFiles/odom_visualization.dir/src/odom_visualization.cpp.o] Interrupt
[4.769s] gmake[1]: *** wait: No child processes.  Stop.
[4.769s] gmake[1]: *** Waiting for unfinished jobs....
[4.769s] gmake[1]: *** wait: No child processes.  Stop.
[4.769s] gmake: *** [Makefile:146: all] Error 2
