[0.057s] Invoking command in '/root/colcon_ws/build/map_generator': CMAKE_PREFIX_PATH=/opt/ros/humble /usr/bin/cmake --build /root/colcon_ws/build/map_generator -- -j8 -l8
[0.218s] [ 50%] [32mBuilding CXX object CMakeFiles/random_forest.dir/src/random_forest_sensing.cpp.o[0m
[14.036s] [01m[K/root/colcon_ws/src/Fast-Planner/uav_simulator/map_generator/src/random_forest_sensing.cpp:32:19:[m[K [01;31m[Kerror: [m[Kclass template argument deduction failed:
[14.039s]    32 | rclcpp::Publisher [01;31m[K_local_map_pub[m[K;
[14.039s]       |                   [01;31m[K^~~~~~~~~~~~~~[m[K
[14.039s] [01m[K/root/colcon_ws/src/Fast-Planner/uav_simulator/map_generator/src/random_forest_sensing.cpp:32:19:[m[K [01;31m[Kerror: [m[Kno matching function for call to ‘[01m[KPublisher()[m[K’
[14.039s] In file included from [01m[K/opt/ros/humble/include/rclcpp/rclcpp/topic_statistics/subscription_topic_statistics.hpp:31[m[K,
[14.039s]                  from [01m[K/opt/ros/humble/include/rclcpp/rclcpp/subscription.hpp:50[m[K,
[14.040s]                  from [01m[K/opt/ros/humble/include/rclcpp/rclcpp/any_executable.hpp:25[m[K,
[14.040s]                  from [01m[K/opt/ros/humble/include/rclcpp/rclcpp/memory_strategy.hpp:25[m[K,
[14.040s]                  from [01m[K/opt/ros/humble/include/rclcpp/rclcpp/memory_strategies.hpp:18[m[K,
[14.040s]                  from [01m[K/opt/ros/humble/include/rclcpp/rclcpp/executor_options.hpp:20[m[K,
[14.040s]                  from [01m[K/opt/ros/humble/include/rclcpp/rclcpp/executor.hpp:37[m[K,
[14.040s]                  from [01m[K/opt/ros/humble/include/rclcpp/rclcpp/executors/multi_threaded_executor.hpp:25[m[K,
[14.040s]                  from [01m[K/opt/ros/humble/include/rclcpp/rclcpp/executors.hpp:21[m[K,
[14.040s]                  from [01m[K/opt/ros/humble/include/rclcpp/rclcpp/rclcpp.hpp:155[m[K,
[14.040s]                  from [01m[K/opt/ros/humble/include/pcl_conversions/pcl_conversions/pcl_conversions.h:43[m[K,
[14.040s]                  from [01m[K/root/colcon_ws/src/Fast-Planner/uav_simulator/map_generator/src/random_forest_sensing.cpp:5[m[K:
[14.041s] [01m[K/opt/ros/humble/include/rclcpp/rclcpp/publisher.hpp:125:3:[m[K [01;36m[Knote: [m[Kcandidate: ‘[01m[Ktemplate<class MessageT, class AllocatorT> Publisher(rclcpp::node_interfaces::NodeBaseInterface*, const string&, const rclcpp::QoS&, const rclcpp::PublisherOptionsWithAllocator<AllocatorT>&)-> rclcpp::Publisher<MessageT, AllocatorT>[m[K’
[14.041s]   125 |   [01;36m[KPublisher[m[K(
[14.041s]       |   [01;36m[K^~~~~~~~~[m[K
[14.041s] [01m[K/opt/ros/humble/include/rclcpp/rclcpp/publisher.hpp:125:3:[m[K [01;36m[Knote: [m[K  template argument deduction/substitution failed:
[14.041s] [01m[K/root/colcon_ws/src/Fast-Planner/uav_simulator/map_generator/src/random_forest_sensing.cpp:32:19:[m[K [01;36m[Knote: [m[K  candidate expects 4 arguments, 0 provided
[14.041s]    32 | rclcpp::Publisher [01;36m[K_local_map_pub[m[K;
[14.041s]       |                   [01;36m[K^~~~~~~~~~~~~~[m[K
[14.041s] In file included from [01m[K/opt/ros/humble/include/rclcpp/rclcpp/topic_statistics/subscription_topic_statistics.hpp:31[m[K,
[14.041s]                  from [01m[K/opt/ros/humble/include/rclcpp/rclcpp/subscription.hpp:50[m[K,
[14.041s]                  from [01m[K/opt/ros/humble/include/rclcpp/rclcpp/any_executable.hpp:25[m[K,
[14.041s]                  from [01m[K/opt/ros/humble/include/rclcpp/rclcpp/memory_strategy.hpp:25[m[K,
[14.042s]                  from [01m[K/opt/ros/humble/include/rclcpp/rclcpp/memory_strategies.hpp:18[m[K,
[14.042s]                  from [01m[K/opt/ros/humble/include/rclcpp/rclcpp/executor_options.hpp:20[m[K,
[14.042s]                  from [01m[K/opt/ros/humble/include/rclcpp/rclcpp/executor.hpp:37[m[K,
[14.042s]                  from [01m[K/opt/ros/humble/include/rclcpp/rclcpp/executors/multi_threaded_executor.hpp:25[m[K,
[14.042s]                  from [01m[K/opt/ros/humble/include/rclcpp/rclcpp/executors.hpp:21[m[K,
[14.042s]                  from [01m[K/opt/ros/humble/include/rclcpp/rclcpp/rclcpp.hpp:155[m[K,
[14.042s]                  from [01m[K/opt/ros/humble/include/pcl_conversions/pcl_conversions/pcl_conversions.h:43[m[K,
[14.042s]                  from [01m[K/root/colcon_ws/src/Fast-Planner/uav_simulator/map_generator/src/random_forest_sensing.cpp:5[m[K:
[14.042s] [01m[K/opt/ros/humble/include/rclcpp/rclcpp/publisher.hpp:77:7:[m[K [01;36m[Knote: [m[Kcandidate: ‘[01m[Ktemplate<class MessageT, class AllocatorT> Publisher(rclcpp::Publisher<MessageT, AllocatorT>)-> rclcpp::Publisher<MessageT, AllocatorT>[m[K’
[14.042s]    77 | class [01;36m[KPublisher[m[K : public PublisherBase
[14.042s]       |       [01;36m[K^~~~~~~~~[m[K
[14.043s] [01m[K/opt/ros/humble/include/rclcpp/rclcpp/publisher.hpp:77:7:[m[K [01;36m[Knote: [m[K  template argument deduction/substitution failed:
[14.043s] [01m[K/root/colcon_ws/src/Fast-Planner/uav_simulator/map_generator/src/random_forest_sensing.cpp:32:19:[m[K [01;36m[Knote: [m[K  candidate expects 1 argument, 0 provided
[14.043s]    32 | rclcpp::Publisher [01;36m[K_local_map_pub[m[K;
[14.043s]       |                   [01;36m[K^~~~~~~~~~~~~~[m[K
[14.043s] [01m[K/root/colcon_ws/src/Fast-Planner/uav_simulator/map_generator/src/random_forest_sensing.cpp:33:19:[m[K [01;31m[Kerror: [m[Kclass template argument deduction failed:
[14.043s]    33 | rclcpp::Publisher [01;31m[K_all_map_pub[m[K;
[14.043s]       |                   [01;31m[K^~~~~~~~~~~~[m[K
[14.043s] [01m[K/root/colcon_ws/src/Fast-Planner/uav_simulator/map_generator/src/random_forest_sensing.cpp:33:19:[m[K [01;31m[Kerror: [m[Kno matching function for call to ‘[01m[KPublisher()[m[K’
[14.043s] In file included from [01m[K/opt/ros/humble/include/rclcpp/rclcpp/topic_statistics/subscription_topic_statistics.hpp:31[m[K,
[14.043s]                  from [01m[K/opt/ros/humble/include/rclcpp/rclcpp/subscription.hpp:50[m[K,
[14.043s]                  from [01m[K/opt/ros/humble/include/rclcpp/rclcpp/any_executable.hpp:25[m[K,
[14.043s]                  from [01m[K/opt/ros/humble/include/rclcpp/rclcpp/memory_strategy.hpp:25[m[K,
[14.043s]                  from [01m[K/opt/ros/humble/include/rclcpp/rclcpp/memory_strategies.hpp:18[m[K,
[14.044s]                  from [01m[K/opt/ros/humble/include/rclcpp/rclcpp/executor_options.hpp:20[m[K,
[14.044s]                  from [01m[K/opt/ros/humble/include/rclcpp/rclcpp/executor.hpp:37[m[K,
[14.044s]                  from [01m[K/opt/ros/humble/include/rclcpp/rclcpp/executors/multi_threaded_executor.hpp:25[m[K,
[14.044s]                  from [01m[K/opt/ros/humble/include/rclcpp/rclcpp/executors.hpp:21[m[K,
[14.044s]                  from [01m[K/opt/ros/humble/include/rclcpp/rclcpp/rclcpp.hpp:155[m[K,
[14.044s]                  from [01m[K/opt/ros/humble/include/pcl_conversions/pcl_conversions/pcl_conversions.h:43[m[K,
[14.044s]                  from [01m[K/root/colcon_ws/src/Fast-Planner/uav_simulator/map_generator/src/random_forest_sensing.cpp:5[m[K:
[14.044s] [01m[K/opt/ros/humble/include/rclcpp/rclcpp/publisher.hpp:125:3:[m[K [01;36m[Knote: [m[Kcandidate: ‘[01m[Ktemplate<class MessageT, class AllocatorT> Publisher(rclcpp::node_interfaces::NodeBaseInterface*, const string&, const rclcpp::QoS&, const rclcpp::PublisherOptionsWithAllocator<AllocatorT>&)-> rclcpp::Publisher<MessageT, AllocatorT>[m[K’
[14.044s]   125 |   [01;36m[KPublisher[m[K(
[14.044s]       |   [01;36m[K^~~~~~~~~[m[K
[14.045s] [01m[K/opt/ros/humble/include/rclcpp/rclcpp/publisher.hpp:125:3:[m[K [01;36m[Knote: [m[K  template argument deduction/substitution failed:
[14.045s] [01m[K/root/colcon_ws/src/Fast-Planner/uav_simulator/map_generator/src/random_forest_sensing.cpp:33:19:[m[K [01;36m[Knote: [m[K  candidate expects 4 arguments, 0 provided
[14.045s]    33 | rclcpp::Publisher [01;36m[K_all_map_pub[m[K;
[14.045s]       |                   [01;36m[K^~~~~~~~~~~~[m[K
[14.045s] In file included from [01m[K/opt/ros/humble/include/rclcpp/rclcpp/topic_statistics/subscription_topic_statistics.hpp:31[m[K,
[14.045s]                  from [01m[K/opt/ros/humble/include/rclcpp/rclcpp/subscription.hpp:50[m[K,
[14.045s]                  from [01m[K/opt/ros/humble/include/rclcpp/rclcpp/any_executable.hpp:25[m[K,
[14.045s]                  from [01m[K/opt/ros/humble/include/rclcpp/rclcpp/memory_strategy.hpp:25[m[K,
[14.045s]                  from [01m[K/opt/ros/humble/include/rclcpp/rclcpp/memory_strategies.hpp:18[m[K,
[14.045s]                  from [01m[K/opt/ros/humble/include/rclcpp/rclcpp/executor_options.hpp:20[m[K,
[14.045s]                  from [01m[K/opt/ros/humble/include/rclcpp/rclcpp/executor.hpp:37[m[K,
[14.045s]                  from [01m[K/opt/ros/humble/include/rclcpp/rclcpp/executors/multi_threaded_executor.hpp:25[m[K,
[14.046s]                  from [01m[K/opt/ros/humble/include/rclcpp/rclcpp/executors.hpp:21[m[K,
[14.046s]                  from [01m[K/opt/ros/humble/include/rclcpp/rclcpp/rclcpp.hpp:155[m[K,
[14.046s]                  from [01m[K/opt/ros/humble/include/pcl_conversions/pcl_conversions/pcl_conversions.h:43[m[K,
[14.046s]                  from [01m[K/root/colcon_ws/src/Fast-Planner/uav_simulator/map_generator/src/random_forest_sensing.cpp:5[m[K:
[14.046s] [01m[K/opt/ros/humble/include/rclcpp/rclcpp/publisher.hpp:77:7:[m[K [01;36m[Knote: [m[Kcandidate: ‘[01m[Ktemplate<class MessageT, class AllocatorT> Publisher(rclcpp::Publisher<MessageT, AllocatorT>)-> rclcpp::Publisher<MessageT, AllocatorT>[m[K’
[14.046s]    77 | class [01;36m[KPublisher[m[K : public PublisherBase
[14.046s]       |       [01;36m[K^~~~~~~~~[m[K
[14.046s] [01m[K/opt/ros/humble/include/rclcpp/rclcpp/publisher.hpp:77:7:[m[K [01;36m[Knote: [m[K  template argument deduction/substitution failed:
[14.046s] [01m[K/root/colcon_ws/src/Fast-Planner/uav_simulator/map_generator/src/random_forest_sensing.cpp:33:19:[m[K [01;36m[Knote: [m[K  candidate expects 1 argument, 0 provided
[14.046s]    33 | rclcpp::Publisher [01;36m[K_all_map_pub[m[K;
[14.046s]       |                   [01;36m[K^~~~~~~~~~~~[m[K
[14.046s] [01m[K/root/colcon_ws/src/Fast-Planner/uav_simulator/map_generator/src/random_forest_sensing.cpp:34:19:[m[K [01;31m[Kerror: [m[Kclass template argument deduction failed:
[14.047s]    34 | rclcpp::Publisher [01;31m[Kclick_map_pub_[m[K;
[14.047s]       |                   [01;31m[K^~~~~~~~~~~~~~[m[K
[14.047s] [01m[K/root/colcon_ws/src/Fast-Planner/uav_simulator/map_generator/src/random_forest_sensing.cpp:34:19:[m[K [01;31m[Kerror: [m[Kno matching function for call to ‘[01m[KPublisher()[m[K’
[14.047s] In file included from [01m[K/opt/ros/humble/include/rclcpp/rclcpp/topic_statistics/subscription_topic_statistics.hpp:31[m[K,
[14.047s]                  from [01m[K/opt/ros/humble/include/rclcpp/rclcpp/subscription.hpp:50[m[K,
[14.047s]                  from [01m[K/opt/ros/humble/include/rclcpp/rclcpp/any_executable.hpp:25[m[K,
[14.047s]                  from [01m[K/opt/ros/humble/include/rclcpp/rclcpp/memory_strategy.hpp:25[m[K,
[14.047s]                  from [01m[K/opt/ros/humble/include/rclcpp/rclcpp/memory_strategies.hpp:18[m[K,
[14.047s]                  from [01m[K/opt/ros/humble/include/rclcpp/rclcpp/executor_options.hpp:20[m[K,
[14.047s]                  from [01m[K/opt/ros/humble/include/rclcpp/rclcpp/executor.hpp:37[m[K,
[14.047s]                  from [01m[K/opt/ros/humble/include/rclcpp/rclcpp/executors/multi_threaded_executor.hpp:25[m[K,
[14.047s]                  from [01m[K/opt/ros/humble/include/rclcpp/rclcpp/executors.hpp:21[m[K,
[14.048s]                  from [01m[K/opt/ros/humble/include/rclcpp/rclcpp/rclcpp.hpp:155[m[K,
[14.048s]                  from [01m[K/opt/ros/humble/include/pcl_conversions/pcl_conversions/pcl_conversions.h:43[m[K,
[14.048s]                  from [01m[K/root/colcon_ws/src/Fast-Planner/uav_simulator/map_generator/src/random_forest_sensing.cpp:5[m[K:
[14.048s] [01m[K/opt/ros/humble/include/rclcpp/rclcpp/publisher.hpp:125:3:[m[K [01;36m[Knote: [m[Kcandidate: ‘[01m[Ktemplate<class MessageT, class AllocatorT> Publisher(rclcpp::node_interfaces::NodeBaseInterface*, const string&, const rclcpp::QoS&, const rclcpp::PublisherOptionsWithAllocator<AllocatorT>&)-> rclcpp::Publisher<MessageT, AllocatorT>[m[K’
[14.048s]   125 |   [01;36m[KPublisher[m[K(
[14.048s]       |   [01;36m[K^~~~~~~~~[m[K
[14.048s] [01m[K/opt/ros/humble/include/rclcpp/rclcpp/publisher.hpp:125:3:[m[K [01;36m[Knote: [m[K  template argument deduction/substitution failed:
[14.049s] [01m[K/root/colcon_ws/src/Fast-Planner/uav_simulator/map_generator/src/random_forest_sensing.cpp:34:19:[m[K [01;36m[Knote: [m[K  candidate expects 4 arguments, 0 provided
[14.049s]    34 | rclcpp::Publisher [01;36m[Kclick_map_pub_[m[K;
[14.049s]       |                   [01;36m[K^~~~~~~~~~~~~~[m[K
[14.049s] In file included from [01m[K/opt/ros/humble/include/rclcpp/rclcpp/topic_statistics/subscription_topic_statistics.hpp:31[m[K,
[14.049s]                  from [01m[K/opt/ros/humble/include/rclcpp/rclcpp/subscription.hpp:50[m[K,
[14.049s]                  from [01m[K/opt/ros/humble/include/rclcpp/rclcpp/any_executable.hpp:25[m[K,
[14.049s]                  from [01m[K/opt/ros/humble/include/rclcpp/rclcpp/memory_strategy.hpp:25[m[K,
[14.049s]                  from [01m[K/opt/ros/humble/include/rclcpp/rclcpp/memory_strategies.hpp:18[m[K,
[14.049s]                  from [01m[K/opt/ros/humble/include/rclcpp/rclcpp/executor_options.hpp:20[m[K,
[14.049s]                  from [01m[K/opt/ros/humble/include/rclcpp/rclcpp/executor.hpp:37[m[K,
[14.049s]                  from [01m[K/opt/ros/humble/include/rclcpp/rclcpp/executors/multi_threaded_executor.hpp:25[m[K,
[14.050s]                  from [01m[K/opt/ros/humble/include/rclcpp/rclcpp/executors.hpp:21[m[K,
[14.050s]                  from [01m[K/opt/ros/humble/include/rclcpp/rclcpp/rclcpp.hpp:155[m[K,
[14.050s]                  from [01m[K/opt/ros/humble/include/pcl_conversions/pcl_conversions/pcl_conversions.h:43[m[K,
[14.050s]                  from [01m[K/root/colcon_ws/src/Fast-Planner/uav_simulator/map_generator/src/random_forest_sensing.cpp:5[m[K:
[14.050s] [01m[K/opt/ros/humble/include/rclcpp/rclcpp/publisher.hpp:77:7:[m[K [01;36m[Knote: [m[Kcandidate: ‘[01m[Ktemplate<class MessageT, class AllocatorT> Publisher(rclcpp::Publisher<MessageT, AllocatorT>)-> rclcpp::Publisher<MessageT, AllocatorT>[m[K’
[14.050s]    77 | class [01;36m[KPublisher[m[K : public PublisherBase
[14.050s]       |       [01;36m[K^~~~~~~~~[m[K
[14.050s] [01m[K/opt/ros/humble/include/rclcpp/rclcpp/publisher.hpp:77:7:[m[K [01;36m[Knote: [m[K  template argument deduction/substitution failed:
[14.050s] [01m[K/root/colcon_ws/src/Fast-Planner/uav_simulator/map_generator/src/random_forest_sensing.cpp:34:19:[m[K [01;36m[Knote: [m[K  candidate expects 1 argument, 0 provided
[14.050s]    34 | rclcpp::Publisher [01;36m[Kclick_map_pub_[m[K;
[14.050s]       |                   [01;36m[K^~~~~~~~~~~~~~[m[K
[14.050s] [01m[K/root/colcon_ws/src/Fast-Planner/uav_simulator/map_generator/src/random_forest_sensing.cpp:35:22:[m[K [01;31m[Kerror: [m[Kclass template argument deduction failed:
[14.051s]    35 | rclcpp::Subscription [01;31m[K_odom_sub[m[K;
[14.051s]       |                      [01;31m[K^~~~~~~~~[m[K
[14.051s] [01m[K/root/colcon_ws/src/Fast-Planner/uav_simulator/map_generator/src/random_forest_sensing.cpp:35:22:[m[K [01;31m[Kerror: [m[Kno matching function for call to ‘[01m[KSubscription()[m[K’
[14.051s] In file included from [01m[K/opt/ros/humble/include/rclcpp/rclcpp/context.hpp:35[m[K,
[14.051s]                  from [01m[K/opt/ros/humble/include/rclcpp/rclcpp/executor.hpp:34[m[K,
[14.051s]                  from [01m[K/opt/ros/humble/include/rclcpp/rclcpp/executors/multi_threaded_executor.hpp:25[m[K,
[14.051s]                  from [01m[K/opt/ros/humble/include/rclcpp/rclcpp/executors.hpp:21[m[K,
[14.051s]                  from [01m[K/opt/ros/humble/include/rclcpp/rclcpp/rclcpp.hpp:155[m[K,
[14.051s]                  from [01m[K/opt/ros/humble/include/pcl_conversions/pcl_conversions/pcl_conversions.h:43[m[K,
[14.051s]                  from [01m[K/root/colcon_ws/src/Fast-Planner/uav_simulator/map_generator/src/random_forest_sensing.cpp:5[m[K:
[14.052s] [01m[K/opt/ros/humble/include/rclcpp/rclcpp/subscription.hpp:423:3:[m[K [01;36m[Knote: [m[Kcandidate: ‘[01m[Ktemplate<class MessageT, class AllocatorT, class SubscribedT, class ROSMessageT, class MessageMemoryStrategyT> Subscription(const rclcpp::Subscription<MessageT, AllocatorT, SubscribedT, ROSMessageT, MessageMemoryStrategyT>&)-> rclcpp::Subscription<MessageT, AllocatorT, SubscribedT, ROSMessageT, MessageMemoryStrategyT>[m[K’
[14.052s]   423 |   [01;36m[KRCLCPP_DISABLE_COPY[m[K(Subscription)
[14.052s]       |   [01;36m[K^~~~~~~~~~~~~~~~~~~[m[K
[14.052s] [01m[K/opt/ros/humble/include/rclcpp/rclcpp/subscription.hpp:423:3:[m[K [01;36m[Knote: [m[K  template argument deduction/substitution failed:
[14.052s] [01m[K/root/colcon_ws/src/Fast-Planner/uav_simulator/map_generator/src/random_forest_sensing.cpp:35:22:[m[K [01;36m[Knote: [m[K  candidate expects 1 argument, 0 provided
[14.052s]    35 | rclcpp::Subscription [01;36m[K_odom_sub[m[K;
[14.052s]       |                      [01;36m[K^~~~~~~~~[m[K
[14.052s] In file included from [01m[K/opt/ros/humble/include/rclcpp/rclcpp/any_executable.hpp:25[m[K,
[14.052s]                  from [01m[K/opt/ros/humble/include/rclcpp/rclcpp/memory_strategy.hpp:25[m[K,
[14.052s]                  from [01m[K/opt/ros/humble/include/rclcpp/rclcpp/memory_strategies.hpp:18[m[K,
[14.052s]                  from [01m[K/opt/ros/humble/include/rclcpp/rclcpp/executor_options.hpp:20[m[K,
[14.053s]                  from [01m[K/opt/ros/humble/include/rclcpp/rclcpp/executor.hpp:37[m[K,
[14.053s]                  from [01m[K/opt/ros/humble/include/rclcpp/rclcpp/executors/multi_threaded_executor.hpp:25[m[K,
[14.053s]                  from [01m[K/opt/ros/humble/include/rclcpp/rclcpp/executors.hpp:21[m[K,
[14.053s]                  from [01m[K/opt/ros/humble/include/rclcpp/rclcpp/rclcpp.hpp:155[m[K,
[14.053s]                  from [01m[K/opt/ros/humble/include/pcl_conversions/pcl_conversions/pcl_conversions.h:43[m[K,
[14.053s]                  from [01m[K/root/colcon_ws/src/Fast-Planner/uav_simulator/map_generator/src/random_forest_sensing.cpp:5[m[K:
[14.053s] [01m[K/opt/ros/humble/include/rclcpp/rclcpp/subscription.hpp:130:3:[m[K [01;36m[Knote: [m[Kcandidate: ‘[01m[Ktemplate<class MessageT, class AllocatorT, class SubscribedT, class ROSMessageT, class MessageMemoryStrategyT> Subscription(rclcpp::node_interfaces::NodeBaseInterface*, const rosidl_message_type_support_t&, const string&, const rclcpp::QoS&, rclcpp::AnySubscriptionCallback<CallbackMessageT, AllocatorT>, const rclcpp::SubscriptionOptionsWithAllocator<AllocatorT>&, typename MessageMemoryStrategyT::SharedPtr, std::shared_ptr<rclcpp::topic_statistics::SubscriptionTopicStatistics<ROSMessageT> >)-> rclcpp::Subscription<MessageT, AllocatorT, SubscribedT, ROSMessageT, MessageMemoryStrategyT>[m[K’
[14.053s]   130 |   [01;36m[KSubscription[m[K(
[14.053s]       |   [01;36m[K^~~~~~~~~~~~[m[K
[14.053s] [01m[K/opt/ros/humble/include/rclcpp/rclcpp/subscription.hpp:130:3:[m[K [01;36m[Knote: [m[K  template argument deduction/substitution failed:
[14.053s] [01m[K/root/colcon_ws/src/Fast-Planner/uav_simulator/map_generator/src/random_forest_sensing.cpp:35:22:[m[K [01;36m[Knote: [m[K  candidate expects 8 arguments, 0 provided
[14.053s]    35 | rclcpp::Subscription [01;36m[K_odom_sub[m[K;
[14.054s]       |                      [01;36m[K^~~~~~~~~[m[K
[14.054s] In file included from [01m[K/opt/ros/humble/include/rclcpp/rclcpp/any_executable.hpp:25[m[K,
[14.054s]                  from [01m[K/opt/ros/humble/include/rclcpp/rclcpp/memory_strategy.hpp:25[m[K,
[14.054s]                  from [01m[K/opt/ros/humble/include/rclcpp/rclcpp/memory_strategies.hpp:18[m[K,
[14.054s]                  from [01m[K/opt/ros/humble/include/rclcpp/rclcpp/executor_options.hpp:20[m[K,
[14.054s]                  from [01m[K/opt/ros/humble/include/rclcpp/rclcpp/executor.hpp:37[m[K,
[14.054s]                  from [01m[K/opt/ros/humble/include/rclcpp/rclcpp/executors/multi_threaded_executor.hpp:25[m[K,
[14.054s]                  from [01m[K/opt/ros/humble/include/rclcpp/rclcpp/executors.hpp:21[m[K,
[14.054s]                  from [01m[K/opt/ros/humble/include/rclcpp/rclcpp/rclcpp.hpp:155[m[K,
[14.054s]                  from [01m[K/opt/ros/humble/include/pcl_conversions/pcl_conversions/pcl_conversions.h:43[m[K,
[14.054s]                  from [01m[K/root/colcon_ws/src/Fast-Planner/uav_simulator/map_generator/src/random_forest_sensing.cpp:5[m[K:
[14.054s] [01m[K/opt/ros/humble/include/rclcpp/rclcpp/subscription.hpp:75:7:[m[K [01;36m[Knote: [m[Kcandidate: ‘[01m[Ktemplate<class MessageT, class AllocatorT, class SubscribedT, class ROSMessageT, class MessageMemoryStrategyT> Subscription(rclcpp::Subscription<MessageT, AllocatorT, SubscribedT, ROSMessageT, MessageMemoryStrategyT>)-> rclcpp::Subscription<MessageT, AllocatorT, SubscribedT, ROSMessageT, MessageMemoryStrategyT>[m[K’
[14.055s]    75 | class [01;36m[KSubscription[m[K : public SubscriptionBase
[14.055s]       |       [01;36m[K^~~~~~~~~~~~[m[K
[14.055s] [01m[K/opt/ros/humble/include/rclcpp/rclcpp/subscription.hpp:75:7:[m[K [01;36m[Knote: [m[K  template argument deduction/substitution failed:
[14.055s] [01m[K/root/colcon_ws/src/Fast-Planner/uav_simulator/map_generator/src/random_forest_sensing.cpp:35:22:[m[K [01;36m[Knote: [m[K  candidate expects 1 argument, 0 provided
[14.055s]    35 | rclcpp::Subscription [01;36m[K_odom_sub[m[K;
[14.055s]       |                      [01;36m[K^~~~~~~~~[m[K
[14.203s] In file included from [01m[K/opt/ros/humble/include/rclcpp/rclcpp/client.hpp:40[m[K,
[14.203s]                  from [01m[K/opt/ros/humble/include/rclcpp/rclcpp/callback_group.hpp:24[m[K,
[14.204s]                  from [01m[K/opt/ros/humble/include/rclcpp/rclcpp/any_executable.hpp:20[m[K,
[14.204s]                  from [01m[K/opt/ros/humble/include/rclcpp/rclcpp/memory_strategy.hpp:25[m[K,
[14.204s]                  from [01m[K/opt/ros/humble/include/rclcpp/rclcpp/memory_strategies.hpp:18[m[K,
[14.204s]                  from [01m[K/opt/ros/humble/include/rclcpp/rclcpp/executor_options.hpp:20[m[K,
[14.204s]                  from [01m[K/opt/ros/humble/include/rclcpp/rclcpp/executor.hpp:37[m[K,
[14.204s]                  from [01m[K/opt/ros/humble/include/rclcpp/rclcpp/executors/multi_threaded_executor.hpp:25[m[K,
[14.204s]                  from [01m[K/opt/ros/humble/include/rclcpp/rclcpp/executors.hpp:21[m[K,
[14.204s]                  from [01m[K/opt/ros/humble/include/rclcpp/rclcpp/rclcpp.hpp:155[m[K,
[14.204s]                  from [01m[K/opt/ros/humble/include/pcl_conversions/pcl_conversions/pcl_conversions.h:43[m[K,
[14.204s]                  from [01m[K/root/colcon_ws/src/Fast-Planner/uav_simulator/map_generator/src/random_forest_sensing.cpp:5[m[K:
[14.204s] [01m[K/root/colcon_ws/src/Fast-Planner/uav_simulator/map_generator/src/random_forest_sensing.cpp:[m[K In function ‘[01m[Kvoid RandomMapGenerate()[m[K’:
[14.205s] [01m[K/root/colcon_ws/src/Fast-Planner/uav_simulator/map_generator/src/random_forest_sensing.cpp:167:15:[m[K [01;31m[Kerror: [m[K‘[01m[Knode_[m[K’ was not declared in this scope; did you mean ‘[01m[Kmode_t[m[K’?
[14.205s]   167 |   RCLCPP_WARN([01;31m[Knode_[m[K->get_logger(), this->get_logger(), "Finished generate random map ");
[14.205s]       |               [01;31m[K^~~~~[m[K
[14.205s] [01m[K/root/colcon_ws/src/Fast-Planner/uav_simulator/map_generator/src/random_forest_sensing.cpp:167:3:[m[K [01;31m[Kerror: [m[Ktemplate argument 1 is invalid
[14.205s]   167 |   [01;31m[KRCLCPP_WARN[m[K(node_->get_logger(), this->get_logger(), "Finished generate random map ");
[14.205s]       |   [01;31m[K^~~~~~~~~~~[m[K
[14.205s] In file included from [01m[K/opt/ros/humble/include/rclcpp/rclcpp/logging.hpp:24[m[K,
[14.205s]                  from [01m[K/opt/ros/humble/include/rclcpp/rclcpp/client.hpp:40[m[K,
[14.205s]                  from [01m[K/opt/ros/humble/include/rclcpp/rclcpp/callback_group.hpp:24[m[K,
[14.205s]                  from [01m[K/opt/ros/humble/include/rclcpp/rclcpp/any_executable.hpp:20[m[K,
[14.205s]                  from [01m[K/opt/ros/humble/include/rclcpp/rclcpp/memory_strategy.hpp:25[m[K,
[14.206s]                  from [01m[K/opt/ros/humble/include/rclcpp/rclcpp/memory_strategies.hpp:18[m[K,
[14.206s]                  from [01m[K/opt/ros/humble/include/rclcpp/rclcpp/executor_options.hpp:20[m[K,
[14.206s]                  from [01m[K/opt/ros/humble/include/rclcpp/rclcpp/executor.hpp:37[m[K,
[14.206s]                  from [01m[K/opt/ros/humble/include/rclcpp/rclcpp/executors/multi_threaded_executor.hpp:25[m[K,
[14.206s]                  from [01m[K/opt/ros/humble/include/rclcpp/rclcpp/executors.hpp:21[m[K,
[14.206s]                  from [01m[K/opt/ros/humble/include/rclcpp/rclcpp/rclcpp.hpp:155[m[K,
[14.206s]                  from [01m[K/opt/ros/humble/include/pcl_conversions/pcl_conversions/pcl_conversions.h:43[m[K,
[14.206s]                  from [01m[K/root/colcon_ws/src/Fast-Planner/uav_simulator/map_generator/src/random_forest_sensing.cpp:5[m[K:
[14.206s] [01m[K/root/colcon_ws/src/Fast-Planner/uav_simulator/map_generator/src/random_forest_sensing.cpp:167:36:[m[K [01;31m[Kerror: [m[Kinvalid use of ‘[01m[Kthis[m[K’ in non-member function
[14.206s]   167 |   RCLCPP_WARN(node_->get_logger(), [01;31m[Kthis[m[K->get_logger(), "Finished generate random map ");
[14.206s]       |                                    [01;31m[K^~~~[m[K
[14.238s] In file included from [01m[K/opt/ros/humble/include/rclcpp/rclcpp/client.hpp:40[m[K,
[14.239s]                  from [01m[K/opt/ros/humble/include/rclcpp/rclcpp/callback_group.hpp:24[m[K,
[14.239s]                  from [01m[K/opt/ros/humble/include/rclcpp/rclcpp/any_executable.hpp:20[m[K,
[14.239s]                  from [01m[K/opt/ros/humble/include/rclcpp/rclcpp/memory_strategy.hpp:25[m[K,
[14.240s]                  from [01m[K/opt/ros/humble/include/rclcpp/rclcpp/memory_strategies.hpp:18[m[K,
[14.240s]                  from [01m[K/opt/ros/humble/include/rclcpp/rclcpp/executor_options.hpp:20[m[K,
[14.240s]                  from [01m[K/opt/ros/humble/include/rclcpp/rclcpp/executor.hpp:37[m[K,
[14.240s]                  from [01m[K/opt/ros/humble/include/rclcpp/rclcpp/executors/multi_threaded_executor.hpp:25[m[K,
[14.240s]                  from [01m[K/opt/ros/humble/include/rclcpp/rclcpp/executors.hpp:21[m[K,
[14.240s]                  from [01m[K/opt/ros/humble/include/rclcpp/rclcpp/rclcpp.hpp:155[m[K,
[14.240s]                  from [01m[K/opt/ros/humble/include/pcl_conversions/pcl_conversions/pcl_conversions.h:43[m[K,
[14.240s]                  from [01m[K/root/colcon_ws/src/Fast-Planner/uav_simulator/map_generator/src/random_forest_sensing.cpp:5[m[K:
[14.240s] [01m[K/root/colcon_ws/src/Fast-Planner/uav_simulator/map_generator/src/random_forest_sensing.cpp:[m[K In function ‘[01m[Kvoid pubSensedPoints()[m[K’:
[14.240s] [01m[K/root/colcon_ws/src/Fast-Planner/uav_simulator/map_generator/src/random_forest_sensing.cpp:221:18:[m[K [01;31m[Kerror: [m[K‘[01m[Knode_[m[K’ was not declared in this scope; did you mean ‘[01m[Kmode_t[m[K’?
[14.240s]   221 |     RCLCPP_ERROR([01;31m[Knode_[m[K->get_logger(), this->get_logger(), "[Map server] No obstacles .");
[14.241s]       |                  [01;31m[K^~~~~[m[K
[14.241s] [01m[K/root/colcon_ws/src/Fast-Planner/uav_simulator/map_generator/src/random_forest_sensing.cpp:221:5:[m[K [01;31m[Kerror: [m[Ktemplate argument 1 is invalid
[14.241s]   221 |     [01;31m[KRCLCPP_ERROR[m[K(node_->get_logger(), this->get_logger(), "[Map server] No obstacles .");
[14.241s]       |     [01;31m[K^~~~~~~~~~~~[m[K
[14.241s] In file included from [01m[K/opt/ros/humble/include/rclcpp/rclcpp/logging.hpp:24[m[K,
[14.241s]                  from [01m[K/opt/ros/humble/include/rclcpp/rclcpp/client.hpp:40[m[K,
[14.242s]                  from [01m[K/opt/ros/humble/include/rclcpp/rclcpp/callback_group.hpp:24[m[K,
[14.242s]                  from [01m[K/opt/ros/humble/include/rclcpp/rclcpp/any_executable.hpp:20[m[K,
[14.242s]                  from [01m[K/opt/ros/humble/include/rclcpp/rclcpp/memory_strategy.hpp:25[m[K,
[14.242s]                  from [01m[K/opt/ros/humble/include/rclcpp/rclcpp/memory_strategies.hpp:18[m[K,
[14.242s]                  from [01m[K/opt/ros/humble/include/rclcpp/rclcpp/executor_options.hpp:20[m[K,
[14.242s]                  from [01m[K/opt/ros/humble/include/rclcpp/rclcpp/executor.hpp:37[m[K,
[14.242s]                  from [01m[K/opt/ros/humble/include/rclcpp/rclcpp/executors/multi_threaded_executor.hpp:25[m[K,
[14.242s]                  from [01m[K/opt/ros/humble/include/rclcpp/rclcpp/executors.hpp:21[m[K,
[14.242s]                  from [01m[K/opt/ros/humble/include/rclcpp/rclcpp/rclcpp.hpp:155[m[K,
[14.243s]                  from [01m[K/opt/ros/humble/include/pcl_conversions/pcl_conversions/pcl_conversions.h:43[m[K,
[14.243s]                  from [01m[K/root/colcon_ws/src/Fast-Planner/uav_simulator/map_generator/src/random_forest_sensing.cpp:5[m[K:
[14.243s] [01m[K/root/colcon_ws/src/Fast-Planner/uav_simulator/map_generator/src/random_forest_sensing.cpp:221:39:[m[K [01;31m[Kerror: [m[Kinvalid use of ‘[01m[Kthis[m[K’ in non-member function
[14.243s]   221 |     RCLCPP_ERROR(node_->get_logger(), [01;31m[Kthis[m[K->get_logger(), "[Map server] No obstacles .");
[14.243s]       |                                       [01;31m[K^~~~[m[K
[14.243s] [01m[K/root/colcon_ws/src/Fast-Planner/uav_simulator/map_generator/src/random_forest_sensing.cpp:[m[K In function ‘[01m[Kint main(int, char**)[m[K’:
[14.244s] [01m[K/root/colcon_ws/src/Fast-Planner/uav_simulator/map_generator/src/random_forest_sensing.cpp:272:28:[m[K [01;31m[Kerror: [m[Kinvalid initialization of reference of type ‘[01m[Kconst rclcpp::InitOptions&[m[K’ from expression of type ‘[01m[Kconst char [19][m[K’
[14.244s]   272 |   rclcpp::init(argc, argv, [01;31m[K"random_map_sensing"[m[K);
[14.244s]       |                            [01;31m[K^~~~~~~~~~~~~~~~~~~~[m[K
[14.244s] In file included from [01m[K/opt/ros/humble/include/rclcpp/rclcpp/logging.hpp:25[m[K,
[14.244s]                  from [01m[K/opt/ros/humble/include/rclcpp/rclcpp/client.hpp:40[m[K,
[14.244s]                  from [01m[K/opt/ros/humble/include/rclcpp/rclcpp/callback_group.hpp:24[m[K,
[14.244s]                  from [01m[K/opt/ros/humble/include/rclcpp/rclcpp/any_executable.hpp:20[m[K,
[14.244s]                  from [01m[K/opt/ros/humble/include/rclcpp/rclcpp/memory_strategy.hpp:25[m[K,
[14.245s]                  from [01m[K/opt/ros/humble/include/rclcpp/rclcpp/memory_strategies.hpp:18[m[K,
[14.245s]                  from [01m[K/opt/ros/humble/include/rclcpp/rclcpp/executor_options.hpp:20[m[K,
[14.245s]                  from [01m[K/opt/ros/humble/include/rclcpp/rclcpp/executor.hpp:37[m[K,
[14.245s]                  from [01m[K/opt/ros/humble/include/rclcpp/rclcpp/executors/multi_threaded_executor.hpp:25[m[K,
[14.245s]                  from [01m[K/opt/ros/humble/include/rclcpp/rclcpp/executors.hpp:21[m[K,
[14.245s]                  from [01m[K/opt/ros/humble/include/rclcpp/rclcpp/rclcpp.hpp:155[m[K,
[14.245s]                  from [01m[K/opt/ros/humble/include/pcl_conversions/pcl_conversions/pcl_conversions.h:43[m[K,
[14.245s]                  from [01m[K/root/colcon_ws/src/Fast-Planner/uav_simulator/map_generator/src/random_forest_sensing.cpp:5[m[K:
[14.245s] [01m[K/opt/ros/humble/include/rclcpp/rclcpp/utilities.hpp:78:23:[m[K [01;36m[Knote: [m[Kin passing argument 3 of ‘[01m[Kvoid rclcpp::init(int, const char* const*, const rclcpp::InitOptions&, rclcpp::SignalHandlerOptions)[m[K’
[14.245s]    78 |   [01;36m[Kconst InitOptions & init_options = InitOptions()[m[K,
[14.245s]       |   [01;36m[K~~~~~~~~~~~~~~~~~~~~^~~~~~~~~~~~~~~~~~~~~~~~~~~~[m[K
[14.246s] [01m[K/root/colcon_ws/src/Fast-Planner/uav_simulator/map_generator/src/random_forest_sensing.cpp:275:42:[m[K [01;31m[Kerror: [m[Kbase operand of ‘[01m[K->[m[K’ has non-pointer type ‘[01m[Krclcpp::Node[m[K’
[14.246s]   275 |   _local_map_pub = /* TODO: 转换发布 */ n[01;31m[K->[m[Kcreate_publisher<sensor_msgs::msg::PointCloud2>("/map_generator/local_cloud", 1);
[14.246s]       |                                          [01;31m[K^~[m[K
[14.246s] [01m[K/root/colcon_ws/src/Fast-Planner/uav_simulator/map_generator/src/random_forest_sensing.cpp:275:90:[m[K [01;31m[Kerror: [m[Kexpected primary-expression before ‘[01m[K>[m[K’ token
[14.246s]   275 | TODO: 转换发布 */ n->create_publisher<sensor_msgs::msg::PointCloud2[01;31m[K>[m[K("/map_generator/local_cloud", 1);
[14.246s]       |                                                                    [01;31m[K^[m[K
[14.246s] 
[14.246s] [01m[K/root/colcon_ws/src/Fast-Planner/uav_simulator/map_generator/src/random_forest_sensing.cpp:275:92:[m[K [01;35m[Kwarning: [m[Kleft operand of comma operator has no effect [[01;35m[K-Wunused-value[m[K]
[14.246s]   275 | DO: 转换发布 */ n->create_publisher<sensor_msgs::msg::PointCloud2>([01;35m[K"/map_generator/local_cloud"[m[K, 1);
[14.246s]       |                                                                    [01;35m[K^~~~~~~~~~~~~~~~~~~~~~~~~~~~[m[K
[14.246s] 
[14.247s] [01m[K/root/colcon_ws/src/Fast-Planner/uav_simulator/map_generator/src/random_forest_sensing.cpp:276:40:[m[K [01;31m[Kerror: [m[Kbase operand of ‘[01m[K->[m[K’ has non-pointer type ‘[01m[Krclcpp::Node[m[K’
[14.247s]   276 |   _all_map_pub = /* TODO: 转换发布 */ n[01;31m[K->[m[Kcreate_publisher<sensor_msgs::msg::PointCloud2>("/map_generator/global_cloud", 1);
[14.247s]       |                                        [01;31m[K^~[m[K
[14.247s] [01m[K/root/colcon_ws/src/Fast-Planner/uav_simulator/map_generator/src/random_forest_sensing.cpp:276:88:[m[K [01;31m[Kerror: [m[Kexpected primary-expression before ‘[01m[K>[m[K’ token
[14.247s]   276 | TODO: 转换发布 */ n->create_publisher<sensor_msgs::msg::PointCloud2[01;31m[K>[m[K("/map_generator/global_cloud", 1);
[14.247s]       |                                                                    [01;31m[K^[m[K
[14.247s] 
[14.247s] [01m[K/root/colcon_ws/src/Fast-Planner/uav_simulator/map_generator/src/random_forest_sensing.cpp:276:90:[m[K [01;35m[Kwarning: [m[Kleft operand of comma operator has no effect [[01;35m[K-Wunused-value[m[K]
[14.247s]   276 | DO: 转换发布 */ n->create_publisher<sensor_msgs::msg::PointCloud2>([01;35m[K"/map_generator/global_cloud"[m[K, 1);
[14.247s]       |                                                                    [01;35m[K^~~~~~~~~~~~~~~~~~~~~~~~~~~~~[m[K
[14.247s] 
[14.248s] [01m[K/root/colcon_ws/src/Fast-Planner/uav_simulator/map_generator/src/random_forest_sensing.cpp:278:17:[m[K [01;31m[Kerror: [m[K‘[01m[Kclass rclcpp::Node[m[K’ has no member named ‘[01m[Ksubscribe[m[K’
[14.248s]   278 |   _odom_sub = n.[01;31m[Ksubscribe[m[K("odometry", 50, rcvOdometryCallbck);
[14.248s]       |                 [01;31m[K^~~~~~~~~[m[K
[14.248s] [01m[K/root/colcon_ws/src/Fast-Planner/uav_simulator/map_generator/src/random_forest_sensing.cpp:281:29:[m[K [01;31m[Kerror: [m[Kbase operand of ‘[01m[K->[m[K’ has non-pointer type ‘[01m[Krclcpp::Node[m[K’
[14.248s]   281 |       /* TODO: 转换发布 */ n[01;31m[K->[m[Kcreate_publisher<sensor_msgs::msg::PointCloud2>("/pcl_render_node/local_map", 1);
[14.248s]       |                             [01;31m[K^~[m[K
[14.248s] [01m[K/root/colcon_ws/src/Fast-Planner/uav_simulator/map_generator/src/random_forest_sensing.cpp:281:77:[m[K [01;31m[Kerror: [m[Kexpected primary-expression before ‘[01m[K>[m[K’ token
[14.248s]   281 | TODO: 转换发布 */ n->create_publisher<sensor_msgs::msg::PointCloud2[01;31m[K>[m[K("/pcl_render_node/local_map", 1);
[14.248s]       |                                                                    [01;31m[K^[m[K
[14.248s] 
[14.248s] [01m[K/root/colcon_ws/src/Fast-Planner/uav_simulator/map_generator/src/random_forest_sensing.cpp:281:79:[m[K [01;35m[Kwarning: [m[Kleft operand of comma operator has no effect [[01;35m[K-Wunused-value[m[K]
[14.249s]   281 | DO: 转换发布 */ n->create_publisher<sensor_msgs::msg::PointCloud2>([01;35m[K"/pcl_render_node/local_map"[m[K, 1);
[14.249s]       |                                                                    [01;35m[K^~~~~~~~~~~~~~~~~~~~~~~~~~~~[m[K
[14.249s] 
[14.249s] [01m[K/root/colcon_ws/src/Fast-Planner/uav_simulator/map_generator/src/random_forest_sensing.cpp:284:14:[m[K [01;31m[Kerror: [m[Kbase operand of ‘[01m[K->[m[K’ has non-pointer type ‘[01m[Krclcpp::Node[m[K’
[14.249s]   284 |   _init_x = n[01;31m[K->[m[Kdeclare_parameter("init_state_x", 0.0);
[14.249s]       |              [01;31m[K^~[m[K
[14.249s] [01m[K/root/colcon_ws/src/Fast-Planner/uav_simulator/map_generator/src/random_forest_sensing.cpp:285:14:[m[K [01;31m[Kerror: [m[Kbase operand of ‘[01m[K->[m[K’ has non-pointer type ‘[01m[Krclcpp::Node[m[K’
[14.249s]   285 |   _init_y = n[01;31m[K->[m[Kdeclare_parameter("init_state_y", 0.0);
[14.249s]       |              [01;31m[K^~[m[K
[14.249s] [01m[K/root/colcon_ws/src/Fast-Planner/uav_simulator/map_generator/src/random_forest_sensing.cpp:287:14:[m[K [01;31m[Kerror: [m[Kbase operand of ‘[01m[K->[m[K’ has non-pointer type ‘[01m[Krclcpp::Node[m[K’
[14.249s]   287 |   _x_size = n[01;31m[K->[m[Kdeclare_parameter("map/x_size", 50.0);
[14.249s]       |              [01;31m[K^~[m[K
[14.249s] [01m[K/root/colcon_ws/src/Fast-Planner/uav_simulator/map_generator/src/random_forest_sensing.cpp:288:14:[m[K [01;31m[Kerror: [m[Kbase operand of ‘[01m[K->[m[K’ has non-pointer type ‘[01m[Krclcpp::Node[m[K’
[14.250s]   288 |   _y_size = n[01;31m[K->[m[Kdeclare_parameter("map/y_size", 50.0);
[14.250s]       |              [01;31m[K^~[m[K
[14.250s] [01m[K/root/colcon_ws/src/Fast-Planner/uav_simulator/map_generator/src/random_forest_sensing.cpp:289:14:[m[K [01;31m[Kerror: [m[Kbase operand of ‘[01m[K->[m[K’ has non-pointer type ‘[01m[Krclcpp::Node[m[K’
[14.250s]   289 |   _z_size = n[01;31m[K->[m[Kdeclare_parameter("map/z_size", 5.0);
[14.250s]       |              [01;31m[K^~[m[K
[14.250s] [01m[K/root/colcon_ws/src/Fast-Planner/uav_simulator/map_generator/src/random_forest_sensing.cpp:290:15:[m[K [01;31m[Kerror: [m[Kbase operand of ‘[01m[K->[m[K’ has non-pointer type ‘[01m[Krclcpp::Node[m[K’
[14.250s]   290 |   _obs_num = n[01;31m[K->[m[Kdeclare_parameter("map/obs_num", 30);
[14.250s]       |               [01;31m[K^~[m[K
[14.250s] [01m[K/root/colcon_ws/src/Fast-Planner/uav_simulator/map_generator/src/random_forest_sensing.cpp:291:18:[m[K [01;31m[Kerror: [m[Kbase operand of ‘[01m[K->[m[K’ has non-pointer type ‘[01m[Krclcpp::Node[m[K’
[14.250s]   291 |   _resolution = n[01;31m[K->[m[Kdeclare_parameter("map/resolution", 0.1);
[14.250s]       |                  [01;31m[K^~[m[K
[14.251s] [01m[K/root/colcon_ws/src/Fast-Planner/uav_simulator/map_generator/src/random_forest_sensing.cpp:292:18:[m[K [01;31m[Kerror: [m[Kbase operand of ‘[01m[K->[m[K’ has non-pointer type ‘[01m[Krclcpp::Node[m[K’
[14.251s]   292 |   circle_num_ = n[01;31m[K->[m[Kdeclare_parameter("map/circle_num", 30);
[14.251s]       |                  [01;31m[K^~[m[K
[14.251s] [01m[K/root/colcon_ws/src/Fast-Planner/uav_simulator/map_generator/src/random_forest_sensing.cpp:294:11:[m[K [01;31m[Kerror: [m[Kbase operand of ‘[01m[K->[m[K’ has non-pointer type ‘[01m[Krclcpp::Node[m[K’
[14.251s]   294 |   _w_l = n[01;31m[K->[m[Kdeclare_parameter("ObstacleShape/lower_rad", 0.3);
[14.251s]       |           [01;31m[K^~[m[K
[14.251s] [01m[K/root/colcon_ws/src/Fast-Planner/uav_simulator/map_generator/src/random_forest_sensing.cpp:295:11:[m[K [01;31m[Kerror: [m[Kbase operand of ‘[01m[K->[m[K’ has non-pointer type ‘[01m[Krclcpp::Node[m[K’
[14.251s]   295 |   _w_h = n[01;31m[K->[m[Kdeclare_parameter("ObstacleShape/upper_rad", 0.8);
[14.251s]       |           [01;31m[K^~[m[K
[14.251s] [01m[K/root/colcon_ws/src/Fast-Planner/uav_simulator/map_generator/src/random_forest_sensing.cpp:296:11:[m[K [01;31m[Kerror: [m[Kbase operand of ‘[01m[K->[m[K’ has non-pointer type ‘[01m[Krclcpp::Node[m[K’
[14.252s]   296 |   _h_l = n[01;31m[K->[m[Kdeclare_parameter("ObstacleShape/lower_hei", 3.0);
[14.252s]       |           [01;31m[K^~[m[K
[14.252s] [01m[K/root/colcon_ws/src/Fast-Planner/uav_simulator/map_generator/src/random_forest_sensing.cpp:297:11:[m[K [01;31m[Kerror: [m[Kbase operand of ‘[01m[K->[m[K’ has non-pointer type ‘[01m[Krclcpp::Node[m[K’
[14.252s]   297 |   _h_h = n[01;31m[K->[m[Kdeclare_parameter("ObstacleShape/upper_hei", 7.0);
[14.252s]       |           [01;31m[K^~[m[K
[14.252s] [01m[K/root/colcon_ws/src/Fast-Planner/uav_simulator/map_generator/src/random_forest_sensing.cpp:299:16:[m[K [01;31m[Kerror: [m[Kbase operand of ‘[01m[K->[m[K’ has non-pointer type ‘[01m[Krclcpp::Node[m[K’
[14.252s]   299 |   radius_l_ = n[01;31m[K->[m[Kdeclare_parameter("ObstacleShape/radius_l", 7.0);
[14.252s]       |                [01;31m[K^~[m[K
[14.252s] [01m[K/root/colcon_ws/src/Fast-Planner/uav_simulator/map_generator/src/random_forest_sensing.cpp:300:16:[m[K [01;31m[Kerror: [m[Kbase operand of ‘[01m[K->[m[K’ has non-pointer type ‘[01m[Krclcpp::Node[m[K’
[14.252s]   300 |   radius_h_ = n[01;31m[K->[m[Kdeclare_parameter("ObstacleShape/radius_h", 7.0);
[14.252s]       |                [01;31m[K^~[m[K
[14.252s] [01m[K/root/colcon_ws/src/Fast-Planner/uav_simulator/map_generator/src/random_forest_sensing.cpp:301:11:[m[K [01;31m[Kerror: [m[Kbase operand of ‘[01m[K->[m[K’ has non-pointer type ‘[01m[Krclcpp::Node[m[K’
[14.253s]   301 |   z_l_ = n[01;31m[K->[m[Kdeclare_parameter("ObstacleShape/z_l", 7.0);
[14.253s]       |           [01;31m[K^~[m[K
[14.253s] [01m[K/root/colcon_ws/src/Fast-Planner/uav_simulator/map_generator/src/random_forest_sensing.cpp:302:11:[m[K [01;31m[Kerror: [m[Kbase operand of ‘[01m[K->[m[K’ has non-pointer type ‘[01m[Krclcpp::Node[m[K’
[14.253s]   302 |   z_h_ = n[01;31m[K->[m[Kdeclare_parameter("ObstacleShape/z_h", 7.0);
[14.253s]       |           [01;31m[K^~[m[K
[14.253s] [01m[K/root/colcon_ws/src/Fast-Planner/uav_simulator/map_generator/src/random_forest_sensing.cpp:303:13:[m[K [01;31m[Kerror: [m[Kbase operand of ‘[01m[K->[m[K’ has non-pointer type ‘[01m[Krclcpp::Node[m[K’
[14.253s]   303 |   theta_ = n[01;31m[K->[m[Kdeclare_parameter("ObstacleShape/theta", 7.0);
[14.253s]       |             [01;31m[K^~[m[K
[14.253s] [01m[K/root/colcon_ws/src/Fast-Planner/uav_simulator/map_generator/src/random_forest_sensing.cpp:305:21:[m[K [01;31m[Kerror: [m[Kbase operand of ‘[01m[K->[m[K’ has non-pointer type ‘[01m[Krclcpp::Node[m[K’
[14.253s]   305 |   _sensing_range = n[01;31m[K->[m[Kdeclare_parameter("sensing/radius", 10.0);
[14.253s]       |                     [01;31m[K^~[m[K
[14.254s] [01m[K/root/colcon_ws/src/Fast-Planner/uav_simulator/map_generator/src/random_forest_sensing.cpp:306:18:[m[K [01;31m[Kerror: [m[Kbase operand of ‘[01m[K->[m[K’ has non-pointer type ‘[01m[Krclcpp::Node[m[K’
[14.254s]   306 |   _sense_rate = n[01;31m[K->[m[Kdeclare_parameter("sensing/radius", 10.0);
[14.254s]       |                  [01;31m[K^~[m[K
[14.254s] [01m[K/root/colcon_ws/src/Fast-Planner/uav_simulator/map_generator/src/random_forest_sensing.cpp:317:34:[m[K [01;31m[Kerror: [m[Kinvalid initialization of reference of type ‘[01m[Kconst nanoseconds&[m[K’ {aka ‘[01m[Kconst std::chrono::duration<long int, std::ratio<1, 1000000000> >&[m[K’} from expression of type ‘[01m[Kstd::chrono::duration<double>[m[K’
[14.254s]   317 |   rclcpp::sleep_for(std::chrono::[01;31m[Kduration<double>(0.5)[m[K);
[14.254s]       |                                  [01;31m[K^~~~~~~~~~~~~~~~~~~~~[m[K
[14.254s] In file included from [01m[K/opt/ros/humble/include/rclcpp/rclcpp/logging.hpp:25[m[K,
[14.254s]                  from [01m[K/opt/ros/humble/include/rclcpp/rclcpp/client.hpp:40[m[K,
[14.254s]                  from [01m[K/opt/ros/humble/include/rclcpp/rclcpp/callback_group.hpp:24[m[K,
[14.254s]                  from [01m[K/opt/ros/humble/include/rclcpp/rclcpp/any_executable.hpp:20[m[K,
[14.254s]                  from [01m[K/opt/ros/humble/include/rclcpp/rclcpp/memory_strategy.hpp:25[m[K,
[14.254s]                  from [01m[K/opt/ros/humble/include/rclcpp/rclcpp/memory_strategies.hpp:18[m[K,
[14.255s]                  from [01m[K/opt/ros/humble/include/rclcpp/rclcpp/executor_options.hpp:20[m[K,
[14.255s]                  from [01m[K/opt/ros/humble/include/rclcpp/rclcpp/executor.hpp:37[m[K,
[14.255s]                  from [01m[K/opt/ros/humble/include/rclcpp/rclcpp/executors/multi_threaded_executor.hpp:25[m[K,
[14.255s]                  from [01m[K/opt/ros/humble/include/rclcpp/rclcpp/executors.hpp:21[m[K,
[14.255s]                  from [01m[K/opt/ros/humble/include/rclcpp/rclcpp/rclcpp.hpp:155[m[K,
[14.255s]                  from [01m[K/opt/ros/humble/include/pcl_conversions/pcl_conversions/pcl_conversions.h:43[m[K,
[14.255s]                  from [01m[K/root/colcon_ws/src/Fast-Planner/uav_simulator/map_generator/src/random_forest_sensing.cpp:5[m[K:
[14.255s] [01m[K/opt/ros/humble/include/rclcpp/rclcpp/utilities.hpp:233:36:[m[K [01;36m[Knote: [m[Kin passing argument 1 of ‘[01m[Kbool rclcpp::sleep_for(const nanoseconds&, rclcpp::Context::SharedPtr)[m[K’
[14.255s]   233 |   [01;36m[Kconst std::chrono::nanoseconds & nanoseconds[m[K,
[14.256s]       |   [01;36m[K~~~~~~~~~~~~~~~~~~~~~~~~~~~~~~~~~^~~~~~~~~~~[m[K
[14.266s] [01m[K/root/colcon_ws/src/Fast-Planner/uav_simulator/map_generator/src/random_forest_sensing.cpp:325:23:[m[K [01;31m[Kerror: [m[K‘[01m[Knode[m[K’ was not declared in this scope
[14.266s]   325 |     rclcpp::spin_some([01;31m[Knode[m[K);
[14.266s]       |                       [01;31m[K^~~~[m[K
[17.636s] gmake[2]: *** [CMakeFiles/random_forest.dir/build.make:76: CMakeFiles/random_forest.dir/src/random_forest_sensing.cpp.o] Error 1
[17.636s] gmake[1]: *** [CMakeFiles/Makefile2:137: CMakeFiles/random_forest.dir/all] Error 2
[17.636s] gmake: *** [Makefile:146: all] Error 2
