[0.017s] Invoking command in '/root/colcon_ws/build/pose_utils': CMAKE_PREFIX_PATH=/opt/ros/humble /usr/bin/cmake --build /root/colcon_ws/build/pose_utils -- -j8 -l8
[0.148s] [100%] Built target pose_utils
[0.174s] Invoked command in '/root/colcon_ws/build/pose_utils' returned '0': CMAKE_PREFIX_PATH=/opt/ros/humble /usr/bin/cmake --build /root/colcon_ws/build/pose_utils -- -j8 -l8
[0.202s] Invoking command in '/root/colcon_ws/build/pose_utils': CMAKE_PREFIX_PATH=/opt/ros/humble /usr/bin/cmake --install /root/colcon_ws/build/pose_utils
[0.216s] -- Install configuration: ""
[0.217s] -- Up-to-date: /root/colcon_ws/install/pose_utils/lib/libpose_utils.a
[0.217s] -- Up-to-date: /root/colcon_ws/install/pose_utils/include
[0.217s] -- Up-to-date: /root/colcon_ws/install/pose_utils/include/pose_utils.h
[0.218s] -- Up-to-date: /root/colcon_ws/install/pose_utils/lib/cmake/pose_utils/pose_utilsTargets.cmake
[0.218s] -- Up-to-date: /root/colcon_ws/install/pose_utils/lib/cmake/pose_utils/pose_utilsTargets-noconfig.cmake
[0.218s] -- Up-to-date: /root/colcon_ws/install/pose_utils/share/pose_utils/environment/library_path.sh
[0.218s] -- Up-to-date: /root/colcon_ws/install/pose_utils/share/pose_utils/environment/library_path.dsv
[0.219s] -- Up-to-date: /root/colcon_ws/install/pose_utils/share/ament_index/resource_index/package_run_dependencies/pose_utils
[0.219s] -- Up-to-date: /root/colcon_ws/install/pose_utils/share/ament_index/resource_index/parent_prefix_path/pose_utils
[0.219s] -- Up-to-date: /root/colcon_ws/install/pose_utils/share/pose_utils/environment/ament_prefix_path.sh
[0.219s] -- Up-to-date: /root/colcon_ws/install/pose_utils/share/pose_utils/environment/ament_prefix_path.dsv
[0.219s] -- Up-to-date: /root/colcon_ws/install/pose_utils/share/pose_utils/environment/path.sh
[0.220s] -- Up-to-date: /root/colcon_ws/install/pose_utils/share/pose_utils/environment/path.dsv
[0.220s] -- Up-to-date: /root/colcon_ws/install/pose_utils/share/pose_utils/local_setup.bash
[0.220s] -- Up-to-date: /root/colcon_ws/install/pose_utils/share/pose_utils/local_setup.sh
[0.220s] -- Up-to-date: /root/colcon_ws/install/pose_utils/share/pose_utils/local_setup.zsh
[0.220s] -- Up-to-date: /root/colcon_ws/install/pose_utils/share/pose_utils/local_setup.dsv
[0.220s] -- Installing: /root/colcon_ws/install/pose_utils/share/pose_utils/package.dsv
[0.220s] -- Up-to-date: /root/colcon_ws/install/pose_utils/share/ament_index/resource_index/packages/pose_utils
[0.220s] -- Up-to-date: /root/colcon_ws/install/pose_utils/share/pose_utils/cmake/pose_utilsTargetsExport.cmake
[0.221s] -- Up-to-date: /root/colcon_ws/install/pose_utils/share/pose_utils/cmake/pose_utilsTargetsExport-noconfig.cmake
[0.221s] -- Up-to-date: /root/colcon_ws/install/pose_utils/share/pose_utils/cmake/ament_cmake_export_targets-extras.cmake
[0.221s] -- Up-to-date: /root/colcon_ws/install/pose_utils/share/pose_utils/cmake/ament_cmake_export_dependencies-extras.cmake
[0.221s] -- Up-to-date: /root/colcon_ws/install/pose_utils/share/pose_utils/cmake/ament_cmake_export_include_directories-extras.cmake
[0.221s] -- Up-to-date: /root/colcon_ws/install/pose_utils/share/pose_utils/cmake/pose_utilsConfig.cmake
[0.221s] -- Up-to-date: /root/colcon_ws/install/pose_utils/share/pose_utils/cmake/pose_utilsConfig-version.cmake
[0.221s] -- Up-to-date: /root/colcon_ws/install/pose_utils/share/pose_utils/package.xml
[0.224s] Invoked command in '/root/colcon_ws/build/pose_utils' returned '0': CMAKE_PREFIX_PATH=/opt/ros/humble /usr/bin/cmake --install /root/colcon_ws/build/pose_utils
