[0.056s] Invoking command in '/root/colcon_ws/build/pose_utils': CMAKE_PREFIX_PATH=/opt/ros/humble /usr/bin/cmake --build /root/colcon_ws/build/pose_utils -- -j8 -l8
[0.199s] [100%] Built target pose_utils
[0.229s] Invoked command in '/root/colcon_ws/build/pose_utils' returned '0': CMAKE_PREFIX_PATH=/opt/ros/humble /usr/bin/cmake --build /root/colcon_ws/build/pose_utils -- -j8 -l8
[0.230s] Invoking command in '/root/colcon_ws/build/pose_utils': CMAKE_PREFIX_PATH=/opt/ros/humble /usr/bin/cmake --install /root/colcon_ws/build/pose_utils
[0.258s] -- Install configuration: ""
[0.259s] -- Up-to-date: /root/colcon_ws/install/pose_utils/lib/libpose_utils.a
[0.260s] -- Up-to-date: /root/colcon_ws/install/pose_utils/include
[0.260s] -- Up-to-date: /root/colcon_ws/install/pose_utils/include/pose_utils.h
[0.260s] -- Up-to-date: /root/colcon_ws/install/pose_utils/lib/cmake/pose_utils/pose_utilsTargets.cmake
[0.260s] -- Up-to-date: /root/colcon_ws/install/pose_utils/lib/cmake/pose_utils/pose_utilsTargets-noconfig.cmake
[0.260s] -- Up-to-date: /root/colcon_ws/install/pose_utils/share/pose_utils/environment/library_path.sh
[0.260s] -- Up-to-date: /root/colcon_ws/install/pose_utils/share/pose_utils/environment/library_path.dsv
[0.260s] -- Up-to-date: /root/colcon_ws/install/pose_utils/share/ament_index/resource_index/package_run_dependencies/pose_utils
[0.261s] -- Up-to-date: /root/colcon_ws/install/pose_utils/share/ament_index/resource_index/parent_prefix_path/pose_utils
[0.261s] -- Up-to-date: /root/colcon_ws/install/pose_utils/share/pose_utils/environment/ament_prefix_path.sh
[0.261s] -- Up-to-date: /root/colcon_ws/install/pose_utils/share/pose_utils/environment/ament_prefix_path.dsv
[0.261s] -- Up-to-date: /root/colcon_ws/install/pose_utils/share/pose_utils/environment/path.sh
[0.261s] -- Up-to-date: /root/colcon_ws/install/pose_utils/share/pose_utils/environment/path.dsv
[0.262s] -- Up-to-date: /root/colcon_ws/install/pose_utils/share/pose_utils/local_setup.bash
[0.263s] -- Up-to-date: /root/colcon_ws/install/pose_utils/share/pose_utils/local_setup.sh
[0.263s] -- Up-to-date: /root/colcon_ws/install/pose_utils/share/pose_utils/local_setup.zsh
[0.263s] -- Up-to-date: /root/colcon_ws/install/pose_utils/share/pose_utils/local_setup.dsv
[0.263s] -- Installing: /root/colcon_ws/install/pose_utils/share/pose_utils/package.dsv
[0.264s] -- Up-to-date: /root/colcon_ws/install/pose_utils/share/ament_index/resource_index/packages/pose_utils
[0.264s] -- Up-to-date: /root/colcon_ws/install/pose_utils/share/pose_utils/cmake/pose_utilsTargetsExport.cmake
[0.265s] -- Up-to-date: /root/colcon_ws/install/pose_utils/share/pose_utils/cmake/pose_utilsTargetsExport-noconfig.cmake
[0.265s] -- Up-to-date: /root/colcon_ws/install/pose_utils/share/pose_utils/cmake/ament_cmake_export_targets-extras.cmake
[0.265s] -- Up-to-date: /root/colcon_ws/install/pose_utils/share/pose_utils/cmake/ament_cmake_export_dependencies-extras.cmake
[0.265s] -- Up-to-date: /root/colcon_ws/install/pose_utils/share/pose_utils/cmake/ament_cmake_export_include_directories-extras.cmake
[0.265s] -- Up-to-date: /root/colcon_ws/install/pose_utils/share/pose_utils/cmake/pose_utilsConfig.cmake
[0.265s] -- Up-to-date: /root/colcon_ws/install/pose_utils/share/pose_utils/cmake/pose_utilsConfig-version.cmake
[0.265s] -- Up-to-date: /root/colcon_ws/install/pose_utils/share/pose_utils/package.xml
[0.357s] Invoked command in '/root/colcon_ws/build/pose_utils' returned '0': CMAKE_PREFIX_PATH=/opt/ros/humble /usr/bin/cmake --install /root/colcon_ws/build/pose_utils
