[0.048s] Invoking command in '/root/colcon_ws/build/so3_control': AMENT_PREFIX_PATH=/root/colcon_ws/install/quadrotor_msgs:/root/colcon_ws/install/cmake_utils:${AMENT_PREFIX_PATH} CMAKE_PREFIX_PATH=/root/colcon_ws/install/quadrotor_msgs:/root/colcon_ws/install/cmake_utils:/opt/ros/humble LD_LIBRARY_PATH=/root/colcon_ws/install/quadrotor_msgs/lib:${LD_LIBRARY_PATH} PYTHONPATH=/root/colcon_ws/install/quadrotor_msgs/local/lib/python3.10/dist-packages:${PYTHONPATH} /usr/bin/cmake --build /root/colcon_ws/build/so3_control -- -j8 -l8
[0.163s] [35m[1mConsolidate compiler generated dependencies of target SO3Control[0m
[0.268s] [ 50%] Built target SO3Control
[0.335s] [35m[1mConsolidate compiler generated dependencies of target so3_control_node[0m
[0.466s] [100%] Built target so3_control_node
[0.504s] Invoked command in '/root/colcon_ws/build/so3_control' returned '0': AMENT_PREFIX_PATH=/root/colcon_ws/install/quadrotor_msgs:/root/colcon_ws/install/cmake_utils:${AMENT_PREFIX_PATH} CMAKE_PREFIX_PATH=/root/colcon_ws/install/quadrotor_msgs:/root/colcon_ws/install/cmake_utils:/opt/ros/humble LD_LIBRARY_PATH=/root/colcon_ws/install/quadrotor_msgs/lib:${LD_LIBRARY_PATH} PYTHONPATH=/root/colcon_ws/install/quadrotor_msgs/local/lib/python3.10/dist-packages:${PYTHONPATH} /usr/bin/cmake --build /root/colcon_ws/build/so3_control -- -j8 -l8
[0.524s] Invoking command in '/root/colcon_ws/build/so3_control': AMENT_PREFIX_PATH=/root/colcon_ws/install/quadrotor_msgs:/root/colcon_ws/install/cmake_utils:${AMENT_PREFIX_PATH} CMAKE_PREFIX_PATH=/root/colcon_ws/install/quadrotor_msgs:/root/colcon_ws/install/cmake_utils:/opt/ros/humble LD_LIBRARY_PATH=/root/colcon_ws/install/quadrotor_msgs/lib:${LD_LIBRARY_PATH} PYTHONPATH=/root/colcon_ws/install/quadrotor_msgs/local/lib/python3.10/dist-packages:${PYTHONPATH} /usr/bin/cmake --install /root/colcon_ws/build/so3_control
[1.519s] -- Install configuration: ""
[1.519s] -- Installing: /root/colcon_ws/install/so3_control/lib/libSO3Control.a
[1.520s] -- Installing: /root/colcon_ws/install/so3_control/lib/so3_control/so3_control_node
[1.520s] -- Set runtime path of "/root/colcon_ws/install/so3_control/lib/so3_control/so3_control_node" to ""
[1.520s] -- Installing: /root/colcon_ws/install/so3_control/include/so3_control
[1.520s] -- Installing: /root/colcon_ws/install/so3_control/include/so3_control/so3_control
[1.520s] -- Installing: /root/colcon_ws/install/so3_control/include/so3_control/so3_control/SO3Control.h
[1.520s] -- Installing: /root/colcon_ws/install/so3_control/share/so3_control/config
[1.520s] -- Installing: /root/colcon_ws/install/so3_control/share/so3_control/config/corrections_pelican.yaml
[1.520s] -- Installing: /root/colcon_ws/install/so3_control/share/so3_control/config/gains.yaml
[1.520s] -- Installing: /root/colcon_ws/install/so3_control/share/so3_control/config/gains_pelican.yaml
[1.520s] -- Installing: /root/colcon_ws/install/so3_control/share/so3_control/config/corrections_hummingbird.yaml
[1.521s] -- Installing: /root/colcon_ws/install/so3_control/share/so3_control/config/gains_hummingbird.yaml
[1.521s] -- Installing: /root/colcon_ws/install/so3_control/share/ament_index/resource_index/package_run_dependencies/so3_control
[1.521s] -- Installing: /root/colcon_ws/install/so3_control/share/ament_index/resource_index/parent_prefix_path/so3_control
[1.521s] -- Installing: /root/colcon_ws/install/so3_control/share/so3_control/environment/ament_prefix_path.sh
[1.521s] -- Installing: /root/colcon_ws/install/so3_control/share/so3_control/environment/ament_prefix_path.dsv
[1.521s] -- Installing: /root/colcon_ws/install/so3_control/share/so3_control/environment/path.sh
[1.521s] -- Installing: /root/colcon_ws/install/so3_control/share/so3_control/environment/path.dsv
[1.521s] -- Installing: /root/colcon_ws/install/so3_control/share/so3_control/local_setup.bash
[1.521s] -- Installing: /root/colcon_ws/install/so3_control/share/so3_control/local_setup.sh
[1.521s] -- Installing: /root/colcon_ws/install/so3_control/share/so3_control/local_setup.zsh
[1.521s] -- Installing: /root/colcon_ws/install/so3_control/share/so3_control/local_setup.dsv
[1.522s] -- Installing: /root/colcon_ws/install/so3_control/share/so3_control/package.dsv
[1.522s] -- Installing: /root/colcon_ws/install/so3_control/share/ament_index/resource_index/packages/so3_control
[1.522s] -- Installing: /root/colcon_ws/install/so3_control/share/so3_control/cmake/so3_controlConfig.cmake
[1.522s] -- Installing: /root/colcon_ws/install/so3_control/share/so3_control/cmake/so3_controlConfig-version.cmake
[1.522s] -- Installing: /root/colcon_ws/install/so3_control/share/so3_control/package.xml
