[0.046s] Invoking command in '/root/colcon_ws/build/multi_map_server': AMENT_PREFIX_PATH=/root/colcon_ws/install/quadrotor_msgs:/root/colcon_ws/install/pose_utils:${AMENT_PREFIX_PATH} CMAKE_PREFIX_PATH=/root/colcon_ws/install/quadrotor_msgs:/root/colcon_ws/install/pose_utils:/opt/ros/humble LD_LIBRARY_PATH=/root/colcon_ws/install/quadrotor_msgs/lib:/root/colcon_ws/install/pose_utils/lib:${LD_LIBRARY_PATH} PYTHONPATH=/root/colcon_ws/install/quadrotor_msgs/local/lib/python3.10/dist-packages:${PYTHONPATH} /usr/bin/cmake --build /root/colcon_ws/build/multi_map_server -- -j8 -l8
[0.175s] [  1%] [34m[1mGenerating C code for ROS interfaces[0m
[0.197s] [  3%] [34m[1mGenerating C++ code for ROS interfaces[0m
[0.245s] [  3%] Built target ament_cmake_python_copy_multi_map_server
[0.948s] running egg_info
[0.950s] creating multi_map_server.egg-info
[0.951s] writing multi_map_server.egg-info/PKG-INFO
[0.952s] writing dependency_links to multi_map_server.egg-info/dependency_links.txt
[0.952s] writing top-level names to multi_map_server.egg-info/top_level.txt
[0.953s] writing manifest file 'multi_map_server.egg-info/SOURCES.txt'
[0.959s] reading manifest file 'multi_map_server.egg-info/SOURCES.txt'
[0.960s] writing manifest file 'multi_map_server.egg-info/SOURCES.txt'
[1.068s] [  3%] Built target ament_cmake_python_build_multi_map_server_egg
[1.337s] [  5%] [32mBuilding C object CMakeFiles/multi_map_server__rosidl_generator_c.dir/rosidl_generator_c/multi_map_server/msg/detail/multi_occupancy_grid__functions.c.o[0m
[1.355s] [  7%] [32mBuilding C object CMakeFiles/multi_map_server__rosidl_generator_c.dir/rosidl_generator_c/multi_map_server/msg/detail/multi_sparse_map3_d__functions.c.o[0m
[1.375s] [  8%] [32mBuilding C object CMakeFiles/multi_map_server__rosidl_generator_c.dir/rosidl_generator_c/multi_map_server/msg/detail/sparse_map3_d__functions.c.o[0m
[1.379s] [ 10%] [32mBuilding C object CMakeFiles/multi_map_server__rosidl_generator_c.dir/rosidl_generator_c/multi_map_server/msg/detail/vertical_occupancy_grid_list__functions.c.o[0m
[1.573s] [ 10%] Built target multi_map_server__cpp
[1.589s] [ 12%] [32m[1mLinking C shared library libmulti_map_server__rosidl_generator_c.so[0m
[1.599s] [ 14%] [34m[1mGenerating C++ introspection for ROS interfaces[0m
[1.608s] [ 15%] [34m[1mGenerating C++ type support for eProsima Fast-RTPS[0m
[1.617s] [ 17%] [34m[1mGenerating C++ type support dispatch for ROS interfaces[0m
[1.701s] [ 17%] Built target multi_map_server__rosidl_generator_c
[1.744s] [ 19%] [34m[1mGenerating C introspection for ROS interfaces[0m
[1.767s] [ 21%] [34m[1mGenerating C type support for eProsima Fast-RTPS[0m
[1.772s] [ 22%] [34m[1mGenerating C type support dispatch for ROS interfaces[0m
[2.498s] [ 24%] [32mBuilding CXX object CMakeFiles/multi_map_server__rosidl_typesupport_cpp.dir/rosidl_typesupport_cpp/multi_map_server/msg/multi_occupancy_grid__type_support.cpp.o[0m
[2.529s] [ 26%] [32mBuilding CXX object CMakeFiles/multi_map_server__rosidl_typesupport_cpp.dir/rosidl_typesupport_cpp/multi_map_server/msg/sparse_map3_d__type_support.cpp.o[0m
[2.550s] [ 28%] [32mBuilding CXX object CMakeFiles/multi_map_server__rosidl_typesupport_cpp.dir/rosidl_typesupport_cpp/multi_map_server/msg/multi_sparse_map3_d__type_support.cpp.o[0m
[2.668s] [ 29%] [32mBuilding CXX object CMakeFiles/multi_map_server__rosidl_typesupport_c.dir/rosidl_typesupport_c/multi_map_server/msg/multi_occupancy_grid__type_support.cpp.o[0m
[2.844s] [ 31%] [32mBuilding CXX object CMakeFiles/multi_map_server__rosidl_typesupport_introspection_cpp.dir/rosidl_typesupport_introspection_cpp/multi_map_server/msg/detail/multi_occupancy_grid__type_support.cpp.o[0m
[2.847s] [ 33%] [32mBuilding CXX object CMakeFiles/multi_map_server__rosidl_typesupport_c.dir/rosidl_typesupport_c/multi_map_server/msg/multi_sparse_map3_d__type_support.cpp.o[0m
[2.970s] [ 35%] [32mBuilding C object CMakeFiles/multi_map_server__rosidl_typesupport_introspection_c.dir/rosidl_typesupport_introspection_c/multi_map_server/msg/detail/multi_occupancy_grid__type_support.c.o[0m
[3.045s] [ 36%] [32mBuilding CXX object CMakeFiles/multi_map_server__rosidl_typesupport_fastrtps_c.dir/rosidl_typesupport_fastrtps_c/multi_map_server/msg/detail/multi_occupancy_grid__type_support_c.cpp.o[0m
[3.072s] [ 38%] [32mBuilding CXX object CMakeFiles/multi_map_server__rosidl_typesupport_c.dir/rosidl_typesupport_c/multi_map_server/msg/sparse_map3_d__type_support.cpp.o[0m
[3.139s] [ 40%] [32mBuilding CXX object CMakeFiles/multi_map_server__rosidl_typesupport_fastrtps_cpp.dir/rosidl_typesupport_fastrtps_cpp/multi_map_server/msg/detail/dds_fastrtps/multi_occupancy_grid__type_support.cpp.o[0m
[3.167s] [ 42%] [32mBuilding C object CMakeFiles/multi_map_server__rosidl_typesupport_introspection_c.dir/rosidl_typesupport_introspection_c/multi_map_server/msg/detail/multi_sparse_map3_d__type_support.c.o[0m
[3.211s] [ 43%] [32mBuilding CXX object CMakeFiles/multi_map_server__rosidl_typesupport_cpp.dir/rosidl_typesupport_cpp/multi_map_server/msg/vertical_occupancy_grid_list__type_support.cpp.o[0m
[3.278s] [ 45%] [32mBuilding CXX object CMakeFiles/multi_map_server__rosidl_typesupport_c.dir/rosidl_typesupport_c/multi_map_server/msg/vertical_occupancy_grid_list__type_support.cpp.o[0m
[3.428s] [ 47%] [32mBuilding C object CMakeFiles/multi_map_server__rosidl_typesupport_introspection_c.dir/rosidl_typesupport_introspection_c/multi_map_server/msg/detail/sparse_map3_d__type_support.c.o[0m
[3.433s] [ 49%] [32mBuilding CXX object CMakeFiles/multi_map_server__rosidl_typesupport_fastrtps_c.dir/rosidl_typesupport_fastrtps_c/multi_map_server/msg/detail/multi_sparse_map3_d__type_support_c.cpp.o[0m
[3.501s] [ 50%] [32m[1mLinking CXX shared library libmulti_map_server__rosidl_typesupport_c.so[0m
[3.654s] [ 52%] [32mBuilding C object CMakeFiles/multi_map_server__rosidl_typesupport_introspection_c.dir/rosidl_typesupport_introspection_c/multi_map_server/msg/detail/vertical_occupancy_grid_list__type_support.c.o[0m
[3.742s] [ 52%] Built target multi_map_server__rosidl_typesupport_c
[3.805s] [ 54%] [32mBuilding CXX object CMakeFiles/multi_map_server__rosidl_typesupport_fastrtps_c.dir/rosidl_typesupport_fastrtps_c/multi_map_server/msg/detail/sparse_map3_d__type_support_c.cpp.o[0m
[3.925s] [ 56%] [32m[1mLinking C shared library libmulti_map_server__rosidl_typesupport_introspection_c.so[0m
[3.929s] [ 57%] [32mBuilding CXX object CMakeFiles/multi_map_server__rosidl_typesupport_fastrtps_c.dir/rosidl_typesupport_fastrtps_c/multi_map_server/msg/detail/vertical_occupancy_grid_list__type_support_c.cpp.o[0m
[4.133s] [ 57%] Built target multi_map_server__rosidl_typesupport_introspection_c
[4.167s] [ 59%] [32m[1mLinking CXX shared library libmulti_map_server__rosidl_typesupport_cpp.so[0m
[4.213s] [ 61%] [32mBuilding CXX object CMakeFiles/multi_map_server__rosidl_typesupport_fastrtps_cpp.dir/rosidl_typesupport_fastrtps_cpp/multi_map_server/msg/detail/dds_fastrtps/multi_sparse_map3_d__type_support.cpp.o[0m
[4.386s] [ 61%] Built target multi_map_server__rosidl_typesupport_cpp
[4.527s] [ 63%] [32mBuilding CXX object CMakeFiles/multi_map_visualization.dir/src/multi_map_visualization.cc.o[0m
[4.618s] [ 64%] [32mBuilding CXX object CMakeFiles/multi_map_server__rosidl_typesupport_fastrtps_cpp.dir/rosidl_typesupport_fastrtps_cpp/multi_map_server/msg/detail/dds_fastrtps/sparse_map3_d__type_support.cpp.o[0m
[4.780s] gmake[2]: *** [CMakeFiles/multi_map_server__rosidl_typesupport_fastrtps_c.dir/build.make:200: CMakeFiles/multi_map_server__rosidl_typesupport_fastrtps_c.dir/rosidl_typesupport_fastrtps_c/multi_map_server/msg/detail/multi_sparse_map3_d__type_support_c.cpp.o] Interrupt
[4.781s] gmake[2]: *** [CMakeFiles/multi_map_server__rosidl_typesupport_fastrtps_c.dir/build.make:228: CMakeFiles/multi_map_server__rosidl_typesupport_fastrtps_c.dir/rosidl_typesupport_fastrtps_c/multi_map_server/msg/detail/vertical_occupancy_grid_list__type_support_c.cpp.o] Interrupt
[4.785s] gmake[2]: *** [CMakeFiles/multi_map_visualization.dir/build.make:76: CMakeFiles/multi_map_visualization.dir/src/multi_map_visualization.cc.o] Interrupt
[4.785s] gmake[2]: *** [CMakeFiles/multi_map_server__rosidl_typesupport_fastrtps_c.dir/build.make:214: CMakeFiles/multi_map_server__rosidl_typesupport_fastrtps_c.dir/rosidl_typesupport_fastrtps_c/multi_map_server/msg/detail/sparse_map3_d__type_support_c.cpp.o] Interrupt
[4.785s] gmake[1]: *** [CMakeFiles/Makefile2:593: CMakeFiles/multi_map_visualization.dir/all] Interrupt
[4.785s] gmake[1]: *** [CMakeFiles/Makefile2:241: CMakeFiles/multi_map_server__rosidl_typesupport_fastrtps_c.dir/all] Interrupt
[4.786s] gmake[2]: *** [CMakeFiles/multi_map_server__rosidl_typesupport_fastrtps_cpp.dir/build.make:186: CMakeFiles/multi_map_server__rosidl_typesupport_fastrtps_cpp.dir/rosidl_typesupport_fastrtps_cpp/multi_map_server/msg/detail/dds_fastrtps/multi_occupancy_grid__type_support.cpp.o] Interrupt
[4.786s] gmake[2]: *** [CMakeFiles/multi_map_server__rosidl_typesupport_fastrtps_cpp.dir/build.make:200: CMakeFiles/multi_map_server__rosidl_typesupport_fastrtps_cpp.dir/rosidl_typesupport_fastrtps_cpp/multi_map_server/msg/detail/dds_fastrtps/multi_sparse_map3_d__type_support.cpp.o] Interrupt
[4.786s] gmake[2]: *** [CMakeFiles/multi_map_server__rosidl_typesupport_fastrtps_cpp.dir/build.make:214: CMakeFiles/multi_map_server__rosidl_typesupport_fastrtps_cpp.dir/rosidl_typesupport_fastrtps_cpp/multi_map_server/msg/detail/dds_fastrtps/sparse_map3_d__type_support.cpp.o] Interrupt
[4.786s] gmake[1]: *** [CMakeFiles/Makefile2:293: CMakeFiles/multi_map_server__rosidl_typesupport_fastrtps_cpp.dir/all] Interrupt
[4.787s] gmake[2]: *** [CMakeFiles/multi_map_server__rosidl_typesupport_introspection_cpp.dir/build.make:186: CMakeFiles/multi_map_server__rosidl_typesupport_introspection_cpp.dir/rosidl_typesupport_introspection_cpp/multi_map_server/msg/detail/multi_occupancy_grid__type_support.cpp.o] Interrupt
[4.787s] gmake[1]: *** [CMakeFiles/Makefile2:371: CMakeFiles/multi_map_server__rosidl_typesupport_introspection_cpp.dir/all] Interrupt
[4.787s] gmake: *** [Makefile:146: all] Interrupt
